[2023-04-29T15:18:11.170+0000][gc,heap] Heap region size: 1M
[2023-04-29T15:18:11.173+0000][gc     ] Using G1
[2023-04-29T15:18:11.173+0000][gc,heap,coops] Heap address: 0x00000000f0000000, size: 256 MB, Compressed Oops mode: 32-bit
[2023-04-29T15:18:11.943+0000][gc,start     ] GC(0) Pause Young (Normal) (G1 Evacuation Pause)
[2023-04-29T15:18:11.943+0000][gc,task      ] GC(0) Using 1 workers of 1 for evacuation
[2023-04-29T15:18:11.953+0000][gc,phases    ] GC(0)   Pre Evacuate Collection Set: 0.0ms
[2023-04-29T15:18:11.953+0000][gc,phases    ] GC(0)   Evacuate Collection Set: 9.8ms
[2023-04-29T15:18:11.953+0000][gc,phases    ] GC(0)   Post Evacuate Collection Set: 0.2ms
[2023-04-29T15:18:11.953+0000][gc,phases    ] GC(0)   Other: 0.1ms
[2023-04-29T15:18:11.953+0000][gc,heap      ] GC(0) Eden regions: 12->0(10)
[2023-04-29T15:18:11.953+0000][gc,heap      ] GC(0) Survivor regions: 0->2(2)
[2023-04-29T15:18:11.953+0000][gc,heap      ] GC(0) Old regions: 0->4
[2023-04-29T15:18:11.953+0000][gc,heap      ] GC(0) Humongous regions: 0->0
[2023-04-29T15:18:11.953+0000][gc,metaspace ] GC(0) Metaspace: 5346K(5888K)->5346K(5888K) NonClass: 4771K(5120K)->4771K(5120K) Class: 575K(768K)->575K(768K)
[2023-04-29T15:18:11.953+0000][gc           ] GC(0) Pause Young (Normal) (G1 Evacuation Pause) 12M->5M(256M) 10.187ms
[2023-04-29T15:18:11.953+0000][gc,cpu       ] GC(0) User=0.00s Sys=0.01s Real=0.01s
[2023-04-29T15:18:12.360+0000][gc,start     ] GC(1) Pause Young (Normal) (G1 Evacuation Pause)
[2023-04-29T15:18:12.360+0000][gc,task      ] GC(1) Using 1 workers of 1 for evacuation
[2023-04-29T15:18:12.367+0000][gc,phases    ] GC(1)   Pre Evacuate Collection Set: 0.0ms
[2023-04-29T15:18:12.367+0000][gc,phases    ] GC(1)   Evacuate Collection Set: 7.1ms
[2023-04-29T15:18:12.367+0000][gc,phases    ] GC(1)   Post Evacuate Collection Set: 0.1ms
[2023-04-29T15:18:12.367+0000][gc,phases    ] GC(1)   Other: 0.1ms
[2023-04-29T15:18:12.367+0000][gc,heap      ] GC(1) Eden regions: 10->0(11)
[2023-04-29T15:18:12.367+0000][gc,heap      ] GC(1) Survivor regions: 2->1(2)
[2023-04-29T15:18:12.367+0000][gc,heap      ] GC(1) Old regions: 4->5
[2023-04-29T15:18:12.367+0000][gc,heap      ] GC(1) Humongous regions: 0->0
[2023-04-29T15:18:12.367+0000][gc,metaspace ] GC(1) Metaspace: 7845K(8320K)->7845K(8320K) NonClass: 6923K(7168K)->6923K(7168K) Class: 922K(1152K)->922K(1152K)
[2023-04-29T15:18:12.367+0000][gc           ] GC(1) Pause Young (Normal) (G1 Evacuation Pause) 15M->6M(256M) 7.400ms
[2023-04-29T15:18:12.367+0000][gc,cpu       ] GC(1) User=0.01s Sys=0.00s Real=0.01s
[2023-04-29T15:18:12.621+0000][gc,start     ] GC(2) Pause Young (Normal) (G1 Evacuation Pause)
[2023-04-29T15:18:12.621+0000][gc,task      ] GC(2) Using 1 workers of 1 for evacuation
[2023-04-29T15:18:12.629+0000][gc,phases    ] GC(2)   Pre Evacuate Collection Set: 0.0ms
[2023-04-29T15:18:12.629+0000][gc,phases    ] GC(2)   Evacuate Collection Set: 4.0ms
[2023-04-29T15:18:12.629+0000][gc,phases    ] GC(2)   Post Evacuate Collection Set: 4.5ms
[2023-04-29T15:18:12.629+0000][gc,phases    ] GC(2)   Other: 0.1ms
[2023-04-29T15:18:12.629+0000][gc,heap      ] GC(2) Eden regions: 11->0(10)
[2023-04-29T15:18:12.629+0000][gc,heap      ] GC(2) Survivor regions: 1->2(2)
[2023-04-29T15:18:12.629+0000][gc,heap      ] GC(2) Old regions: 5->5
[2023-04-29T15:18:12.629+0000][gc,heap      ] GC(2) Humongous regions: 0->0
[2023-04-29T15:18:12.629+0000][gc,metaspace ] GC(2) Metaspace: 11034K(11520K)->11034K(11520K) NonClass: 9669K(9984K)->9669K(9984K) Class: 1364K(1536K)->1364K(1536K)
[2023-04-29T15:18:12.629+0000][gc           ] GC(2) Pause Young (Normal) (G1 Evacuation Pause) 17M->6M(256M) 8.777ms
[2023-04-29T15:18:12.629+0000][gc,cpu       ] GC(2) User=0.01s Sys=0.00s Real=0.01s
[2023-04-29T15:18:12.935+0000][gc,start     ] GC(3) Pause Young (Normal) (G1 Evacuation Pause)
[2023-04-29T15:18:12.935+0000][gc,task      ] GC(3) Using 1 workers of 1 for evacuation
[2023-04-29T15:18:12.940+0000][gc,phases    ] GC(3)   Pre Evacuate Collection Set: 0.0ms
[2023-04-29T15:18:12.940+0000][gc,phases    ] GC(3)   Evacuate Collection Set: 4.7ms
[2023-04-29T15:18:12.940+0000][gc,phases    ] GC(3)   Post Evacuate Collection Set: 0.1ms
[2023-04-29T15:18:12.940+0000][gc,phases    ] GC(3)   Other: 0.1ms
[2023-04-29T15:18:12.940+0000][gc,heap      ] GC(3) Eden regions: 10->0(11)
[2023-04-29T15:18:12.940+0000][gc,heap      ] GC(3) Survivor regions: 2->1(2)
[2023-04-29T15:18:12.940+0000][gc,heap      ] GC(3) Old regions: 5->6
[2023-04-29T15:18:12.940+0000][gc,heap      ] GC(3) Humongous regions: 0->0
[2023-04-29T15:18:12.940+0000][gc,metaspace ] GC(3) Metaspace: 13804K(14464K)->13804K(14464K) NonClass: 12102K(12544K)->12102K(12544K) Class: 1701K(1920K)->1701K(1920K)
[2023-04-29T15:18:12.940+0000][gc           ] GC(3) Pause Young (Normal) (G1 Evacuation Pause) 16M->6M(256M) 5.012ms
[2023-04-29T15:18:12.940+0000][gc,cpu       ] GC(3) User=0.00s Sys=0.00s Real=0.00s
[2023-04-29T15:18:13.234+0000][gc,start     ] GC(4) Pause Young (Normal) (G1 Evacuation Pause)
[2023-04-29T15:18:13.234+0000][gc,task      ] GC(4) Using 1 workers of 1 for evacuation
[2023-04-29T15:18:13.238+0000][gc,phases    ] GC(4)   Pre Evacuate Collection Set: 0.0ms
[2023-04-29T15:18:13.238+0000][gc,phases    ] GC(4)   Evacuate Collection Set: 3.7ms
[2023-04-29T15:18:13.238+0000][gc,phases    ] GC(4)   Post Evacuate Collection Set: 0.1ms
[2023-04-29T15:18:13.238+0000][gc,phases    ] GC(4)   Other: 0.1ms
[2023-04-29T15:18:13.238+0000][gc,heap      ] GC(4) Eden regions: 11->0(11)
[2023-04-29T15:18:13.238+0000][gc,heap      ] GC(4) Survivor regions: 1->1(2)
[2023-04-29T15:18:13.238+0000][gc,heap      ] GC(4) Old regions: 6->6
[2023-04-29T15:18:13.239+0000][gc,heap      ] GC(4) Humongous regions: 0->0
[2023-04-29T15:18:13.239+0000][gc,metaspace ] GC(4) Metaspace: 16643K(17408K)->16643K(17408K) NonClass: 14640K(15104K)->14640K(15104K) Class: 2002K(2304K)->2002K(2304K)
[2023-04-29T15:18:13.239+0000][gc           ] GC(4) Pause Young (Normal) (G1 Evacuation Pause) 17M->7M(256M) 4.080ms
[2023-04-29T15:18:13.239+0000][gc,cpu       ] GC(4) User=0.00s Sys=0.00s Real=0.00s
[2023-04-29T15:18:13.486+0000][gc,start     ] GC(5) Pause Young (Normal) (G1 Evacuation Pause)
[2023-04-29T15:18:13.486+0000][gc,task      ] GC(5) Using 1 workers of 1 for evacuation
[2023-04-29T15:18:13.490+0000][gc,phases    ] GC(5)   Pre Evacuate Collection Set: 0.0ms
[2023-04-29T15:18:13.490+0000][gc,phases    ] GC(5)   Evacuate Collection Set: 3.7ms
[2023-04-29T15:18:13.490+0000][gc,phases    ] GC(5)   Post Evacuate Collection Set: 0.1ms
[2023-04-29T15:18:13.490+0000][gc,phases    ] GC(5)   Other: 0.1ms
[2023-04-29T15:18:13.490+0000][gc,heap      ] GC(5) Eden regions: 11->0(10)
[2023-04-29T15:18:13.490+0000][gc,heap      ] GC(5) Survivor regions: 1->2(2)
[2023-04-29T15:18:13.490+0000][gc,heap      ] GC(5) Old regions: 6->6
[2023-04-29T15:18:13.490+0000][gc,heap      ] GC(5) Humongous regions: 0->0
[2023-04-29T15:18:13.490+0000][gc,metaspace ] GC(5) Metaspace: 19564K(20352K)->19564K(20352K) NonClass: 17196K(17664K)->17196K(17664K) Class: 2367K(2688K)->2367K(2688K)
[2023-04-29T15:18:13.490+0000][gc           ] GC(5) Pause Young (Normal) (G1 Evacuation Pause) 18M->7M(256M) 4.069ms
[2023-04-29T15:18:13.490+0000][gc,cpu       ] GC(5) User=0.00s Sys=0.00s Real=0.00s
[2023-04-29T15:18:13.678+0000][gc,start     ] GC(6) Pause Young (Concurrent Start) (Metadata GC Threshold)
[2023-04-29T15:18:13.678+0000][gc,task      ] GC(6) Using 1 workers of 1 for evacuation
[2023-04-29T15:18:13.683+0000][gc,phases    ] GC(6)   Pre Evacuate Collection Set: 0.0ms
[2023-04-29T15:18:13.683+0000][gc,phases    ] GC(6)   Evacuate Collection Set: 4.7ms
[2023-04-29T15:18:13.683+0000][gc,phases    ] GC(6)   Post Evacuate Collection Set: 0.1ms
[2023-04-29T15:18:13.683+0000][gc,phases    ] GC(6)   Other: 0.2ms
[2023-04-29T15:18:13.683+0000][gc,heap      ] GC(6) Eden regions: 5->0(11)
[2023-04-29T15:18:13.683+0000][gc,heap      ] GC(6) Survivor regions: 2->1(2)
[2023-04-29T15:18:13.683+0000][gc,heap      ] GC(6) Old regions: 6->7
[2023-04-29T15:18:13.683+0000][gc,heap      ] GC(6) Humongous regions: 0->0
[2023-04-29T15:18:13.683+0000][gc,metaspace ] GC(6) Metaspace: 20571K(21248K)->20571K(21248K) NonClass: 18061K(18432K)->18061K(18432K) Class: 2510K(2816K)->2510K(2816K)
[2023-04-29T15:18:13.683+0000][gc           ] GC(6) Pause Young (Concurrent Start) (Metadata GC Threshold) 11M->7M(256M) 5.038ms
[2023-04-29T15:18:13.683+0000][gc,cpu       ] GC(6) User=0.01s Sys=0.00s Real=0.00s
[2023-04-29T15:18:13.683+0000][gc           ] GC(7) Concurrent Cycle
[2023-04-29T15:18:13.683+0000][gc,marking   ] GC(7) Concurrent Clear Claimed Marks
[2023-04-29T15:18:13.683+0000][gc,marking   ] GC(7) Concurrent Clear Claimed Marks 0.017ms
[2023-04-29T15:18:13.683+0000][gc,marking   ] GC(7) Concurrent Scan Root Regions
[2023-04-29T15:18:13.684+0000][gc,marking   ] GC(7) Concurrent Scan Root Regions 0.773ms
[2023-04-29T15:18:13.684+0000][gc,marking   ] GC(7) Concurrent Mark (2.517s)
[2023-04-29T15:18:13.684+0000][gc,marking   ] GC(7) Concurrent Mark From Roots
[2023-04-29T15:18:13.684+0000][gc,task      ] GC(7) Using 1 workers of 1 for marking
[2023-04-29T15:18:13.697+0000][gc,marking   ] GC(7) Concurrent Mark From Roots 13.303ms
[2023-04-29T15:18:13.697+0000][gc,marking   ] GC(7) Concurrent Preclean
[2023-04-29T15:18:13.697+0000][gc,marking   ] GC(7) Concurrent Preclean 0.039ms
[2023-04-29T15:18:13.697+0000][gc,marking   ] GC(7) Concurrent Mark (2.517s, 2.530s) 13.377ms
[2023-04-29T15:18:13.697+0000][gc,start     ] GC(7) Pause Remark
[2023-04-29T15:18:13.701+0000][gc,stringtable] GC(7) Cleaned string and symbol table, strings: 8790 processed, 6 removed, symbols: 49840 processed, 42 removed
[2023-04-29T15:18:13.701+0000][gc            ] GC(7) Pause Remark 7M->7M(256M) 3.761ms
[2023-04-29T15:18:13.701+0000][gc,cpu        ] GC(7) User=0.00s Sys=0.01s Real=0.00s
[2023-04-29T15:18:13.701+0000][gc,marking    ] GC(7) Concurrent Rebuild Remembered Sets
[2023-04-29T15:18:13.719+0000][gc,marking    ] GC(7) Concurrent Rebuild Remembered Sets 17.771ms
[2023-04-29T15:18:13.719+0000][gc,start      ] GC(7) Pause Cleanup
[2023-04-29T15:18:13.719+0000][gc            ] GC(7) Pause Cleanup 8M->8M(256M) 0.082ms
[2023-04-29T15:18:13.719+0000][gc,cpu        ] GC(7) User=0.00s Sys=0.00s Real=0.00s
[2023-04-29T15:18:13.719+0000][gc,marking    ] GC(7) Concurrent Cleanup for Next Mark
[2023-04-29T15:18:13.725+0000][gc,marking    ] GC(7) Concurrent Cleanup for Next Mark 6.092ms
[2023-04-29T15:18:13.725+0000][gc            ] GC(7) Concurrent Cycle 42.131ms
[2023-04-29T15:18:14.037+0000][gc,start      ] GC(8) Pause Young (Concurrent Start) (G1 Humongous Allocation)
[2023-04-29T15:18:14.037+0000][gc,task       ] GC(8) Using 1 workers of 1 for evacuation
[2023-04-29T15:18:14.046+0000][gc,phases     ] GC(8)   Pre Evacuate Collection Set: 0.1ms
[2023-04-29T15:18:14.046+0000][gc,phases     ] GC(8)   Evacuate Collection Set: 8.8ms
[2023-04-29T15:18:14.046+0000][gc,phases     ] GC(8)   Post Evacuate Collection Set: 0.1ms
[2023-04-29T15:18:14.046+0000][gc,phases     ] GC(8)   Other: 0.2ms
[2023-04-29T15:18:14.046+0000][gc,heap       ] GC(8) Eden regions: 9->0(10)
[2023-04-29T15:18:14.046+0000][gc,heap       ] GC(8) Survivor regions: 1->2(2)
[2023-04-29T15:18:14.046+0000][gc,heap       ] GC(8) Old regions: 7->7
[2023-04-29T15:18:14.046+0000][gc,heap       ] GC(8) Humongous regions: 0->0
[2023-04-29T15:18:14.046+0000][gc,metaspace  ] GC(8) Metaspace: 22603K(23680K)->22603K(23680K) NonClass: 19792K(20480K)->19792K(20480K) Class: 2811K(3200K)->2811K(3200K)
[2023-04-29T15:18:14.046+0000][gc            ] GC(8) Pause Young (Concurrent Start) (G1 Humongous Allocation) 16M->7M(256M) 9.248ms
[2023-04-29T15:18:14.046+0000][gc,cpu        ] GC(8) User=0.01s Sys=0.00s Real=0.01s
[2023-04-29T15:18:14.046+0000][gc            ] GC(9) Concurrent Cycle
[2023-04-29T15:18:14.046+0000][gc,marking    ] GC(9) Concurrent Clear Claimed Marks
[2023-04-29T15:18:14.046+0000][gc,marking    ] GC(9) Concurrent Clear Claimed Marks 0.021ms
[2023-04-29T15:18:14.046+0000][gc,marking    ] GC(9) Concurrent Scan Root Regions
[2023-04-29T15:18:14.048+0000][gc,marking    ] GC(9) Concurrent Scan Root Regions 1.090ms
[2023-04-29T15:18:14.048+0000][gc,marking    ] GC(9) Concurrent Mark (2.881s)
[2023-04-29T15:18:14.048+0000][gc,marking    ] GC(9) Concurrent Mark From Roots
[2023-04-29T15:18:14.048+0000][gc,task       ] GC(9) Using 1 workers of 1 for marking
[2023-04-29T15:18:14.068+0000][gc,marking    ] GC(9) Concurrent Mark From Roots 20.050ms
[2023-04-29T15:18:14.068+0000][gc,marking    ] GC(9) Concurrent Preclean
[2023-04-29T15:18:14.068+0000][gc,marking    ] GC(9) Concurrent Preclean 0.063ms
[2023-04-29T15:18:14.068+0000][gc,marking    ] GC(9) Concurrent Mark (2.881s, 2.901s) 20.172ms
[2023-04-29T15:18:14.177+0000][gc,start      ] GC(9) Pause Remark
[2023-04-29T15:18:14.182+0000][gc,stringtable] GC(9) Cleaned string and symbol table, strings: 9532 processed, 4 removed, symbols: 55129 processed, 4 removed
[2023-04-29T15:18:14.182+0000][gc            ] GC(9) Pause Remark 136M->136M(256M) 4.490ms
[2023-04-29T15:18:14.182+0000][gc,cpu        ] GC(9) User=0.00s Sys=0.00s Real=0.00s
[2023-04-29T15:18:14.182+0000][gc,marking    ] GC(9) Concurrent Rebuild Remembered Sets
[2023-04-29T15:18:14.195+0000][gc,marking    ] GC(9) Concurrent Rebuild Remembered Sets 12.882ms
[2023-04-29T15:18:14.197+0000][gc,start      ] GC(9) Pause Cleanup
[2023-04-29T15:18:14.197+0000][gc            ] GC(9) Pause Cleanup 137M->137M(256M) 0.072ms
[2023-04-29T15:18:14.197+0000][gc,cpu        ] GC(9) User=0.00s Sys=0.00s Real=0.00s
[2023-04-29T15:18:14.197+0000][gc,marking    ] GC(9) Concurrent Cleanup for Next Mark
[2023-04-29T15:18:14.202+0000][gc,marking    ] GC(9) Concurrent Cleanup for Next Mark 4.904ms
[2023-04-29T15:18:14.202+0000][gc            ] GC(9) Concurrent Cycle 155.650ms
[2023-04-29T15:18:14.381+0000][gc,start      ] GC(10) Pause Young (Normal) (G1 Evacuation Pause)
[2023-04-29T15:18:14.381+0000][gc,task       ] GC(10) Using 1 workers of 1 for evacuation
[2023-04-29T15:18:14.386+0000][gc,phases     ] GC(10)   Pre Evacuate Collection Set: 0.0ms
[2023-04-29T15:18:14.386+0000][gc,phases     ] GC(10)   Evacuate Collection Set: 5.3ms
[2023-04-29T15:18:14.386+0000][gc,phases     ] GC(10)   Post Evacuate Collection Set: 0.1ms
[2023-04-29T15:18:14.387+0000][gc,phases     ] GC(10)   Other: 0.1ms
[2023-04-29T15:18:14.387+0000][gc,heap       ] GC(10) Eden regions: 10->0(10)
[2023-04-29T15:18:14.387+0000][gc,heap       ] GC(10) Survivor regions: 2->2(2)
[2023-04-29T15:18:14.387+0000][gc,heap       ] GC(10) Old regions: 7->7
[2023-04-29T15:18:14.387+0000][gc,heap       ] GC(10) Humongous regions: 129->129
[2023-04-29T15:18:14.387+0000][gc,metaspace  ] GC(10) Metaspace: 24502K(25600K)->24502K(25600K) NonClass: 21508K(22272K)->21508K(22272K) Class: 2994K(3328K)->2994K(3328K)
[2023-04-29T15:18:14.387+0000][gc            ] GC(10) Pause Young (Normal) (G1 Evacuation Pause) 146M->137M(256M) 5.644ms
[2023-04-29T15:18:14.387+0000][gc,cpu        ] GC(10) User=0.00s Sys=0.00s Real=0.01s
[2023-04-29T15:18:14.553+0000][gc,start      ] GC(11) Pause Young (Concurrent Start) (G1 Evacuation Pause)
[2023-04-29T15:18:14.554+0000][gc,task       ] GC(11) Using 1 workers of 1 for evacuation
[2023-04-29T15:18:14.559+0000][gc,phases     ] GC(11)   Pre Evacuate Collection Set: 0.1ms
[2023-04-29T15:18:14.559+0000][gc,phases     ] GC(11)   Evacuate Collection Set: 5.6ms
[2023-04-29T15:18:14.559+0000][gc,phases     ] GC(11)   Post Evacuate Collection Set: 0.1ms
[2023-04-29T15:18:14.559+0000][gc,phases     ] GC(11)   Other: 0.2ms
[2023-04-29T15:18:14.559+0000][gc,heap       ] GC(11) Eden regions: 10->0(10)
[2023-04-29T15:18:14.559+0000][gc,heap       ] GC(11) Survivor regions: 2->2(2)
[2023-04-29T15:18:14.559+0000][gc,heap       ] GC(11) Old regions: 7->8
[2023-04-29T15:18:14.559+0000][gc,heap       ] GC(11) Humongous regions: 129->129
[2023-04-29T15:18:14.559+0000][gc,metaspace  ] GC(11) Metaspace: 27072K(28032K)->27072K(28032K) NonClass: 23939K(24576K)->23939K(24576K) Class: 3132K(3456K)->3132K(3456K)
[2023-04-29T15:18:14.559+0000][gc            ] GC(11) Pause Young (Concurrent Start) (G1 Evacuation Pause) 147M->137M(256M) 5.988ms
[2023-04-29T15:18:14.559+0000][gc,cpu        ] GC(11) User=0.01s Sys=0.00s Real=0.00s
[2023-04-29T15:18:14.560+0000][gc            ] GC(12) Concurrent Cycle
[2023-04-29T15:18:14.560+0000][gc,marking    ] GC(12) Concurrent Clear Claimed Marks
[2023-04-29T15:18:14.560+0000][gc,marking    ] GC(12) Concurrent Clear Claimed Marks 0.022ms
[2023-04-29T15:18:14.560+0000][gc,marking    ] GC(12) Concurrent Scan Root Regions
[2023-04-29T15:18:14.560+0000][gc,marking    ] GC(12) Concurrent Scan Root Regions 0.530ms
[2023-04-29T15:18:14.560+0000][gc,marking    ] GC(12) Concurrent Mark (3.394s)
[2023-04-29T15:18:14.560+0000][gc,marking    ] GC(12) Concurrent Mark From Roots
[2023-04-29T15:18:14.560+0000][gc,task       ] GC(12) Using 1 workers of 1 for marking
[2023-04-29T15:18:14.580+0000][gc,marking    ] GC(12) Concurrent Mark From Roots 19.615ms
[2023-04-29T15:18:14.580+0000][gc,marking    ] GC(12) Concurrent Preclean
[2023-04-29T15:18:14.580+0000][gc,marking    ] GC(12) Concurrent Preclean 0.041ms
[2023-04-29T15:18:14.580+0000][gc,marking    ] GC(12) Concurrent Mark (3.394s, 3.413s) 19.696ms
[2023-04-29T15:18:14.580+0000][gc,start      ] GC(12) Pause Remark
[2023-04-29T15:18:14.584+0000][gc,stringtable] GC(12) Cleaned string and symbol table, strings: 10813 processed, 2 removed, symbols: 62726 processed, 0 removed
[2023-04-29T15:18:14.584+0000][gc            ] GC(12) Pause Remark 138M->138M(256M) 4.040ms
[2023-04-29T15:18:14.584+0000][gc,cpu        ] GC(12) User=0.00s Sys=0.00s Real=0.00s
[2023-04-29T15:18:14.584+0000][gc,marking    ] GC(12) Concurrent Rebuild Remembered Sets
[2023-04-29T15:18:14.596+0000][gc,marking    ] GC(12) Concurrent Rebuild Remembered Sets 12.340ms
[2023-04-29T15:18:14.597+0000][gc,start      ] GC(12) Pause Cleanup
[2023-04-29T15:18:14.597+0000][gc            ] GC(12) Pause Cleanup 139M->139M(256M) 0.069ms
[2023-04-29T15:18:14.597+0000][gc,cpu        ] GC(12) User=0.00s Sys=0.00s Real=0.00s
[2023-04-29T15:18:14.597+0000][gc,marking    ] GC(12) Concurrent Cleanup for Next Mark
[2023-04-29T15:18:14.602+0000][gc,marking    ] GC(12) Concurrent Cleanup for Next Mark 4.928ms
[2023-04-29T15:18:14.602+0000][gc            ] GC(12) Concurrent Cycle 42.221ms
[2023-04-29T15:18:15.024+0000][gc,start      ] GC(13) Pause Young (Normal) (G1 Evacuation Pause)
[2023-04-29T15:18:15.024+0000][gc,task       ] GC(13) Using 1 workers of 1 for evacuation
[2023-04-29T15:18:15.033+0000][gc,phases     ] GC(13)   Pre Evacuate Collection Set: 0.0ms
[2023-04-29T15:18:15.033+0000][gc,phases     ] GC(13)   Evacuate Collection Set: 8.4ms
[2023-04-29T15:18:15.033+0000][gc,phases     ] GC(13)   Post Evacuate Collection Set: 0.1ms
[2023-04-29T15:18:15.033+0000][gc,phases     ] GC(13)   Other: 0.1ms
[2023-04-29T15:18:15.033+0000][gc,heap       ] GC(13) Eden regions: 10->0(10)
[2023-04-29T15:18:15.033+0000][gc,heap       ] GC(13) Survivor regions: 2->2(2)
[2023-04-29T15:18:15.033+0000][gc,heap       ] GC(13) Old regions: 8->9
[2023-04-29T15:18:15.033+0000][gc,heap       ] GC(13) Humongous regions: 129->129
[2023-04-29T15:18:15.033+0000][gc,metaspace  ] GC(13) Metaspace: 28442K(29568K)->28442K(29568K) NonClass: 25163K(25856K)->25163K(25856K) Class: 3279K(3712K)->3279K(3712K)
[2023-04-29T15:18:15.033+0000][gc            ] GC(13) Pause Young (Normal) (G1 Evacuation Pause) 147M->139M(256M) 8.738ms
[2023-04-29T15:18:15.033+0000][gc,cpu        ] GC(13) User=0.00s Sys=0.00s Real=0.02s
[2023-04-29T15:18:15.358+0000][gc,start      ] GC(14) Pause Young (Concurrent Start) (G1 Evacuation Pause)
[2023-04-29T15:18:15.358+0000][gc,task       ] GC(14) Using 1 workers of 1 for evacuation
[2023-04-29T15:18:15.377+0000][gc,phases     ] GC(14)   Pre Evacuate Collection Set: 0.1ms
[2023-04-29T15:18:15.377+0000][gc,phases     ] GC(14)   Evacuate Collection Set: 19.1ms
[2023-04-29T15:18:15.377+0000][gc,phases     ] GC(14)   Post Evacuate Collection Set: 0.1ms
[2023-04-29T15:18:15.377+0000][gc,phases     ] GC(14)   Other: 0.2ms
[2023-04-29T15:18:15.377+0000][gc,heap       ] GC(14) Eden regions: 10->0(11)
[2023-04-29T15:18:15.377+0000][gc,heap       ] GC(14) Survivor regions: 2->1(2)
[2023-04-29T15:18:15.377+0000][gc,heap       ] GC(14) Old regions: 9->11
[2023-04-29T15:18:15.377+0000][gc,heap       ] GC(14) Humongous regions: 129->129
[2023-04-29T15:18:15.377+0000][gc,metaspace  ] GC(14) Metaspace: 30448K(31616K)->30448K(31616K) NonClass: 26943K(27648K)->26943K(27648K) Class: 3505K(3968K)->3505K(3968K)
[2023-04-29T15:18:15.377+0000][gc            ] GC(14) Pause Young (Concurrent Start) (G1 Evacuation Pause) 149M->140M(256M) 19.545ms
[2023-04-29T15:18:15.377+0000][gc,cpu        ] GC(14) User=0.02s Sys=0.00s Real=0.02s
[2023-04-29T15:18:15.377+0000][gc            ] GC(15) Concurrent Cycle
[2023-04-29T15:18:15.377+0000][gc,marking    ] GC(15) Concurrent Clear Claimed Marks
[2023-04-29T15:18:15.377+0000][gc,marking    ] GC(15) Concurrent Clear Claimed Marks 0.028ms
[2023-04-29T15:18:15.377+0000][gc,marking    ] GC(15) Concurrent Scan Root Regions
[2023-04-29T15:18:15.378+0000][gc,marking    ] GC(15) Concurrent Scan Root Regions 0.787ms
[2023-04-29T15:18:15.378+0000][gc,marking    ] GC(15) Concurrent Mark (4.212s)
[2023-04-29T15:18:15.378+0000][gc,marking    ] GC(15) Concurrent Mark From Roots
[2023-04-29T15:18:15.378+0000][gc,task       ] GC(15) Using 1 workers of 1 for marking
[2023-04-29T15:18:15.421+0000][gc,marking    ] GC(15) Concurrent Mark From Roots 43.029ms
[2023-04-29T15:18:15.421+0000][gc,marking    ] GC(15) Concurrent Preclean
[2023-04-29T15:18:15.421+0000][gc,marking    ] GC(15) Concurrent Preclean 0.047ms
[2023-04-29T15:18:15.421+0000][gc,marking    ] GC(15) Concurrent Mark (4.212s, 4.255s) 43.116ms
[2023-04-29T15:18:15.422+0000][gc,start      ] GC(15) Pause Remark
[2023-04-29T15:18:15.427+0000][gc,stringtable] GC(15) Cleaned string and symbol table, strings: 13126 processed, 4 removed, symbols: 70753 processed, 9 removed
[2023-04-29T15:18:15.427+0000][gc            ] GC(15) Pause Remark 141M->141M(256M) 5.090ms
[2023-04-29T15:18:15.427+0000][gc,cpu        ] GC(15) User=0.00s Sys=0.00s Real=0.01s
[2023-04-29T15:18:15.427+0000][gc,marking    ] GC(15) Concurrent Rebuild Remembered Sets
[2023-04-29T15:18:15.444+0000][gc,marking    ] GC(15) Concurrent Rebuild Remembered Sets 16.982ms
[2023-04-29T15:18:15.445+0000][gc,start      ] GC(15) Pause Cleanup
[2023-04-29T15:18:15.445+0000][gc            ] GC(15) Pause Cleanup 142M->142M(256M) 0.091ms
[2023-04-29T15:18:15.445+0000][gc,cpu        ] GC(15) User=0.00s Sys=0.00s Real=0.00s
[2023-04-29T15:18:15.445+0000][gc,marking    ] GC(15) Concurrent Cleanup for Next Mark
[2023-04-29T15:18:15.453+0000][gc,marking    ] GC(15) Concurrent Cleanup for Next Mark 8.037ms
[2023-04-29T15:18:15.453+0000][gc            ] GC(15) Concurrent Cycle 75.681ms
[2023-04-29T15:18:15.719+0000][gc,start      ] GC(16) Pause Young (Normal) (G1 Evacuation Pause)
[2023-04-29T15:18:15.719+0000][gc,task       ] GC(16) Using 1 workers of 1 for evacuation
[2023-04-29T15:18:15.727+0000][gc,phases     ] GC(16)   Pre Evacuate Collection Set: 0.0ms
[2023-04-29T15:18:15.727+0000][gc,phases     ] GC(16)   Evacuate Collection Set: 7.4ms
[2023-04-29T15:18:15.727+0000][gc,phases     ] GC(16)   Post Evacuate Collection Set: 0.1ms
[2023-04-29T15:18:15.727+0000][gc,phases     ] GC(16)   Other: 0.1ms
[2023-04-29T15:18:15.727+0000][gc,heap       ] GC(16) Eden regions: 11->0(10)
[2023-04-29T15:18:15.727+0000][gc,heap       ] GC(16) Survivor regions: 1->2(2)
[2023-04-29T15:18:15.727+0000][gc,heap       ] GC(16) Old regions: 11->11
[2023-04-29T15:18:15.727+0000][gc,heap       ] GC(16) Humongous regions: 129->129
[2023-04-29T15:18:15.727+0000][gc,metaspace  ] GC(16) Metaspace: 33074K(34304K)->33074K(34304K) NonClass: 29306K(29952K)->29306K(29952K) Class: 3767K(4352K)->3767K(4352K)
[2023-04-29T15:18:15.727+0000][gc            ] GC(16) Pause Young (Normal) (G1 Evacuation Pause) 151M->141M(256M) 7.765ms
[2023-04-29T15:18:15.727+0000][gc,cpu        ] GC(16) User=0.01s Sys=0.00s Real=0.01s
[2023-04-29T15:18:16.051+0000][gc,start      ] GC(17) Pause Young (Concurrent Start) (G1 Evacuation Pause)
[2023-04-29T15:18:16.051+0000][gc,task       ] GC(17) Using 1 workers of 1 for evacuation
[2023-04-29T15:18:16.065+0000][gc,phases     ] GC(17)   Pre Evacuate Collection Set: 0.1ms
[2023-04-29T15:18:16.065+0000][gc,phases     ] GC(17)   Evacuate Collection Set: 8.9ms
[2023-04-29T15:18:16.065+0000][gc,phases     ] GC(17)   Post Evacuate Collection Set: 4.8ms
[2023-04-29T15:18:16.065+0000][gc,phases     ] GC(17)   Other: 0.2ms
[2023-04-29T15:18:16.065+0000][gc,heap       ] GC(17) Eden regions: 10->0(10)
[2023-04-29T15:18:16.065+0000][gc,heap       ] GC(17) Survivor regions: 2->2(2)
[2023-04-29T15:18:16.065+0000][gc,heap       ] GC(17) Old regions: 11->12
[2023-04-29T15:18:16.065+0000][gc,heap       ] GC(17) Humongous regions: 129->129
[2023-04-29T15:18:16.065+0000][gc,metaspace  ] GC(17) Metaspace: 35526K(36992K)->35526K(36992K) NonClass: 31402K(32256K)->31402K(32256K) Class: 4123K(4736K)->4123K(4736K)
[2023-04-29T15:18:16.065+0000][gc            ] GC(17) Pause Young (Concurrent Start) (G1 Evacuation Pause) 151M->141M(256M) 14.121ms
[2023-04-29T15:18:16.065+0000][gc,cpu        ] GC(17) User=0.01s Sys=0.00s Real=0.02s
[2023-04-29T15:18:16.065+0000][gc            ] GC(18) Concurrent Cycle
[2023-04-29T15:18:16.065+0000][gc,marking    ] GC(18) Concurrent Clear Claimed Marks
[2023-04-29T15:18:16.065+0000][gc,marking    ] GC(18) Concurrent Clear Claimed Marks 0.037ms
[2023-04-29T15:18:16.065+0000][gc,marking    ] GC(18) Concurrent Scan Root Regions
[2023-04-29T15:18:16.070+0000][gc,marking    ] GC(18) Concurrent Scan Root Regions 4.459ms
[2023-04-29T15:18:16.070+0000][gc,marking    ] GC(18) Concurrent Mark (4.903s)
[2023-04-29T15:18:16.070+0000][gc,marking    ] GC(18) Concurrent Mark From Roots
[2023-04-29T15:18:16.070+0000][gc,task       ] GC(18) Using 1 workers of 1 for marking
[2023-04-29T15:18:16.129+0000][gc,marking    ] GC(18) Concurrent Mark From Roots 59.287ms
[2023-04-29T15:18:16.129+0000][gc,marking    ] GC(18) Concurrent Preclean
[2023-04-29T15:18:16.129+0000][gc,marking    ] GC(18) Concurrent Preclean 0.057ms
[2023-04-29T15:18:16.129+0000][gc,marking    ] GC(18) Concurrent Mark (4.903s, 4.963s) 59.393ms
[2023-04-29T15:18:16.133+0000][gc,start      ] GC(18) Pause Remark
[2023-04-29T15:18:16.143+0000][gc,stringtable] GC(18) Cleaned string and symbol table, strings: 14529 processed, 1 removed, symbols: 83203 processed, 2 removed
[2023-04-29T15:18:16.143+0000][gc            ] GC(18) Pause Remark 143M->143M(256M) 10.114ms
[2023-04-29T15:18:16.143+0000][gc,cpu        ] GC(18) User=0.01s Sys=0.00s Real=0.01s
[2023-04-29T15:18:16.143+0000][gc,marking    ] GC(18) Concurrent Rebuild Remembered Sets
[2023-04-29T15:18:16.166+0000][gc,marking    ] GC(18) Concurrent Rebuild Remembered Sets 23.538ms
[2023-04-29T15:18:16.167+0000][gc,start      ] GC(18) Pause Cleanup
[2023-04-29T15:18:16.167+0000][gc            ] GC(18) Pause Cleanup 144M->144M(256M) 0.075ms
[2023-04-29T15:18:16.167+0000][gc,cpu        ] GC(18) User=0.00s Sys=0.00s Real=0.00s
[2023-04-29T15:18:16.167+0000][gc,marking    ] GC(18) Concurrent Cleanup for Next Mark
[2023-04-29T15:18:16.178+0000][gc,marking    ] GC(18) Concurrent Cleanup for Next Mark 11.022ms
[2023-04-29T15:18:16.178+0000][gc            ] GC(18) Concurrent Cycle 112.334ms
[2023-04-29T15:22:16.211+0000][gc,start      ] GC(19) Pause Young (Normal) (G1 Evacuation Pause)
[2023-04-29T15:22:16.211+0000][gc,task       ] GC(19) Using 1 workers of 1 for evacuation
[2023-04-29T15:22:16.219+0000][gc,phases     ] GC(19)   Pre Evacuate Collection Set: 0.0ms
[2023-04-29T15:22:16.221+0000][gc,phases     ] GC(19)   Evacuate Collection Set: 7.7ms
[2023-04-29T15:22:16.221+0000][gc,phases     ] GC(19)   Post Evacuate Collection Set: 0.2ms
[2023-04-29T15:22:16.221+0000][gc,phases     ] GC(19)   Other: 0.2ms
[2023-04-29T15:22:16.221+0000][gc,heap       ] GC(19) Eden regions: 10->0(11)
[2023-04-29T15:22:16.221+0000][gc,heap       ] GC(19) Survivor regions: 2->1(2)
[2023-04-29T15:22:16.221+0000][gc,heap       ] GC(19) Old regions: 12->13
[2023-04-29T15:22:16.221+0000][gc,heap       ] GC(19) Humongous regions: 129->129
[2023-04-29T15:22:16.221+0000][gc,metaspace  ] GC(19) Metaspace: 37098K(38784K)->37098K(38784K) NonClass: 32664K(33536K)->32664K(33536K) Class: 4433K(5248K)->4433K(5248K)
[2023-04-29T15:22:16.221+0000][gc            ] GC(19) Pause Young (Normal) (G1 Evacuation Pause) 151M->142M(256M) 9.811ms
[2023-04-29T15:22:16.221+0000][gc,cpu        ] GC(19) User=0.01s Sys=0.00s Real=0.01s
[2023-04-29T15:23:57.140+0000][gc,start      ] GC(20) Pause Young (Concurrent Start) (G1 Evacuation Pause)
[2023-04-29T15:23:57.140+0000][gc,task       ] GC(20) Using 1 workers of 1 for evacuation
[2023-04-29T15:23:57.147+0000][gc,phases     ] GC(20)   Pre Evacuate Collection Set: 0.1ms
[2023-04-29T15:23:57.147+0000][gc,phases     ] GC(20)   Evacuate Collection Set: 6.8ms
[2023-04-29T15:23:57.147+0000][gc,phases     ] GC(20)   Post Evacuate Collection Set: 0.2ms
[2023-04-29T15:23:57.147+0000][gc,phases     ] GC(20)   Other: 1.2ms
[2023-04-29T15:23:57.147+0000][gc,heap       ] GC(20) Eden regions: 11->0(11)
[2023-04-29T15:23:57.147+0000][gc,heap       ] GC(20) Survivor regions: 1->2(2)
[2023-04-29T15:23:57.147+0000][gc,heap       ] GC(20) Old regions: 13->13
[2023-04-29T15:23:57.147+0000][gc,heap       ] GC(20) Humongous regions: 129->129
[2023-04-29T15:23:57.147+0000][gc,metaspace  ] GC(20) Metaspace: 38584K(40320K)->38584K(40320K) NonClass: 33928K(34816K)->33928K(34816K) Class: 4655K(5504K)->4655K(5504K)
[2023-04-29T15:23:57.149+0000][gc            ] GC(20) Pause Young (Concurrent Start) (G1 Evacuation Pause) 153M->142M(256M) 7.863ms
[2023-04-29T15:23:57.149+0000][gc,cpu        ] GC(20) User=0.01s Sys=0.00s Real=0.01s
[2023-04-29T15:23:57.149+0000][gc            ] GC(21) Concurrent Cycle
[2023-04-29T15:23:57.149+0000][gc,marking    ] GC(21) Concurrent Clear Claimed Marks
[2023-04-29T15:23:57.149+0000][gc,marking    ] GC(21) Concurrent Clear Claimed Marks 0.049ms
[2023-04-29T15:23:57.149+0000][gc,marking    ] GC(21) Concurrent Scan Root Regions
[2023-04-29T15:23:57.151+0000][gc,marking    ] GC(21) Concurrent Scan Root Regions 2.015ms
[2023-04-29T15:23:57.151+0000][gc,marking    ] GC(21) Concurrent Mark (345.984s)
[2023-04-29T15:23:57.151+0000][gc,marking    ] GC(21) Concurrent Mark From Roots
[2023-04-29T15:23:57.151+0000][gc,task       ] GC(21) Using 1 workers of 1 for marking
[2023-04-29T15:23:57.170+0000][gc,marking    ] GC(21) Concurrent Mark From Roots 19.613ms
[2023-04-29T15:23:57.170+0000][gc,marking    ] GC(21) Concurrent Preclean
[2023-04-29T15:23:57.171+0000][gc,marking    ] GC(21) Concurrent Preclean 0.117ms
[2023-04-29T15:23:57.171+0000][gc,marking    ] GC(21) Concurrent Mark (345.984s, 346.004s) 19.774ms
[2023-04-29T15:23:57.171+0000][gc,start      ] GC(21) Pause Remark
[2023-04-29T15:23:57.190+0000][gc,stringtable] GC(21) Cleaned string and symbol table, strings: 15028 processed, 299 removed, symbols: 85367 processed, 2 removed
[2023-04-29T15:23:57.191+0000][gc            ] GC(21) Pause Remark 142M->142M(256M) 19.866ms
[2023-04-29T15:23:57.191+0000][gc,cpu        ] GC(21) User=0.01s Sys=0.00s Real=0.02s
[2023-04-29T15:23:57.191+0000][gc,marking    ] GC(21) Concurrent Rebuild Remembered Sets
[2023-04-29T15:23:57.202+0000][gc,marking    ] GC(21) Concurrent Rebuild Remembered Sets 11.168ms
[2023-04-29T15:23:57.202+0000][gc,start      ] GC(21) Pause Cleanup
[2023-04-29T15:23:57.202+0000][gc            ] GC(21) Pause Cleanup 142M->142M(256M) 0.062ms
[2023-04-29T15:23:57.202+0000][gc,cpu        ] GC(21) User=0.00s Sys=0.00s Real=0.00s
[2023-04-29T15:23:57.202+0000][gc,marking    ] GC(21) Concurrent Cleanup for Next Mark
[2023-04-29T15:23:57.203+0000][gc,marking    ] GC(21) Concurrent Cleanup for Next Mark 0.687ms
[2023-04-29T15:23:57.203+0000][gc            ] GC(21) Concurrent Cycle 54.115ms
[2023-04-29T15:25:30.739+0000][gc,start      ] GC(22) Pause Young (Normal) (G1 Evacuation Pause)
[2023-04-29T15:25:30.739+0000][gc,task       ] GC(22) Using 1 workers of 1 for evacuation
[2023-04-29T15:25:30.750+0000][gc,phases     ] GC(22)   Pre Evacuate Collection Set: 0.0ms
[2023-04-29T15:25:30.750+0000][gc,phases     ] GC(22)   Evacuate Collection Set: 10.7ms
[2023-04-29T15:25:30.750+0000][gc,phases     ] GC(22)   Post Evacuate Collection Set: 0.2ms
[2023-04-29T15:25:30.750+0000][gc,phases     ] GC(22)   Other: 0.2ms
[2023-04-29T15:25:30.750+0000][gc,heap       ] GC(22) Eden regions: 10->0(12)
[2023-04-29T15:25:30.750+0000][gc,heap       ] GC(22) Survivor regions: 2->2(2)
[2023-04-29T15:25:30.750+0000][gc,heap       ] GC(22) Old regions: 13->13
[2023-04-29T15:25:30.750+0000][gc,heap       ] GC(22) Humongous regions: 129->129
[2023-04-29T15:25:30.750+0000][gc,metaspace  ] GC(22) Metaspace: 39003K(40832K)->39003K(40832K) NonClass: 34384K(35328K)->34384K(35328K) Class: 4619K(5504K)->4619K(5504K)
[2023-04-29T15:25:30.750+0000][gc            ] GC(22) Pause Young (Normal) (G1 Evacuation Pause) 152M->143M(256M) 11.195ms
[2023-04-29T15:25:30.750+0000][gc,cpu        ] GC(22) User=0.01s Sys=0.00s Real=0.01s
[2023-04-29T15:26:35.823+0000][gc,heap,exit  ] Heap
[2023-04-29T15:26:35.823+0000][gc,heap,exit  ]  garbage-first heap   total 262144K, used 154863K [0x00000000f0000000, 0x0000000100000000)
[2023-04-29T15:26:35.823+0000][gc,heap,exit  ]   region size 1024K, 12 young (12288K), 2 survivors (2048K)
[2023-04-29T15:26:35.823+0000][gc,heap,exit  ]  Metaspace       used 39642K, capacity 41528K, committed 41728K, reserved 1085440K
[2023-04-29T15:26:35.823+0000][gc,heap,exit  ]   class space    used 4779K, capacity 5629K, committed 5632K, reserved 1048576K
