[2023-07-06T05:29:57.127+0000][gc,heap] Heap region size: 1M
[2023-07-06T05:29:57.130+0000][gc     ] Using G1
[2023-07-06T05:29:57.130+0000][gc,heap,coops] Heap address: 0x00000000f0000000, size: 256 MB, Compressed Oops mode: 32-bit
[2023-07-06T05:29:57.953+0000][gc,start     ] GC(0) Pause Young (Normal) (G1 Evacuation Pause)
[2023-07-06T05:29:57.953+0000][gc,task      ] GC(0) Using 1 workers of 1 for evacuation
[2023-07-06T05:29:57.963+0000][gc,phases    ] GC(0)   Pre Evacuate Collection Set: 0.0ms
[2023-07-06T05:29:57.963+0000][gc,phases    ] GC(0)   Evacuate Collection Set: 10.1ms
[2023-07-06T05:29:57.963+0000][gc,phases    ] GC(0)   Post Evacuate Collection Set: 0.2ms
[2023-07-06T05:29:57.963+0000][gc,phases    ] GC(0)   Other: 0.2ms
[2023-07-06T05:29:57.963+0000][gc,heap      ] GC(0) Eden regions: 12->0(10)
[2023-07-06T05:29:57.963+0000][gc,heap      ] GC(0) Survivor regions: 0->2(2)
[2023-07-06T05:29:57.963+0000][gc,heap      ] GC(0) Old regions: 0->4
[2023-07-06T05:29:57.963+0000][gc,heap      ] GC(0) Humongous regions: 0->0
[2023-07-06T05:29:57.963+0000][gc,metaspace ] GC(0) Metaspace: 5358K(5888K)->5358K(5888K) NonClass: 4783K(5120K)->4783K(5120K) Class: 575K(768K)->575K(768K)
[2023-07-06T05:29:57.963+0000][gc           ] GC(0) Pause Young (Normal) (G1 Evacuation Pause) 12M->5M(256M) 10.590ms
[2023-07-06T05:29:57.963+0000][gc,cpu       ] GC(0) User=0.01s Sys=0.00s Real=0.01s
[2023-07-06T05:29:58.435+0000][gc,start     ] GC(1) Pause Young (Normal) (G1 Evacuation Pause)
[2023-07-06T05:29:58.435+0000][gc,task      ] GC(1) Using 1 workers of 1 for evacuation
[2023-07-06T05:29:58.443+0000][gc,phases    ] GC(1)   Pre Evacuate Collection Set: 0.0ms
[2023-07-06T05:29:58.443+0000][gc,phases    ] GC(1)   Evacuate Collection Set: 7.2ms
[2023-07-06T05:29:58.443+0000][gc,phases    ] GC(1)   Post Evacuate Collection Set: 0.1ms
[2023-07-06T05:29:58.443+0000][gc,phases    ] GC(1)   Other: 0.1ms
[2023-07-06T05:29:58.443+0000][gc,heap      ] GC(1) Eden regions: 10->0(11)
[2023-07-06T05:29:58.443+0000][gc,heap      ] GC(1) Survivor regions: 2->1(2)
[2023-07-06T05:29:58.443+0000][gc,heap      ] GC(1) Old regions: 4->5
[2023-07-06T05:29:58.443+0000][gc,heap      ] GC(1) Humongous regions: 0->0
[2023-07-06T05:29:58.443+0000][gc,metaspace ] GC(1) Metaspace: 7903K(8320K)->7903K(8320K) NonClass: 6977K(7168K)->6977K(7168K) Class: 926K(1152K)->926K(1152K)
[2023-07-06T05:29:58.443+0000][gc           ] GC(1) Pause Young (Normal) (G1 Evacuation Pause) 15M->6M(256M) 7.542ms
[2023-07-06T05:29:58.443+0000][gc,cpu       ] GC(1) User=0.01s Sys=0.00s Real=0.01s
[2023-07-06T05:29:58.725+0000][gc,start     ] GC(2) Pause Young (Normal) (G1 Evacuation Pause)
[2023-07-06T05:29:58.725+0000][gc,task      ] GC(2) Using 1 workers of 1 for evacuation
[2023-07-06T05:29:58.732+0000][gc,phases    ] GC(2)   Pre Evacuate Collection Set: 0.0ms
[2023-07-06T05:29:58.732+0000][gc,phases    ] GC(2)   Evacuate Collection Set: 3.9ms
[2023-07-06T05:29:58.732+0000][gc,phases    ] GC(2)   Post Evacuate Collection Set: 3.4ms
[2023-07-06T05:29:58.732+0000][gc,phases    ] GC(2)   Other: 0.1ms
[2023-07-06T05:29:58.732+0000][gc,heap      ] GC(2) Eden regions: 11->0(10)
[2023-07-06T05:29:58.732+0000][gc,heap      ] GC(2) Survivor regions: 1->2(2)
[2023-07-06T05:29:58.732+0000][gc,heap      ] GC(2) Old regions: 5->5
[2023-07-06T05:29:58.732+0000][gc,heap      ] GC(2) Humongous regions: 0->0
[2023-07-06T05:29:58.732+0000][gc,metaspace ] GC(2) Metaspace: 11073K(11520K)->11073K(11520K) NonClass: 9708K(9984K)->9708K(9984K) Class: 1365K(1536K)->1365K(1536K)
[2023-07-06T05:29:58.732+0000][gc           ] GC(2) Pause Young (Normal) (G1 Evacuation Pause) 17M->6M(256M) 7.504ms
[2023-07-06T05:29:58.732+0000][gc,cpu       ] GC(2) User=0.01s Sys=0.00s Real=0.01s
[2023-07-06T05:29:59.119+0000][gc,start     ] GC(3) Pause Young (Normal) (G1 Evacuation Pause)
[2023-07-06T05:29:59.119+0000][gc,task      ] GC(3) Using 1 workers of 1 for evacuation
[2023-07-06T05:29:59.124+0000][gc,phases    ] GC(3)   Pre Evacuate Collection Set: 0.0ms
[2023-07-06T05:29:59.124+0000][gc,phases    ] GC(3)   Evacuate Collection Set: 4.7ms
[2023-07-06T05:29:59.124+0000][gc,phases    ] GC(3)   Post Evacuate Collection Set: 0.1ms
[2023-07-06T05:29:59.124+0000][gc,phases    ] GC(3)   Other: 0.1ms
[2023-07-06T05:29:59.124+0000][gc,heap      ] GC(3) Eden regions: 10->0(11)
[2023-07-06T05:29:59.124+0000][gc,heap      ] GC(3) Survivor regions: 2->1(2)
[2023-07-06T05:29:59.124+0000][gc,heap      ] GC(3) Old regions: 5->6
[2023-07-06T05:29:59.124+0000][gc,heap      ] GC(3) Humongous regions: 0->0
[2023-07-06T05:29:59.124+0000][gc,metaspace ] GC(3) Metaspace: 13837K(14464K)->13837K(14464K) NonClass: 12134K(12544K)->12134K(12544K) Class: 1703K(1920K)->1703K(1920K)
[2023-07-06T05:29:59.124+0000][gc           ] GC(3) Pause Young (Normal) (G1 Evacuation Pause) 16M->6M(256M) 5.087ms
[2023-07-06T05:29:59.124+0000][gc,cpu       ] GC(3) User=0.01s Sys=0.00s Real=0.00s
[2023-07-06T05:29:59.570+0000][gc,start     ] GC(4) Pause Young (Normal) (G1 Evacuation Pause)
[2023-07-06T05:29:59.570+0000][gc,task      ] GC(4) Using 1 workers of 1 for evacuation
[2023-07-06T05:29:59.574+0000][gc,phases    ] GC(4)   Pre Evacuate Collection Set: 0.0ms
[2023-07-06T05:29:59.574+0000][gc,phases    ] GC(4)   Evacuate Collection Set: 3.8ms
[2023-07-06T05:29:59.574+0000][gc,phases    ] GC(4)   Post Evacuate Collection Set: 0.4ms
[2023-07-06T05:29:59.574+0000][gc,phases    ] GC(4)   Other: 0.1ms
[2023-07-06T05:29:59.574+0000][gc,heap      ] GC(4) Eden regions: 11->0(11)
[2023-07-06T05:29:59.574+0000][gc,heap      ] GC(4) Survivor regions: 1->1(2)
[2023-07-06T05:29:59.574+0000][gc,heap      ] GC(4) Old regions: 6->6
[2023-07-06T05:29:59.574+0000][gc,heap      ] GC(4) Humongous regions: 0->0
[2023-07-06T05:29:59.574+0000][gc,metaspace ] GC(4) Metaspace: 16650K(17408K)->16650K(17408K) NonClass: 14647K(15104K)->14647K(15104K) Class: 2002K(2304K)->2002K(2304K)
[2023-07-06T05:29:59.574+0000][gc           ] GC(4) Pause Young (Normal) (G1 Evacuation Pause) 17M->7M(256M) 4.351ms
[2023-07-06T05:29:59.574+0000][gc,cpu       ] GC(4) User=0.00s Sys=0.00s Real=0.00s
[2023-07-06T05:29:59.839+0000][gc,start     ] GC(5) Pause Young (Normal) (G1 Evacuation Pause)
[2023-07-06T05:29:59.839+0000][gc,task      ] GC(5) Using 1 workers of 1 for evacuation
[2023-07-06T05:29:59.843+0000][gc,phases    ] GC(5)   Pre Evacuate Collection Set: 0.0ms
[2023-07-06T05:29:59.843+0000][gc,phases    ] GC(5)   Evacuate Collection Set: 3.7ms
[2023-07-06T05:29:59.843+0000][gc,phases    ] GC(5)   Post Evacuate Collection Set: 0.1ms
[2023-07-06T05:29:59.843+0000][gc,phases    ] GC(5)   Other: 0.1ms
[2023-07-06T05:29:59.843+0000][gc,heap      ] GC(5) Eden regions: 11->0(10)
[2023-07-06T05:29:59.843+0000][gc,heap      ] GC(5) Survivor regions: 1->2(2)
[2023-07-06T05:29:59.843+0000][gc,heap      ] GC(5) Old regions: 6->6
[2023-07-06T05:29:59.843+0000][gc,heap      ] GC(5) Humongous regions: 0->0
[2023-07-06T05:29:59.843+0000][gc,metaspace ] GC(5) Metaspace: 19566K(20352K)->19566K(20352K) NonClass: 17198K(17664K)->17198K(17664K) Class: 2367K(2688K)->2367K(2688K)
[2023-07-06T05:29:59.843+0000][gc           ] GC(5) Pause Young (Normal) (G1 Evacuation Pause) 18M->7M(256M) 4.080ms
[2023-07-06T05:29:59.843+0000][gc,cpu       ] GC(5) User=0.00s Sys=0.00s Real=0.00s
[2023-07-06T05:30:00.070+0000][gc,start     ] GC(6) Pause Young (Concurrent Start) (Metadata GC Threshold)
[2023-07-06T05:30:00.070+0000][gc,task      ] GC(6) Using 1 workers of 1 for evacuation
[2023-07-06T05:30:00.075+0000][gc,phases    ] GC(6)   Pre Evacuate Collection Set: 0.0ms
[2023-07-06T05:30:00.076+0000][gc,phases    ] GC(6)   Evacuate Collection Set: 5.6ms
[2023-07-06T05:30:00.076+0000][gc,phases    ] GC(6)   Post Evacuate Collection Set: 0.1ms
[2023-07-06T05:30:00.076+0000][gc,phases    ] GC(6)   Other: 0.2ms
[2023-07-06T05:30:00.076+0000][gc,heap      ] GC(6) Eden regions: 5->0(11)
[2023-07-06T05:30:00.076+0000][gc,heap      ] GC(6) Survivor regions: 2->1(2)
[2023-07-06T05:30:00.076+0000][gc,heap      ] GC(6) Old regions: 6->7
[2023-07-06T05:30:00.076+0000][gc,heap      ] GC(6) Humongous regions: 0->0
[2023-07-06T05:30:00.076+0000][gc,metaspace ] GC(6) Metaspace: 20568K(21248K)->20568K(21248K) NonClass: 18060K(18432K)->18060K(18432K) Class: 2508K(2816K)->2508K(2816K)
[2023-07-06T05:30:00.076+0000][gc           ] GC(6) Pause Young (Concurrent Start) (Metadata GC Threshold) 11M->7M(256M) 6.064ms
[2023-07-06T05:30:00.076+0000][gc,cpu       ] GC(6) User=0.01s Sys=0.00s Real=0.00s
[2023-07-06T05:30:00.076+0000][gc           ] GC(7) Concurrent Cycle
[2023-07-06T05:30:00.076+0000][gc,marking   ] GC(7) Concurrent Clear Claimed Marks
[2023-07-06T05:30:00.076+0000][gc,marking   ] GC(7) Concurrent Clear Claimed Marks 0.042ms
[2023-07-06T05:30:00.076+0000][gc,marking   ] GC(7) Concurrent Scan Root Regions
[2023-07-06T05:30:00.080+0000][gc,marking   ] GC(7) Concurrent Scan Root Regions 3.862ms
[2023-07-06T05:30:00.080+0000][gc,marking   ] GC(7) Concurrent Mark (2.958s)
[2023-07-06T05:30:00.080+0000][gc,marking   ] GC(7) Concurrent Mark From Roots
[2023-07-06T05:30:00.080+0000][gc,task      ] GC(7) Using 1 workers of 1 for marking
[2023-07-06T05:30:00.092+0000][gc,marking   ] GC(7) Concurrent Mark From Roots 12.342ms
[2023-07-06T05:30:00.092+0000][gc,marking   ] GC(7) Concurrent Preclean
[2023-07-06T05:30:00.092+0000][gc,marking   ] GC(7) Concurrent Preclean 0.057ms
[2023-07-06T05:30:00.092+0000][gc,marking   ] GC(7) Concurrent Mark (2.958s, 2.970s) 12.453ms
[2023-07-06T05:30:00.092+0000][gc,start     ] GC(7) Pause Remark
[2023-07-06T05:30:00.096+0000][gc,stringtable] GC(7) Cleaned string and symbol table, strings: 8778 processed, 7 removed, symbols: 49800 processed, 42 removed
[2023-07-06T05:30:00.097+0000][gc            ] GC(7) Pause Remark 7M->7M(256M) 4.594ms
[2023-07-06T05:30:00.097+0000][gc,cpu        ] GC(7) User=0.01s Sys=0.00s Real=0.00s
[2023-07-06T05:30:00.097+0000][gc,marking    ] GC(7) Concurrent Rebuild Remembered Sets
[2023-07-06T05:30:00.116+0000][gc,marking    ] GC(7) Concurrent Rebuild Remembered Sets 18.716ms
[2023-07-06T05:30:00.116+0000][gc,start      ] GC(7) Pause Cleanup
[2023-07-06T05:30:00.116+0000][gc            ] GC(7) Pause Cleanup 8M->8M(256M) 0.083ms
[2023-07-06T05:30:00.116+0000][gc,cpu        ] GC(7) User=0.00s Sys=0.00s Real=0.00s
[2023-07-06T05:30:00.116+0000][gc,marking    ] GC(7) Concurrent Cleanup for Next Mark
[2023-07-06T05:30:00.122+0000][gc,marking    ] GC(7) Concurrent Cleanup for Next Mark 5.910ms
[2023-07-06T05:30:00.122+0000][gc            ] GC(7) Concurrent Cycle 46.054ms
[2023-07-06T05:30:00.442+0000][gc,start      ] GC(8) Pause Young (Concurrent Start) (G1 Humongous Allocation)
[2023-07-06T05:30:00.442+0000][gc,task       ] GC(8) Using 1 workers of 1 for evacuation
[2023-07-06T05:30:00.447+0000][gc,phases     ] GC(8)   Pre Evacuate Collection Set: 0.1ms
[2023-07-06T05:30:00.447+0000][gc,phases     ] GC(8)   Evacuate Collection Set: 4.8ms
[2023-07-06T05:30:00.447+0000][gc,phases     ] GC(8)   Post Evacuate Collection Set: 0.2ms
[2023-07-06T05:30:00.447+0000][gc,phases     ] GC(8)   Other: 0.2ms
[2023-07-06T05:30:00.447+0000][gc,heap       ] GC(8) Eden regions: 9->0(10)
[2023-07-06T05:30:00.447+0000][gc,heap       ] GC(8) Survivor regions: 1->2(2)
[2023-07-06T05:30:00.447+0000][gc,heap       ] GC(8) Old regions: 7->7
[2023-07-06T05:30:00.447+0000][gc,heap       ] GC(8) Humongous regions: 0->0
[2023-07-06T05:30:00.447+0000][gc,metaspace  ] GC(8) Metaspace: 22509K(23424K)->22509K(23424K) NonClass: 19711K(20224K)->19711K(20224K) Class: 2798K(3200K)->2798K(3200K)
[2023-07-06T05:30:00.447+0000][gc            ] GC(8) Pause Young (Concurrent Start) (G1 Humongous Allocation) 16M->7M(256M) 5.371ms
[2023-07-06T05:30:00.447+0000][gc,cpu        ] GC(8) User=0.00s Sys=0.00s Real=0.01s
[2023-07-06T05:30:00.447+0000][gc            ] GC(9) Concurrent Cycle
[2023-07-06T05:30:00.447+0000][gc,marking    ] GC(9) Concurrent Clear Claimed Marks
[2023-07-06T05:30:00.447+0000][gc,marking    ] GC(9) Concurrent Clear Claimed Marks 0.041ms
[2023-07-06T05:30:00.447+0000][gc,marking    ] GC(9) Concurrent Scan Root Regions
[2023-07-06T05:30:00.448+0000][gc,marking    ] GC(9) Concurrent Scan Root Regions 1.216ms
[2023-07-06T05:30:00.448+0000][gc,marking    ] GC(9) Concurrent Mark (3.326s)
[2023-07-06T05:30:00.448+0000][gc,marking    ] GC(9) Concurrent Mark From Roots
[2023-07-06T05:30:00.448+0000][gc,task       ] GC(9) Using 1 workers of 1 for marking
[2023-07-06T05:30:00.473+0000][gc,marking    ] GC(9) Concurrent Mark From Roots 24.949ms
[2023-07-06T05:30:00.473+0000][gc,marking    ] GC(9) Concurrent Preclean
[2023-07-06T05:30:00.473+0000][gc,marking    ] GC(9) Concurrent Preclean 0.053ms
[2023-07-06T05:30:00.473+0000][gc,marking    ] GC(9) Concurrent Mark (3.326s, 3.351s) 25.073ms
[2023-07-06T05:30:00.641+0000][gc,start      ] GC(9) Pause Remark
[2023-07-06T05:30:00.644+0000][gc,stringtable] GC(9) Cleaned string and symbol table, strings: 9517 processed, 3 removed, symbols: 55061 processed, 4 removed
[2023-07-06T05:30:00.645+0000][gc            ] GC(9) Pause Remark 136M->136M(256M) 4.033ms
[2023-07-06T05:30:00.645+0000][gc,cpu        ] GC(9) User=0.00s Sys=0.00s Real=0.00s
[2023-07-06T05:30:00.645+0000][gc,marking    ] GC(9) Concurrent Rebuild Remembered Sets
[2023-07-06T05:30:00.661+0000][gc,marking    ] GC(9) Concurrent Rebuild Remembered Sets 16.249ms
[2023-07-06T05:30:00.665+0000][gc,start      ] GC(9) Pause Cleanup
[2023-07-06T05:30:00.665+0000][gc            ] GC(9) Pause Cleanup 137M->137M(256M) 0.097ms
[2023-07-06T05:30:00.665+0000][gc,cpu        ] GC(9) User=0.00s Sys=0.00s Real=0.00s
[2023-07-06T05:30:00.665+0000][gc,marking    ] GC(9) Concurrent Cleanup for Next Mark
[2023-07-06T05:30:00.668+0000][gc,marking    ] GC(9) Concurrent Cleanup for Next Mark 2.512ms
[2023-07-06T05:30:00.668+0000][gc            ] GC(9) Concurrent Cycle 220.832ms
[2023-07-06T05:30:00.867+0000][gc,start      ] GC(10) Pause Young (Normal) (G1 Evacuation Pause)
[2023-07-06T05:30:00.868+0000][gc,task       ] GC(10) Using 1 workers of 1 for evacuation
[2023-07-06T05:30:00.873+0000][gc,phases     ] GC(10)   Pre Evacuate Collection Set: 0.0ms
[2023-07-06T05:30:00.873+0000][gc,phases     ] GC(10)   Evacuate Collection Set: 5.4ms
[2023-07-06T05:30:00.873+0000][gc,phases     ] GC(10)   Post Evacuate Collection Set: 0.1ms
[2023-07-06T05:30:00.873+0000][gc,phases     ] GC(10)   Other: 0.1ms
[2023-07-06T05:30:00.873+0000][gc,heap       ] GC(10) Eden regions: 10->0(10)
[2023-07-06T05:30:00.873+0000][gc,heap       ] GC(10) Survivor regions: 2->2(2)
[2023-07-06T05:30:00.873+0000][gc,heap       ] GC(10) Old regions: 7->7
[2023-07-06T05:30:00.873+0000][gc,heap       ] GC(10) Humongous regions: 129->129
[2023-07-06T05:30:00.873+0000][gc,metaspace  ] GC(10) Metaspace: 24431K(25344K)->24431K(25344K) NonClass: 21447K(22016K)->21447K(22016K) Class: 2983K(3328K)->2983K(3328K)
[2023-07-06T05:30:00.873+0000][gc            ] GC(10) Pause Young (Normal) (G1 Evacuation Pause) 146M->137M(256M) 5.806ms
[2023-07-06T05:30:00.873+0000][gc,cpu        ] GC(10) User=0.01s Sys=0.00s Real=0.00s
[2023-07-06T05:30:01.048+0000][gc,start      ] GC(11) Pause Young (Concurrent Start) (G1 Evacuation Pause)
[2023-07-06T05:30:01.048+0000][gc,task       ] GC(11) Using 1 workers of 1 for evacuation
[2023-07-06T05:30:01.054+0000][gc,phases     ] GC(11)   Pre Evacuate Collection Set: 0.1ms
[2023-07-06T05:30:01.054+0000][gc,phases     ] GC(11)   Evacuate Collection Set: 5.4ms
[2023-07-06T05:30:01.054+0000][gc,phases     ] GC(11)   Post Evacuate Collection Set: 0.1ms
[2023-07-06T05:30:01.054+0000][gc,phases     ] GC(11)   Other: 0.2ms
[2023-07-06T05:30:01.054+0000][gc,heap       ] GC(11) Eden regions: 10->0(10)
[2023-07-06T05:30:01.054+0000][gc,heap       ] GC(11) Survivor regions: 2->2(2)
[2023-07-06T05:30:01.054+0000][gc,heap       ] GC(11) Old regions: 7->8
[2023-07-06T05:30:01.054+0000][gc,heap       ] GC(11) Humongous regions: 129->129
[2023-07-06T05:30:01.054+0000][gc,metaspace  ] GC(11) Metaspace: 26998K(27776K)->26998K(27776K) NonClass: 23877K(24320K)->23877K(24320K) Class: 3121K(3456K)->3121K(3456K)
[2023-07-06T05:30:01.054+0000][gc            ] GC(11) Pause Young (Concurrent Start) (G1 Evacuation Pause) 147M->137M(256M) 5.921ms
[2023-07-06T05:30:01.054+0000][gc,cpu        ] GC(11) User=0.00s Sys=0.00s Real=0.00s
[2023-07-06T05:30:01.054+0000][gc            ] GC(12) Concurrent Cycle
[2023-07-06T05:30:01.054+0000][gc,marking    ] GC(12) Concurrent Clear Claimed Marks
[2023-07-06T05:30:01.054+0000][gc,marking    ] GC(12) Concurrent Clear Claimed Marks 0.045ms
[2023-07-06T05:30:01.054+0000][gc,marking    ] GC(12) Concurrent Scan Root Regions
[2023-07-06T05:30:01.055+0000][gc,marking    ] GC(12) Concurrent Scan Root Regions 0.568ms
[2023-07-06T05:30:01.055+0000][gc,marking    ] GC(12) Concurrent Mark (3.933s)
[2023-07-06T05:30:01.055+0000][gc,marking    ] GC(12) Concurrent Mark From Roots
[2023-07-06T05:30:01.055+0000][gc,task       ] GC(12) Using 1 workers of 1 for marking
[2023-07-06T05:30:01.070+0000][gc,marking    ] GC(12) Concurrent Mark From Roots 14.742ms
[2023-07-06T05:30:01.070+0000][gc,marking    ] GC(12) Concurrent Preclean
[2023-07-06T05:30:01.070+0000][gc,marking    ] GC(12) Concurrent Preclean 0.053ms
[2023-07-06T05:30:01.070+0000][gc,marking    ] GC(12) Concurrent Mark (3.933s, 3.948s) 14.852ms
[2023-07-06T05:30:01.070+0000][gc,start      ] GC(12) Pause Remark
[2023-07-06T05:30:01.074+0000][gc,stringtable] GC(12) Cleaned string and symbol table, strings: 10777 processed, 2 removed, symbols: 62597 processed, 0 removed
[2023-07-06T05:30:01.074+0000][gc            ] GC(12) Pause Remark 138M->138M(256M) 4.475ms
[2023-07-06T05:30:01.074+0000][gc,cpu        ] GC(12) User=0.01s Sys=0.00s Real=0.00s
[2023-07-06T05:30:01.075+0000][gc,marking    ] GC(12) Concurrent Rebuild Remembered Sets
[2023-07-06T05:30:01.094+0000][gc,marking    ] GC(12) Concurrent Rebuild Remembered Sets 19.317ms
[2023-07-06T05:30:01.094+0000][gc,start      ] GC(12) Pause Cleanup
[2023-07-06T05:30:01.094+0000][gc            ] GC(12) Pause Cleanup 139M->139M(256M) 0.082ms
[2023-07-06T05:30:01.094+0000][gc,cpu        ] GC(12) User=0.00s Sys=0.00s Real=0.00s
[2023-07-06T05:30:01.094+0000][gc,marking    ] GC(12) Concurrent Cleanup for Next Mark
[2023-07-06T05:30:01.099+0000][gc,marking    ] GC(12) Concurrent Cleanup for Next Mark 4.887ms
[2023-07-06T05:30:01.099+0000][gc            ] GC(12) Concurrent Cycle 44.622ms
[2023-07-06T05:30:01.569+0000][gc,start      ] GC(13) Pause Young (Normal) (G1 Evacuation Pause)
[2023-07-06T05:30:01.569+0000][gc,task       ] GC(13) Using 1 workers of 1 for evacuation
[2023-07-06T05:30:01.582+0000][gc,phases     ] GC(13)   Pre Evacuate Collection Set: 0.0ms
[2023-07-06T05:30:01.583+0000][gc,phases     ] GC(13)   Evacuate Collection Set: 8.1ms
[2023-07-06T05:30:01.583+0000][gc,phases     ] GC(13)   Post Evacuate Collection Set: 5.0ms
[2023-07-06T05:30:01.583+0000][gc,phases     ] GC(13)   Other: 0.1ms
[2023-07-06T05:30:01.583+0000][gc,heap       ] GC(13) Eden regions: 10->0(10)
[2023-07-06T05:30:01.583+0000][gc,heap       ] GC(13) Survivor regions: 2->2(2)
[2023-07-06T05:30:01.583+0000][gc,heap       ] GC(13) Old regions: 8->9
[2023-07-06T05:30:01.583+0000][gc,heap       ] GC(13) Humongous regions: 129->129
[2023-07-06T05:30:01.583+0000][gc,metaspace  ] GC(13) Metaspace: 28375K(29312K)->28375K(29312K) NonClass: 25106K(25600K)->25106K(25600K) Class: 3269K(3712K)->3269K(3712K)
[2023-07-06T05:30:01.583+0000][gc            ] GC(13) Pause Young (Normal) (G1 Evacuation Pause) 147M->139M(256M) 13.344ms
[2023-07-06T05:30:01.583+0000][gc,cpu        ] GC(13) User=0.02s Sys=0.00s Real=0.01s
[2023-07-06T05:30:01.911+0000][gc,start      ] GC(14) Pause Young (Concurrent Start) (G1 Evacuation Pause)
[2023-07-06T05:30:01.911+0000][gc,task       ] GC(14) Using 1 workers of 1 for evacuation
[2023-07-06T05:30:01.921+0000][gc,phases     ] GC(14)   Pre Evacuate Collection Set: 0.1ms
[2023-07-06T05:30:01.921+0000][gc,phases     ] GC(14)   Evacuate Collection Set: 9.5ms
[2023-07-06T05:30:01.921+0000][gc,phases     ] GC(14)   Post Evacuate Collection Set: 0.1ms
[2023-07-06T05:30:01.921+0000][gc,phases     ] GC(14)   Other: 0.2ms
[2023-07-06T05:30:01.921+0000][gc,heap       ] GC(14) Eden regions: 10->0(11)
[2023-07-06T05:30:01.921+0000][gc,heap       ] GC(14) Survivor regions: 2->1(2)
[2023-07-06T05:30:01.921+0000][gc,heap       ] GC(14) Old regions: 9->11
[2023-07-06T05:30:01.921+0000][gc,heap       ] GC(14) Humongous regions: 129->129
[2023-07-06T05:30:01.921+0000][gc,metaspace  ] GC(14) Metaspace: 30364K(31360K)->30364K(31360K) NonClass: 26867K(27392K)->26867K(27392K) Class: 3496K(3968K)->3496K(3968K)
[2023-07-06T05:30:01.921+0000][gc            ] GC(14) Pause Young (Concurrent Start) (G1 Evacuation Pause) 149M->140M(256M) 10.063ms
[2023-07-06T05:30:01.921+0000][gc,cpu        ] GC(14) User=0.01s Sys=0.00s Real=0.01s
[2023-07-06T05:30:01.921+0000][gc            ] GC(15) Concurrent Cycle
[2023-07-06T05:30:01.921+0000][gc,marking    ] GC(15) Concurrent Clear Claimed Marks
[2023-07-06T05:30:01.921+0000][gc,marking    ] GC(15) Concurrent Clear Claimed Marks 0.069ms
[2023-07-06T05:30:01.921+0000][gc,marking    ] GC(15) Concurrent Scan Root Regions
[2023-07-06T05:30:01.923+0000][gc,marking    ] GC(15) Concurrent Scan Root Regions 2.066ms
[2023-07-06T05:30:01.923+0000][gc,marking    ] GC(15) Concurrent Mark (4.801s)
[2023-07-06T05:30:01.923+0000][gc,marking    ] GC(15) Concurrent Mark From Roots
[2023-07-06T05:30:01.923+0000][gc,task       ] GC(15) Using 1 workers of 1 for marking
[2023-07-06T05:30:01.976+0000][gc,marking    ] GC(15) Concurrent Mark From Roots 52.695ms
[2023-07-06T05:30:01.976+0000][gc,marking    ] GC(15) Concurrent Preclean
[2023-07-06T05:30:01.976+0000][gc,marking    ] GC(15) Concurrent Preclean 0.056ms
[2023-07-06T05:30:01.976+0000][gc,marking    ] GC(15) Concurrent Mark (4.801s, 4.854s) 52.803ms
[2023-07-06T05:30:01.977+0000][gc,start      ] GC(15) Pause Remark
[2023-07-06T05:30:01.985+0000][gc,stringtable] GC(15) Cleaned string and symbol table, strings: 12334 processed, 4 removed, symbols: 69089 processed, 8 removed
[2023-07-06T05:30:01.985+0000][gc            ] GC(15) Pause Remark 141M->141M(256M) 8.501ms
[2023-07-06T05:30:01.985+0000][gc,cpu        ] GC(15) User=0.01s Sys=0.00s Real=0.01s
[2023-07-06T05:30:01.985+0000][gc,marking    ] GC(15) Concurrent Rebuild Remembered Sets
[2023-07-06T05:30:01.998+0000][gc,marking    ] GC(15) Concurrent Rebuild Remembered Sets 12.594ms
[2023-07-06T05:30:02.001+0000][gc,start      ] GC(15) Pause Cleanup
[2023-07-06T05:30:02.001+0000][gc            ] GC(15) Pause Cleanup 141M->141M(256M) 0.194ms
[2023-07-06T05:30:02.001+0000][gc,cpu        ] GC(15) User=0.00s Sys=0.00s Real=0.00s
[2023-07-06T05:30:02.001+0000][gc,marking    ] GC(15) Concurrent Cleanup for Next Mark
[2023-07-06T05:30:02.003+0000][gc,marking    ] GC(15) Concurrent Cleanup for Next Mark 2.189ms
[2023-07-06T05:30:02.003+0000][gc            ] GC(15) Concurrent Cycle 82.074ms
[2023-07-06T05:30:02.304+0000][gc,start      ] GC(16) Pause Young (Normal) (G1 Evacuation Pause)
[2023-07-06T05:30:02.305+0000][gc,task       ] GC(16) Using 1 workers of 1 for evacuation
[2023-07-06T05:30:02.316+0000][gc,phases     ] GC(16)   Pre Evacuate Collection Set: 0.0ms
[2023-07-06T05:30:02.316+0000][gc,phases     ] GC(16)   Evacuate Collection Set: 10.8ms
[2023-07-06T05:30:02.316+0000][gc,phases     ] GC(16)   Post Evacuate Collection Set: 0.1ms
[2023-07-06T05:30:02.316+0000][gc,phases     ] GC(16)   Other: 0.2ms
[2023-07-06T05:30:02.316+0000][gc,heap       ] GC(16) Eden regions: 11->0(10)
[2023-07-06T05:30:02.316+0000][gc,heap       ] GC(16) Survivor regions: 1->2(2)
[2023-07-06T05:30:02.316+0000][gc,heap       ] GC(16) Old regions: 11->11
[2023-07-06T05:30:02.316+0000][gc,heap       ] GC(16) Humongous regions: 129->129
[2023-07-06T05:30:02.316+0000][gc,metaspace  ] GC(16) Metaspace: 33007K(34304K)->33007K(34304K) NonClass: 29253K(29952K)->29253K(29952K) Class: 3753K(4352K)->3753K(4352K)
[2023-07-06T05:30:02.316+0000][gc            ] GC(16) Pause Young (Normal) (G1 Evacuation Pause) 151M->141M(256M) 11.201ms
[2023-07-06T05:30:02.316+0000][gc,cpu        ] GC(16) User=0.01s Sys=0.00s Real=0.01s
[2023-07-06T05:30:38.281+0000][gc,start      ] GC(17) Pause Young (Concurrent Start) (G1 Evacuation Pause)
[2023-07-06T05:30:38.281+0000][gc,task       ] GC(17) Using 1 workers of 1 for evacuation
[2023-07-06T05:30:38.290+0000][gc,phases     ] GC(17)   Pre Evacuate Collection Set: 0.1ms
[2023-07-06T05:30:38.290+0000][gc,phases     ] GC(17)   Evacuate Collection Set: 9.2ms
[2023-07-06T05:30:38.290+0000][gc,phases     ] GC(17)   Post Evacuate Collection Set: 0.2ms
[2023-07-06T05:30:38.291+0000][gc,phases     ] GC(17)   Other: 0.2ms
[2023-07-06T05:30:38.291+0000][gc,heap       ] GC(17) Eden regions: 10->0(10)
[2023-07-06T05:30:38.291+0000][gc,heap       ] GC(17) Survivor regions: 2->2(2)
[2023-07-06T05:30:38.291+0000][gc,heap       ] GC(17) Old regions: 11->12
[2023-07-06T05:30:38.291+0000][gc,heap       ] GC(17) Humongous regions: 129->129
[2023-07-06T05:30:38.291+0000][gc,metaspace  ] GC(17) Metaspace: 35487K(37120K)->35487K(37120K) NonClass: 31318K(32256K)->31318K(32256K) Class: 4168K(4864K)->4168K(4864K)
[2023-07-06T05:30:38.291+0000][gc            ] GC(17) Pause Young (Concurrent Start) (G1 Evacuation Pause) 151M->141M(256M) 9.837ms
[2023-07-06T05:30:38.291+0000][gc,cpu        ] GC(17) User=0.00s Sys=0.00s Real=0.01s
[2023-07-06T05:30:38.291+0000][gc            ] GC(18) Concurrent Cycle
[2023-07-06T05:30:38.291+0000][gc,marking    ] GC(18) Concurrent Clear Claimed Marks
[2023-07-06T05:30:38.291+0000][gc,marking    ] GC(18) Concurrent Clear Claimed Marks 0.037ms
[2023-07-06T05:30:38.291+0000][gc,marking    ] GC(18) Concurrent Scan Root Regions
[2023-07-06T05:30:38.292+0000][gc,marking    ] GC(18) Concurrent Scan Root Regions 1.445ms
[2023-07-06T05:30:38.292+0000][gc,marking    ] GC(18) Concurrent Mark (41.170s)
[2023-07-06T05:30:38.292+0000][gc,marking    ] GC(18) Concurrent Mark From Roots
[2023-07-06T05:30:38.292+0000][gc,task       ] GC(18) Using 1 workers of 1 for marking
[2023-07-06T05:30:38.308+0000][gc,marking    ] GC(18) Concurrent Mark From Roots 15.748ms
[2023-07-06T05:30:38.308+0000][gc,marking    ] GC(18) Concurrent Preclean
[2023-07-06T05:30:38.308+0000][gc,marking    ] GC(18) Concurrent Preclean 0.046ms
[2023-07-06T05:30:38.308+0000][gc,marking    ] GC(18) Concurrent Mark (41.170s, 41.186s) 15.841ms
[2023-07-06T05:30:38.308+0000][gc,start      ] GC(18) Pause Remark
[2023-07-06T05:30:38.315+0000][gc,stringtable] GC(18) Cleaned string and symbol table, strings: 14426 processed, 2 removed, symbols: 81989 processed, 5 removed
[2023-07-06T05:30:38.315+0000][gc            ] GC(18) Pause Remark 141M->141M(256M) 6.605ms
[2023-07-06T05:30:38.315+0000][gc,cpu        ] GC(18) User=0.01s Sys=0.00s Real=0.00s
[2023-07-06T05:30:38.315+0000][gc,marking    ] GC(18) Concurrent Rebuild Remembered Sets
[2023-07-06T05:30:38.325+0000][gc,marking    ] GC(18) Concurrent Rebuild Remembered Sets 10.361ms
[2023-07-06T05:30:38.325+0000][gc,start      ] GC(18) Pause Cleanup
[2023-07-06T05:30:38.325+0000][gc            ] GC(18) Pause Cleanup 141M->141M(256M) 0.071ms
[2023-07-06T05:30:38.325+0000][gc,cpu        ] GC(18) User=0.00s Sys=0.00s Real=0.00s
[2023-07-06T05:30:38.325+0000][gc,marking    ] GC(18) Concurrent Cleanup for Next Mark
[2023-07-06T05:30:38.326+0000][gc,marking    ] GC(18) Concurrent Cleanup for Next Mark 0.655ms
[2023-07-06T05:30:38.326+0000][gc            ] GC(18) Concurrent Cycle 35.442ms
[2023-07-06T05:42:46.781+0000][gc,start      ] GC(19) Pause Young (Normal) (G1 Evacuation Pause)
[2023-07-06T05:42:46.781+0000][gc,task       ] GC(19) Using 1 workers of 1 for evacuation
[2023-07-06T05:42:46.788+0000][gc,phases     ] GC(19)   Pre Evacuate Collection Set: 0.0ms
[2023-07-06T05:42:46.788+0000][gc,phases     ] GC(19)   Evacuate Collection Set: 7.1ms
[2023-07-06T05:42:46.788+0000][gc,phases     ] GC(19)   Post Evacuate Collection Set: 0.1ms
[2023-07-06T05:42:46.788+0000][gc,phases     ] GC(19)   Other: 0.2ms
[2023-07-06T05:42:46.788+0000][gc,heap       ] GC(19) Eden regions: 10->0(11)
[2023-07-06T05:42:46.788+0000][gc,heap       ] GC(19) Survivor regions: 2->1(2)
[2023-07-06T05:42:46.788+0000][gc,heap       ] GC(19) Old regions: 12->13
[2023-07-06T05:42:46.788+0000][gc,heap       ] GC(19) Humongous regions: 129->129
[2023-07-06T05:42:46.788+0000][gc,metaspace  ] GC(19) Metaspace: 35991K(37504K)->35991K(37504K) NonClass: 31751K(32512K)->31751K(32512K) Class: 4240K(4992K)->4240K(4992K)
[2023-07-06T05:42:46.788+0000][gc            ] GC(19) Pause Young (Normal) (G1 Evacuation Pause) 151M->142M(256M) 7.571ms
[2023-07-06T05:42:46.788+0000][gc,cpu        ] GC(19) User=0.01s Sys=0.00s Real=0.01s
[2023-07-06T05:45:35.690+0000][gc,start      ] GC(20) Pause Young (Concurrent Start) (G1 Evacuation Pause)
[2023-07-06T05:45:35.690+0000][gc,task       ] GC(20) Using 1 workers of 1 for evacuation
[2023-07-06T05:45:35.696+0000][gc,phases     ] GC(20)   Pre Evacuate Collection Set: 0.1ms
[2023-07-06T05:45:35.696+0000][gc,phases     ] GC(20)   Evacuate Collection Set: 5.5ms
[2023-07-06T05:45:35.696+0000][gc,phases     ] GC(20)   Post Evacuate Collection Set: 0.2ms
[2023-07-06T05:45:35.696+0000][gc,phases     ] GC(20)   Other: 0.2ms
[2023-07-06T05:45:35.696+0000][gc,heap       ] GC(20) Eden regions: 11->0(12)
[2023-07-06T05:45:35.696+0000][gc,heap       ] GC(20) Survivor regions: 1->1(2)
[2023-07-06T05:45:35.696+0000][gc,heap       ] GC(20) Old regions: 13->13
[2023-07-06T05:45:35.696+0000][gc,heap       ] GC(20) Humongous regions: 129->129
[2023-07-06T05:45:35.696+0000][gc,metaspace  ] GC(20) Metaspace: 37077K(38912K)->37077K(38912K) NonClass: 32737K(33792K)->32737K(33792K) Class: 4340K(5120K)->4340K(5120K)
[2023-07-06T05:45:35.696+0000][gc            ] GC(20) Pause Young (Concurrent Start) (G1 Evacuation Pause) 153M->142M(256M) 6.140ms
[2023-07-06T05:45:35.696+0000][gc,cpu        ] GC(20) User=0.00s Sys=0.00s Real=0.00s
[2023-07-06T05:45:35.696+0000][gc            ] GC(21) Concurrent Cycle
[2023-07-06T05:45:35.696+0000][gc,marking    ] GC(21) Concurrent Clear Claimed Marks
[2023-07-06T05:45:35.696+0000][gc,marking    ] GC(21) Concurrent Clear Claimed Marks 0.052ms
[2023-07-06T05:45:35.696+0000][gc,marking    ] GC(21) Concurrent Scan Root Regions
[2023-07-06T05:45:35.698+0000][gc,marking    ] GC(21) Concurrent Scan Root Regions 1.346ms
[2023-07-06T05:45:35.698+0000][gc,marking    ] GC(21) Concurrent Mark (938.576s)
[2023-07-06T05:45:35.698+0000][gc,marking    ] GC(21) Concurrent Mark From Roots
[2023-07-06T05:45:35.698+0000][gc,task       ] GC(21) Using 1 workers of 1 for marking
[2023-07-06T05:45:35.713+0000][gc,marking    ] GC(21) Concurrent Mark From Roots 15.099ms
[2023-07-06T05:45:35.713+0000][gc,marking    ] GC(21) Concurrent Preclean
[2023-07-06T05:45:35.713+0000][gc,marking    ] GC(21) Concurrent Preclean 0.165ms
[2023-07-06T05:45:35.713+0000][gc,marking    ] GC(21) Concurrent Mark (938.576s, 938.591s) 15.309ms
[2023-07-06T05:45:35.713+0000][gc,start      ] GC(21) Pause Remark
[2023-07-06T05:45:35.726+0000][gc,stringtable] GC(21) Cleaned string and symbol table, strings: 14932 processed, 898 removed, symbols: 82837 processed, 0 removed
[2023-07-06T05:45:35.729+0000][gc            ] GC(21) Pause Remark 142M->142M(256M) 15.600ms
[2023-07-06T05:45:35.729+0000][gc,cpu        ] GC(21) User=0.01s Sys=0.00s Real=0.02s
[2023-07-06T05:45:35.729+0000][gc,marking    ] GC(21) Concurrent Rebuild Remembered Sets
[2023-07-06T05:45:35.739+0000][gc,marking    ] GC(21) Concurrent Rebuild Remembered Sets 10.545ms
[2023-07-06T05:45:35.740+0000][gc,start      ] GC(21) Pause Cleanup
[2023-07-06T05:45:35.740+0000][gc            ] GC(21) Pause Cleanup 142M->142M(256M) 0.066ms
[2023-07-06T05:45:35.740+0000][gc,cpu        ] GC(21) User=0.00s Sys=0.00s Real=0.00s
[2023-07-06T05:45:35.740+0000][gc,marking    ] GC(21) Concurrent Cleanup for Next Mark
[2023-07-06T05:45:35.740+0000][gc,marking    ] GC(21) Concurrent Cleanup for Next Mark 0.656ms
[2023-07-06T05:45:35.740+0000][gc            ] GC(21) Concurrent Cycle 44.095ms
[2023-07-06T05:46:10.266+0000][gc,heap,exit  ] Heap
[2023-07-06T05:46:10.267+0000][gc,heap,exit  ]  garbage-first heap   total 262144K, used 152759K [0x00000000f0000000, 0x0000000100000000)
[2023-07-06T05:46:10.267+0000][gc,heap,exit  ]   region size 1024K, 9 young (9216K), 1 survivors (1024K)
[2023-07-06T05:46:10.267+0000][gc,heap,exit  ]  Metaspace       used 37648K, capacity 39203K, committed 39296K, reserved 1083392K
[2023-07-06T05:46:10.267+0000][gc,heap,exit  ]   class space    used 4448K, capacity 5165K, committed 5248K, reserved 1048576K
