[2023-07-06T06:28:22.076+0000][gc,heap] Heap region size: 1M
[2023-07-06T06:28:22.079+0000][gc     ] Using G1
[2023-07-06T06:28:22.079+0000][gc,heap,coops] Heap address: 0x00000000f0000000, size: 256 MB, Compressed Oops mode: 32-bit
[2023-07-06T06:28:22.889+0000][gc,start     ] GC(0) Pause Young (Normal) (G1 Evacuation Pause)
[2023-07-06T06:28:22.889+0000][gc,task      ] GC(0) Using 1 workers of 1 for evacuation
[2023-07-06T06:28:22.899+0000][gc,phases    ] GC(0)   Pre Evacuate Collection Set: 0.0ms
[2023-07-06T06:28:22.899+0000][gc,phases    ] GC(0)   Evacuate Collection Set: 9.9ms
[2023-07-06T06:28:22.900+0000][gc,phases    ] GC(0)   Post Evacuate Collection Set: 0.2ms
[2023-07-06T06:28:22.900+0000][gc,phases    ] GC(0)   Other: 0.2ms
[2023-07-06T06:28:22.900+0000][gc,heap      ] GC(0) Eden regions: 12->0(10)
[2023-07-06T06:28:22.900+0000][gc,heap      ] GC(0) Survivor regions: 0->2(2)
[2023-07-06T06:28:22.900+0000][gc,heap      ] GC(0) Old regions: 0->4
[2023-07-06T06:28:22.900+0000][gc,heap      ] GC(0) Humongous regions: 0->0
[2023-07-06T06:28:22.900+0000][gc,metaspace ] GC(0) Metaspace: 5368K(5888K)->5368K(5888K) NonClass: 4793K(5120K)->4793K(5120K) Class: 575K(768K)->575K(768K)
[2023-07-06T06:28:22.900+0000][gc           ] GC(0) Pause Young (Normal) (G1 Evacuation Pause) 12M->5M(256M) 10.369ms
[2023-07-06T06:28:22.900+0000][gc,cpu       ] GC(0) User=0.01s Sys=0.00s Real=0.01s
[2023-07-06T06:28:23.343+0000][gc,start     ] GC(1) Pause Young (Normal) (G1 Evacuation Pause)
[2023-07-06T06:28:23.343+0000][gc,task      ] GC(1) Using 1 workers of 1 for evacuation
[2023-07-06T06:28:23.352+0000][gc,phases    ] GC(1)   Pre Evacuate Collection Set: 0.0ms
[2023-07-06T06:28:23.352+0000][gc,phases    ] GC(1)   Evacuate Collection Set: 8.0ms
[2023-07-06T06:28:23.352+0000][gc,phases    ] GC(1)   Post Evacuate Collection Set: 0.1ms
[2023-07-06T06:28:23.352+0000][gc,phases    ] GC(1)   Other: 0.1ms
[2023-07-06T06:28:23.352+0000][gc,heap      ] GC(1) Eden regions: 10->0(11)
[2023-07-06T06:28:23.352+0000][gc,heap      ] GC(1) Survivor regions: 2->1(2)
[2023-07-06T06:28:23.352+0000][gc,heap      ] GC(1) Old regions: 4->5
[2023-07-06T06:28:23.352+0000][gc,heap      ] GC(1) Humongous regions: 0->0
[2023-07-06T06:28:23.352+0000][gc,metaspace ] GC(1) Metaspace: 7895K(8320K)->7895K(8320K) NonClass: 6971K(7168K)->6971K(7168K) Class: 924K(1152K)->924K(1152K)
[2023-07-06T06:28:23.352+0000][gc           ] GC(1) Pause Young (Normal) (G1 Evacuation Pause) 15M->5M(256M) 8.343ms
[2023-07-06T06:28:23.352+0000][gc,cpu       ] GC(1) User=0.00s Sys=0.01s Real=0.01s
[2023-07-06T06:28:23.645+0000][gc,start     ] GC(2) Pause Young (Normal) (G1 Evacuation Pause)
[2023-07-06T06:28:23.645+0000][gc,task      ] GC(2) Using 1 workers of 1 for evacuation
[2023-07-06T06:28:23.650+0000][gc,phases    ] GC(2)   Pre Evacuate Collection Set: 0.0ms
[2023-07-06T06:28:23.650+0000][gc,phases    ] GC(2)   Evacuate Collection Set: 3.9ms
[2023-07-06T06:28:23.650+0000][gc,phases    ] GC(2)   Post Evacuate Collection Set: 1.3ms
[2023-07-06T06:28:23.650+0000][gc,phases    ] GC(2)   Other: 0.1ms
[2023-07-06T06:28:23.650+0000][gc,heap      ] GC(2) Eden regions: 11->0(10)
[2023-07-06T06:28:23.650+0000][gc,heap      ] GC(2) Survivor regions: 1->2(2)
[2023-07-06T06:28:23.650+0000][gc,heap      ] GC(2) Old regions: 5->5
[2023-07-06T06:28:23.650+0000][gc,heap      ] GC(2) Humongous regions: 0->0
[2023-07-06T06:28:23.650+0000][gc,metaspace ] GC(2) Metaspace: 11076K(11776K)->11076K(11776K) NonClass: 9712K(10240K)->9712K(10240K) Class: 1364K(1536K)->1364K(1536K)
[2023-07-06T06:28:23.650+0000][gc           ] GC(2) Pause Young (Normal) (G1 Evacuation Pause) 16M->6M(256M) 5.401ms
[2023-07-06T06:28:23.650+0000][gc,cpu       ] GC(2) User=0.01s Sys=0.00s Real=0.01s
[2023-07-06T06:28:23.975+0000][gc,start     ] GC(3) Pause Young (Normal) (G1 Evacuation Pause)
[2023-07-06T06:28:23.975+0000][gc,task      ] GC(3) Using 1 workers of 1 for evacuation
[2023-07-06T06:28:23.980+0000][gc,phases    ] GC(3)   Pre Evacuate Collection Set: 0.0ms
[2023-07-06T06:28:23.980+0000][gc,phases    ] GC(3)   Evacuate Collection Set: 4.7ms
[2023-07-06T06:28:23.980+0000][gc,phases    ] GC(3)   Post Evacuate Collection Set: 0.1ms
[2023-07-06T06:28:23.980+0000][gc,phases    ] GC(3)   Other: 0.1ms
[2023-07-06T06:28:23.980+0000][gc,heap      ] GC(3) Eden regions: 10->0(11)
[2023-07-06T06:28:23.980+0000][gc,heap      ] GC(3) Survivor regions: 2->1(2)
[2023-07-06T06:28:23.980+0000][gc,heap      ] GC(3) Old regions: 5->6
[2023-07-06T06:28:23.980+0000][gc,heap      ] GC(3) Humongous regions: 0->0
[2023-07-06T06:28:23.980+0000][gc,metaspace ] GC(3) Metaspace: 13831K(14464K)->13831K(14464K) NonClass: 12129K(12544K)->12129K(12544K) Class: 1701K(1920K)->1701K(1920K)
[2023-07-06T06:28:23.980+0000][gc           ] GC(3) Pause Young (Normal) (G1 Evacuation Pause) 16M->6M(256M) 5.064ms
[2023-07-06T06:28:23.980+0000][gc,cpu       ] GC(3) User=0.01s Sys=0.00s Real=0.01s
[2023-07-06T06:28:24.343+0000][gc,start     ] GC(4) Pause Young (Normal) (G1 Evacuation Pause)
[2023-07-06T06:28:24.343+0000][gc,task      ] GC(4) Using 1 workers of 1 for evacuation
[2023-07-06T06:28:24.347+0000][gc,phases    ] GC(4)   Pre Evacuate Collection Set: 0.0ms
[2023-07-06T06:28:24.347+0000][gc,phases    ] GC(4)   Evacuate Collection Set: 3.7ms
[2023-07-06T06:28:24.347+0000][gc,phases    ] GC(4)   Post Evacuate Collection Set: 0.1ms
[2023-07-06T06:28:24.347+0000][gc,phases    ] GC(4)   Other: 0.1ms
[2023-07-06T06:28:24.347+0000][gc,heap      ] GC(4) Eden regions: 11->0(11)
[2023-07-06T06:28:24.347+0000][gc,heap      ] GC(4) Survivor regions: 1->1(2)
[2023-07-06T06:28:24.347+0000][gc,heap      ] GC(4) Old regions: 6->6
[2023-07-06T06:28:24.347+0000][gc,heap      ] GC(4) Humongous regions: 0->0
[2023-07-06T06:28:24.347+0000][gc,metaspace ] GC(4) Metaspace: 16709K(17408K)->16709K(17408K) NonClass: 14705K(15104K)->14705K(15104K) Class: 2003K(2304K)->2003K(2304K)
[2023-07-06T06:28:24.347+0000][gc           ] GC(4) Pause Young (Normal) (G1 Evacuation Pause) 17M->6M(256M) 3.979ms
[2023-07-06T06:28:24.347+0000][gc,cpu       ] GC(4) User=0.00s Sys=0.00s Real=0.01s
[2023-07-06T06:28:24.624+0000][gc,start     ] GC(5) Pause Young (Normal) (G1 Evacuation Pause)
[2023-07-06T06:28:24.624+0000][gc,task      ] GC(5) Using 1 workers of 1 for evacuation
[2023-07-06T06:28:24.628+0000][gc,phases    ] GC(5)   Pre Evacuate Collection Set: 0.0ms
[2023-07-06T06:28:24.628+0000][gc,phases    ] GC(5)   Evacuate Collection Set: 4.0ms
[2023-07-06T06:28:24.628+0000][gc,phases    ] GC(5)   Post Evacuate Collection Set: 0.1ms
[2023-07-06T06:28:24.628+0000][gc,phases    ] GC(5)   Other: 0.1ms
[2023-07-06T06:28:24.628+0000][gc,heap      ] GC(5) Eden regions: 11->0(10)
[2023-07-06T06:28:24.628+0000][gc,heap      ] GC(5) Survivor regions: 1->2(2)
[2023-07-06T06:28:24.628+0000][gc,heap      ] GC(5) Old regions: 6->6
[2023-07-06T06:28:24.628+0000][gc,heap      ] GC(5) Humongous regions: 0->0
[2023-07-06T06:28:24.628+0000][gc,metaspace ] GC(5) Metaspace: 19631K(20608K)->19631K(20608K) NonClass: 17262K(17920K)->17262K(17920K) Class: 2369K(2688K)->2369K(2688K)
[2023-07-06T06:28:24.628+0000][gc           ] GC(5) Pause Young (Normal) (G1 Evacuation Pause) 17M->7M(256M) 4.289ms
[2023-07-06T06:28:24.628+0000][gc,cpu       ] GC(5) User=0.01s Sys=0.00s Real=0.01s
[2023-07-06T06:28:24.825+0000][gc,start     ] GC(6) Pause Young (Concurrent Start) (Metadata GC Threshold)
[2023-07-06T06:28:24.825+0000][gc,task      ] GC(6) Using 1 workers of 1 for evacuation
[2023-07-06T06:28:24.830+0000][gc,phases    ] GC(6)   Pre Evacuate Collection Set: 0.0ms
[2023-07-06T06:28:24.830+0000][gc,phases    ] GC(6)   Evacuate Collection Set: 4.7ms
[2023-07-06T06:28:24.830+0000][gc,phases    ] GC(6)   Post Evacuate Collection Set: 0.1ms
[2023-07-06T06:28:24.830+0000][gc,phases    ] GC(6)   Other: 0.2ms
[2023-07-06T06:28:24.830+0000][gc,heap      ] GC(6) Eden regions: 4->0(11)
[2023-07-06T06:28:24.830+0000][gc,heap      ] GC(6) Survivor regions: 2->1(2)
[2023-07-06T06:28:24.830+0000][gc,heap      ] GC(6) Old regions: 6->7
[2023-07-06T06:28:24.830+0000][gc,heap      ] GC(6) Humongous regions: 0->0
[2023-07-06T06:28:24.830+0000][gc,metaspace ] GC(6) Metaspace: 20506K(21248K)->20506K(21248K) NonClass: 18004K(18432K)->18004K(18432K) Class: 2502K(2816K)->2502K(2816K)
[2023-07-06T06:28:24.830+0000][gc           ] GC(6) Pause Young (Concurrent Start) (Metadata GC Threshold) 10M->7M(256M) 5.093ms
[2023-07-06T06:28:24.830+0000][gc,cpu       ] GC(6) User=0.01s Sys=0.01s Real=0.01s
[2023-07-06T06:28:24.830+0000][gc           ] GC(7) Concurrent Cycle
[2023-07-06T06:28:24.830+0000][gc,marking   ] GC(7) Concurrent Clear Claimed Marks
[2023-07-06T06:28:24.830+0000][gc,marking   ] GC(7) Concurrent Clear Claimed Marks 0.020ms
[2023-07-06T06:28:24.830+0000][gc,marking   ] GC(7) Concurrent Scan Root Regions
[2023-07-06T06:28:24.833+0000][gc,marking   ] GC(7) Concurrent Scan Root Regions 2.239ms
[2023-07-06T06:28:24.833+0000][gc,marking   ] GC(7) Concurrent Mark (2.761s)
[2023-07-06T06:28:24.833+0000][gc,marking   ] GC(7) Concurrent Mark From Roots
[2023-07-06T06:28:24.833+0000][gc,task      ] GC(7) Using 1 workers of 1 for marking
[2023-07-06T06:28:24.849+0000][gc,marking   ] GC(7) Concurrent Mark From Roots 15.843ms
[2023-07-06T06:28:24.849+0000][gc,marking   ] GC(7) Concurrent Preclean
[2023-07-06T06:28:24.849+0000][gc,marking   ] GC(7) Concurrent Preclean 0.048ms
[2023-07-06T06:28:24.849+0000][gc,marking   ] GC(7) Concurrent Mark (2.761s, 2.777s) 15.932ms
[2023-07-06T06:28:24.849+0000][gc,start     ] GC(7) Pause Remark
[2023-07-06T06:28:24.852+0000][gc,stringtable] GC(7) Cleaned string and symbol table, strings: 8769 processed, 7 removed, symbols: 49771 processed, 42 removed
[2023-07-06T06:28:24.853+0000][gc            ] GC(7) Pause Remark 8M->8M(256M) 3.958ms
[2023-07-06T06:28:24.853+0000][gc,cpu        ] GC(7) User=0.00s Sys=0.00s Real=0.00s
[2023-07-06T06:28:24.853+0000][gc,marking    ] GC(7) Concurrent Rebuild Remembered Sets
[2023-07-06T06:28:24.866+0000][gc,marking    ] GC(7) Concurrent Rebuild Remembered Sets 13.119ms
[2023-07-06T06:28:24.866+0000][gc,start      ] GC(7) Pause Cleanup
[2023-07-06T06:28:24.866+0000][gc            ] GC(7) Pause Cleanup 8M->8M(256M) 0.082ms
[2023-07-06T06:28:24.866+0000][gc,cpu        ] GC(7) User=0.00s Sys=0.00s Real=0.00s
[2023-07-06T06:28:24.866+0000][gc,marking    ] GC(7) Concurrent Cleanup for Next Mark
[2023-07-06T06:28:24.869+0000][gc,marking    ] GC(7) Concurrent Cleanup for Next Mark 2.505ms
[2023-07-06T06:28:24.869+0000][gc            ] GC(7) Concurrent Cycle 38.146ms
[2023-07-06T06:28:25.142+0000][gc,start      ] GC(8) Pause Young (Concurrent Start) (G1 Humongous Allocation)
[2023-07-06T06:28:25.142+0000][gc,task       ] GC(8) Using 1 workers of 1 for evacuation
[2023-07-06T06:28:25.147+0000][gc,phases     ] GC(8)   Pre Evacuate Collection Set: 0.1ms
[2023-07-06T06:28:25.147+0000][gc,phases     ] GC(8)   Evacuate Collection Set: 4.9ms
[2023-07-06T06:28:25.147+0000][gc,phases     ] GC(8)   Post Evacuate Collection Set: 0.1ms
[2023-07-06T06:28:25.147+0000][gc,phases     ] GC(8)   Other: 0.2ms
[2023-07-06T06:28:25.147+0000][gc,heap       ] GC(8) Eden regions: 10->0(10)
[2023-07-06T06:28:25.147+0000][gc,heap       ] GC(8) Survivor regions: 1->2(2)
[2023-07-06T06:28:25.147+0000][gc,heap       ] GC(8) Old regions: 7->7
[2023-07-06T06:28:25.147+0000][gc,heap       ] GC(8) Humongous regions: 0->0
[2023-07-06T06:28:25.147+0000][gc,metaspace  ] GC(8) Metaspace: 22516K(23424K)->22516K(23424K) NonClass: 19718K(20224K)->19718K(20224K) Class: 2798K(3200K)->2798K(3200K)
[2023-07-06T06:28:25.147+0000][gc            ] GC(8) Pause Young (Concurrent Start) (G1 Humongous Allocation) 16M->7M(256M) 5.277ms
[2023-07-06T06:28:25.147+0000][gc,cpu        ] GC(8) User=0.00s Sys=0.00s Real=0.01s
[2023-07-06T06:28:25.147+0000][gc            ] GC(9) Concurrent Cycle
[2023-07-06T06:28:25.147+0000][gc,marking    ] GC(9) Concurrent Clear Claimed Marks
[2023-07-06T06:28:25.147+0000][gc,marking    ] GC(9) Concurrent Clear Claimed Marks 0.031ms
[2023-07-06T06:28:25.147+0000][gc,marking    ] GC(9) Concurrent Scan Root Regions
[2023-07-06T06:28:25.148+0000][gc,marking    ] GC(9) Concurrent Scan Root Regions 1.110ms
[2023-07-06T06:28:25.148+0000][gc,marking    ] GC(9) Concurrent Mark (3.076s)
[2023-07-06T06:28:25.148+0000][gc,marking    ] GC(9) Concurrent Mark From Roots
[2023-07-06T06:28:25.148+0000][gc,task       ] GC(9) Using 1 workers of 1 for marking
[2023-07-06T06:28:25.164+0000][gc,marking    ] GC(9) Concurrent Mark From Roots 15.449ms
[2023-07-06T06:28:25.164+0000][gc,marking    ] GC(9) Concurrent Preclean
[2023-07-06T06:28:25.164+0000][gc,marking    ] GC(9) Concurrent Preclean 0.047ms
[2023-07-06T06:28:25.164+0000][gc,marking    ] GC(9) Concurrent Mark (3.076s, 3.092s) 15.552ms
[2023-07-06T06:28:25.253+0000][gc,start      ] GC(9) Pause Remark
[2023-07-06T06:28:25.257+0000][gc,stringtable] GC(9) Cleaned string and symbol table, strings: 9534 processed, 3 removed, symbols: 55061 processed, 4 removed
[2023-07-06T06:28:25.258+0000][gc            ] GC(9) Pause Remark 136M->136M(256M) 4.130ms
[2023-07-06T06:28:25.258+0000][gc,cpu        ] GC(9) User=0.00s Sys=0.00s Real=0.01s
[2023-07-06T06:28:25.258+0000][gc,marking    ] GC(9) Concurrent Rebuild Remembered Sets
[2023-07-06T06:28:25.268+0000][gc,marking    ] GC(9) Concurrent Rebuild Remembered Sets 9.995ms
[2023-07-06T06:28:25.270+0000][gc,start      ] GC(9) Pause Cleanup
[2023-07-06T06:28:25.270+0000][gc            ] GC(9) Pause Cleanup 137M->137M(256M) 0.077ms
[2023-07-06T06:28:25.270+0000][gc,cpu        ] GC(9) User=0.00s Sys=0.00s Real=0.00s
[2023-07-06T06:28:25.270+0000][gc,marking    ] GC(9) Concurrent Cleanup for Next Mark
[2023-07-06T06:28:25.275+0000][gc,marking    ] GC(9) Concurrent Cleanup for Next Mark 5.228ms
[2023-07-06T06:28:25.275+0000][gc            ] GC(9) Concurrent Cycle 128.181ms
[2023-07-06T06:28:25.473+0000][gc,start      ] GC(10) Pause Young (Normal) (G1 Evacuation Pause)
[2023-07-06T06:28:25.473+0000][gc,task       ] GC(10) Using 1 workers of 1 for evacuation
[2023-07-06T06:28:25.479+0000][gc,phases     ] GC(10)   Pre Evacuate Collection Set: 0.0ms
[2023-07-06T06:28:25.479+0000][gc,phases     ] GC(10)   Evacuate Collection Set: 5.3ms
[2023-07-06T06:28:25.479+0000][gc,phases     ] GC(10)   Post Evacuate Collection Set: 0.1ms
[2023-07-06T06:28:25.479+0000][gc,phases     ] GC(10)   Other: 0.1ms
[2023-07-06T06:28:25.479+0000][gc,heap       ] GC(10) Eden regions: 10->0(10)
[2023-07-06T06:28:25.479+0000][gc,heap       ] GC(10) Survivor regions: 2->2(2)
[2023-07-06T06:28:25.479+0000][gc,heap       ] GC(10) Old regions: 7->7
[2023-07-06T06:28:25.479+0000][gc,heap       ] GC(10) Humongous regions: 129->129
[2023-07-06T06:28:25.479+0000][gc,metaspace  ] GC(10) Metaspace: 24432K(25344K)->24432K(25344K) NonClass: 21448K(22016K)->21448K(22016K) Class: 2983K(3328K)->2983K(3328K)
[2023-07-06T06:28:25.479+0000][gc            ] GC(10) Pause Young (Normal) (G1 Evacuation Pause) 146M->137M(256M) 5.678ms
[2023-07-06T06:28:25.479+0000][gc,cpu        ] GC(10) User=0.00s Sys=0.00s Real=0.01s
[2023-07-06T06:28:25.639+0000][gc,start      ] GC(11) Pause Young (Concurrent Start) (G1 Evacuation Pause)
[2023-07-06T06:28:25.639+0000][gc,task       ] GC(11) Using 1 workers of 1 for evacuation
[2023-07-06T06:28:25.645+0000][gc,phases     ] GC(11)   Pre Evacuate Collection Set: 0.1ms
[2023-07-06T06:28:25.645+0000][gc,phases     ] GC(11)   Evacuate Collection Set: 5.4ms
[2023-07-06T06:28:25.645+0000][gc,phases     ] GC(11)   Post Evacuate Collection Set: 0.1ms
[2023-07-06T06:28:25.645+0000][gc,phases     ] GC(11)   Other: 0.2ms
[2023-07-06T06:28:25.645+0000][gc,heap       ] GC(11) Eden regions: 10->0(10)
[2023-07-06T06:28:25.645+0000][gc,heap       ] GC(11) Survivor regions: 2->2(2)
[2023-07-06T06:28:25.645+0000][gc,heap       ] GC(11) Old regions: 7->8
[2023-07-06T06:28:25.645+0000][gc,heap       ] GC(11) Humongous regions: 129->129
[2023-07-06T06:28:25.645+0000][gc,metaspace  ] GC(11) Metaspace: 26984K(28032K)->26984K(28032K) NonClass: 23863K(24576K)->23863K(24576K) Class: 3121K(3456K)->3121K(3456K)
[2023-07-06T06:28:25.645+0000][gc            ] GC(11) Pause Young (Concurrent Start) (G1 Evacuation Pause) 147M->137M(256M) 5.849ms
[2023-07-06T06:28:25.645+0000][gc,cpu        ] GC(11) User=0.00s Sys=0.00s Real=0.00s
[2023-07-06T06:28:25.645+0000][gc            ] GC(12) Concurrent Cycle
[2023-07-06T06:28:25.645+0000][gc,marking    ] GC(12) Concurrent Clear Claimed Marks
[2023-07-06T06:28:25.645+0000][gc,marking    ] GC(12) Concurrent Clear Claimed Marks 0.025ms
[2023-07-06T06:28:25.645+0000][gc,marking    ] GC(12) Concurrent Scan Root Regions
[2023-07-06T06:28:25.646+0000][gc,marking    ] GC(12) Concurrent Scan Root Regions 0.545ms
[2023-07-06T06:28:25.646+0000][gc,marking    ] GC(12) Concurrent Mark (3.574s)
[2023-07-06T06:28:25.646+0000][gc,marking    ] GC(12) Concurrent Mark From Roots
[2023-07-06T06:28:25.646+0000][gc,task       ] GC(12) Using 1 workers of 1 for marking
[2023-07-06T06:28:25.668+0000][gc,marking    ] GC(12) Concurrent Mark From Roots 21.979ms
[2023-07-06T06:28:25.668+0000][gc,marking    ] GC(12) Concurrent Preclean
[2023-07-06T06:28:25.668+0000][gc,marking    ] GC(12) Concurrent Preclean 0.047ms
[2023-07-06T06:28:25.668+0000][gc,marking    ] GC(12) Concurrent Mark (3.574s, 3.596s) 22.073ms
[2023-07-06T06:28:25.668+0000][gc,start      ] GC(12) Pause Remark
[2023-07-06T06:28:25.672+0000][gc,stringtable] GC(12) Cleaned string and symbol table, strings: 10815 processed, 2 removed, symbols: 62669 processed, 0 removed
[2023-07-06T06:28:25.672+0000][gc            ] GC(12) Pause Remark 138M->138M(256M) 4.087ms
[2023-07-06T06:28:25.672+0000][gc,cpu        ] GC(12) User=0.01s Sys=0.00s Real=0.00s
[2023-07-06T06:28:25.672+0000][gc,marking    ] GC(12) Concurrent Rebuild Remembered Sets
[2023-07-06T06:28:25.685+0000][gc,marking    ] GC(12) Concurrent Rebuild Remembered Sets 12.327ms
[2023-07-06T06:28:25.685+0000][gc,start      ] GC(12) Pause Cleanup
[2023-07-06T06:28:25.685+0000][gc            ] GC(12) Pause Cleanup 139M->139M(256M) 0.070ms
[2023-07-06T06:28:25.685+0000][gc,cpu        ] GC(12) User=0.00s Sys=0.00s Real=0.00s
[2023-07-06T06:28:25.685+0000][gc,marking    ] GC(12) Concurrent Cleanup for Next Mark
[2023-07-06T06:28:25.686+0000][gc,marking    ] GC(12) Concurrent Cleanup for Next Mark 1.076ms
[2023-07-06T06:28:25.686+0000][gc            ] GC(12) Concurrent Cycle 40.676ms
[2023-07-06T06:28:26.131+0000][gc,start      ] GC(13) Pause Young (Normal) (G1 Evacuation Pause)
[2023-07-06T06:28:26.131+0000][gc,task       ] GC(13) Using 1 workers of 1 for evacuation
[2023-07-06T06:28:26.146+0000][gc,phases     ] GC(13)   Pre Evacuate Collection Set: 0.0ms
[2023-07-06T06:28:26.146+0000][gc,phases     ] GC(13)   Evacuate Collection Set: 14.4ms
[2023-07-06T06:28:26.146+0000][gc,phases     ] GC(13)   Post Evacuate Collection Set: 0.1ms
[2023-07-06T06:28:26.146+0000][gc,phases     ] GC(13)   Other: 0.1ms
[2023-07-06T06:28:26.146+0000][gc,heap       ] GC(13) Eden regions: 10->0(10)
[2023-07-06T06:28:26.146+0000][gc,heap       ] GC(13) Survivor regions: 2->2(2)
[2023-07-06T06:28:26.146+0000][gc,heap       ] GC(13) Old regions: 8->9
[2023-07-06T06:28:26.146+0000][gc,heap       ] GC(13) Humongous regions: 129->129
[2023-07-06T06:28:26.146+0000][gc,metaspace  ] GC(13) Metaspace: 28350K(29312K)->28350K(29312K) NonClass: 25082K(25600K)->25082K(25600K) Class: 3267K(3712K)->3267K(3712K)
[2023-07-06T06:28:26.146+0000][gc            ] GC(13) Pause Young (Normal) (G1 Evacuation Pause) 147M->139M(256M) 14.812ms
[2023-07-06T06:28:26.146+0000][gc,cpu        ] GC(13) User=0.02s Sys=0.00s Real=0.02s
[2023-07-06T06:28:26.476+0000][gc,start      ] GC(14) Pause Young (Concurrent Start) (G1 Evacuation Pause)
[2023-07-06T06:28:26.476+0000][gc,task       ] GC(14) Using 1 workers of 1 for evacuation
[2023-07-06T06:28:26.486+0000][gc,phases     ] GC(14)   Pre Evacuate Collection Set: 0.1ms
[2023-07-06T06:28:26.486+0000][gc,phases     ] GC(14)   Evacuate Collection Set: 9.5ms
[2023-07-06T06:28:26.486+0000][gc,phases     ] GC(14)   Post Evacuate Collection Set: 0.1ms
[2023-07-06T06:28:26.486+0000][gc,phases     ] GC(14)   Other: 0.2ms
[2023-07-06T06:28:26.486+0000][gc,heap       ] GC(14) Eden regions: 10->0(11)
[2023-07-06T06:28:26.486+0000][gc,heap       ] GC(14) Survivor regions: 2->1(2)
[2023-07-06T06:28:26.486+0000][gc,heap       ] GC(14) Old regions: 9->11
[2023-07-06T06:28:26.486+0000][gc,heap       ] GC(14) Humongous regions: 129->129
[2023-07-06T06:28:26.486+0000][gc,metaspace  ] GC(14) Metaspace: 30349K(31360K)->30349K(31360K) NonClass: 26855K(27392K)->26855K(27392K) Class: 3494K(3968K)->3494K(3968K)
[2023-07-06T06:28:26.486+0000][gc            ] GC(14) Pause Young (Concurrent Start) (G1 Evacuation Pause) 149M->140M(256M) 9.969ms
[2023-07-06T06:28:26.486+0000][gc,cpu        ] GC(14) User=0.01s Sys=0.00s Real=0.02s
[2023-07-06T06:28:26.486+0000][gc            ] GC(15) Concurrent Cycle
[2023-07-06T06:28:26.486+0000][gc,marking    ] GC(15) Concurrent Clear Claimed Marks
[2023-07-06T06:28:26.486+0000][gc,marking    ] GC(15) Concurrent Clear Claimed Marks 0.032ms
[2023-07-06T06:28:26.486+0000][gc,marking    ] GC(15) Concurrent Scan Root Regions
[2023-07-06T06:28:26.487+0000][gc,marking    ] GC(15) Concurrent Scan Root Regions 0.932ms
[2023-07-06T06:28:26.487+0000][gc,marking    ] GC(15) Concurrent Mark (4.415s)
[2023-07-06T06:28:26.487+0000][gc,marking    ] GC(15) Concurrent Mark From Roots
[2023-07-06T06:28:26.487+0000][gc,task       ] GC(15) Using 1 workers of 1 for marking
[2023-07-06T06:28:26.539+0000][gc,marking    ] GC(15) Concurrent Mark From Roots 52.186ms
[2023-07-06T06:28:26.539+0000][gc,marking    ] GC(15) Concurrent Preclean
[2023-07-06T06:28:26.539+0000][gc,marking    ] GC(15) Concurrent Preclean 0.052ms
[2023-07-06T06:28:26.539+0000][gc,marking    ] GC(15) Concurrent Mark (4.415s, 4.467s) 52.282ms
[2023-07-06T06:28:26.540+0000][gc,start      ] GC(15) Pause Remark
[2023-07-06T06:28:26.545+0000][gc,stringtable] GC(15) Cleaned string and symbol table, strings: 13105 processed, 4 removed, symbols: 70686 processed, 9 removed
[2023-07-06T06:28:26.545+0000][gc            ] GC(15) Pause Remark 141M->141M(256M) 5.332ms
[2023-07-06T06:28:26.545+0000][gc,cpu        ] GC(15) User=0.00s Sys=0.00s Real=0.00s
[2023-07-06T06:28:26.545+0000][gc,marking    ] GC(15) Concurrent Rebuild Remembered Sets
[2023-07-06T06:28:26.562+0000][gc,marking    ] GC(15) Concurrent Rebuild Remembered Sets 17.222ms
[2023-07-06T06:28:26.563+0000][gc,start      ] GC(15) Pause Cleanup
[2023-07-06T06:28:26.563+0000][gc            ] GC(15) Pause Cleanup 142M->142M(256M) 0.077ms
[2023-07-06T06:28:26.563+0000][gc,cpu        ] GC(15) User=0.00s Sys=0.00s Real=0.00s
[2023-07-06T06:28:26.563+0000][gc,marking    ] GC(15) Concurrent Cleanup for Next Mark
[2023-07-06T06:28:26.563+0000][gc,marking    ] GC(15) Concurrent Cleanup for Next Mark 0.673ms
[2023-07-06T06:28:26.563+0000][gc            ] GC(15) Concurrent Cycle 77.439ms
[2023-07-06T06:28:26.845+0000][gc,start      ] GC(16) Pause Young (Normal) (G1 Evacuation Pause)
[2023-07-06T06:28:26.845+0000][gc,task       ] GC(16) Using 1 workers of 1 for evacuation
[2023-07-06T06:28:26.853+0000][gc,phases     ] GC(16)   Pre Evacuate Collection Set: 0.0ms
[2023-07-06T06:28:26.853+0000][gc,phases     ] GC(16)   Evacuate Collection Set: 7.9ms
[2023-07-06T06:28:26.853+0000][gc,phases     ] GC(16)   Post Evacuate Collection Set: 0.1ms
[2023-07-06T06:28:26.853+0000][gc,phases     ] GC(16)   Other: 0.1ms
[2023-07-06T06:28:26.853+0000][gc,heap       ] GC(16) Eden regions: 11->0(10)
[2023-07-06T06:28:26.853+0000][gc,heap       ] GC(16) Survivor regions: 1->2(2)
[2023-07-06T06:28:26.853+0000][gc,heap       ] GC(16) Old regions: 11->11
[2023-07-06T06:28:26.853+0000][gc,heap       ] GC(16) Humongous regions: 129->129
[2023-07-06T06:28:26.853+0000][gc,metaspace  ] GC(16) Metaspace: 32983K(34304K)->32983K(34304K) NonClass: 29225K(29952K)->29225K(29952K) Class: 3758K(4352K)->3758K(4352K)
[2023-07-06T06:28:26.853+0000][gc            ] GC(16) Pause Young (Normal) (G1 Evacuation Pause) 151M->141M(256M) 8.261ms
[2023-07-06T06:28:26.853+0000][gc,cpu        ] GC(16) User=0.01s Sys=0.00s Real=0.01s
[2023-07-06T06:29:10.303+0000][gc,start      ] GC(17) Pause Young (Concurrent Start) (G1 Evacuation Pause)
[2023-07-06T06:29:10.303+0000][gc,task       ] GC(17) Using 1 workers of 1 for evacuation
[2023-07-06T06:29:10.313+0000][gc,phases     ] GC(17)   Pre Evacuate Collection Set: 0.1ms
[2023-07-06T06:29:10.313+0000][gc,phases     ] GC(17)   Evacuate Collection Set: 9.3ms
[2023-07-06T06:29:10.313+0000][gc,phases     ] GC(17)   Post Evacuate Collection Set: 0.2ms
[2023-07-06T06:29:10.313+0000][gc,phases     ] GC(17)   Other: 0.2ms
[2023-07-06T06:29:10.313+0000][gc,heap       ] GC(17) Eden regions: 10->0(10)
[2023-07-06T06:29:10.313+0000][gc,heap       ] GC(17) Survivor regions: 2->2(2)
[2023-07-06T06:29:10.313+0000][gc,heap       ] GC(17) Old regions: 11->12
[2023-07-06T06:29:10.313+0000][gc,heap       ] GC(17) Humongous regions: 129->129
[2023-07-06T06:29:10.313+0000][gc,metaspace  ] GC(17) Metaspace: 35477K(37120K)->35477K(37120K) NonClass: 31307K(32256K)->31307K(32256K) Class: 4169K(4864K)->4169K(4864K)
[2023-07-06T06:29:10.313+0000][gc            ] GC(17) Pause Young (Concurrent Start) (G1 Evacuation Pause) 151M->141M(256M) 9.889ms
[2023-07-06T06:29:10.313+0000][gc,cpu        ] GC(17) User=0.01s Sys=0.00s Real=0.01s
[2023-07-06T06:29:10.313+0000][gc            ] GC(18) Concurrent Cycle
[2023-07-06T06:29:10.313+0000][gc,marking    ] GC(18) Concurrent Clear Claimed Marks
[2023-07-06T06:29:10.313+0000][gc,marking    ] GC(18) Concurrent Clear Claimed Marks 0.055ms
[2023-07-06T06:29:10.313+0000][gc,marking    ] GC(18) Concurrent Scan Root Regions
[2023-07-06T06:29:10.315+0000][gc,marking    ] GC(18) Concurrent Scan Root Regions 1.846ms
[2023-07-06T06:29:10.315+0000][gc,marking    ] GC(18) Concurrent Mark (48.243s)
[2023-07-06T06:29:10.315+0000][gc,marking    ] GC(18) Concurrent Mark From Roots
[2023-07-06T06:29:10.315+0000][gc,task       ] GC(18) Using 1 workers of 1 for marking
[2023-07-06T06:29:10.331+0000][gc,marking    ] GC(18) Concurrent Mark From Roots 16.434ms
[2023-07-06T06:29:10.331+0000][gc,marking    ] GC(18) Concurrent Preclean
[2023-07-06T06:29:10.331+0000][gc,marking    ] GC(18) Concurrent Preclean 0.056ms
[2023-07-06T06:29:10.331+0000][gc,marking    ] GC(18) Concurrent Mark (48.243s, 48.260s) 16.553ms
[2023-07-06T06:29:10.332+0000][gc,start      ] GC(18) Pause Remark
[2023-07-06T06:29:10.338+0000][gc,stringtable] GC(18) Cleaned string and symbol table, strings: 14447 processed, 2 removed, symbols: 81990 processed, 5 removed
[2023-07-06T06:29:10.338+0000][gc            ] GC(18) Pause Remark 141M->141M(256M) 6.696ms
[2023-07-06T06:29:10.338+0000][gc,cpu        ] GC(18) User=0.01s Sys=0.00s Real=0.01s
[2023-07-06T06:29:10.338+0000][gc,marking    ] GC(18) Concurrent Rebuild Remembered Sets
[2023-07-06T06:29:10.349+0000][gc,marking    ] GC(18) Concurrent Rebuild Remembered Sets 10.156ms
[2023-07-06T06:29:10.349+0000][gc,start      ] GC(18) Pause Cleanup
[2023-07-06T06:29:10.349+0000][gc            ] GC(18) Pause Cleanup 141M->141M(256M) 0.074ms
[2023-07-06T06:29:10.349+0000][gc,cpu        ] GC(18) User=0.00s Sys=0.00s Real=0.00s
[2023-07-06T06:29:10.349+0000][gc,marking    ] GC(18) Concurrent Cleanup for Next Mark
[2023-07-06T06:29:10.350+0000][gc,marking    ] GC(18) Concurrent Cleanup for Next Mark 0.676ms
[2023-07-06T06:29:10.350+0000][gc            ] GC(18) Concurrent Cycle 36.593ms
[2023-07-06T06:36:01.974+0000][gc,start      ] GC(19) Pause Young (Normal) (G1 Evacuation Pause)
[2023-07-06T06:36:01.975+0000][gc,task       ] GC(19) Using 1 workers of 1 for evacuation
[2023-07-06T06:36:01.982+0000][gc,phases     ] GC(19)   Pre Evacuate Collection Set: 0.0ms
[2023-07-06T06:36:01.983+0000][gc,phases     ] GC(19)   Evacuate Collection Set: 7.7ms
[2023-07-06T06:36:01.983+0000][gc,phases     ] GC(19)   Post Evacuate Collection Set: 0.1ms
[2023-07-06T06:36:01.983+0000][gc,phases     ] GC(19)   Other: 0.2ms
[2023-07-06T06:36:01.983+0000][gc,heap       ] GC(19) Eden regions: 10->0(11)
[2023-07-06T06:36:01.983+0000][gc,heap       ] GC(19) Survivor regions: 2->1(2)
[2023-07-06T06:36:01.983+0000][gc,heap       ] GC(19) Old regions: 12->13
[2023-07-06T06:36:01.983+0000][gc,heap       ] GC(19) Humongous regions: 129->129
[2023-07-06T06:36:01.983+0000][gc,metaspace  ] GC(19) Metaspace: 36596K(38400K)->36596K(38400K) NonClass: 32240K(33280K)->32240K(33280K) Class: 4355K(5120K)->4355K(5120K)
[2023-07-06T06:36:01.983+0000][gc            ] GC(19) Pause Young (Normal) (G1 Evacuation Pause) 151M->142M(256M) 8.132ms
[2023-07-06T06:36:01.983+0000][gc,cpu        ] GC(19) User=0.01s Sys=0.00s Real=0.01s
[2023-07-06T06:36:26.873+0000][gc,start      ] GC(20) Pause Young (Concurrent Start) (G1 Evacuation Pause)
[2023-07-06T06:36:26.873+0000][gc,task       ] GC(20) Using 1 workers of 1 for evacuation
[2023-07-06T06:36:26.879+0000][gc,phases     ] GC(20)   Pre Evacuate Collection Set: 0.1ms
[2023-07-06T06:36:26.879+0000][gc,phases     ] GC(20)   Evacuate Collection Set: 5.5ms
[2023-07-06T06:36:26.879+0000][gc,phases     ] GC(20)   Post Evacuate Collection Set: 0.1ms
[2023-07-06T06:36:26.879+0000][gc,phases     ] GC(20)   Other: 0.2ms
[2023-07-06T06:36:26.879+0000][gc,heap       ] GC(20) Eden regions: 11->0(13)
[2023-07-06T06:36:26.879+0000][gc,heap       ] GC(20) Survivor regions: 1->2(2)
[2023-07-06T06:36:26.879+0000][gc,heap       ] GC(20) Old regions: 13->13
[2023-07-06T06:36:26.879+0000][gc,heap       ] GC(20) Humongous regions: 129->129
[2023-07-06T06:36:26.879+0000][gc,metaspace  ] GC(20) Metaspace: 37224K(38912K)->37224K(38912K) NonClass: 32868K(33792K)->32868K(33792K) Class: 4355K(5120K)->4355K(5120K)
[2023-07-06T06:36:26.879+0000][gc            ] GC(20) Pause Young (Concurrent Start) (G1 Evacuation Pause) 153M->142M(256M) 5.985ms
[2023-07-06T06:36:26.879+0000][gc,cpu        ] GC(20) User=0.01s Sys=0.00s Real=0.01s
[2023-07-06T06:36:26.879+0000][gc            ] GC(21) Concurrent Cycle
[2023-07-06T06:36:26.879+0000][gc,marking    ] GC(21) Concurrent Clear Claimed Marks
[2023-07-06T06:36:26.879+0000][gc,marking    ] GC(21) Concurrent Clear Claimed Marks 0.037ms
[2023-07-06T06:36:26.879+0000][gc,marking    ] GC(21) Concurrent Scan Root Regions
[2023-07-06T06:36:26.880+0000][gc,marking    ] GC(21) Concurrent Scan Root Regions 1.277ms
[2023-07-06T06:36:26.880+0000][gc,marking    ] GC(21) Concurrent Mark (484.809s)
[2023-07-06T06:36:26.880+0000][gc,marking    ] GC(21) Concurrent Mark From Roots
[2023-07-06T06:36:26.880+0000][gc,task       ] GC(21) Using 1 workers of 1 for marking
[2023-07-06T06:36:26.908+0000][gc,marking    ] GC(21) Concurrent Mark From Roots 27.992ms
[2023-07-06T06:36:26.908+0000][gc,marking    ] GC(21) Concurrent Preclean
[2023-07-06T06:36:26.908+0000][gc,marking    ] GC(21) Concurrent Preclean 0.144ms
[2023-07-06T06:36:26.908+0000][gc,marking    ] GC(21) Concurrent Mark (484.809s, 484.837s) 28.191ms
[2023-07-06T06:36:26.909+0000][gc,start      ] GC(21) Pause Remark
[2023-07-06T06:36:26.922+0000][gc,stringtable] GC(21) Cleaned string and symbol table, strings: 14986 processed, 303 removed, symbols: 82801 processed, 1 removed
[2023-07-06T06:36:26.923+0000][gc            ] GC(21) Pause Remark 142M->142M(256M) 14.572ms
[2023-07-06T06:36:26.923+0000][gc,cpu        ] GC(21) User=0.02s Sys=0.00s Real=0.01s
[2023-07-06T06:36:26.923+0000][gc,marking    ] GC(21) Concurrent Rebuild Remembered Sets
[2023-07-06T06:36:26.934+0000][gc,marking    ] GC(21) Concurrent Rebuild Remembered Sets 10.494ms
[2023-07-06T06:36:26.934+0000][gc,start      ] GC(21) Pause Cleanup
[2023-07-06T06:36:26.934+0000][gc            ] GC(21) Pause Cleanup 142M->142M(256M) 0.068ms
[2023-07-06T06:36:26.934+0000][gc,cpu        ] GC(21) User=0.00s Sys=0.00s Real=0.00s
[2023-07-06T06:36:26.934+0000][gc,marking    ] GC(21) Concurrent Cleanup for Next Mark
[2023-07-06T06:36:26.935+0000][gc,marking    ] GC(21) Concurrent Cleanup for Next Mark 0.644ms
[2023-07-06T06:36:26.935+0000][gc            ] GC(21) Concurrent Cycle 55.746ms
[2023-07-06T06:39:26.974+0000][gc,start      ] GC(22) Pause Young (Normal) (G1 Evacuation Pause)
[2023-07-06T06:39:26.975+0000][gc,task       ] GC(22) Using 1 workers of 1 for evacuation
[2023-07-06T06:39:26.982+0000][gc,phases     ] GC(22)   Pre Evacuate Collection Set: 0.0ms
[2023-07-06T06:39:26.982+0000][gc,phases     ] GC(22)   Evacuate Collection Set: 7.2ms
[2023-07-06T06:39:26.982+0000][gc,phases     ] GC(22)   Post Evacuate Collection Set: 0.2ms
[2023-07-06T06:39:26.982+0000][gc,phases     ] GC(22)   Other: 0.9ms
[2023-07-06T06:39:26.982+0000][gc,heap       ] GC(22) Eden regions: 11->0(13)
[2023-07-06T06:39:26.982+0000][gc,heap       ] GC(22) Survivor regions: 2->1(2)
[2023-07-06T06:39:26.982+0000][gc,heap       ] GC(22) Old regions: 13->13
[2023-07-06T06:39:26.982+0000][gc,heap       ] GC(22) Humongous regions: 129->129
[2023-07-06T06:39:26.982+0000][gc,metaspace  ] GC(22) Metaspace: 38021K(39808K)->38021K(39808K) NonClass: 33587K(34560K)->33587K(34560K) Class: 4434K(5248K)->4434K(5248K)
[2023-07-06T06:39:26.982+0000][gc            ] GC(22) Pause Young (Normal) (G1 Evacuation Pause) 153M->142M(256M) 8.454ms
[2023-07-06T06:39:26.982+0000][gc,cpu        ] GC(22) User=0.01s Sys=0.00s Real=0.01s
[2023-07-06T06:39:29.987+0000][gc,heap,exit  ] Heap
[2023-07-06T06:39:29.988+0000][gc,heap,exit  ]  garbage-first heap   total 262144K, used 149997K [0x00000000f0000000, 0x0000000100000000)
[2023-07-06T06:39:29.988+0000][gc,heap,exit  ]   region size 1024K, 6 young (6144K), 1 survivors (1024K)
[2023-07-06T06:39:29.988+0000][gc,heap,exit  ]  Metaspace       used 38199K, capacity 39819K, committed 40064K, reserved 1083392K
[2023-07-06T06:39:29.988+0000][gc,heap,exit  ]   class space    used 4479K, capacity 5208K, committed 5248K, reserved 1048576K
