[2023-04-20T09:33:33.866+0000][gc,heap] Heap region size: 1M
[2023-04-20T09:33:33.870+0000][gc     ] Using G1
[2023-04-20T09:33:33.870+0000][gc,heap,coops] Heap address: 0x00000000f0000000, size: 256 MB, Compressed Oops mode: 32-bit
[2023-04-20T09:33:34.839+0000][gc,start     ] GC(0) Pause Young (Normal) (G1 Evacuation Pause)
[2023-04-20T09:33:34.839+0000][gc,task      ] GC(0) Using 1 workers of 1 for evacuation
[2023-04-20T09:33:34.851+0000][gc,phases    ] GC(0)   Pre Evacuate Collection Set: 0.0ms
[2023-04-20T09:33:34.851+0000][gc,phases    ] GC(0)   Evacuate Collection Set: 11.9ms
[2023-04-20T09:33:34.851+0000][gc,phases    ] GC(0)   Post Evacuate Collection Set: 0.2ms
[2023-04-20T09:33:34.851+0000][gc,phases    ] GC(0)   Other: 0.2ms
[2023-04-20T09:33:34.851+0000][gc,heap      ] GC(0) Eden regions: 12->0(10)
[2023-04-20T09:33:34.851+0000][gc,heap      ] GC(0) Survivor regions: 0->2(2)
[2023-04-20T09:33:34.851+0000][gc,heap      ] GC(0) Old regions: 0->4
[2023-04-20T09:33:34.851+0000][gc,heap      ] GC(0) Humongous regions: 0->0
[2023-04-20T09:33:34.851+0000][gc,metaspace ] GC(0) Metaspace: 5360K(5888K)->5360K(5888K) NonClass: 4785K(5120K)->4785K(5120K) Class: 575K(768K)->575K(768K)
[2023-04-20T09:33:34.851+0000][gc           ] GC(0) Pause Young (Normal) (G1 Evacuation Pause) 12M->5M(256M) 12.346ms
[2023-04-20T09:33:34.851+0000][gc,cpu       ] GC(0) User=0.02s Sys=0.00s Real=0.01s
[2023-04-20T09:33:35.296+0000][gc,start     ] GC(1) Pause Young (Normal) (G1 Evacuation Pause)
[2023-04-20T09:33:35.296+0000][gc,task      ] GC(1) Using 1 workers of 1 for evacuation
[2023-04-20T09:33:35.304+0000][gc,phases    ] GC(1)   Pre Evacuate Collection Set: 0.0ms
[2023-04-20T09:33:35.304+0000][gc,phases    ] GC(1)   Evacuate Collection Set: 7.2ms
[2023-04-20T09:33:35.304+0000][gc,phases    ] GC(1)   Post Evacuate Collection Set: 0.1ms
[2023-04-20T09:33:35.304+0000][gc,phases    ] GC(1)   Other: 0.1ms
[2023-04-20T09:33:35.304+0000][gc,heap      ] GC(1) Eden regions: 10->0(10)
[2023-04-20T09:33:35.304+0000][gc,heap      ] GC(1) Survivor regions: 2->2(2)
[2023-04-20T09:33:35.304+0000][gc,heap      ] GC(1) Old regions: 4->5
[2023-04-20T09:33:35.304+0000][gc,heap      ] GC(1) Humongous regions: 0->0
[2023-04-20T09:33:35.304+0000][gc,metaspace ] GC(1) Metaspace: 7909K(8576K)->7909K(8576K) NonClass: 6983K(7424K)->6983K(7424K) Class: 926K(1152K)->926K(1152K)
[2023-04-20T09:33:35.304+0000][gc           ] GC(1) Pause Young (Normal) (G1 Evacuation Pause) 15M->5M(256M) 7.505ms
[2023-04-20T09:33:35.304+0000][gc,cpu       ] GC(1) User=0.00s Sys=0.00s Real=0.01s
[2023-04-20T09:33:35.537+0000][gc,start     ] GC(2) Pause Young (Normal) (G1 Evacuation Pause)
[2023-04-20T09:33:35.537+0000][gc,task      ] GC(2) Using 1 workers of 1 for evacuation
[2023-04-20T09:33:35.541+0000][gc,phases    ] GC(2)   Pre Evacuate Collection Set: 0.0ms
[2023-04-20T09:33:35.541+0000][gc,phases    ] GC(2)   Evacuate Collection Set: 3.9ms
[2023-04-20T09:33:35.541+0000][gc,phases    ] GC(2)   Post Evacuate Collection Set: 0.1ms
[2023-04-20T09:33:35.541+0000][gc,phases    ] GC(2)   Other: 0.1ms
[2023-04-20T09:33:35.541+0000][gc,heap      ] GC(2) Eden regions: 10->0(10)
[2023-04-20T09:33:35.541+0000][gc,heap      ] GC(2) Survivor regions: 2->2(2)
[2023-04-20T09:33:35.541+0000][gc,heap      ] GC(2) Old regions: 5->5
[2023-04-20T09:33:35.541+0000][gc,heap      ] GC(2) Humongous regions: 0->0
[2023-04-20T09:33:35.541+0000][gc,metaspace ] GC(2) Metaspace: 10821K(11520K)->10821K(11520K) NonClass: 9489K(9984K)->9489K(9984K) Class: 1331K(1536K)->1331K(1536K)
[2023-04-20T09:33:35.541+0000][gc           ] GC(2) Pause Young (Normal) (G1 Evacuation Pause) 15M->6M(256M) 4.290ms
[2023-04-20T09:33:35.541+0000][gc,cpu       ] GC(2) User=0.00s Sys=0.00s Real=0.01s
[2023-04-20T09:33:35.874+0000][gc,start     ] GC(3) Pause Young (Normal) (G1 Evacuation Pause)
[2023-04-20T09:33:35.874+0000][gc,task      ] GC(3) Using 1 workers of 1 for evacuation
[2023-04-20T09:33:35.879+0000][gc,phases    ] GC(3)   Pre Evacuate Collection Set: 0.0ms
[2023-04-20T09:33:35.879+0000][gc,phases    ] GC(3)   Evacuate Collection Set: 4.4ms
[2023-04-20T09:33:35.879+0000][gc,phases    ] GC(3)   Post Evacuate Collection Set: 0.1ms
[2023-04-20T09:33:35.879+0000][gc,phases    ] GC(3)   Other: 0.1ms
[2023-04-20T09:33:35.879+0000][gc,heap      ] GC(3) Eden regions: 10->0(11)
[2023-04-20T09:33:35.879+0000][gc,heap      ] GC(3) Survivor regions: 2->1(2)
[2023-04-20T09:33:35.879+0000][gc,heap      ] GC(3) Old regions: 5->6
[2023-04-20T09:33:35.879+0000][gc,heap      ] GC(3) Humongous regions: 0->0
[2023-04-20T09:33:35.879+0000][gc,metaspace ] GC(3) Metaspace: 13609K(14208K)->13609K(14208K) NonClass: 11940K(12288K)->11940K(12288K) Class: 1669K(1920K)->1669K(1920K)
[2023-04-20T09:33:35.879+0000][gc           ] GC(3) Pause Young (Normal) (G1 Evacuation Pause) 16M->6M(256M) 4.811ms
[2023-04-20T09:33:35.879+0000][gc,cpu       ] GC(3) User=0.00s Sys=0.00s Real=0.01s
[2023-04-20T09:33:43.807+0000][gc,heap,exit ] Heap
[2023-04-20T09:33:43.807+0000][gc,heap,exit ]  garbage-first heap   total 262144K, used 10787K [0x00000000f0000000, 0x0000000100000000)
[2023-04-20T09:33:43.807+0000][gc,heap,exit ]   region size 1024K, 6 young (6144K), 1 survivors (1024K)
[2023-04-20T09:33:43.807+0000][gc,heap,exit ]  Metaspace       used 14684K, capacity 15115K, committed 15360K, reserved 1062912K
[2023-04-20T09:33:43.807+0000][gc,heap,exit ]   class space    used 1804K, capacity 1981K, committed 2048K, reserved 1048576K
