[2023-04-04T17:29:01.474+0000][gc,heap] Heap region size: 1M
[2023-04-04T17:29:01.477+0000][gc     ] Using G1
[2023-04-04T17:29:01.477+0000][gc,heap,coops] Heap address: 0x00000000f0000000, size: 256 MB, Compressed Oops mode: 32-bit
[2023-04-04T17:29:02.265+0000][gc,start     ] GC(0) Pause Young (Normal) (G1 Evacuation Pause)
[2023-04-04T17:29:02.265+0000][gc,task      ] GC(0) Using 1 workers of 1 for evacuation
[2023-04-04T17:29:02.281+0000][gc,phases    ] GC(0)   Pre Evacuate Collection Set: 0.0ms
[2023-04-04T17:29:02.281+0000][gc,phases    ] GC(0)   Evacuate Collection Set: 9.8ms
[2023-04-04T17:29:02.281+0000][gc,phases    ] GC(0)   Post Evacuate Collection Set: 5.8ms
[2023-04-04T17:29:02.281+0000][gc,phases    ] GC(0)   Other: 0.1ms
[2023-04-04T17:29:02.281+0000][gc,heap      ] GC(0) Eden regions: 12->0(10)
[2023-04-04T17:29:02.281+0000][gc,heap      ] GC(0) Survivor regions: 0->2(2)
[2023-04-04T17:29:02.281+0000][gc,heap      ] GC(0) Old regions: 0->4
[2023-04-04T17:29:02.281+0000][gc,heap      ] GC(0) Humongous regions: 0->0
[2023-04-04T17:29:02.281+0000][gc,metaspace ] GC(0) Metaspace: 5363K(5888K)->5363K(5888K) NonClass: 4788K(5120K)->4788K(5120K) Class: 575K(768K)->575K(768K)
[2023-04-04T17:29:02.281+0000][gc           ] GC(0) Pause Young (Normal) (G1 Evacuation Pause) 12M->5M(256M) 15.865ms
[2023-04-04T17:29:02.281+0000][gc,cpu       ] GC(0) User=0.01s Sys=0.00s Real=0.02s
[2023-04-04T17:29:02.708+0000][gc,start     ] GC(1) Pause Young (Normal) (G1 Evacuation Pause)
[2023-04-04T17:29:02.708+0000][gc,task      ] GC(1) Using 1 workers of 1 for evacuation
[2023-04-04T17:29:02.715+0000][gc,phases    ] GC(1)   Pre Evacuate Collection Set: 0.0ms
[2023-04-04T17:29:02.715+0000][gc,phases    ] GC(1)   Evacuate Collection Set: 7.2ms
[2023-04-04T17:29:02.715+0000][gc,phases    ] GC(1)   Post Evacuate Collection Set: 0.1ms
[2023-04-04T17:29:02.715+0000][gc,phases    ] GC(1)   Other: 0.1ms
[2023-04-04T17:29:02.715+0000][gc,heap      ] GC(1) Eden regions: 10->0(10)
[2023-04-04T17:29:02.715+0000][gc,heap      ] GC(1) Survivor regions: 2->2(2)
[2023-04-04T17:29:02.715+0000][gc,heap      ] GC(1) Old regions: 4->5
[2023-04-04T17:29:02.715+0000][gc,heap      ] GC(1) Humongous regions: 0->0
[2023-04-04T17:29:02.715+0000][gc,metaspace ] GC(1) Metaspace: 7910K(8576K)->7910K(8576K) NonClass: 6984K(7424K)->6984K(7424K) Class: 926K(1152K)->926K(1152K)
[2023-04-04T17:29:02.715+0000][gc           ] GC(1) Pause Young (Normal) (G1 Evacuation Pause) 15M->6M(256M) 7.582ms
[2023-04-04T17:29:02.715+0000][gc,cpu       ] GC(1) User=0.00s Sys=0.00s Real=0.01s
[2023-04-04T17:29:02.953+0000][gc,start     ] GC(2) Pause Young (Normal) (G1 Evacuation Pause)
[2023-04-04T17:29:02.953+0000][gc,task      ] GC(2) Using 1 workers of 1 for evacuation
[2023-04-04T17:29:02.958+0000][gc,phases    ] GC(2)   Pre Evacuate Collection Set: 0.0ms
[2023-04-04T17:29:02.958+0000][gc,phases    ] GC(2)   Evacuate Collection Set: 4.3ms
[2023-04-04T17:29:02.958+0000][gc,phases    ] GC(2)   Post Evacuate Collection Set: 0.1ms
[2023-04-04T17:29:02.958+0000][gc,phases    ] GC(2)   Other: 0.1ms
[2023-04-04T17:29:02.958+0000][gc,heap      ] GC(2) Eden regions: 10->0(11)
[2023-04-04T17:29:02.958+0000][gc,heap      ] GC(2) Survivor regions: 2->1(2)
[2023-04-04T17:29:02.958+0000][gc,heap      ] GC(2) Old regions: 5->6
[2023-04-04T17:29:02.958+0000][gc,heap      ] GC(2) Humongous regions: 0->0
[2023-04-04T17:29:02.958+0000][gc,metaspace ] GC(2) Metaspace: 10854K(11520K)->10854K(11520K) NonClass: 9523K(9984K)->9523K(9984K) Class: 1331K(1536K)->1331K(1536K)
[2023-04-04T17:29:02.958+0000][gc           ] GC(2) Pause Young (Normal) (G1 Evacuation Pause) 16M->6M(256M) 4.630ms
[2023-04-04T17:29:02.958+0000][gc,cpu       ] GC(2) User=0.01s Sys=0.00s Real=0.00s
[2023-04-04T17:29:03.320+0000][gc,start     ] GC(3) Pause Young (Normal) (G1 Evacuation Pause)
[2023-04-04T17:29:03.320+0000][gc,task      ] GC(3) Using 1 workers of 1 for evacuation
[2023-04-04T17:29:03.323+0000][gc,phases    ] GC(3)   Pre Evacuate Collection Set: 0.0ms
[2023-04-04T17:29:03.323+0000][gc,phases    ] GC(3)   Evacuate Collection Set: 2.7ms
[2023-04-04T17:29:03.323+0000][gc,phases    ] GC(3)   Post Evacuate Collection Set: 0.1ms
[2023-04-04T17:29:03.323+0000][gc,phases    ] GC(3)   Other: 0.1ms
[2023-04-04T17:29:03.323+0000][gc,heap      ] GC(3) Eden regions: 11->0(11)
[2023-04-04T17:29:03.323+0000][gc,heap      ] GC(3) Survivor regions: 1->1(2)
[2023-04-04T17:29:03.323+0000][gc,heap      ] GC(3) Old regions: 6->6
[2023-04-04T17:29:03.323+0000][gc,heap      ] GC(3) Humongous regions: 0->0
[2023-04-04T17:29:03.323+0000][gc,metaspace ] GC(3) Metaspace: 13857K(14464K)->13857K(14464K) NonClass: 12150K(12544K)->12150K(12544K) Class: 1706K(1920K)->1706K(1920K)
[2023-04-04T17:29:03.323+0000][gc           ] GC(3) Pause Young (Normal) (G1 Evacuation Pause) 17M->6M(256M) 2.967ms
[2023-04-04T17:29:03.323+0000][gc,cpu       ] GC(3) User=0.00s Sys=0.00s Real=0.01s
[2023-04-04T17:29:03.683+0000][gc,start     ] GC(4) Pause Young (Normal) (G1 Evacuation Pause)
[2023-04-04T17:29:03.683+0000][gc,task      ] GC(4) Using 1 workers of 1 for evacuation
[2023-04-04T17:29:03.687+0000][gc,phases    ] GC(4)   Pre Evacuate Collection Set: 0.0ms
[2023-04-04T17:29:03.687+0000][gc,phases    ] GC(4)   Evacuate Collection Set: 4.0ms
[2023-04-04T17:29:03.687+0000][gc,phases    ] GC(4)   Post Evacuate Collection Set: 0.1ms
[2023-04-04T17:29:03.687+0000][gc,phases    ] GC(4)   Other: 0.1ms
[2023-04-04T17:29:03.687+0000][gc,heap      ] GC(4) Eden regions: 11->0(10)
[2023-04-04T17:29:03.687+0000][gc,heap      ] GC(4) Survivor regions: 1->2(2)
[2023-04-04T17:29:03.687+0000][gc,heap      ] GC(4) Old regions: 6->6
[2023-04-04T17:29:03.687+0000][gc,heap      ] GC(4) Humongous regions: 0->0
[2023-04-04T17:29:03.687+0000][gc,metaspace ] GC(4) Metaspace: 16709K(17408K)->16709K(17408K) NonClass: 14702K(15104K)->14702K(15104K) Class: 2007K(2304K)->2007K(2304K)
[2023-04-04T17:29:03.687+0000][gc           ] GC(4) Pause Young (Normal) (G1 Evacuation Pause) 17M->7M(256M) 4.341ms
[2023-04-04T17:29:03.687+0000][gc,cpu       ] GC(4) User=0.00s Sys=0.00s Real=0.00s
[2023-04-04T17:29:03.943+0000][gc,start     ] GC(5) Pause Young (Normal) (G1 Evacuation Pause)
[2023-04-04T17:29:03.943+0000][gc,task      ] GC(5) Using 1 workers of 1 for evacuation
[2023-04-04T17:29:03.948+0000][gc,phases    ] GC(5)   Pre Evacuate Collection Set: 0.0ms
[2023-04-04T17:29:03.948+0000][gc,phases    ] GC(5)   Evacuate Collection Set: 4.1ms
[2023-04-04T17:29:03.948+0000][gc,phases    ] GC(5)   Post Evacuate Collection Set: 0.1ms
[2023-04-04T17:29:03.948+0000][gc,phases    ] GC(5)   Other: 0.1ms
[2023-04-04T17:29:03.948+0000][gc,heap      ] GC(5) Eden regions: 10->0(10)
[2023-04-04T17:29:03.948+0000][gc,heap      ] GC(5) Survivor regions: 2->2(2)
[2023-04-04T17:29:03.948+0000][gc,heap      ] GC(5) Old regions: 6->7
[2023-04-04T17:29:03.948+0000][gc,heap      ] GC(5) Humongous regions: 0->0
[2023-04-04T17:29:03.948+0000][gc,metaspace ] GC(5) Metaspace: 19355K(19968K)->19355K(19968K) NonClass: 17031K(17408K)->17031K(17408K) Class: 2324K(2560K)->2324K(2560K)
[2023-04-04T17:29:03.948+0000][gc           ] GC(5) Pause Young (Normal) (G1 Evacuation Pause) 17M->7M(256M) 4.436ms
[2023-04-04T17:29:03.948+0000][gc,cpu       ] GC(5) User=0.01s Sys=0.00s Real=0.00s
[2023-04-04T17:29:04.163+0000][gc,start     ] GC(6) Pause Young (Concurrent Start) (Metadata GC Threshold)
[2023-04-04T17:29:04.163+0000][gc,task      ] GC(6) Using 1 workers of 1 for evacuation
[2023-04-04T17:29:04.168+0000][gc,phases    ] GC(6)   Pre Evacuate Collection Set: 0.0ms
[2023-04-04T17:29:04.168+0000][gc,phases    ] GC(6)   Evacuate Collection Set: 4.9ms
[2023-04-04T17:29:04.168+0000][gc,phases    ] GC(6)   Post Evacuate Collection Set: 0.1ms
[2023-04-04T17:29:04.168+0000][gc,phases    ] GC(6)   Other: 0.2ms
[2023-04-04T17:29:04.168+0000][gc,heap      ] GC(6) Eden regions: 5->0(11)
[2023-04-04T17:29:04.168+0000][gc,heap      ] GC(6) Survivor regions: 2->1(2)
[2023-04-04T17:29:04.168+0000][gc,heap      ] GC(6) Old regions: 7->7
[2023-04-04T17:29:04.168+0000][gc,heap      ] GC(6) Humongous regions: 0->0
[2023-04-04T17:29:04.168+0000][gc,metaspace ] GC(6) Metaspace: 20525K(21248K)->20525K(21248K) NonClass: 18047K(18432K)->18047K(18432K) Class: 2478K(2816K)->2478K(2816K)
[2023-04-04T17:29:04.168+0000][gc           ] GC(6) Pause Young (Concurrent Start) (Metadata GC Threshold) 12M->7M(256M) 5.346ms
[2023-04-04T17:29:04.168+0000][gc,cpu       ] GC(6) User=0.00s Sys=0.00s Real=0.00s
[2023-04-04T17:29:04.168+0000][gc           ] GC(7) Concurrent Cycle
[2023-04-04T17:29:04.168+0000][gc,marking   ] GC(7) Concurrent Clear Claimed Marks
[2023-04-04T17:29:04.168+0000][gc,marking   ] GC(7) Concurrent Clear Claimed Marks 0.018ms
[2023-04-04T17:29:04.168+0000][gc,marking   ] GC(7) Concurrent Scan Root Regions
[2023-04-04T17:29:04.170+0000][gc,marking   ] GC(7) Concurrent Scan Root Regions 2.030ms
[2023-04-04T17:29:04.170+0000][gc,marking   ] GC(7) Concurrent Mark (2.700s)
[2023-04-04T17:29:04.170+0000][gc,marking   ] GC(7) Concurrent Mark From Roots
[2023-04-04T17:29:04.170+0000][gc,task      ] GC(7) Using 1 workers of 1 for marking
[2023-04-04T17:29:04.187+0000][gc,marking   ] GC(7) Concurrent Mark From Roots 16.710ms
[2023-04-04T17:29:04.187+0000][gc,marking   ] GC(7) Concurrent Preclean
[2023-04-04T17:29:04.187+0000][gc,marking   ] GC(7) Concurrent Preclean 0.055ms
[2023-04-04T17:29:04.187+0000][gc,marking   ] GC(7) Concurrent Mark (2.700s, 2.717s) 16.808ms
[2023-04-04T17:29:04.187+0000][gc,start     ] GC(7) Pause Remark
[2023-04-04T17:29:04.191+0000][gc,stringtable] GC(7) Cleaned string and symbol table, strings: 9218 processed, 6 removed, symbols: 50400 processed, 42 removed
[2023-04-04T17:29:04.191+0000][gc            ] GC(7) Pause Remark 8M->8M(256M) 3.914ms
[2023-04-04T17:29:04.191+0000][gc,cpu        ] GC(7) User=0.01s Sys=0.00s Real=0.01s
[2023-04-04T17:29:04.191+0000][gc,marking    ] GC(7) Concurrent Rebuild Remembered Sets
[2023-04-04T17:29:04.202+0000][gc,marking    ] GC(7) Concurrent Rebuild Remembered Sets 10.631ms
[2023-04-04T17:29:04.202+0000][gc,start      ] GC(7) Pause Cleanup
[2023-04-04T17:29:04.202+0000][gc            ] GC(7) Pause Cleanup 8M->8M(256M) 0.077ms
[2023-04-04T17:29:04.202+0000][gc,cpu        ] GC(7) User=0.00s Sys=0.00s Real=0.00s
[2023-04-04T17:29:04.202+0000][gc,marking    ] GC(7) Concurrent Cleanup for Next Mark
[2023-04-04T17:29:04.207+0000][gc,marking    ] GC(7) Concurrent Cleanup for Next Mark 5.193ms
[2023-04-04T17:29:04.207+0000][gc            ] GC(7) Concurrent Cycle 39.160ms
[2023-04-04T17:29:04.255+0000][gc,start      ] GC(8) Pause Young (Concurrent Start) (G1 Humongous Allocation)
[2023-04-04T17:29:04.255+0000][gc,task       ] GC(8) Using 1 workers of 1 for evacuation
[2023-04-04T17:29:04.263+0000][gc,phases     ] GC(8)   Pre Evacuate Collection Set: 0.0ms
[2023-04-04T17:29:04.263+0000][gc,phases     ] GC(8)   Evacuate Collection Set: 4.2ms
[2023-04-04T17:29:04.263+0000][gc,phases     ] GC(8)   Post Evacuate Collection Set: 4.1ms
[2023-04-04T17:29:04.263+0000][gc,phases     ] GC(8)   Other: 0.2ms
[2023-04-04T17:29:04.263+0000][gc,heap       ] GC(8) Eden regions: 3->0(11)
[2023-04-04T17:29:04.263+0000][gc,heap       ] GC(8) Survivor regions: 1->1(2)
[2023-04-04T17:29:04.263+0000][gc,heap       ] GC(8) Old regions: 7->7
[2023-04-04T17:29:04.263+0000][gc,heap       ] GC(8) Humongous regions: 0->0
[2023-04-04T17:29:04.263+0000][gc,metaspace  ] GC(8) Metaspace: 20841K(21504K)->20841K(21504K) NonClass: 18293K(18688K)->18293K(18688K) Class: 2548K(2816K)->2548K(2816K)
[2023-04-04T17:29:04.263+0000][gc            ] GC(8) Pause Young (Concurrent Start) (G1 Humongous Allocation) 9M->7M(256M) 8.581ms
[2023-04-04T17:29:04.263+0000][gc,cpu        ] GC(8) User=0.01s Sys=0.00s Real=0.01s
[2023-04-04T17:29:04.264+0000][gc            ] GC(9) Concurrent Cycle
[2023-04-04T17:29:04.264+0000][gc,marking    ] GC(9) Concurrent Clear Claimed Marks
[2023-04-04T17:29:04.264+0000][gc,marking    ] GC(9) Concurrent Clear Claimed Marks 0.020ms
[2023-04-04T17:29:04.264+0000][gc,marking    ] GC(9) Concurrent Scan Root Regions
[2023-04-04T17:29:04.265+0000][gc,marking    ] GC(9) Concurrent Scan Root Regions 0.984ms
[2023-04-04T17:29:04.265+0000][gc,marking    ] GC(9) Concurrent Mark (2.794s)
[2023-04-04T17:29:04.265+0000][gc,marking    ] GC(9) Concurrent Mark From Roots
[2023-04-04T17:29:04.265+0000][gc,task       ] GC(9) Using 1 workers of 1 for marking
[2023-04-04T17:29:04.276+0000][gc,marking    ] GC(9) Concurrent Mark From Roots 11.517ms
[2023-04-04T17:29:04.276+0000][gc,marking    ] GC(9) Concurrent Preclean
[2023-04-04T17:29:04.276+0000][gc,marking    ] GC(9) Concurrent Preclean 0.044ms
[2023-04-04T17:29:04.276+0000][gc,marking    ] GC(9) Concurrent Mark (2.794s, 2.806s) 11.616ms
[2023-04-04T17:29:04.353+0000][gc,start      ] GC(9) Pause Remark
[2023-04-04T17:29:04.356+0000][gc,stringtable] GC(9) Cleaned string and symbol table, strings: 9302 processed, 4 removed, symbols: 51276 processed, 2 removed
[2023-04-04T17:29:04.356+0000][gc            ] GC(9) Pause Remark 136M->136M(256M) 3.681ms
[2023-04-04T17:29:04.356+0000][gc,cpu        ] GC(9) User=0.01s Sys=0.00s Real=0.00s
[2023-04-04T17:29:04.356+0000][gc,marking    ] GC(9) Concurrent Rebuild Remembered Sets
[2023-04-04T17:29:04.367+0000][gc,marking    ] GC(9) Concurrent Rebuild Remembered Sets 10.731ms
[2023-04-04T17:29:04.369+0000][gc,start      ] GC(9) Pause Cleanup
[2023-04-04T17:29:04.369+0000][gc            ] GC(9) Pause Cleanup 137M->137M(256M) 0.079ms
[2023-04-04T17:29:04.369+0000][gc,cpu        ] GC(9) User=0.00s Sys=0.00s Real=0.00s
[2023-04-04T17:29:04.369+0000][gc,marking    ] GC(9) Concurrent Cleanup for Next Mark
[2023-04-04T17:29:04.372+0000][gc,marking    ] GC(9) Concurrent Cleanup for Next Mark 2.482ms
[2023-04-04T17:29:04.372+0000][gc            ] GC(9) Concurrent Cycle 108.340ms
[2023-04-04T17:29:04.576+0000][gc,start      ] GC(10) Pause Young (Normal) (G1 Evacuation Pause)
[2023-04-04T17:29:04.576+0000][gc,task       ] GC(10) Using 1 workers of 1 for evacuation
[2023-04-04T17:29:04.581+0000][gc,phases     ] GC(10)   Pre Evacuate Collection Set: 0.0ms
[2023-04-04T17:29:04.581+0000][gc,phases     ] GC(10)   Evacuate Collection Set: 5.1ms
[2023-04-04T17:29:04.581+0000][gc,phases     ] GC(10)   Post Evacuate Collection Set: 0.1ms
[2023-04-04T17:29:04.581+0000][gc,phases     ] GC(10)   Other: 0.1ms
[2023-04-04T17:29:04.581+0000][gc,heap       ] GC(10) Eden regions: 11->0(10)
[2023-04-04T17:29:04.581+0000][gc,heap       ] GC(10) Survivor regions: 1->2(2)
[2023-04-04T17:29:04.581+0000][gc,heap       ] GC(10) Old regions: 7->7
[2023-04-04T17:29:04.581+0000][gc,heap       ] GC(10) Humongous regions: 129->129
[2023-04-04T17:29:04.581+0000][gc,metaspace  ] GC(10) Metaspace: 22924K(23808K)->22924K(23808K) NonClass: 20165K(20736K)->20165K(20736K) Class: 2758K(3072K)->2758K(3072K)
[2023-04-04T17:29:04.581+0000][gc            ] GC(10) Pause Young (Normal) (G1 Evacuation Pause) 147M->137M(256M) 5.418ms
[2023-04-04T17:29:04.581+0000][gc,cpu        ] GC(10) User=0.01s Sys=0.00s Real=0.01s
[2023-04-04T17:29:04.759+0000][gc,start      ] GC(11) Pause Young (Concurrent Start) (G1 Evacuation Pause)
[2023-04-04T17:29:04.759+0000][gc,task       ] GC(11) Using 1 workers of 1 for evacuation
[2023-04-04T17:29:04.765+0000][gc,phases     ] GC(11)   Pre Evacuate Collection Set: 0.0ms
[2023-04-04T17:29:04.765+0000][gc,phases     ] GC(11)   Evacuate Collection Set: 6.1ms
[2023-04-04T17:29:04.765+0000][gc,phases     ] GC(11)   Post Evacuate Collection Set: 0.1ms
[2023-04-04T17:29:04.765+0000][gc,phases     ] GC(11)   Other: 0.2ms
[2023-04-04T17:29:04.765+0000][gc,heap       ] GC(11) Eden regions: 10->0(10)
[2023-04-04T17:29:04.765+0000][gc,heap       ] GC(11) Survivor regions: 2->2(2)
[2023-04-04T17:29:04.765+0000][gc,heap       ] GC(11) Old regions: 7->8
[2023-04-04T17:29:04.765+0000][gc,heap       ] GC(11) Humongous regions: 129->129
[2023-04-04T17:29:04.765+0000][gc,metaspace  ] GC(11) Metaspace: 25485K(26240K)->25485K(26240K) NonClass: 22588K(23040K)->22588K(23040K) Class: 2897K(3200K)->2897K(3200K)
[2023-04-04T17:29:04.765+0000][gc            ] GC(11) Pause Young (Concurrent Start) (G1 Evacuation Pause) 147M->137M(256M) 6.533ms
[2023-04-04T17:29:04.765+0000][gc,cpu        ] GC(11) User=0.01s Sys=0.00s Real=0.01s
[2023-04-04T17:29:04.765+0000][gc            ] GC(12) Concurrent Cycle
[2023-04-04T17:29:04.765+0000][gc,marking    ] GC(12) Concurrent Clear Claimed Marks
[2023-04-04T17:29:04.765+0000][gc,marking    ] GC(12) Concurrent Clear Claimed Marks 0.036ms
[2023-04-04T17:29:04.765+0000][gc,marking    ] GC(12) Concurrent Scan Root Regions
[2023-04-04T17:29:04.766+0000][gc,marking    ] GC(12) Concurrent Scan Root Regions 0.710ms
[2023-04-04T17:29:04.766+0000][gc,marking    ] GC(12) Concurrent Mark (3.295s)
[2023-04-04T17:29:04.766+0000][gc,marking    ] GC(12) Concurrent Mark From Roots
[2023-04-04T17:29:04.766+0000][gc,task       ] GC(12) Using 1 workers of 1 for marking
[2023-04-04T17:29:04.790+0000][gc,marking    ] GC(12) Concurrent Mark From Roots 23.689ms
[2023-04-04T17:29:04.790+0000][gc,marking    ] GC(12) Concurrent Preclean
[2023-04-04T17:29:04.790+0000][gc,marking    ] GC(12) Concurrent Preclean 0.051ms
[2023-04-04T17:29:04.790+0000][gc,marking    ] GC(12) Concurrent Mark (3.295s, 3.319s) 23.790ms
[2023-04-04T17:29:04.790+0000][gc,start      ] GC(12) Pause Remark
[2023-04-04T17:29:04.794+0000][gc,stringtable] GC(12) Cleaned string and symbol table, strings: 10642 processed, 0 removed, symbols: 59316 processed, 0 removed
[2023-04-04T17:29:04.794+0000][gc            ] GC(12) Pause Remark 138M->138M(256M) 3.958ms
[2023-04-04T17:29:04.794+0000][gc,cpu        ] GC(12) User=0.01s Sys=0.00s Real=0.00s
[2023-04-04T17:29:04.794+0000][gc,marking    ] GC(12) Concurrent Rebuild Remembered Sets
[2023-04-04T17:29:04.807+0000][gc,marking    ] GC(12) Concurrent Rebuild Remembered Sets 12.747ms
[2023-04-04T17:29:04.807+0000][gc,start      ] GC(12) Pause Cleanup
[2023-04-04T17:29:04.807+0000][gc            ] GC(12) Pause Cleanup 139M->139M(256M) 0.086ms
[2023-04-04T17:29:04.807+0000][gc,cpu        ] GC(12) User=0.00s Sys=0.00s Real=0.00s
[2023-04-04T17:29:04.807+0000][gc,marking    ] GC(12) Concurrent Cleanup for Next Mark
[2023-04-04T17:29:04.808+0000][gc,marking    ] GC(12) Concurrent Cleanup for Next Mark 0.661ms
[2023-04-04T17:29:04.808+0000][gc            ] GC(12) Concurrent Cycle 42.572ms
[2023-04-04T17:29:05.225+0000][gc,start      ] GC(13) Pause Young (Normal) (G1 Evacuation Pause)
[2023-04-04T17:29:05.225+0000][gc,task       ] GC(13) Using 1 workers of 1 for evacuation
[2023-04-04T17:29:05.239+0000][gc,phases     ] GC(13)   Pre Evacuate Collection Set: 0.0ms
[2023-04-04T17:29:05.239+0000][gc,phases     ] GC(13)   Evacuate Collection Set: 11.9ms
[2023-04-04T17:29:05.239+0000][gc,phases     ] GC(13)   Post Evacuate Collection Set: 2.8ms
[2023-04-04T17:29:05.239+0000][gc,phases     ] GC(13)   Other: 0.1ms
[2023-04-04T17:29:05.239+0000][gc,heap       ] GC(13) Eden regions: 10->0(10)
[2023-04-04T17:29:05.239+0000][gc,heap       ] GC(13) Survivor regions: 2->2(2)
[2023-04-04T17:29:05.239+0000][gc,heap       ] GC(13) Old regions: 8->9
[2023-04-04T17:29:05.239+0000][gc,heap       ] GC(13) Humongous regions: 129->129
[2023-04-04T17:29:05.239+0000][gc,metaspace  ] GC(13) Metaspace: 26754K(27776K)->26754K(27776K) NonClass: 23706K(24320K)->23706K(24320K) Class: 3047K(3456K)->3047K(3456K)
[2023-04-04T17:29:05.239+0000][gc            ] GC(13) Pause Young (Normal) (G1 Evacuation Pause) 147M->139M(256M) 14.886ms
[2023-04-04T17:29:05.239+0000][gc,cpu        ] GC(13) User=0.01s Sys=0.00s Real=0.01s
[2023-04-04T17:29:05.564+0000][gc,start      ] GC(14) Pause Young (Concurrent Start) (G1 Evacuation Pause)
[2023-04-04T17:29:05.564+0000][gc,task       ] GC(14) Using 1 workers of 1 for evacuation
[2023-04-04T17:29:05.575+0000][gc,phases     ] GC(14)   Pre Evacuate Collection Set: 0.1ms
[2023-04-04T17:29:05.575+0000][gc,phases     ] GC(14)   Evacuate Collection Set: 10.2ms
[2023-04-04T17:29:05.575+0000][gc,phases     ] GC(14)   Post Evacuate Collection Set: 0.1ms
[2023-04-04T17:29:05.575+0000][gc,phases     ] GC(14)   Other: 0.2ms
[2023-04-04T17:29:05.575+0000][gc,heap       ] GC(14) Eden regions: 10->0(10)
[2023-04-04T17:29:05.575+0000][gc,heap       ] GC(14) Survivor regions: 2->2(2)
[2023-04-04T17:29:05.575+0000][gc,heap       ] GC(14) Old regions: 9->11
[2023-04-04T17:29:05.575+0000][gc,heap       ] GC(14) Humongous regions: 129->129
[2023-04-04T17:29:05.575+0000][gc,metaspace  ] GC(14) Metaspace: 28791K(29824K)->28791K(29824K) NonClass: 25512K(26112K)->25512K(26112K) Class: 3278K(3712K)->3278K(3712K)
[2023-04-04T17:29:05.575+0000][gc            ] GC(14) Pause Young (Concurrent Start) (G1 Evacuation Pause) 149M->140M(256M) 10.685ms
[2023-04-04T17:29:05.575+0000][gc,cpu        ] GC(14) User=0.01s Sys=0.00s Real=0.01s
[2023-04-04T17:29:05.575+0000][gc            ] GC(15) Concurrent Cycle
[2023-04-04T17:29:05.575+0000][gc,marking    ] GC(15) Concurrent Clear Claimed Marks
[2023-04-04T17:29:05.575+0000][gc,marking    ] GC(15) Concurrent Clear Claimed Marks 0.045ms
[2023-04-04T17:29:05.575+0000][gc,marking    ] GC(15) Concurrent Scan Root Regions
[2023-04-04T17:29:05.576+0000][gc,marking    ] GC(15) Concurrent Scan Root Regions 1.202ms
[2023-04-04T17:29:05.576+0000][gc,marking    ] GC(15) Concurrent Mark (4.106s)
[2023-04-04T17:29:05.576+0000][gc,marking    ] GC(15) Concurrent Mark From Roots
[2023-04-04T17:29:05.576+0000][gc,task       ] GC(15) Using 1 workers of 1 for marking
[2023-04-04T17:29:05.605+0000][gc,marking    ] GC(15) Concurrent Mark From Roots 29.166ms
[2023-04-04T17:29:05.605+0000][gc,marking    ] GC(15) Concurrent Preclean
[2023-04-04T17:29:05.606+0000][gc,marking    ] GC(15) Concurrent Preclean 0.052ms
[2023-04-04T17:29:05.606+0000][gc,marking    ] GC(15) Concurrent Mark (4.106s, 4.135s) 29.269ms
[2023-04-04T17:29:05.607+0000][gc,start      ] GC(15) Pause Remark
[2023-04-04T17:29:05.611+0000][gc,stringtable] GC(15) Cleaned string and symbol table, strings: 13453 processed, 4 removed, symbols: 69014 processed, 10 removed
[2023-04-04T17:29:05.612+0000][gc            ] GC(15) Pause Remark 142M->142M(256M) 5.026ms
[2023-04-04T17:29:05.612+0000][gc,cpu        ] GC(15) User=0.00s Sys=0.00s Real=0.01s
[2023-04-04T17:29:05.612+0000][gc,marking    ] GC(15) Concurrent Rebuild Remembered Sets
[2023-04-04T17:29:05.627+0000][gc,marking    ] GC(15) Concurrent Rebuild Remembered Sets 15.427ms
[2023-04-04T17:29:05.629+0000][gc,start      ] GC(15) Pause Cleanup
[2023-04-04T17:29:05.629+0000][gc            ] GC(15) Pause Cleanup 142M->142M(256M) 0.074ms
[2023-04-04T17:29:05.629+0000][gc,cpu        ] GC(15) User=0.00s Sys=0.00s Real=0.00s
[2023-04-04T17:29:05.629+0000][gc,marking    ] GC(15) Concurrent Cleanup for Next Mark
[2023-04-04T17:29:05.634+0000][gc,marking    ] GC(15) Concurrent Cleanup for Next Mark 4.690ms
[2023-04-04T17:29:05.634+0000][gc            ] GC(15) Concurrent Cycle 59.024ms
[2023-04-04T17:29:05.846+0000][gc,start      ] GC(16) Pause Young (Normal) (G1 Evacuation Pause)
[2023-04-04T17:29:05.846+0000][gc,task       ] GC(16) Using 1 workers of 1 for evacuation
[2023-04-04T17:29:05.854+0000][gc,phases     ] GC(16)   Pre Evacuate Collection Set: 0.0ms
[2023-04-04T17:29:05.854+0000][gc,phases     ] GC(16)   Evacuate Collection Set: 8.0ms
[2023-04-04T17:29:05.854+0000][gc,phases     ] GC(16)   Post Evacuate Collection Set: 0.1ms
[2023-04-04T17:29:05.854+0000][gc,phases     ] GC(16)   Other: 0.1ms
[2023-04-04T17:29:05.854+0000][gc,heap       ] GC(16) Eden regions: 10->0(11)
[2023-04-04T17:29:05.854+0000][gc,heap       ] GC(16) Survivor regions: 2->1(2)
[2023-04-04T17:29:05.854+0000][gc,heap       ] GC(16) Old regions: 11->12
[2023-04-04T17:29:05.854+0000][gc,heap       ] GC(16) Humongous regions: 129->129
[2023-04-04T17:29:05.854+0000][gc,metaspace  ] GC(16) Metaspace: 31174K(32256K)->31174K(32256K) NonClass: 27705K(28416K)->27705K(28416K) Class: 3469K(3840K)->3469K(3840K)
[2023-04-04T17:29:05.854+0000][gc            ] GC(16) Pause Young (Normal) (G1 Evacuation Pause) 150M->141M(256M) 8.403ms
[2023-04-04T17:29:05.854+0000][gc,cpu        ] GC(16) User=0.01s Sys=0.00s Real=0.01s
[2023-04-04T17:29:06.231+0000][gc,start      ] GC(17) Pause Young (Concurrent Start) (G1 Evacuation Pause)
[2023-04-04T17:29:06.231+0000][gc,task       ] GC(17) Using 1 workers of 1 for evacuation
[2023-04-04T17:29:06.238+0000][gc,phases     ] GC(17)   Pre Evacuate Collection Set: 0.1ms
[2023-04-04T17:29:06.238+0000][gc,phases     ] GC(17)   Evacuate Collection Set: 6.2ms
[2023-04-04T17:29:06.238+0000][gc,phases     ] GC(17)   Post Evacuate Collection Set: 0.1ms
[2023-04-04T17:29:06.238+0000][gc,phases     ] GC(17)   Other: 0.2ms
[2023-04-04T17:29:06.238+0000][gc,heap       ] GC(17) Eden regions: 11->0(11)
[2023-04-04T17:29:06.238+0000][gc,heap       ] GC(17) Survivor regions: 1->2(2)
[2023-04-04T17:29:06.238+0000][gc,heap       ] GC(17) Old regions: 12->12
[2023-04-04T17:29:06.238+0000][gc,heap       ] GC(17) Humongous regions: 129->129
[2023-04-04T17:29:06.238+0000][gc,metaspace  ] GC(17) Metaspace: 33817K(35200K)->33817K(35200K) NonClass: 29959K(30720K)->29959K(30720K) Class: 3858K(4480K)->3858K(4480K)
[2023-04-04T17:29:06.238+0000][gc            ] GC(17) Pause Young (Concurrent Start) (G1 Evacuation Pause) 152M->141M(256M) 6.724ms
[2023-04-04T17:29:06.238+0000][gc,cpu        ] GC(17) User=0.01s Sys=0.00s Real=0.00s
[2023-04-04T17:29:06.238+0000][gc            ] GC(18) Concurrent Cycle
[2023-04-04T17:29:06.238+0000][gc,marking    ] GC(18) Concurrent Clear Claimed Marks
[2023-04-04T17:29:06.238+0000][gc,marking    ] GC(18) Concurrent Clear Claimed Marks 0.035ms
[2023-04-04T17:29:06.238+0000][gc,marking    ] GC(18) Concurrent Scan Root Regions
[2023-04-04T17:29:06.239+0000][gc,marking    ] GC(18) Concurrent Scan Root Regions 1.072ms
[2023-04-04T17:29:06.239+0000][gc,marking    ] GC(18) Concurrent Mark (4.769s)
[2023-04-04T17:29:06.239+0000][gc,marking    ] GC(18) Concurrent Mark From Roots
[2023-04-04T17:29:06.239+0000][gc,task       ] GC(18) Using 1 workers of 1 for marking
[2023-04-04T17:29:06.328+0000][gc,marking    ] GC(18) Concurrent Mark From Roots 88.386ms
[2023-04-04T17:29:06.328+0000][gc,marking    ] GC(18) Concurrent Preclean
[2023-04-04T17:29:06.328+0000][gc,marking    ] GC(18) Concurrent Preclean 0.054ms
[2023-04-04T17:29:06.328+0000][gc,marking    ] GC(18) Concurrent Mark (4.769s, 4.857s) 88.495ms
[2023-04-04T17:29:06.328+0000][gc,start      ] GC(18) Pause Remark
[2023-04-04T17:29:06.337+0000][gc,stringtable] GC(18) Cleaned string and symbol table, strings: 14344 processed, 2 removed, symbols: 79830 processed, 4 removed
[2023-04-04T17:29:06.337+0000][gc            ] GC(18) Pause Remark 143M->143M(256M) 8.941ms
[2023-04-04T17:29:06.337+0000][gc,cpu        ] GC(18) User=0.01s Sys=0.00s Real=0.01s
[2023-04-04T17:29:06.337+0000][gc,marking    ] GC(18) Concurrent Rebuild Remembered Sets
[2023-04-04T17:29:06.355+0000][gc,marking    ] GC(18) Concurrent Rebuild Remembered Sets 18.245ms
[2023-04-04T17:29:06.355+0000][gc,start      ] GC(18) Pause Cleanup
[2023-04-04T17:29:06.355+0000][gc            ] GC(18) Pause Cleanup 143M->143M(256M) 0.074ms
[2023-04-04T17:29:06.355+0000][gc,cpu        ] GC(18) User=0.00s Sys=0.00s Real=0.00s
[2023-04-04T17:29:06.355+0000][gc,marking    ] GC(18) Concurrent Cleanup for Next Mark
[2023-04-04T17:29:06.356+0000][gc,marking    ] GC(18) Concurrent Cleanup for Next Mark 0.647ms
[2023-04-04T17:29:06.356+0000][gc            ] GC(18) Concurrent Cycle 117.962ms
[2023-04-04T17:30:11.143+0000][gc,start      ] GC(19) Pause Young (Normal) (G1 Evacuation Pause)
[2023-04-04T17:30:11.143+0000][gc,task       ] GC(19) Using 1 workers of 1 for evacuation
[2023-04-04T17:30:11.160+0000][gc,phases     ] GC(19)   Pre Evacuate Collection Set: 0.0ms
[2023-04-04T17:30:11.160+0000][gc,phases     ] GC(19)   Evacuate Collection Set: 13.2ms
[2023-04-04T17:30:11.160+0000][gc,phases     ] GC(19)   Post Evacuate Collection Set: 3.6ms
[2023-04-04T17:30:11.160+0000][gc,phases     ] GC(19)   Other: 0.2ms
[2023-04-04T17:30:11.160+0000][gc,heap       ] GC(19) Eden regions: 10->0(12)
[2023-04-04T17:30:11.160+0000][gc,heap       ] GC(19) Survivor regions: 2->2(2)
[2023-04-04T17:30:11.160+0000][gc,heap       ] GC(19) Old regions: 12->13
[2023-04-04T17:30:11.160+0000][gc,heap       ] GC(19) Humongous regions: 129->129
[2023-04-04T17:30:11.160+0000][gc,metaspace  ] GC(19) Metaspace: 36164K(37760K)->36164K(37760K) NonClass: 31865K(32768K)->31865K(32768K) Class: 4299K(4992K)->4299K(4992K)
[2023-04-04T17:30:11.160+0000][gc            ] GC(19) Pause Young (Normal) (G1 Evacuation Pause) 151M->142M(256M) 17.054ms
[2023-04-04T17:30:11.160+0000][gc,cpu        ] GC(19) User=0.02s Sys=0.00s Real=0.01s
[2023-04-04T17:33:15.782+0000][gc,start      ] GC(20) Pause Young (Concurrent Start) (G1 Evacuation Pause)
[2023-04-04T17:33:15.783+0000][gc,task       ] GC(20) Using 1 workers of 1 for evacuation
[2023-04-04T17:33:15.791+0000][gc,phases     ] GC(20)   Pre Evacuate Collection Set: 0.1ms
[2023-04-04T17:33:15.791+0000][gc,phases     ] GC(20)   Evacuate Collection Set: 8.2ms
[2023-04-04T17:33:15.791+0000][gc,phases     ] GC(20)   Post Evacuate Collection Set: 0.2ms
[2023-04-04T17:33:15.791+0000][gc,phases     ] GC(20)   Other: 0.7ms
[2023-04-04T17:33:15.791+0000][gc,heap       ] GC(20) Eden regions: 12->0(11)
[2023-04-04T17:33:15.791+0000][gc,heap       ] GC(20) Survivor regions: 2->1(2)
[2023-04-04T17:33:15.791+0000][gc,heap       ] GC(20) Old regions: 13->13
[2023-04-04T17:33:15.791+0000][gc,heap       ] GC(20) Humongous regions: 129->129
[2023-04-04T17:33:15.791+0000][gc,metaspace  ] GC(20) Metaspace: 38014K(39808K)->38014K(39808K) NonClass: 33402K(34304K)->33402K(34304K) Class: 4612K(5504K)->4612K(5504K)
[2023-04-04T17:33:15.792+0000][gc            ] GC(20) Pause Young (Concurrent Start) (G1 Evacuation Pause) 154M->142M(256M) 9.321ms
[2023-04-04T17:33:15.792+0000][gc,cpu        ] GC(20) User=0.01s Sys=0.00s Real=0.01s
[2023-04-04T17:33:15.792+0000][gc            ] GC(21) Concurrent Cycle
[2023-04-04T17:33:15.792+0000][gc,marking    ] GC(21) Concurrent Clear Claimed Marks
[2023-04-04T17:33:15.793+0000][gc,marking    ] GC(21) Concurrent Clear Claimed Marks 1.462ms
[2023-04-04T17:33:15.793+0000][gc,marking    ] GC(21) Concurrent Scan Root Regions
[2023-04-04T17:33:15.794+0000][gc,marking    ] GC(21) Concurrent Scan Root Regions 1.335ms
[2023-04-04T17:33:15.794+0000][gc,marking    ] GC(21) Concurrent Mark (254.324s)
[2023-04-04T17:33:15.794+0000][gc,marking    ] GC(21) Concurrent Mark From Roots
[2023-04-04T17:33:15.795+0000][gc,task       ] GC(21) Using 1 workers of 1 for marking
[2023-04-04T17:33:15.827+0000][gc,marking    ] GC(21) Concurrent Mark From Roots 32.359ms
[2023-04-04T17:33:15.827+0000][gc,marking    ] GC(21) Concurrent Preclean
[2023-04-04T17:33:15.827+0000][gc,marking    ] GC(21) Concurrent Preclean 0.166ms
[2023-04-04T17:33:15.827+0000][gc,marking    ] GC(21) Concurrent Mark (254.324s, 254.356s) 32.582ms
[2023-04-04T17:33:15.834+0000][gc,start      ] GC(21) Pause Remark
[2023-04-04T17:33:15.867+0000][gc,stringtable] GC(21) Cleaned string and symbol table, strings: 14881 processed, 328 removed, symbols: 85013 processed, 5 removed
[2023-04-04T17:33:15.868+0000][gc,mmu        ] GC(21) MMU target violated: 21.0ms (20.0ms/21.0ms)
[2023-04-04T17:33:15.868+0000][gc            ] GC(21) Pause Remark 143M->143M(256M) 34.330ms
[2023-04-04T17:33:15.868+0000][gc,cpu        ] GC(21) User=0.01s Sys=0.00s Real=0.03s
[2023-04-04T17:33:15.868+0000][gc,marking    ] GC(21) Concurrent Rebuild Remembered Sets
[2023-04-04T17:33:15.889+0000][gc,marking    ] GC(21) Concurrent Rebuild Remembered Sets 20.588ms
[2023-04-04T17:33:15.889+0000][gc,start      ] GC(21) Pause Cleanup
[2023-04-04T17:33:15.889+0000][gc            ] GC(21) Pause Cleanup 143M->143M(256M) 0.096ms
[2023-04-04T17:33:15.889+0000][gc,cpu        ] GC(21) User=0.00s Sys=0.00s Real=0.00s
[2023-04-04T17:33:15.889+0000][gc,marking    ] GC(21) Concurrent Cleanup for Next Mark
[2023-04-04T17:33:15.891+0000][gc,marking    ] GC(21) Concurrent Cleanup for Next Mark 1.326ms
[2023-04-04T17:33:15.891+0000][gc            ] GC(21) Concurrent Cycle 99.030ms
[2023-04-04T17:37:42.494+0000][gc,start      ] GC(22) Pause Young (Normal) (G1 Evacuation Pause)
[2023-04-04T17:37:42.496+0000][gc,task       ] GC(22) Using 1 workers of 1 for evacuation
[2023-04-04T17:37:42.510+0000][gc,phases     ] GC(22)   Pre Evacuate Collection Set: 0.0ms
[2023-04-04T17:37:42.510+0000][gc,phases     ] GC(22)   Evacuate Collection Set: 14.0ms
[2023-04-04T17:37:42.510+0000][gc,phases     ] GC(22)   Post Evacuate Collection Set: 0.2ms
[2023-04-04T17:37:42.510+0000][gc,phases     ] GC(22)   Other: 3.7ms
[2023-04-04T17:37:42.510+0000][gc,heap       ] GC(22) Eden regions: 11->0(12)
[2023-04-04T17:37:42.510+0000][gc,heap       ] GC(22) Survivor regions: 1->2(2)
[2023-04-04T17:37:42.510+0000][gc,heap       ] GC(22) Old regions: 13->13
[2023-04-04T17:37:42.510+0000][gc,heap       ] GC(22) Humongous regions: 129->129
[2023-04-04T17:37:42.510+0000][gc,metaspace  ] GC(22) Metaspace: 38625K(40576K)->38625K(40576K) NonClass: 33983K(35072K)->33983K(35072K) Class: 4642K(5504K)->4642K(5504K)
[2023-04-04T17:37:42.510+0000][gc            ] GC(22) Pause Young (Normal) (G1 Evacuation Pause) 153M->143M(256M) 15.963ms
[2023-04-04T17:37:42.510+0000][gc,cpu        ] GC(22) User=0.02s Sys=0.00s Real=0.02s
[2023-04-04T17:37:47.265+0000][gc,heap,exit  ] Heap
[2023-04-04T17:37:47.265+0000][gc,heap,exit  ]  garbage-first heap   total 262144K, used 153908K [0x00000000f0000000, 0x0000000100000000)
[2023-04-04T17:37:47.265+0000][gc,heap,exit  ]   region size 1024K, 10 young (10240K), 2 survivors (2048K)
[2023-04-04T17:37:47.265+0000][gc,heap,exit  ]  Metaspace       used 39292K, capacity 41139K, committed 41344K, reserved 1085440K
[2023-04-04T17:37:47.265+0000][gc,heap,exit  ]   class space    used 4803K, capacity 5667K, committed 5760K, reserved 1048576K
