[2023-04-04T16:55:09.193+0000][gc,heap] Heap region size: 1M
[2023-04-04T16:55:09.196+0000][gc     ] Using G1
[2023-04-04T16:55:09.196+0000][gc,heap,coops] Heap address: 0x00000000f0000000, size: 256 MB, Compressed Oops mode: 32-bit
[2023-04-04T16:55:09.976+0000][gc,start     ] GC(0) Pause Young (Normal) (G1 Evacuation Pause)
[2023-04-04T16:55:09.976+0000][gc,task      ] GC(0) Using 1 workers of 1 for evacuation
[2023-04-04T16:55:09.986+0000][gc,phases    ] GC(0)   Pre Evacuate Collection Set: 0.0ms
[2023-04-04T16:55:09.986+0000][gc,phases    ] GC(0)   Evacuate Collection Set: 9.9ms
[2023-04-04T16:55:09.986+0000][gc,phases    ] GC(0)   Post Evacuate Collection Set: 0.2ms
[2023-04-04T16:55:09.986+0000][gc,phases    ] GC(0)   Other: 0.1ms
[2023-04-04T16:55:09.986+0000][gc,heap      ] GC(0) Eden regions: 12->0(10)
[2023-04-04T16:55:09.986+0000][gc,heap      ] GC(0) Survivor regions: 0->2(2)
[2023-04-04T16:55:09.986+0000][gc,heap      ] GC(0) Old regions: 0->4
[2023-04-04T16:55:09.986+0000][gc,heap      ] GC(0) Humongous regions: 0->0
[2023-04-04T16:55:09.986+0000][gc,metaspace ] GC(0) Metaspace: 5359K(5888K)->5359K(5888K) NonClass: 4784K(5120K)->4784K(5120K) Class: 575K(768K)->575K(768K)
[2023-04-04T16:55:09.986+0000][gc           ] GC(0) Pause Young (Normal) (G1 Evacuation Pause) 12M->5M(256M) 10.258ms
[2023-04-04T16:55:09.986+0000][gc,cpu       ] GC(0) User=0.00s Sys=0.00s Real=0.01s
[2023-04-04T16:55:10.424+0000][gc,start     ] GC(1) Pause Young (Normal) (G1 Evacuation Pause)
[2023-04-04T16:55:10.424+0000][gc,task      ] GC(1) Using 1 workers of 1 for evacuation
[2023-04-04T16:55:10.431+0000][gc,phases    ] GC(1)   Pre Evacuate Collection Set: 0.0ms
[2023-04-04T16:55:10.431+0000][gc,phases    ] GC(1)   Evacuate Collection Set: 7.1ms
[2023-04-04T16:55:10.431+0000][gc,phases    ] GC(1)   Post Evacuate Collection Set: 0.1ms
[2023-04-04T16:55:10.431+0000][gc,phases    ] GC(1)   Other: 0.1ms
[2023-04-04T16:55:10.431+0000][gc,heap      ] GC(1) Eden regions: 10->0(10)
[2023-04-04T16:55:10.431+0000][gc,heap      ] GC(1) Survivor regions: 2->2(2)
[2023-04-04T16:55:10.431+0000][gc,heap      ] GC(1) Old regions: 4->5
[2023-04-04T16:55:10.431+0000][gc,heap      ] GC(1) Humongous regions: 0->0
[2023-04-04T16:55:10.431+0000][gc,metaspace ] GC(1) Metaspace: 7821K(8320K)->7821K(8320K) NonClass: 6901K(7168K)->6901K(7168K) Class: 919K(1152K)->919K(1152K)
[2023-04-04T16:55:10.431+0000][gc           ] GC(1) Pause Young (Normal) (G1 Evacuation Pause) 15M->5M(256M) 7.420ms
[2023-04-04T16:55:10.431+0000][gc,cpu       ] GC(1) User=0.00s Sys=0.00s Real=0.01s
[2023-04-04T16:55:10.677+0000][gc,start     ] GC(2) Pause Young (Normal) (G1 Evacuation Pause)
[2023-04-04T16:55:10.677+0000][gc,task      ] GC(2) Using 1 workers of 1 for evacuation
[2023-04-04T16:55:10.682+0000][gc,phases    ] GC(2)   Pre Evacuate Collection Set: 0.0ms
[2023-04-04T16:55:10.682+0000][gc,phases    ] GC(2)   Evacuate Collection Set: 4.3ms
[2023-04-04T16:55:10.682+0000][gc,phases    ] GC(2)   Post Evacuate Collection Set: 0.1ms
[2023-04-04T16:55:10.682+0000][gc,phases    ] GC(2)   Other: 0.1ms
[2023-04-04T16:55:10.682+0000][gc,heap      ] GC(2) Eden regions: 10->0(11)
[2023-04-04T16:55:10.682+0000][gc,heap      ] GC(2) Survivor regions: 2->1(2)
[2023-04-04T16:55:10.682+0000][gc,heap      ] GC(2) Old regions: 5->6
[2023-04-04T16:55:10.682+0000][gc,heap      ] GC(2) Humongous regions: 0->0
[2023-04-04T16:55:10.682+0000][gc,metaspace ] GC(2) Metaspace: 10770K(11264K)->10770K(11264K) NonClass: 9440K(9728K)->9440K(9728K) Class: 1329K(1536K)->1329K(1536K)
[2023-04-04T16:55:10.682+0000][gc           ] GC(2) Pause Young (Normal) (G1 Evacuation Pause) 15M->6M(256M) 4.591ms
[2023-04-04T16:55:10.682+0000][gc,cpu       ] GC(2) User=0.01s Sys=0.00s Real=0.01s
[2023-04-04T16:55:11.008+0000][gc,start     ] GC(3) Pause Young (Normal) (G1 Evacuation Pause)
[2023-04-04T16:55:11.008+0000][gc,task      ] GC(3) Using 1 workers of 1 for evacuation
[2023-04-04T16:55:11.011+0000][gc,phases    ] GC(3)   Pre Evacuate Collection Set: 0.0ms
[2023-04-04T16:55:11.011+0000][gc,phases    ] GC(3)   Evacuate Collection Set: 2.6ms
[2023-04-04T16:55:11.011+0000][gc,phases    ] GC(3)   Post Evacuate Collection Set: 0.1ms
[2023-04-04T16:55:11.011+0000][gc,phases    ] GC(3)   Other: 0.1ms
[2023-04-04T16:55:11.011+0000][gc,heap      ] GC(3) Eden regions: 11->0(11)
[2023-04-04T16:55:11.011+0000][gc,heap      ] GC(3) Survivor regions: 1->1(2)
[2023-04-04T16:55:11.011+0000][gc,heap      ] GC(3) Old regions: 6->6
[2023-04-04T16:55:11.011+0000][gc,heap      ] GC(3) Humongous regions: 0->0
[2023-04-04T16:55:11.011+0000][gc,metaspace ] GC(3) Metaspace: 13792K(14464K)->13792K(14464K) NonClass: 12100K(12544K)->12100K(12544K) Class: 1692K(1920K)->1692K(1920K)
[2023-04-04T16:55:11.011+0000][gc           ] GC(3) Pause Young (Normal) (G1 Evacuation Pause) 17M->6M(256M) 2.883ms
[2023-04-04T16:55:11.011+0000][gc,cpu       ] GC(3) User=0.00s Sys=0.00s Real=0.01s
[2023-04-04T16:55:11.338+0000][gc,start     ] GC(4) Pause Young (Normal) (G1 Evacuation Pause)
[2023-04-04T16:55:11.339+0000][gc,task      ] GC(4) Using 1 workers of 1 for evacuation
[2023-04-04T16:55:11.342+0000][gc,phases    ] GC(4)   Pre Evacuate Collection Set: 0.0ms
[2023-04-04T16:55:11.342+0000][gc,phases    ] GC(4)   Evacuate Collection Set: 3.7ms
[2023-04-04T16:55:11.342+0000][gc,phases    ] GC(4)   Post Evacuate Collection Set: 0.1ms
[2023-04-04T16:55:11.342+0000][gc,phases    ] GC(4)   Other: 0.1ms
[2023-04-04T16:55:11.342+0000][gc,heap      ] GC(4) Eden regions: 11->0(11)
[2023-04-04T16:55:11.342+0000][gc,heap      ] GC(4) Survivor regions: 1->1(2)
[2023-04-04T16:55:11.343+0000][gc,heap      ] GC(4) Old regions: 6->6
[2023-04-04T16:55:11.343+0000][gc,heap      ] GC(4) Humongous regions: 0->0
[2023-04-04T16:55:11.343+0000][gc,metaspace ] GC(4) Metaspace: 16647K(17408K)->16647K(17408K) NonClass: 14645K(15104K)->14645K(15104K) Class: 2001K(2304K)->2001K(2304K)
[2023-04-04T16:55:11.343+0000][gc           ] GC(4) Pause Young (Normal) (G1 Evacuation Pause) 17M->6M(256M) 4.046ms
[2023-04-04T16:55:11.343+0000][gc,cpu       ] GC(4) User=0.01s Sys=0.00s Real=0.01s
[2023-04-04T16:55:11.589+0000][gc,start     ] GC(5) Pause Young (Normal) (G1 Evacuation Pause)
[2023-04-04T16:55:11.589+0000][gc,task      ] GC(5) Using 1 workers of 1 for evacuation
[2023-04-04T16:55:11.593+0000][gc,phases    ] GC(5)   Pre Evacuate Collection Set: 0.0ms
[2023-04-04T16:55:11.593+0000][gc,phases    ] GC(5)   Evacuate Collection Set: 3.8ms
[2023-04-04T16:55:11.593+0000][gc,phases    ] GC(5)   Post Evacuate Collection Set: 0.1ms
[2023-04-04T16:55:11.593+0000][gc,phases    ] GC(5)   Other: 0.1ms
[2023-04-04T16:55:11.593+0000][gc,heap      ] GC(5) Eden regions: 11->0(10)
[2023-04-04T16:55:11.593+0000][gc,heap      ] GC(5) Survivor regions: 1->2(2)
[2023-04-04T16:55:11.593+0000][gc,heap      ] GC(5) Old regions: 6->6
[2023-04-04T16:55:11.593+0000][gc,heap      ] GC(5) Humongous regions: 0->0
[2023-04-04T16:55:11.593+0000][gc,metaspace ] GC(5) Metaspace: 19546K(20352K)->19546K(20352K) NonClass: 17182K(17664K)->17182K(17664K) Class: 2363K(2688K)->2363K(2688K)
[2023-04-04T16:55:11.593+0000][gc           ] GC(5) Pause Young (Normal) (G1 Evacuation Pause) 17M->7M(256M) 4.121ms
[2023-04-04T16:55:11.593+0000][gc,cpu       ] GC(5) User=0.01s Sys=0.00s Real=0.00s
[2023-04-04T16:55:11.788+0000][gc,start     ] GC(6) Pause Young (Concurrent Start) (Metadata GC Threshold)
[2023-04-04T16:55:11.788+0000][gc,task      ] GC(6) Using 1 workers of 1 for evacuation
[2023-04-04T16:55:11.793+0000][gc,phases    ] GC(6)   Pre Evacuate Collection Set: 0.0ms
[2023-04-04T16:55:11.793+0000][gc,phases    ] GC(6)   Evacuate Collection Set: 5.0ms
[2023-04-04T16:55:11.793+0000][gc,phases    ] GC(6)   Post Evacuate Collection Set: 0.1ms
[2023-04-04T16:55:11.793+0000][gc,phases    ] GC(6)   Other: 0.2ms
[2023-04-04T16:55:11.793+0000][gc,heap      ] GC(6) Eden regions: 4->0(11)
[2023-04-04T16:55:11.793+0000][gc,heap      ] GC(6) Survivor regions: 2->1(2)
[2023-04-04T16:55:11.793+0000][gc,heap      ] GC(6) Old regions: 6->7
[2023-04-04T16:55:11.793+0000][gc,heap      ] GC(6) Humongous regions: 0->0
[2023-04-04T16:55:11.793+0000][gc,metaspace ] GC(6) Metaspace: 20508K(21248K)->20508K(21248K) NonClass: 18009K(18432K)->18009K(18432K) Class: 2499K(2816K)->2499K(2816K)
[2023-04-04T16:55:11.793+0000][gc           ] GC(6) Pause Young (Concurrent Start) (Metadata GC Threshold) 11M->7M(256M) 5.361ms
[2023-04-04T16:55:11.793+0000][gc,cpu       ] GC(6) User=0.01s Sys=0.00s Real=0.01s
[2023-04-04T16:55:11.793+0000][gc           ] GC(7) Concurrent Cycle
[2023-04-04T16:55:11.793+0000][gc,marking   ] GC(7) Concurrent Clear Claimed Marks
[2023-04-04T16:55:11.793+0000][gc,marking   ] GC(7) Concurrent Clear Claimed Marks 0.018ms
[2023-04-04T16:55:11.793+0000][gc,marking   ] GC(7) Concurrent Scan Root Regions
[2023-04-04T16:55:11.794+0000][gc,marking   ] GC(7) Concurrent Scan Root Regions 0.728ms
[2023-04-04T16:55:11.794+0000][gc,marking   ] GC(7) Concurrent Mark (2.605s)
[2023-04-04T16:55:11.794+0000][gc,marking   ] GC(7) Concurrent Mark From Roots
[2023-04-04T16:55:11.794+0000][gc,task      ] GC(7) Using 1 workers of 1 for marking
[2023-04-04T16:55:11.811+0000][gc,marking   ] GC(7) Concurrent Mark From Roots 16.326ms
[2023-04-04T16:55:11.811+0000][gc,marking   ] GC(7) Concurrent Preclean
[2023-04-04T16:55:11.811+0000][gc,marking   ] GC(7) Concurrent Preclean 0.049ms
[2023-04-04T16:55:11.811+0000][gc,marking   ] GC(7) Concurrent Mark (2.605s, 2.621s) 16.413ms
[2023-04-04T16:55:11.811+0000][gc,start     ] GC(7) Pause Remark
[2023-04-04T16:55:11.815+0000][gc,stringtable] GC(7) Cleaned string and symbol table, strings: 8790 processed, 7 removed, symbols: 49756 processed, 42 removed
[2023-04-04T16:55:11.815+0000][gc            ] GC(7) Pause Remark 8M->8M(256M) 3.875ms
[2023-04-04T16:55:11.815+0000][gc,cpu        ] GC(7) User=0.00s Sys=0.00s Real=0.00s
[2023-04-04T16:55:11.815+0000][gc,marking    ] GC(7) Concurrent Rebuild Remembered Sets
[2023-04-04T16:55:11.831+0000][gc,marking    ] GC(7) Concurrent Rebuild Remembered Sets 16.077ms
[2023-04-04T16:55:11.831+0000][gc,start      ] GC(7) Pause Cleanup
[2023-04-04T16:55:11.831+0000][gc            ] GC(7) Pause Cleanup 8M->8M(256M) 0.078ms
[2023-04-04T16:55:11.831+0000][gc,cpu        ] GC(7) User=0.00s Sys=0.00s Real=0.00s
[2023-04-04T16:55:11.831+0000][gc,marking    ] GC(7) Concurrent Cleanup for Next Mark
[2023-04-04T16:55:11.839+0000][gc,marking    ] GC(7) Concurrent Cleanup for Next Mark 8.015ms
[2023-04-04T16:55:11.839+0000][gc            ] GC(7) Concurrent Cycle 45.860ms
[2023-04-04T16:55:12.167+0000][gc,start      ] GC(8) Pause Young (Concurrent Start) (G1 Humongous Allocation)
[2023-04-04T16:55:12.167+0000][gc,task       ] GC(8) Using 1 workers of 1 for evacuation
[2023-04-04T16:55:12.177+0000][gc,phases     ] GC(8)   Pre Evacuate Collection Set: 0.1ms
[2023-04-04T16:55:12.177+0000][gc,phases     ] GC(8)   Evacuate Collection Set: 4.9ms
[2023-04-04T16:55:12.177+0000][gc,phases     ] GC(8)   Post Evacuate Collection Set: 5.0ms
[2023-04-04T16:55:12.177+0000][gc,phases     ] GC(8)   Other: 0.1ms
[2023-04-04T16:55:12.177+0000][gc,heap       ] GC(8) Eden regions: 10->0(10)
[2023-04-04T16:55:12.177+0000][gc,heap       ] GC(8) Survivor regions: 1->2(2)
[2023-04-04T16:55:12.177+0000][gc,heap       ] GC(8) Old regions: 7->7
[2023-04-04T16:55:12.177+0000][gc,heap       ] GC(8) Humongous regions: 0->0
[2023-04-04T16:55:12.177+0000][gc,metaspace  ] GC(8) Metaspace: 22549K(23424K)->22549K(23424K) NonClass: 19747K(20224K)->19747K(20224K) Class: 2801K(3200K)->2801K(3200K)
[2023-04-04T16:55:12.177+0000][gc            ] GC(8) Pause Young (Concurrent Start) (G1 Humongous Allocation) 17M->7M(256M) 10.203ms
[2023-04-04T16:55:12.177+0000][gc,cpu        ] GC(8) User=0.01s Sys=0.00s Real=0.01s
[2023-04-04T16:55:12.177+0000][gc            ] GC(9) Concurrent Cycle
[2023-04-04T16:55:12.177+0000][gc,marking    ] GC(9) Concurrent Clear Claimed Marks
[2023-04-04T16:55:12.177+0000][gc,marking    ] GC(9) Concurrent Clear Claimed Marks 0.022ms
[2023-04-04T16:55:12.177+0000][gc,marking    ] GC(9) Concurrent Scan Root Regions
[2023-04-04T16:55:12.178+0000][gc,marking    ] GC(9) Concurrent Scan Root Regions 1.121ms
[2023-04-04T16:55:12.178+0000][gc,marking    ] GC(9) Concurrent Mark (2.989s)
[2023-04-04T16:55:12.178+0000][gc,marking    ] GC(9) Concurrent Mark From Roots
[2023-04-04T16:55:12.178+0000][gc,task       ] GC(9) Using 1 workers of 1 for marking
[2023-04-04T16:55:12.191+0000][gc,marking    ] GC(9) Concurrent Mark From Roots 13.007ms
[2023-04-04T16:55:12.191+0000][gc,marking    ] GC(9) Concurrent Preclean
[2023-04-04T16:55:12.191+0000][gc,marking    ] GC(9) Concurrent Preclean 0.043ms
[2023-04-04T16:55:12.191+0000][gc,marking    ] GC(9) Concurrent Mark (2.989s, 3.002s) 13.112ms
[2023-04-04T16:55:12.303+0000][gc,start      ] GC(9) Pause Remark
[2023-04-04T16:55:12.307+0000][gc,stringtable] GC(9) Cleaned string and symbol table, strings: 9552 processed, 3 removed, symbols: 55070 processed, 3 removed
[2023-04-04T16:55:12.307+0000][gc            ] GC(9) Pause Remark 136M->136M(256M) 4.087ms
[2023-04-04T16:55:12.307+0000][gc,cpu        ] GC(9) User=0.01s Sys=0.00s Real=0.00s
[2023-04-04T16:55:12.307+0000][gc,marking    ] GC(9) Concurrent Rebuild Remembered Sets
[2023-04-04T16:55:12.312+0000][gc,marking    ] GC(9) Concurrent Rebuild Remembered Sets 5.109ms
[2023-04-04T16:55:12.312+0000][gc,start      ] GC(9) Pause Cleanup
[2023-04-04T16:55:12.312+0000][gc            ] GC(9) Pause Cleanup 136M->136M(256M) 0.060ms
[2023-04-04T16:55:12.312+0000][gc,cpu        ] GC(9) User=0.00s Sys=0.00s Real=0.00s
[2023-04-04T16:55:12.312+0000][gc,marking    ] GC(9) Concurrent Cleanup for Next Mark
[2023-04-04T16:55:12.326+0000][gc,marking    ] GC(9) Concurrent Cleanup for Next Mark 14.365ms
[2023-04-04T16:55:12.326+0000][gc            ] GC(9) Concurrent Cycle 149.410ms
[2023-04-04T16:55:12.499+0000][gc,start      ] GC(10) Pause Young (Normal) (G1 Evacuation Pause)
[2023-04-04T16:55:12.499+0000][gc,task       ] GC(10) Using 1 workers of 1 for evacuation
[2023-04-04T16:55:12.504+0000][gc,phases     ] GC(10)   Pre Evacuate Collection Set: 0.0ms
[2023-04-04T16:55:12.504+0000][gc,phases     ] GC(10)   Evacuate Collection Set: 5.5ms
[2023-04-04T16:55:12.504+0000][gc,phases     ] GC(10)   Post Evacuate Collection Set: 0.1ms
[2023-04-04T16:55:12.504+0000][gc,phases     ] GC(10)   Other: 0.1ms
[2023-04-04T16:55:12.504+0000][gc,heap       ] GC(10) Eden regions: 10->0(10)
[2023-04-04T16:55:12.504+0000][gc,heap       ] GC(10) Survivor regions: 2->2(2)
[2023-04-04T16:55:12.504+0000][gc,heap       ] GC(10) Old regions: 7->7
[2023-04-04T16:55:12.504+0000][gc,heap       ] GC(10) Humongous regions: 129->129
[2023-04-04T16:55:12.504+0000][gc,metaspace  ] GC(10) Metaspace: 24466K(25344K)->24466K(25344K) NonClass: 21478K(22016K)->21478K(22016K) Class: 2987K(3328K)->2987K(3328K)
[2023-04-04T16:55:12.504+0000][gc            ] GC(10) Pause Young (Normal) (G1 Evacuation Pause) 146M->137M(256M) 5.841ms
[2023-04-04T16:55:12.504+0000][gc,cpu        ] GC(10) User=0.00s Sys=0.00s Real=0.01s
[2023-04-04T16:55:12.655+0000][gc,start      ] GC(11) Pause Young (Concurrent Start) (G1 Evacuation Pause)
[2023-04-04T16:55:12.655+0000][gc,task       ] GC(11) Using 1 workers of 1 for evacuation
[2023-04-04T16:55:12.661+0000][gc,phases     ] GC(11)   Pre Evacuate Collection Set: 0.1ms
[2023-04-04T16:55:12.661+0000][gc,phases     ] GC(11)   Evacuate Collection Set: 5.5ms
[2023-04-04T16:55:12.661+0000][gc,phases     ] GC(11)   Post Evacuate Collection Set: 0.1ms
[2023-04-04T16:55:12.661+0000][gc,phases     ] GC(11)   Other: 0.2ms
[2023-04-04T16:55:12.661+0000][gc,heap       ] GC(11) Eden regions: 10->0(10)
[2023-04-04T16:55:12.661+0000][gc,heap       ] GC(11) Survivor regions: 2->2(2)
[2023-04-04T16:55:12.661+0000][gc,heap       ] GC(11) Old regions: 7->8
[2023-04-04T16:55:12.661+0000][gc,heap       ] GC(11) Humongous regions: 129->129
[2023-04-04T16:55:12.661+0000][gc,metaspace  ] GC(11) Metaspace: 27032K(28032K)->27032K(28032K) NonClass: 23906K(24576K)->23906K(24576K) Class: 3125K(3456K)->3125K(3456K)
[2023-04-04T16:55:12.661+0000][gc            ] GC(11) Pause Young (Concurrent Start) (G1 Evacuation Pause) 147M->137M(256M) 5.910ms
[2023-04-04T16:55:12.661+0000][gc,cpu        ] GC(11) User=0.00s Sys=0.00s Real=0.01s
[2023-04-04T16:55:12.661+0000][gc            ] GC(12) Concurrent Cycle
[2023-04-04T16:55:12.661+0000][gc,marking    ] GC(12) Concurrent Clear Claimed Marks
[2023-04-04T16:55:12.661+0000][gc,marking    ] GC(12) Concurrent Clear Claimed Marks 0.022ms
[2023-04-04T16:55:12.661+0000][gc,marking    ] GC(12) Concurrent Scan Root Regions
[2023-04-04T16:55:12.662+0000][gc,marking    ] GC(12) Concurrent Scan Root Regions 0.504ms
[2023-04-04T16:55:12.662+0000][gc,marking    ] GC(12) Concurrent Mark (3.473s)
[2023-04-04T16:55:12.662+0000][gc,marking    ] GC(12) Concurrent Mark From Roots
[2023-04-04T16:55:12.662+0000][gc,task       ] GC(12) Using 1 workers of 1 for marking
[2023-04-04T16:55:12.678+0000][gc,marking    ] GC(12) Concurrent Mark From Roots 16.512ms
[2023-04-04T16:55:12.679+0000][gc,marking    ] GC(12) Concurrent Preclean
[2023-04-04T16:55:12.679+0000][gc,marking    ] GC(12) Concurrent Preclean 0.042ms
[2023-04-04T16:55:12.679+0000][gc,marking    ] GC(12) Concurrent Mark (3.473s, 3.489s) 16.591ms
[2023-04-04T16:55:12.679+0000][gc,start      ] GC(12) Pause Remark
[2023-04-04T16:55:12.683+0000][gc,stringtable] GC(12) Cleaned string and symbol table, strings: 10821 processed, 2 removed, symbols: 62641 processed, 0 removed
[2023-04-04T16:55:12.683+0000][gc            ] GC(12) Pause Remark 138M->138M(256M) 4.021ms
[2023-04-04T16:55:12.683+0000][gc,cpu        ] GC(12) User=0.01s Sys=0.00s Real=0.01s
[2023-04-04T16:55:12.683+0000][gc,marking    ] GC(12) Concurrent Rebuild Remembered Sets
[2023-04-04T16:55:12.700+0000][gc,marking    ] GC(12) Concurrent Rebuild Remembered Sets 17.226ms
[2023-04-04T16:55:12.703+0000][gc,start      ] GC(12) Pause Cleanup
[2023-04-04T16:55:12.703+0000][gc            ] GC(12) Pause Cleanup 139M->139M(256M) 0.064ms
[2023-04-04T16:55:12.703+0000][gc,cpu        ] GC(12) User=0.00s Sys=0.00s Real=0.00s
[2023-04-04T16:55:12.703+0000][gc,marking    ] GC(12) Concurrent Cleanup for Next Mark
[2023-04-04T16:55:12.703+0000][gc,marking    ] GC(12) Concurrent Cleanup for Next Mark 0.678ms
[2023-04-04T16:55:12.703+0000][gc            ] GC(12) Concurrent Cycle 42.096ms
[2023-04-04T16:55:13.140+0000][gc,start      ] GC(13) Pause Young (Normal) (G1 Evacuation Pause)
[2023-04-04T16:55:13.140+0000][gc,task       ] GC(13) Using 1 workers of 1 for evacuation
[2023-04-04T16:55:13.152+0000][gc,phases     ] GC(13)   Pre Evacuate Collection Set: 0.0ms
[2023-04-04T16:55:13.152+0000][gc,phases     ] GC(13)   Evacuate Collection Set: 11.9ms
[2023-04-04T16:55:13.152+0000][gc,phases     ] GC(13)   Post Evacuate Collection Set: 0.1ms
[2023-04-04T16:55:13.152+0000][gc,phases     ] GC(13)   Other: 0.1ms
[2023-04-04T16:55:13.152+0000][gc,heap       ] GC(13) Eden regions: 10->0(10)
[2023-04-04T16:55:13.152+0000][gc,heap       ] GC(13) Survivor regions: 2->2(2)
[2023-04-04T16:55:13.152+0000][gc,heap       ] GC(13) Old regions: 8->9
[2023-04-04T16:55:13.152+0000][gc,heap       ] GC(13) Humongous regions: 129->129
[2023-04-04T16:55:13.152+0000][gc,metaspace  ] GC(13) Metaspace: 28349K(29312K)->28349K(29312K) NonClass: 25076K(25600K)->25076K(25600K) Class: 3273K(3712K)->3273K(3712K)
[2023-04-04T16:55:13.152+0000][gc            ] GC(13) Pause Young (Normal) (G1 Evacuation Pause) 147M->139M(256M) 12.282ms
[2023-04-04T16:55:13.152+0000][gc,cpu        ] GC(13) User=0.01s Sys=0.00s Real=0.02s
[2023-04-04T16:55:13.470+0000][gc,start      ] GC(14) Pause Young (Concurrent Start) (G1 Evacuation Pause)
[2023-04-04T16:55:13.470+0000][gc,task       ] GC(14) Using 1 workers of 1 for evacuation
[2023-04-04T16:55:13.480+0000][gc,phases     ] GC(14)   Pre Evacuate Collection Set: 0.1ms
[2023-04-04T16:55:13.480+0000][gc,phases     ] GC(14)   Evacuate Collection Set: 9.5ms
[2023-04-04T16:55:13.480+0000][gc,phases     ] GC(14)   Post Evacuate Collection Set: 0.1ms
[2023-04-04T16:55:13.480+0000][gc,phases     ] GC(14)   Other: 0.2ms
[2023-04-04T16:55:13.480+0000][gc,heap       ] GC(14) Eden regions: 10->0(11)
[2023-04-04T16:55:13.480+0000][gc,heap       ] GC(14) Survivor regions: 2->1(2)
[2023-04-04T16:55:13.480+0000][gc,heap       ] GC(14) Old regions: 9->11
[2023-04-04T16:55:13.480+0000][gc,heap       ] GC(14) Humongous regions: 129->129
[2023-04-04T16:55:13.480+0000][gc,metaspace  ] GC(14) Metaspace: 30354K(31360K)->30354K(31360K) NonClass: 26856K(27392K)->26856K(27392K) Class: 3498K(3968K)->3498K(3968K)
[2023-04-04T16:55:13.480+0000][gc            ] GC(14) Pause Young (Concurrent Start) (G1 Evacuation Pause) 149M->140M(256M) 9.966ms
[2023-04-04T16:55:13.480+0000][gc,cpu        ] GC(14) User=0.01s Sys=0.00s Real=0.00s
[2023-04-04T16:55:13.480+0000][gc            ] GC(15) Concurrent Cycle
[2023-04-04T16:55:13.480+0000][gc,marking    ] GC(15) Concurrent Clear Claimed Marks
[2023-04-04T16:55:13.480+0000][gc,marking    ] GC(15) Concurrent Clear Claimed Marks 0.026ms
[2023-04-04T16:55:13.480+0000][gc,marking    ] GC(15) Concurrent Scan Root Regions
[2023-04-04T16:55:13.482+0000][gc,marking    ] GC(15) Concurrent Scan Root Regions 1.391ms
[2023-04-04T16:55:13.482+0000][gc,marking    ] GC(15) Concurrent Mark (4.292s)
[2023-04-04T16:55:13.482+0000][gc,marking    ] GC(15) Concurrent Mark From Roots
[2023-04-04T16:55:13.482+0000][gc,task       ] GC(15) Using 1 workers of 1 for marking
[2023-04-04T16:55:13.528+0000][gc,marking    ] GC(15) Concurrent Mark From Roots 46.515ms
[2023-04-04T16:55:13.528+0000][gc,marking    ] GC(15) Concurrent Preclean
[2023-04-04T16:55:13.528+0000][gc,marking    ] GC(15) Concurrent Preclean 0.053ms
[2023-04-04T16:55:13.528+0000][gc,marking    ] GC(15) Concurrent Mark (4.292s, 4.339s) 46.609ms
[2023-04-04T16:55:13.529+0000][gc,start      ] GC(15) Pause Remark
[2023-04-04T16:55:13.534+0000][gc,stringtable] GC(15) Cleaned string and symbol table, strings: 12355 processed, 5 removed, symbols: 69019 processed, 8 removed
[2023-04-04T16:55:13.534+0000][gc            ] GC(15) Pause Remark 141M->141M(256M) 5.127ms
[2023-04-04T16:55:13.534+0000][gc,cpu        ] GC(15) User=0.01s Sys=0.00s Real=0.01s
[2023-04-04T16:55:13.534+0000][gc,marking    ] GC(15) Concurrent Rebuild Remembered Sets
[2023-04-04T16:55:13.549+0000][gc,marking    ] GC(15) Concurrent Rebuild Remembered Sets 14.982ms
[2023-04-04T16:55:13.551+0000][gc,start      ] GC(15) Pause Cleanup
[2023-04-04T16:55:13.551+0000][gc            ] GC(15) Pause Cleanup 141M->141M(256M) 0.087ms
[2023-04-04T16:55:13.551+0000][gc,cpu        ] GC(15) User=0.00s Sys=0.00s Real=0.00s
[2023-04-04T16:55:13.551+0000][gc,marking    ] GC(15) Concurrent Cleanup for Next Mark
[2023-04-04T16:55:13.553+0000][gc,marking    ] GC(15) Concurrent Cleanup for Next Mark 2.688ms
[2023-04-04T16:55:13.553+0000][gc            ] GC(15) Concurrent Cycle 73.277ms
[2023-04-04T16:55:13.837+0000][gc,start      ] GC(16) Pause Young (Normal) (G1 Evacuation Pause)
[2023-04-04T16:55:13.837+0000][gc,task       ] GC(16) Using 1 workers of 1 for evacuation
[2023-04-04T16:55:13.846+0000][gc,phases     ] GC(16)   Pre Evacuate Collection Set: 0.0ms
[2023-04-04T16:55:13.846+0000][gc,phases     ] GC(16)   Evacuate Collection Set: 7.4ms
[2023-04-04T16:55:13.846+0000][gc,phases     ] GC(16)   Post Evacuate Collection Set: 1.3ms
[2023-04-04T16:55:13.846+0000][gc,phases     ] GC(16)   Other: 0.1ms
[2023-04-04T16:55:13.846+0000][gc,heap       ] GC(16) Eden regions: 11->0(10)
[2023-04-04T16:55:13.846+0000][gc,heap       ] GC(16) Survivor regions: 1->2(2)
[2023-04-04T16:55:13.846+0000][gc,heap       ] GC(16) Old regions: 11->11
[2023-04-04T16:55:13.846+0000][gc,heap       ] GC(16) Humongous regions: 129->129
[2023-04-04T16:55:13.846+0000][gc,metaspace  ] GC(16) Metaspace: 32981K(34304K)->32981K(34304K) NonClass: 29231K(29952K)->29231K(29952K) Class: 3749K(4352K)->3749K(4352K)
[2023-04-04T16:55:13.846+0000][gc            ] GC(16) Pause Young (Normal) (G1 Evacuation Pause) 151M->141M(256M) 9.003ms
[2023-04-04T16:55:13.846+0000][gc,cpu        ] GC(16) User=0.00s Sys=0.00s Real=0.01s
[2023-04-04T16:55:43.939+0000][gc,start      ] GC(17) Pause Young (Concurrent Start) (G1 Evacuation Pause)
[2023-04-04T16:55:43.939+0000][gc,task       ] GC(17) Using 1 workers of 1 for evacuation
[2023-04-04T16:55:43.949+0000][gc,phases     ] GC(17)   Pre Evacuate Collection Set: 0.1ms
[2023-04-04T16:55:43.949+0000][gc,phases     ] GC(17)   Evacuate Collection Set: 9.2ms
[2023-04-04T16:55:43.949+0000][gc,phases     ] GC(17)   Post Evacuate Collection Set: 0.1ms
[2023-04-04T16:55:43.949+0000][gc,phases     ] GC(17)   Other: 0.2ms
[2023-04-04T16:55:43.949+0000][gc,heap       ] GC(17) Eden regions: 10->0(11)
[2023-04-04T16:55:43.949+0000][gc,heap       ] GC(17) Survivor regions: 2->2(2)
[2023-04-04T16:55:43.949+0000][gc,heap       ] GC(17) Old regions: 11->12
[2023-04-04T16:55:43.949+0000][gc,heap       ] GC(17) Humongous regions: 129->129
[2023-04-04T16:55:43.949+0000][gc,metaspace  ] GC(17) Metaspace: 35495K(37120K)->35495K(37120K) NonClass: 31328K(32256K)->31328K(32256K) Class: 4167K(4864K)->4167K(4864K)
[2023-04-04T16:55:43.949+0000][gc            ] GC(17) Pause Young (Concurrent Start) (G1 Evacuation Pause) 151M->141M(256M) 9.752ms
[2023-04-04T16:55:43.949+0000][gc,cpu        ] GC(17) User=0.01s Sys=0.00s Real=0.02s
[2023-04-04T16:55:43.949+0000][gc            ] GC(18) Concurrent Cycle
[2023-04-04T16:55:43.949+0000][gc,marking    ] GC(18) Concurrent Clear Claimed Marks
[2023-04-04T16:55:43.949+0000][gc,marking    ] GC(18) Concurrent Clear Claimed Marks 0.035ms
[2023-04-04T16:55:43.949+0000][gc,marking    ] GC(18) Concurrent Scan Root Regions
[2023-04-04T16:55:43.951+0000][gc,marking    ] GC(18) Concurrent Scan Root Regions 1.255ms
[2023-04-04T16:55:43.951+0000][gc,marking    ] GC(18) Concurrent Mark (34.761s)
[2023-04-04T16:55:43.951+0000][gc,marking    ] GC(18) Concurrent Mark From Roots
[2023-04-04T16:55:43.951+0000][gc,task       ] GC(18) Using 1 workers of 1 for marking
[2023-04-04T16:55:43.981+0000][gc,marking    ] GC(18) Concurrent Mark From Roots 30.579ms
[2023-04-04T16:55:43.981+0000][gc,marking    ] GC(18) Concurrent Preclean
[2023-04-04T16:55:43.981+0000][gc,marking    ] GC(18) Concurrent Preclean 0.057ms
[2023-04-04T16:55:43.981+0000][gc,marking    ] GC(18) Concurrent Mark (34.761s, 34.792s) 30.684ms
[2023-04-04T16:55:43.981+0000][gc,start      ] GC(18) Pause Remark
[2023-04-04T16:55:43.988+0000][gc,stringtable] GC(18) Cleaned string and symbol table, strings: 14456 processed, 1 removed, symbols: 82001 processed, 6 removed
[2023-04-04T16:55:43.988+0000][gc            ] GC(18) Pause Remark 142M->142M(256M) 6.321ms
[2023-04-04T16:55:43.988+0000][gc,cpu        ] GC(18) User=0.01s Sys=0.00s Real=0.00s
[2023-04-04T16:55:43.988+0000][gc,marking    ] GC(18) Concurrent Rebuild Remembered Sets
[2023-04-04T16:55:43.998+0000][gc,marking    ] GC(18) Concurrent Rebuild Remembered Sets 10.376ms
[2023-04-04T16:55:43.998+0000][gc,start      ] GC(18) Pause Cleanup
[2023-04-04T16:55:43.998+0000][gc            ] GC(18) Pause Cleanup 142M->142M(256M) 0.061ms
[2023-04-04T16:55:43.998+0000][gc,cpu        ] GC(18) User=0.00s Sys=0.00s Real=0.00s
[2023-04-04T16:55:43.998+0000][gc,marking    ] GC(18) Concurrent Cleanup for Next Mark
[2023-04-04T16:55:43.999+0000][gc,marking    ] GC(18) Concurrent Cleanup for Next Mark 0.671ms
[2023-04-04T16:55:43.999+0000][gc            ] GC(18) Concurrent Cycle 49.813ms
[2023-04-04T17:03:03.785+0000][gc,start      ] GC(19) Pause Young (Normal) (G1 Evacuation Pause)
[2023-04-04T17:03:03.785+0000][gc,task       ] GC(19) Using 1 workers of 1 for evacuation
[2023-04-04T17:03:03.793+0000][gc,phases     ] GC(19)   Pre Evacuate Collection Set: 0.0ms
[2023-04-04T17:03:03.793+0000][gc,phases     ] GC(19)   Evacuate Collection Set: 7.9ms
[2023-04-04T17:03:03.793+0000][gc,phases     ] GC(19)   Post Evacuate Collection Set: 0.2ms
[2023-04-04T17:03:03.793+0000][gc,phases     ] GC(19)   Other: 0.8ms
[2023-04-04T17:03:03.793+0000][gc,heap       ] GC(19) Eden regions: 10->0(11)
[2023-04-04T17:03:03.793+0000][gc,heap       ] GC(19) Survivor regions: 2->1(2)
[2023-04-04T17:03:03.793+0000][gc,heap       ] GC(19) Old regions: 12->13
[2023-04-04T17:03:03.793+0000][gc,heap       ] GC(19) Humongous regions: 129->129
[2023-04-04T17:03:03.793+0000][gc,metaspace  ] GC(19) Metaspace: 36510K(38016K)->36510K(38016K) NonClass: 32228K(33024K)->32228K(33024K) Class: 4282K(4992K)->4282K(4992K)
[2023-04-04T17:03:03.794+0000][gc            ] GC(19) Pause Young (Normal) (G1 Evacuation Pause) 151M->142M(256M) 8.928ms
[2023-04-04T17:03:03.795+0000][gc,cpu        ] GC(19) User=0.01s Sys=0.00s Real=0.01s
[2023-04-04T17:10:04.038+0000][gc,start      ] GC(20) Pause Young (Concurrent Start) (G1 Evacuation Pause)
[2023-04-04T17:10:04.038+0000][gc,task       ] GC(20) Using 1 workers of 1 for evacuation
[2023-04-04T17:10:04.044+0000][gc,phases     ] GC(20)   Pre Evacuate Collection Set: 0.1ms
[2023-04-04T17:10:04.044+0000][gc,phases     ] GC(20)   Evacuate Collection Set: 5.3ms
[2023-04-04T17:10:04.044+0000][gc,phases     ] GC(20)   Post Evacuate Collection Set: 0.2ms
[2023-04-04T17:10:04.044+0000][gc,phases     ] GC(20)   Other: 0.2ms
[2023-04-04T17:10:04.044+0000][gc,heap       ] GC(20) Eden regions: 11->0(13)
[2023-04-04T17:10:04.044+0000][gc,heap       ] GC(20) Survivor regions: 1->1(2)
[2023-04-04T17:10:04.044+0000][gc,heap       ] GC(20) Old regions: 13->13
[2023-04-04T17:10:04.044+0000][gc,heap       ] GC(20) Humongous regions: 129->129
[2023-04-04T17:10:04.044+0000][gc,metaspace  ] GC(20) Metaspace: 36973K(38528K)->36973K(38528K) NonClass: 32689K(33536K)->32689K(33536K) Class: 4284K(4992K)->4284K(4992K)
[2023-04-04T17:10:04.044+0000][gc            ] GC(20) Pause Young (Concurrent Start) (G1 Evacuation Pause) 153M->142M(256M) 5.820ms
[2023-04-04T17:10:04.044+0000][gc,cpu        ] GC(20) User=0.00s Sys=0.00s Real=0.01s
[2023-04-04T17:10:04.044+0000][gc            ] GC(21) Concurrent Cycle
[2023-04-04T17:10:04.044+0000][gc,marking    ] GC(21) Concurrent Clear Claimed Marks
[2023-04-04T17:10:04.044+0000][gc,marking    ] GC(21) Concurrent Clear Claimed Marks 0.038ms
[2023-04-04T17:10:04.044+0000][gc,marking    ] GC(21) Concurrent Scan Root Regions
[2023-04-04T17:10:04.047+0000][gc,marking    ] GC(21) Concurrent Scan Root Regions 2.978ms
[2023-04-04T17:10:04.047+0000][gc,marking    ] GC(21) Concurrent Mark (894.858s)
[2023-04-04T17:10:04.047+0000][gc,marking    ] GC(21) Concurrent Mark From Roots
[2023-04-04T17:10:04.047+0000][gc,task       ] GC(21) Using 1 workers of 1 for marking
[2023-04-04T17:10:04.067+0000][gc,marking    ] GC(21) Concurrent Mark From Roots 19.410ms
[2023-04-04T17:10:04.067+0000][gc,marking    ] GC(21) Concurrent Preclean
[2023-04-04T17:10:04.067+0000][gc,marking    ] GC(21) Concurrent Preclean 0.162ms
[2023-04-04T17:10:04.067+0000][gc,marking    ] GC(21) Concurrent Mark (894.858s, 894.878s) 19.629ms
[2023-04-04T17:10:04.067+0000][gc,start      ] GC(21) Pause Remark
[2023-04-04T17:10:04.088+0000][gc,stringtable] GC(21) Cleaned string and symbol table, strings: 14918 processed, 304 removed, symbols: 82783 processed, 0 removed
[2023-04-04T17:10:04.089+0000][gc,mmu        ] GC(21) MMU target violated: 21.0ms (20.0ms/21.0ms)
[2023-04-04T17:10:04.089+0000][gc            ] GC(21) Pause Remark 142M->142M(256M) 22.134ms
[2023-04-04T17:10:04.089+0000][gc,cpu        ] GC(21) User=0.01s Sys=0.01s Real=0.03s
[2023-04-04T17:10:04.089+0000][gc,marking    ] GC(21) Concurrent Rebuild Remembered Sets
[2023-04-04T17:10:04.100+0000][gc,marking    ] GC(21) Concurrent Rebuild Remembered Sets 10.639ms
[2023-04-04T17:10:04.100+0000][gc,start      ] GC(21) Pause Cleanup
[2023-04-04T17:10:04.100+0000][gc            ] GC(21) Pause Cleanup 142M->142M(256M) 0.068ms
[2023-04-04T17:10:04.100+0000][gc,cpu        ] GC(21) User=0.00s Sys=0.00s Real=0.00s
[2023-04-04T17:10:04.100+0000][gc,marking    ] GC(21) Concurrent Cleanup for Next Mark
[2023-04-04T17:10:04.101+0000][gc,marking    ] GC(21) Concurrent Cleanup for Next Mark 0.674ms
[2023-04-04T17:10:04.101+0000][gc            ] GC(21) Concurrent Cycle 56.691ms
[2023-04-04T17:18:37.237+0000][gc,start      ] GC(22) Pause Young (Normal) (G1 Evacuation Pause)
[2023-04-04T17:18:37.238+0000][gc,task       ] GC(22) Using 1 workers of 1 for evacuation
[2023-04-04T17:18:37.245+0000][gc,phases     ] GC(22)   Pre Evacuate Collection Set: 0.0ms
[2023-04-04T17:18:37.245+0000][gc,phases     ] GC(22)   Evacuate Collection Set: 6.3ms
[2023-04-04T17:18:37.245+0000][gc,phases     ] GC(22)   Post Evacuate Collection Set: 0.1ms
[2023-04-04T17:18:37.245+0000][gc,phases     ] GC(22)   Other: 0.8ms
[2023-04-04T17:18:37.245+0000][gc,heap       ] GC(22) Eden regions: 11->0(14)
[2023-04-04T17:18:37.245+0000][gc,heap       ] GC(22) Survivor regions: 1->2(2)
[2023-04-04T17:18:37.245+0000][gc,heap       ] GC(22) Old regions: 13->13
[2023-04-04T17:18:37.245+0000][gc,heap       ] GC(22) Humongous regions: 129->129
[2023-04-04T17:18:37.245+0000][gc,metaspace  ] GC(22) Metaspace: 37029K(38784K)->37029K(38784K) NonClass: 32781K(33792K)->32781K(33792K) Class: 4248K(4992K)->4248K(4992K)
[2023-04-04T17:18:37.245+0000][gc            ] GC(22) Pause Young (Normal) (G1 Evacuation Pause) 153M->142M(256M) 7.371ms
[2023-04-04T17:18:37.245+0000][gc,cpu        ] GC(22) User=0.01s Sys=0.00s Real=0.01s
[2023-04-04T17:25:06.490+0000][gc,start      ] GC(23) Pause Young (Concurrent Start) (G1 Evacuation Pause)
[2023-04-04T17:25:06.490+0000][gc,task       ] GC(23) Using 1 workers of 1 for evacuation
[2023-04-04T17:25:06.498+0000][gc,phases     ] GC(23)   Pre Evacuate Collection Set: 0.1ms
[2023-04-04T17:25:06.498+0000][gc,phases     ] GC(23)   Evacuate Collection Set: 7.8ms
[2023-04-04T17:25:06.498+0000][gc,phases     ] GC(23)   Post Evacuate Collection Set: 0.2ms
[2023-04-04T17:25:06.498+0000][gc,phases     ] GC(23)   Other: 0.8ms
[2023-04-04T17:25:06.498+0000][gc,heap       ] GC(23) Eden regions: 14->0(79)
[2023-04-04T17:25:06.498+0000][gc,heap       ] GC(23) Survivor regions: 2->1(2)
[2023-04-04T17:25:06.498+0000][gc,heap       ] GC(23) Old regions: 13->13
[2023-04-04T17:25:06.498+0000][gc,heap       ] GC(23) Humongous regions: 129->129
[2023-04-04T17:25:06.498+0000][gc,metaspace  ] GC(23) Metaspace: 37500K(39040K)->37500K(39040K) NonClass: 33223K(34048K)->33223K(34048K) Class: 4277K(4992K)->4277K(4992K)
[2023-04-04T17:25:06.498+0000][gc            ] GC(23) Pause Young (Concurrent Start) (G1 Evacuation Pause) 156M->142M(256M) 8.900ms
[2023-04-04T17:25:06.498+0000][gc,cpu        ] GC(23) User=0.00s Sys=0.00s Real=0.00s
[2023-04-04T17:25:06.498+0000][gc            ] GC(24) Concurrent Cycle
[2023-04-04T17:25:06.498+0000][gc,marking    ] GC(24) Concurrent Clear Claimed Marks
[2023-04-04T17:25:06.499+0000][gc,marking    ] GC(24) Concurrent Clear Claimed Marks 0.046ms
[2023-04-04T17:25:06.499+0000][gc,marking    ] GC(24) Concurrent Scan Root Regions
[2023-04-04T17:25:06.506+0000][gc,marking    ] GC(24) Concurrent Scan Root Regions 7.192ms
[2023-04-04T17:25:06.506+0000][gc,marking    ] GC(24) Concurrent Mark (1797.316s)
[2023-04-04T17:25:06.506+0000][gc,marking    ] GC(24) Concurrent Mark From Roots
[2023-04-04T17:25:06.506+0000][gc,task       ] GC(24) Using 1 workers of 1 for marking
[2023-04-04T17:25:06.555+0000][gc,marking    ] GC(24) Concurrent Mark From Roots 49.644ms
[2023-04-04T17:25:06.555+0000][gc,marking    ] GC(24) Concurrent Preclean
[2023-04-04T17:25:06.556+0000][gc,marking    ] GC(24) Concurrent Preclean 0.114ms
[2023-04-04T17:25:06.556+0000][gc,marking    ] GC(24) Concurrent Mark (1797.316s, 1797.366s) 49.840ms
[2023-04-04T17:25:06.556+0000][gc,start      ] GC(24) Pause Remark
[2023-04-04T17:25:06.569+0000][gc,stringtable] GC(24) Cleaned string and symbol table, strings: 14890 processed, 599 removed, symbols: 83079 processed, 18 removed
[2023-04-04T17:25:06.574+0000][gc            ] GC(24) Pause Remark 143M->143M(256M) 18.088ms
[2023-04-04T17:25:06.574+0000][gc,cpu        ] GC(24) User=0.02s Sys=0.00s Real=0.02s
[2023-04-04T17:25:06.574+0000][gc,marking    ] GC(24) Concurrent Rebuild Remembered Sets
[2023-04-04T17:25:06.589+0000][gc,marking    ] GC(24) Concurrent Rebuild Remembered Sets 14.827ms
[2023-04-04T17:25:06.589+0000][gc,start      ] GC(24) Pause Cleanup
[2023-04-04T17:25:06.589+0000][gc            ] GC(24) Pause Cleanup 143M->143M(256M) 0.071ms
[2023-04-04T17:25:06.589+0000][gc,cpu        ] GC(24) User=0.00s Sys=0.00s Real=0.00s
[2023-04-04T17:25:06.589+0000][gc,marking    ] GC(24) Concurrent Cleanup for Next Mark
[2023-04-04T17:25:06.593+0000][gc,marking    ] GC(24) Concurrent Cleanup for Next Mark 4.415ms
[2023-04-04T17:25:06.594+0000][gc            ] GC(24) Concurrent Cycle 95.527ms
[2023-04-04T17:25:11.083+0000][gc,heap,exit  ] Heap
[2023-04-04T17:25:11.083+0000][gc,heap,exit  ]  garbage-first heap   total 262144K, used 153197K [0x00000000f0000000, 0x0000000100000000)
[2023-04-04T17:25:11.084+0000][gc,heap,exit  ]   region size 1024K, 9 young (9216K), 1 survivors (1024K)
[2023-04-04T17:25:11.084+0000][gc,heap,exit  ]  Metaspace       used 38054K, capacity 39560K, committed 39680K, reserved 1083392K
[2023-04-04T17:25:11.084+0000][gc,heap,exit  ]   class space    used 4396K, capacity 5090K, committed 5120K, reserved 1048576K
