[2023-04-29T15:34:06.637+0000][gc,heap] Heap region size: 1M
[2023-04-29T15:34:06.640+0000][gc     ] Using G1
[2023-04-29T15:34:06.640+0000][gc,heap,coops] Heap address: 0x00000000f0000000, size: 256 MB, Compressed Oops mode: 32-bit
[2023-04-29T15:34:07.429+0000][gc,start     ] GC(0) Pause Young (Normal) (G1 Evacuation Pause)
[2023-04-29T15:34:07.429+0000][gc,task      ] GC(0) Using 1 workers of 1 for evacuation
[2023-04-29T15:34:07.440+0000][gc,phases    ] GC(0)   Pre Evacuate Collection Set: 0.0ms
[2023-04-29T15:34:07.440+0000][gc,phases    ] GC(0)   Evacuate Collection Set: 10.0ms
[2023-04-29T15:34:07.440+0000][gc,phases    ] GC(0)   Post Evacuate Collection Set: 0.2ms
[2023-04-29T15:34:07.440+0000][gc,phases    ] GC(0)   Other: 0.1ms
[2023-04-29T15:34:07.440+0000][gc,heap      ] GC(0) Eden regions: 12->0(10)
[2023-04-29T15:34:07.440+0000][gc,heap      ] GC(0) Survivor regions: 0->2(2)
[2023-04-29T15:34:07.440+0000][gc,heap      ] GC(0) Old regions: 0->4
[2023-04-29T15:34:07.440+0000][gc,heap      ] GC(0) Humongous regions: 0->0
[2023-04-29T15:34:07.440+0000][gc,metaspace ] GC(0) Metaspace: 5338K(5888K)->5338K(5888K) NonClass: 4763K(5120K)->4763K(5120K) Class: 575K(768K)->575K(768K)
[2023-04-29T15:34:07.440+0000][gc           ] GC(0) Pause Young (Normal) (G1 Evacuation Pause) 12M->5M(256M) 10.471ms
[2023-04-29T15:34:07.440+0000][gc,cpu       ] GC(0) User=0.00s Sys=0.00s Real=0.01s
[2023-04-29T15:34:07.882+0000][gc,start     ] GC(1) Pause Young (Normal) (G1 Evacuation Pause)
[2023-04-29T15:34:07.882+0000][gc,task      ] GC(1) Using 1 workers of 1 for evacuation
[2023-04-29T15:34:07.890+0000][gc,phases    ] GC(1)   Pre Evacuate Collection Set: 0.0ms
[2023-04-29T15:34:07.890+0000][gc,phases    ] GC(1)   Evacuate Collection Set: 7.2ms
[2023-04-29T15:34:07.890+0000][gc,phases    ] GC(1)   Post Evacuate Collection Set: 0.1ms
[2023-04-29T15:34:07.890+0000][gc,phases    ] GC(1)   Other: 0.1ms
[2023-04-29T15:34:07.890+0000][gc,heap      ] GC(1) Eden regions: 10->0(11)
[2023-04-29T15:34:07.890+0000][gc,heap      ] GC(1) Survivor regions: 2->1(2)
[2023-04-29T15:34:07.890+0000][gc,heap      ] GC(1) Old regions: 4->5
[2023-04-29T15:34:07.890+0000][gc,heap      ] GC(1) Humongous regions: 0->0
[2023-04-29T15:34:07.890+0000][gc,metaspace ] GC(1) Metaspace: 7842K(8320K)->7842K(8320K) NonClass: 6920K(7168K)->6920K(7168K) Class: 922K(1152K)->922K(1152K)
[2023-04-29T15:34:07.890+0000][gc           ] GC(1) Pause Young (Normal) (G1 Evacuation Pause) 15M->5M(256M) 7.560ms
[2023-04-29T15:34:07.890+0000][gc,cpu       ] GC(1) User=0.00s Sys=0.00s Real=0.01s
[2023-04-29T15:34:08.165+0000][gc,start     ] GC(2) Pause Young (Normal) (G1 Evacuation Pause)
[2023-04-29T15:34:08.165+0000][gc,task      ] GC(2) Using 1 workers of 1 for evacuation
[2023-04-29T15:34:08.173+0000][gc,phases    ] GC(2)   Pre Evacuate Collection Set: 0.0ms
[2023-04-29T15:34:08.173+0000][gc,phases    ] GC(2)   Evacuate Collection Set: 3.9ms
[2023-04-29T15:34:08.173+0000][gc,phases    ] GC(2)   Post Evacuate Collection Set: 4.2ms
[2023-04-29T15:34:08.173+0000][gc,phases    ] GC(2)   Other: 0.1ms
[2023-04-29T15:34:08.173+0000][gc,heap      ] GC(2) Eden regions: 11->0(10)
[2023-04-29T15:34:08.173+0000][gc,heap      ] GC(2) Survivor regions: 1->2(2)
[2023-04-29T15:34:08.173+0000][gc,heap      ] GC(2) Old regions: 5->5
[2023-04-29T15:34:08.173+0000][gc,heap      ] GC(2) Humongous regions: 0->0
[2023-04-29T15:34:08.173+0000][gc,metaspace ] GC(2) Metaspace: 11049K(11776K)->11049K(11776K) NonClass: 9684K(10240K)->9684K(10240K) Class: 1364K(1536K)->1364K(1536K)
[2023-04-29T15:34:08.173+0000][gc           ] GC(2) Pause Young (Normal) (G1 Evacuation Pause) 16M->6M(256M) 8.327ms
[2023-04-29T15:34:08.173+0000][gc,cpu       ] GC(2) User=0.00s Sys=0.00s Real=0.02s
[2023-04-29T15:34:08.480+0000][gc,start     ] GC(3) Pause Young (Normal) (G1 Evacuation Pause)
[2023-04-29T15:34:08.480+0000][gc,task      ] GC(3) Using 1 workers of 1 for evacuation
[2023-04-29T15:34:08.485+0000][gc,phases    ] GC(3)   Pre Evacuate Collection Set: 0.0ms
[2023-04-29T15:34:08.485+0000][gc,phases    ] GC(3)   Evacuate Collection Set: 4.8ms
[2023-04-29T15:34:08.485+0000][gc,phases    ] GC(3)   Post Evacuate Collection Set: 0.1ms
[2023-04-29T15:34:08.485+0000][gc,phases    ] GC(3)   Other: 0.1ms
[2023-04-29T15:34:08.485+0000][gc,heap      ] GC(3) Eden regions: 10->0(11)
[2023-04-29T15:34:08.485+0000][gc,heap      ] GC(3) Survivor regions: 2->1(2)
[2023-04-29T15:34:08.485+0000][gc,heap      ] GC(3) Old regions: 5->6
[2023-04-29T15:34:08.485+0000][gc,heap      ] GC(3) Humongous regions: 0->0
[2023-04-29T15:34:08.485+0000][gc,metaspace ] GC(3) Metaspace: 13813K(14464K)->13813K(14464K) NonClass: 12111K(12544K)->12111K(12544K) Class: 1701K(1920K)->1701K(1920K)
[2023-04-29T15:34:08.485+0000][gc           ] GC(3) Pause Young (Normal) (G1 Evacuation Pause) 16M->6M(256M) 5.164ms
[2023-04-29T15:34:08.485+0000][gc,cpu       ] GC(3) User=0.00s Sys=0.00s Real=0.01s
[2023-04-29T15:34:08.853+0000][gc,start     ] GC(4) Pause Young (Normal) (G1 Evacuation Pause)
[2023-04-29T15:34:08.853+0000][gc,task      ] GC(4) Using 1 workers of 1 for evacuation
[2023-04-29T15:34:08.857+0000][gc,phases    ] GC(4)   Pre Evacuate Collection Set: 0.0ms
[2023-04-29T15:34:08.857+0000][gc,phases    ] GC(4)   Evacuate Collection Set: 3.7ms
[2023-04-29T15:34:08.857+0000][gc,phases    ] GC(4)   Post Evacuate Collection Set: 0.1ms
[2023-04-29T15:34:08.857+0000][gc,phases    ] GC(4)   Other: 0.1ms
[2023-04-29T15:34:08.857+0000][gc,heap      ] GC(4) Eden regions: 11->0(10)
[2023-04-29T15:34:08.857+0000][gc,heap      ] GC(4) Survivor regions: 1->2(2)
[2023-04-29T15:34:08.857+0000][gc,heap      ] GC(4) Old regions: 6->6
[2023-04-29T15:34:08.857+0000][gc,heap      ] GC(4) Humongous regions: 0->0
[2023-04-29T15:34:08.857+0000][gc,metaspace ] GC(4) Metaspace: 16709K(17408K)->16709K(17408K) NonClass: 14702K(15104K)->14702K(15104K) Class: 2007K(2304K)->2007K(2304K)
[2023-04-29T15:34:08.857+0000][gc           ] GC(4) Pause Young (Normal) (G1 Evacuation Pause) 17M->7M(256M) 4.115ms
[2023-04-29T15:34:08.857+0000][gc,cpu       ] GC(4) User=0.00s Sys=0.01s Real=0.00s
[2023-04-29T15:34:09.136+0000][gc,start     ] GC(5) Pause Young (Normal) (G1 Evacuation Pause)
[2023-04-29T15:34:09.136+0000][gc,task      ] GC(5) Using 1 workers of 1 for evacuation
[2023-04-29T15:34:09.141+0000][gc,phases    ] GC(5)   Pre Evacuate Collection Set: 0.0ms
[2023-04-29T15:34:09.141+0000][gc,phases    ] GC(5)   Evacuate Collection Set: 4.3ms
[2023-04-29T15:34:09.141+0000][gc,phases    ] GC(5)   Post Evacuate Collection Set: 0.1ms
[2023-04-29T15:34:09.141+0000][gc,phases    ] GC(5)   Other: 0.1ms
[2023-04-29T15:34:09.141+0000][gc,heap      ] GC(5) Eden regions: 10->0(10)
[2023-04-29T15:34:09.141+0000][gc,heap      ] GC(5) Survivor regions: 2->2(2)
[2023-04-29T15:34:09.141+0000][gc,heap      ] GC(5) Old regions: 6->7
[2023-04-29T15:34:09.141+0000][gc,heap      ] GC(5) Humongous regions: 0->0
[2023-04-29T15:34:09.141+0000][gc,metaspace ] GC(5) Metaspace: 19364K(20224K)->19364K(20224K) NonClass: 17039K(17664K)->17039K(17664K) Class: 2324K(2560K)->2324K(2560K)
[2023-04-29T15:34:09.141+0000][gc           ] GC(5) Pause Young (Normal) (G1 Evacuation Pause) 17M->7M(256M) 4.595ms
[2023-04-29T15:34:09.141+0000][gc,cpu       ] GC(5) User=0.01s Sys=0.00s Real=0.00s
[2023-04-29T15:34:09.344+0000][gc,start     ] GC(6) Pause Young (Concurrent Start) (Metadata GC Threshold)
[2023-04-29T15:34:09.344+0000][gc,task      ] GC(6) Using 1 workers of 1 for evacuation
[2023-04-29T15:34:09.349+0000][gc,phases    ] GC(6)   Pre Evacuate Collection Set: 0.0ms
[2023-04-29T15:34:09.349+0000][gc,phases    ] GC(6)   Evacuate Collection Set: 4.9ms
[2023-04-29T15:34:09.349+0000][gc,phases    ] GC(6)   Post Evacuate Collection Set: 0.1ms
[2023-04-29T15:34:09.349+0000][gc,phases    ] GC(6)   Other: 0.2ms
[2023-04-29T15:34:09.349+0000][gc,heap      ] GC(6) Eden regions: 5->0(11)
[2023-04-29T15:34:09.349+0000][gc,heap      ] GC(6) Survivor regions: 2->1(2)
[2023-04-29T15:34:09.349+0000][gc,heap      ] GC(6) Old regions: 7->7
[2023-04-29T15:34:09.349+0000][gc,heap      ] GC(6) Humongous regions: 0->0
[2023-04-29T15:34:09.349+0000][gc,metaspace ] GC(6) Metaspace: 20516K(21248K)->20516K(21248K) NonClass: 18038K(18432K)->18038K(18432K) Class: 2478K(2816K)->2478K(2816K)
[2023-04-29T15:34:09.349+0000][gc           ] GC(6) Pause Young (Concurrent Start) (Metadata GC Threshold) 12M->7M(256M) 5.290ms
[2023-04-29T15:34:09.349+0000][gc,cpu       ] GC(6) User=0.00s Sys=0.00s Real=0.01s
[2023-04-29T15:34:09.349+0000][gc           ] GC(7) Concurrent Cycle
[2023-04-29T15:34:09.349+0000][gc,marking   ] GC(7) Concurrent Clear Claimed Marks
[2023-04-29T15:34:09.349+0000][gc,marking   ] GC(7) Concurrent Clear Claimed Marks 0.019ms
[2023-04-29T15:34:09.349+0000][gc,marking   ] GC(7) Concurrent Scan Root Regions
[2023-04-29T15:34:09.350+0000][gc,marking   ] GC(7) Concurrent Scan Root Regions 0.954ms
[2023-04-29T15:34:09.350+0000][gc,marking   ] GC(7) Concurrent Mark (2.718s)
[2023-04-29T15:34:09.350+0000][gc,marking   ] GC(7) Concurrent Mark From Roots
[2023-04-29T15:34:09.350+0000][gc,task      ] GC(7) Using 1 workers of 1 for marking
[2023-04-29T15:34:09.370+0000][gc,marking   ] GC(7) Concurrent Mark From Roots 20.018ms
[2023-04-29T15:34:09.370+0000][gc,marking   ] GC(7) Concurrent Preclean
[2023-04-29T15:34:09.370+0000][gc,marking   ] GC(7) Concurrent Preclean 0.047ms
[2023-04-29T15:34:09.370+0000][gc,marking   ] GC(7) Concurrent Mark (2.718s, 2.738s) 20.120ms
[2023-04-29T15:34:09.371+0000][gc,start     ] GC(7) Pause Remark
[2023-04-29T15:34:09.375+0000][gc,stringtable] GC(7) Cleaned string and symbol table, strings: 9212 processed, 6 removed, symbols: 50418 processed, 42 removed
[2023-04-29T15:34:09.375+0000][gc            ] GC(7) Pause Remark 8M->8M(256M) 4.000ms
[2023-04-29T15:34:09.375+0000][gc,cpu        ] GC(7) User=0.00s Sys=0.00s Real=0.01s
[2023-04-29T15:34:09.375+0000][gc,marking    ] GC(7) Concurrent Rebuild Remembered Sets
[2023-04-29T15:34:09.384+0000][gc,marking    ] GC(7) Concurrent Rebuild Remembered Sets 9.176ms
[2023-04-29T15:34:09.384+0000][gc,start      ] GC(7) Pause Cleanup
[2023-04-29T15:34:09.384+0000][gc            ] GC(7) Pause Cleanup 8M->8M(256M) 0.073ms
[2023-04-29T15:34:09.384+0000][gc,cpu        ] GC(7) User=0.00s Sys=0.00s Real=0.00s
[2023-04-29T15:34:09.384+0000][gc,marking    ] GC(7) Concurrent Cleanup for Next Mark
[2023-04-29T15:34:09.388+0000][gc,marking    ] GC(7) Concurrent Cleanup for Next Mark 3.625ms
[2023-04-29T15:34:09.388+0000][gc            ] GC(7) Concurrent Cycle 38.343ms
[2023-04-29T15:34:09.440+0000][gc,start      ] GC(8) Pause Young (Concurrent Start) (G1 Humongous Allocation)
[2023-04-29T15:34:09.440+0000][gc,task       ] GC(8) Using 1 workers of 1 for evacuation
[2023-04-29T15:34:09.446+0000][gc,phases     ] GC(8)   Pre Evacuate Collection Set: 0.1ms
[2023-04-29T15:34:09.446+0000][gc,phases     ] GC(8)   Evacuate Collection Set: 4.2ms
[2023-04-29T15:34:09.446+0000][gc,phases     ] GC(8)   Post Evacuate Collection Set: 1.7ms
[2023-04-29T15:34:09.446+0000][gc,phases     ] GC(8)   Other: 0.1ms
[2023-04-29T15:34:09.446+0000][gc,heap       ] GC(8) Eden regions: 3->0(11)
[2023-04-29T15:34:09.446+0000][gc,heap       ] GC(8) Survivor regions: 1->1(2)
[2023-04-29T15:34:09.446+0000][gc,heap       ] GC(8) Old regions: 7->7
[2023-04-29T15:34:09.446+0000][gc,heap       ] GC(8) Humongous regions: 0->0
[2023-04-29T15:34:09.446+0000][gc,metaspace  ] GC(8) Metaspace: 20830K(21504K)->20830K(21504K) NonClass: 18282K(18688K)->18282K(18688K) Class: 2547K(2816K)->2547K(2816K)
[2023-04-29T15:34:09.446+0000][gc            ] GC(8) Pause Young (Concurrent Start) (G1 Humongous Allocation) 9M->7M(256M) 6.266ms
[2023-04-29T15:34:09.446+0000][gc,cpu        ] GC(8) User=0.01s Sys=0.00s Real=0.01s
[2023-04-29T15:34:09.446+0000][gc            ] GC(9) Concurrent Cycle
[2023-04-29T15:34:09.446+0000][gc,marking    ] GC(9) Concurrent Clear Claimed Marks
[2023-04-29T15:34:09.446+0000][gc,marking    ] GC(9) Concurrent Clear Claimed Marks 0.020ms
[2023-04-29T15:34:09.446+0000][gc,marking    ] GC(9) Concurrent Scan Root Regions
[2023-04-29T15:34:09.447+0000][gc,marking    ] GC(9) Concurrent Scan Root Regions 1.004ms
[2023-04-29T15:34:09.447+0000][gc,marking    ] GC(9) Concurrent Mark (2.815s)
[2023-04-29T15:34:09.447+0000][gc,marking    ] GC(9) Concurrent Mark From Roots
[2023-04-29T15:34:09.447+0000][gc,task       ] GC(9) Using 1 workers of 1 for marking
[2023-04-29T15:34:09.463+0000][gc,marking    ] GC(9) Concurrent Mark From Roots 15.664ms
[2023-04-29T15:34:09.463+0000][gc,marking    ] GC(9) Concurrent Preclean
[2023-04-29T15:34:09.463+0000][gc,marking    ] GC(9) Concurrent Preclean 0.048ms
[2023-04-29T15:34:09.463+0000][gc,marking    ] GC(9) Concurrent Mark (2.815s, 2.831s) 15.768ms
[2023-04-29T15:34:09.539+0000][gc,start      ] GC(9) Pause Remark
[2023-04-29T15:34:09.542+0000][gc,stringtable] GC(9) Cleaned string and symbol table, strings: 9281 processed, 4 removed, symbols: 51277 processed, 2 removed
[2023-04-29T15:34:09.542+0000][gc            ] GC(9) Pause Remark 136M->136M(256M) 3.775ms
[2023-04-29T15:34:09.542+0000][gc,cpu        ] GC(9) User=0.00s Sys=0.00s Real=0.00s
[2023-04-29T15:34:09.542+0000][gc,marking    ] GC(9) Concurrent Rebuild Remembered Sets
[2023-04-29T15:34:09.548+0000][gc,marking    ] GC(9) Concurrent Rebuild Remembered Sets 5.544ms
[2023-04-29T15:34:09.549+0000][gc,start      ] GC(9) Pause Cleanup
[2023-04-29T15:34:09.549+0000][gc            ] GC(9) Pause Cleanup 136M->136M(256M) 0.082ms
[2023-04-29T15:34:09.549+0000][gc,cpu        ] GC(9) User=0.01s Sys=0.00s Real=0.00s
[2023-04-29T15:34:09.549+0000][gc,marking    ] GC(9) Concurrent Cleanup for Next Mark
[2023-04-29T15:34:09.562+0000][gc,marking    ] GC(9) Concurrent Cleanup for Next Mark 13.342ms
[2023-04-29T15:34:09.562+0000][gc            ] GC(9) Concurrent Cycle 115.756ms
[2023-04-29T15:34:09.741+0000][gc,start      ] GC(10) Pause Young (Normal) (G1 Evacuation Pause)
[2023-04-29T15:34:09.741+0000][gc,task       ] GC(10) Using 1 workers of 1 for evacuation
[2023-04-29T15:34:09.747+0000][gc,phases     ] GC(10)   Pre Evacuate Collection Set: 0.0ms
[2023-04-29T15:34:09.747+0000][gc,phases     ] GC(10)   Evacuate Collection Set: 5.2ms
[2023-04-29T15:34:09.747+0000][gc,phases     ] GC(10)   Post Evacuate Collection Set: 0.1ms
[2023-04-29T15:34:09.747+0000][gc,phases     ] GC(10)   Other: 0.1ms
[2023-04-29T15:34:09.747+0000][gc,heap       ] GC(10) Eden regions: 11->0(10)
[2023-04-29T15:34:09.747+0000][gc,heap       ] GC(10) Survivor regions: 1->2(2)
[2023-04-29T15:34:09.747+0000][gc,heap       ] GC(10) Old regions: 7->7
[2023-04-29T15:34:09.747+0000][gc,heap       ] GC(10) Humongous regions: 129->129
[2023-04-29T15:34:09.747+0000][gc,metaspace  ] GC(10) Metaspace: 22930K(23808K)->22930K(23808K) NonClass: 20170K(20736K)->20170K(20736K) Class: 2760K(3072K)->2760K(3072K)
[2023-04-29T15:34:09.747+0000][gc            ] GC(10) Pause Young (Normal) (G1 Evacuation Pause) 147M->137M(256M) 5.523ms
[2023-04-29T15:34:09.747+0000][gc,cpu        ] GC(10) User=0.01s Sys=0.00s Real=0.01s
[2023-04-29T15:34:09.921+0000][gc,start      ] GC(11) Pause Young (Concurrent Start) (G1 Evacuation Pause)
[2023-04-29T15:34:09.921+0000][gc,task       ] GC(11) Using 1 workers of 1 for evacuation
[2023-04-29T15:34:09.928+0000][gc,phases     ] GC(11)   Pre Evacuate Collection Set: 0.0ms
[2023-04-29T15:34:09.928+0000][gc,phases     ] GC(11)   Evacuate Collection Set: 6.1ms
[2023-04-29T15:34:09.928+0000][gc,phases     ] GC(11)   Post Evacuate Collection Set: 0.1ms
[2023-04-29T15:34:09.928+0000][gc,phases     ] GC(11)   Other: 0.2ms
[2023-04-29T15:34:09.928+0000][gc,heap       ] GC(11) Eden regions: 10->0(10)
[2023-04-29T15:34:09.928+0000][gc,heap       ] GC(11) Survivor regions: 2->2(2)
[2023-04-29T15:34:09.928+0000][gc,heap       ] GC(11) Old regions: 7->8
[2023-04-29T15:34:09.928+0000][gc,heap       ] GC(11) Humongous regions: 129->129
[2023-04-29T15:34:09.928+0000][gc,metaspace  ] GC(11) Metaspace: 25488K(26496K)->25488K(26496K) NonClass: 22591K(23296K)->22591K(23296K) Class: 2897K(3200K)->2897K(3200K)
[2023-04-29T15:34:09.928+0000][gc            ] GC(11) Pause Young (Concurrent Start) (G1 Evacuation Pause) 147M->137M(256M) 6.534ms
[2023-04-29T15:34:09.928+0000][gc,cpu        ] GC(11) User=0.01s Sys=0.00s Real=0.01s
[2023-04-29T15:34:09.928+0000][gc            ] GC(12) Concurrent Cycle
[2023-04-29T15:34:09.928+0000][gc,marking    ] GC(12) Concurrent Clear Claimed Marks
[2023-04-29T15:34:09.928+0000][gc,marking    ] GC(12) Concurrent Clear Claimed Marks 0.020ms
[2023-04-29T15:34:09.928+0000][gc,marking    ] GC(12) Concurrent Scan Root Regions
[2023-04-29T15:34:09.929+0000][gc,marking    ] GC(12) Concurrent Scan Root Regions 0.696ms
[2023-04-29T15:34:09.929+0000][gc,marking    ] GC(12) Concurrent Mark (3.296s)
[2023-04-29T15:34:09.929+0000][gc,marking    ] GC(12) Concurrent Mark From Roots
[2023-04-29T15:34:09.929+0000][gc,task       ] GC(12) Using 1 workers of 1 for marking
[2023-04-29T15:34:09.952+0000][gc,marking    ] GC(12) Concurrent Mark From Roots 23.596ms
[2023-04-29T15:34:09.952+0000][gc,marking    ] GC(12) Concurrent Preclean
[2023-04-29T15:34:09.952+0000][gc,marking    ] GC(12) Concurrent Preclean 0.050ms
[2023-04-29T15:34:09.952+0000][gc,marking    ] GC(12) Concurrent Mark (3.296s, 3.320s) 23.708ms
[2023-04-29T15:34:09.952+0000][gc,start      ] GC(12) Pause Remark
[2023-04-29T15:34:09.956+0000][gc,stringtable] GC(12) Cleaned string and symbol table, strings: 10631 processed, 0 removed, symbols: 59309 processed, 0 removed
[2023-04-29T15:34:09.956+0000][gc            ] GC(12) Pause Remark 138M->138M(256M) 3.985ms
[2023-04-29T15:34:09.956+0000][gc,cpu        ] GC(12) User=0.01s Sys=0.00s Real=0.01s
[2023-04-29T15:34:09.956+0000][gc,marking    ] GC(12) Concurrent Rebuild Remembered Sets
[2023-04-29T15:34:09.971+0000][gc,marking    ] GC(12) Concurrent Rebuild Remembered Sets 14.318ms
[2023-04-29T15:34:09.973+0000][gc,start      ] GC(12) Pause Cleanup
[2023-04-29T15:34:09.973+0000][gc            ] GC(12) Pause Cleanup 139M->139M(256M) 0.073ms
[2023-04-29T15:34:09.973+0000][gc,cpu        ] GC(12) User=0.00s Sys=0.00s Real=0.00s
[2023-04-29T15:34:09.973+0000][gc,marking    ] GC(12) Concurrent Cleanup for Next Mark
[2023-04-29T15:34:09.976+0000][gc,marking    ] GC(12) Concurrent Cleanup for Next Mark 3.311ms
[2023-04-29T15:34:09.976+0000][gc            ] GC(12) Concurrent Cycle 48.499ms
[2023-04-29T15:34:10.417+0000][gc,start      ] GC(13) Pause Young (Normal) (G1 Evacuation Pause)
[2023-04-29T15:34:10.417+0000][gc,task       ] GC(13) Using 1 workers of 1 for evacuation
[2023-04-29T15:34:10.433+0000][gc,phases     ] GC(13)   Pre Evacuate Collection Set: 0.0ms
[2023-04-29T15:34:10.433+0000][gc,phases     ] GC(13)   Evacuate Collection Set: 9.4ms
[2023-04-29T15:34:10.433+0000][gc,phases     ] GC(13)   Post Evacuate Collection Set: 6.8ms
[2023-04-29T15:34:10.433+0000][gc,phases     ] GC(13)   Other: 0.1ms
[2023-04-29T15:34:10.433+0000][gc,heap       ] GC(13) Eden regions: 10->0(10)
[2023-04-29T15:34:10.433+0000][gc,heap       ] GC(13) Survivor regions: 2->2(2)
[2023-04-29T15:34:10.433+0000][gc,heap       ] GC(13) Old regions: 8->9
[2023-04-29T15:34:10.433+0000][gc,heap       ] GC(13) Humongous regions: 129->129
[2023-04-29T15:34:10.433+0000][gc,metaspace  ] GC(13) Metaspace: 26785K(27776K)->26785K(27776K) NonClass: 23737K(24320K)->23737K(24320K) Class: 3048K(3456K)->3048K(3456K)
[2023-04-29T15:34:10.433+0000][gc            ] GC(13) Pause Young (Normal) (G1 Evacuation Pause) 147M->139M(256M) 16.498ms
[2023-04-29T15:34:10.433+0000][gc,cpu        ] GC(13) User=0.02s Sys=0.00s Real=0.02s
[2023-04-29T15:34:10.746+0000][gc,start      ] GC(14) Pause Young (Concurrent Start) (G1 Evacuation Pause)
[2023-04-29T15:34:10.747+0000][gc,task       ] GC(14) Using 1 workers of 1 for evacuation
[2023-04-29T15:34:10.757+0000][gc,phases     ] GC(14)   Pre Evacuate Collection Set: 0.1ms
[2023-04-29T15:34:10.757+0000][gc,phases     ] GC(14)   Evacuate Collection Set: 10.1ms
[2023-04-29T15:34:10.757+0000][gc,phases     ] GC(14)   Post Evacuate Collection Set: 0.1ms
[2023-04-29T15:34:10.757+0000][gc,phases     ] GC(14)   Other: 0.2ms
[2023-04-29T15:34:10.757+0000][gc,heap       ] GC(14) Eden regions: 10->0(10)
[2023-04-29T15:34:10.757+0000][gc,heap       ] GC(14) Survivor regions: 2->2(2)
[2023-04-29T15:34:10.757+0000][gc,heap       ] GC(14) Old regions: 9->10
[2023-04-29T15:34:10.757+0000][gc,heap       ] GC(14) Humongous regions: 129->129
[2023-04-29T15:34:10.757+0000][gc,metaspace  ] GC(14) Metaspace: 28831K(29824K)->28831K(29824K) NonClass: 25553K(26112K)->25553K(26112K) Class: 3277K(3712K)->3277K(3712K)
[2023-04-29T15:34:10.757+0000][gc            ] GC(14) Pause Young (Concurrent Start) (G1 Evacuation Pause) 149M->140M(256M) 10.667ms
[2023-04-29T15:34:10.757+0000][gc,cpu        ] GC(14) User=0.01s Sys=0.00s Real=0.01s
[2023-04-29T15:34:10.757+0000][gc            ] GC(15) Concurrent Cycle
[2023-04-29T15:34:10.757+0000][gc,marking    ] GC(15) Concurrent Clear Claimed Marks
[2023-04-29T15:34:10.757+0000][gc,marking    ] GC(15) Concurrent Clear Claimed Marks 0.052ms
[2023-04-29T15:34:10.757+0000][gc,marking    ] GC(15) Concurrent Scan Root Regions
[2023-04-29T15:34:10.758+0000][gc,marking    ] GC(15) Concurrent Scan Root Regions 1.028ms
[2023-04-29T15:34:10.758+0000][gc,marking    ] GC(15) Concurrent Mark (4.126s)
[2023-04-29T15:34:10.758+0000][gc,marking    ] GC(15) Concurrent Mark From Roots
[2023-04-29T15:34:10.758+0000][gc,task       ] GC(15) Using 1 workers of 1 for marking
[2023-04-29T15:34:10.785+0000][gc,marking    ] GC(15) Concurrent Mark From Roots 26.318ms
[2023-04-29T15:34:10.785+0000][gc,marking    ] GC(15) Concurrent Preclean
[2023-04-29T15:34:10.785+0000][gc,marking    ] GC(15) Concurrent Preclean 0.046ms
[2023-04-29T15:34:10.785+0000][gc,marking    ] GC(15) Concurrent Mark (4.126s, 4.152s) 26.411ms
[2023-04-29T15:34:10.785+0000][gc,start      ] GC(15) Pause Remark
[2023-04-29T15:34:10.790+0000][gc,stringtable] GC(15) Cleaned string and symbol table, strings: 13448 processed, 4 removed, symbols: 68998 processed, 8 removed
[2023-04-29T15:34:10.790+0000][gc            ] GC(15) Pause Remark 141M->141M(256M) 5.580ms
[2023-04-29T15:34:10.790+0000][gc,cpu        ] GC(15) User=0.00s Sys=0.00s Real=0.01s
[2023-04-29T15:34:10.790+0000][gc,marking    ] GC(15) Concurrent Rebuild Remembered Sets
[2023-04-29T15:34:10.813+0000][gc,marking    ] GC(15) Concurrent Rebuild Remembered Sets 22.506ms
[2023-04-29T15:34:10.813+0000][gc,start      ] GC(15) Pause Cleanup
[2023-04-29T15:34:10.813+0000][gc            ] GC(15) Pause Cleanup 142M->142M(256M) 0.078ms
[2023-04-29T15:34:10.813+0000][gc,cpu        ] GC(15) User=0.00s Sys=0.00s Real=0.00s
[2023-04-29T15:34:10.813+0000][gc,marking    ] GC(15) Concurrent Cleanup for Next Mark
[2023-04-29T15:34:10.815+0000][gc,marking    ] GC(15) Concurrent Cleanup for Next Mark 1.403ms
[2023-04-29T15:34:10.815+0000][gc            ] GC(15) Concurrent Cycle 57.494ms
[2023-04-29T15:34:11.048+0000][gc,start      ] GC(16) Pause Young (Normal) (G1 Evacuation Pause)
[2023-04-29T15:34:11.048+0000][gc,task       ] GC(16) Using 1 workers of 1 for evacuation
[2023-04-29T15:34:11.056+0000][gc,phases     ] GC(16)   Pre Evacuate Collection Set: 0.0ms
[2023-04-29T15:34:11.056+0000][gc,phases     ] GC(16)   Evacuate Collection Set: 7.7ms
[2023-04-29T15:34:11.056+0000][gc,phases     ] GC(16)   Post Evacuate Collection Set: 0.1ms
[2023-04-29T15:34:11.056+0000][gc,phases     ] GC(16)   Other: 0.2ms
[2023-04-29T15:34:11.056+0000][gc,heap       ] GC(16) Eden regions: 10->0(11)
[2023-04-29T15:34:11.056+0000][gc,heap       ] GC(16) Survivor regions: 2->1(2)
[2023-04-29T15:34:11.056+0000][gc,heap       ] GC(16) Old regions: 10->12
[2023-04-29T15:34:11.056+0000][gc,heap       ] GC(16) Humongous regions: 129->129
[2023-04-29T15:34:11.056+0000][gc,metaspace  ] GC(16) Metaspace: 31349K(32384K)->31349K(32384K) NonClass: 27848K(28416K)->27848K(28416K) Class: 3500K(3968K)->3500K(3968K)
[2023-04-29T15:34:11.056+0000][gc            ] GC(16) Pause Young (Normal) (G1 Evacuation Pause) 150M->140M(256M) 8.068ms
[2023-04-29T15:34:11.056+0000][gc,cpu        ] GC(16) User=0.00s Sys=0.00s Real=0.01s
[2023-04-29T15:34:11.404+0000][gc,start      ] GC(17) Pause Young (Concurrent Start) (G1 Evacuation Pause)
[2023-04-29T15:34:11.404+0000][gc,task       ] GC(17) Using 1 workers of 1 for evacuation
[2023-04-29T15:34:11.414+0000][gc,phases     ] GC(17)   Pre Evacuate Collection Set: 0.1ms
[2023-04-29T15:34:11.414+0000][gc,phases     ] GC(17)   Evacuate Collection Set: 7.6ms
[2023-04-29T15:34:11.414+0000][gc,phases     ] GC(17)   Post Evacuate Collection Set: 2.2ms
[2023-04-29T15:34:11.414+0000][gc,phases     ] GC(17)   Other: 0.2ms
[2023-04-29T15:34:11.414+0000][gc,heap       ] GC(17) Eden regions: 11->0(11)
[2023-04-29T15:34:11.414+0000][gc,heap       ] GC(17) Survivor regions: 1->2(2)
[2023-04-29T15:34:11.414+0000][gc,heap       ] GC(17) Old regions: 12->12
[2023-04-29T15:34:11.414+0000][gc,heap       ] GC(17) Humongous regions: 129->129
[2023-04-29T15:34:11.414+0000][gc,metaspace  ] GC(17) Metaspace: 33943K(35200K)->33943K(35200K) NonClass: 30073K(30720K)->30073K(30720K) Class: 3869K(4480K)->3869K(4480K)
[2023-04-29T15:34:11.414+0000][gc            ] GC(17) Pause Young (Concurrent Start) (G1 Evacuation Pause) 151M->141M(256M) 10.202ms
[2023-04-29T15:34:11.414+0000][gc,cpu        ] GC(17) User=0.01s Sys=0.00s Real=0.02s
[2023-04-29T15:34:11.414+0000][gc            ] GC(18) Concurrent Cycle
[2023-04-29T15:34:11.415+0000][gc,marking    ] GC(18) Concurrent Clear Claimed Marks
[2023-04-29T15:34:11.415+0000][gc,marking    ] GC(18) Concurrent Clear Claimed Marks 0.033ms
[2023-04-29T15:34:11.415+0000][gc,marking    ] GC(18) Concurrent Scan Root Regions
[2023-04-29T15:34:11.416+0000][gc,marking    ] GC(18) Concurrent Scan Root Regions 1.947ms
[2023-04-29T15:34:11.417+0000][gc,marking    ] GC(18) Concurrent Mark (4.784s)
[2023-04-29T15:34:11.417+0000][gc,marking    ] GC(18) Concurrent Mark From Roots
[2023-04-29T15:34:11.417+0000][gc,task       ] GC(18) Using 1 workers of 1 for marking
[2023-04-29T15:34:11.492+0000][gc,marking    ] GC(18) Concurrent Mark From Roots 75.924ms
[2023-04-29T15:34:11.492+0000][gc,marking    ] GC(18) Concurrent Preclean
[2023-04-29T15:34:11.493+0000][gc,marking    ] GC(18) Concurrent Preclean 0.056ms
[2023-04-29T15:34:11.493+0000][gc,marking    ] GC(18) Concurrent Mark (4.784s, 4.860s) 76.033ms
[2023-04-29T15:34:11.493+0000][gc,start      ] GC(18) Pause Remark
[2023-04-29T15:34:11.501+0000][gc,stringtable] GC(18) Cleaned string and symbol table, strings: 14328 processed, 3 removed, symbols: 79831 processed, 4 removed
[2023-04-29T15:34:11.501+0000][gc            ] GC(18) Pause Remark 143M->143M(256M) 8.106ms
[2023-04-29T15:34:11.501+0000][gc,cpu        ] GC(18) User=0.01s Sys=0.00s Real=0.01s
[2023-04-29T15:34:11.501+0000][gc,marking    ] GC(18) Concurrent Rebuild Remembered Sets
[2023-04-29T15:34:11.519+0000][gc,marking    ] GC(18) Concurrent Rebuild Remembered Sets 18.474ms
[2023-04-29T15:34:11.519+0000][gc,start      ] GC(18) Pause Cleanup
[2023-04-29T15:34:11.520+0000][gc            ] GC(18) Pause Cleanup 143M->143M(256M) 0.086ms
[2023-04-29T15:34:11.520+0000][gc,cpu        ] GC(18) User=0.00s Sys=0.00s Real=0.00s
[2023-04-29T15:34:11.520+0000][gc,marking    ] GC(18) Concurrent Cleanup for Next Mark
[2023-04-29T15:34:11.522+0000][gc,marking    ] GC(18) Concurrent Cleanup for Next Mark 1.903ms
[2023-04-29T15:34:11.522+0000][gc            ] GC(18) Concurrent Cycle 107.056ms
[2023-04-29T15:36:28.722+0000][gc,start      ] GC(19) Pause Young (Normal) (G1 Evacuation Pause)
[2023-04-29T15:36:28.724+0000][gc,task       ] GC(19) Using 1 workers of 1 for evacuation
[2023-04-29T15:36:28.738+0000][gc,phases     ] GC(19)   Pre Evacuate Collection Set: 0.0ms
[2023-04-29T15:36:28.738+0000][gc,phases     ] GC(19)   Evacuate Collection Set: 10.4ms
[2023-04-29T15:36:28.738+0000][gc,phases     ] GC(19)   Post Evacuate Collection Set: 3.9ms
[2023-04-29T15:36:28.738+0000][gc,phases     ] GC(19)   Other: 1.4ms
[2023-04-29T15:36:28.738+0000][gc,heap       ] GC(19) Eden regions: 10->0(11)
[2023-04-29T15:36:28.738+0000][gc,heap       ] GC(19) Survivor regions: 2->1(2)
[2023-04-29T15:36:28.738+0000][gc,heap       ] GC(19) Old regions: 12->12
[2023-04-29T15:36:28.738+0000][gc,heap       ] GC(19) Humongous regions: 129->129
[2023-04-29T15:36:28.738+0000][gc,metaspace  ] GC(19) Metaspace: 36088K(37760K)->36088K(37760K) NonClass: 31798K(32768K)->31798K(32768K) Class: 4289K(4992K)->4289K(4992K)
[2023-04-29T15:36:28.738+0000][gc            ] GC(19) Pause Young (Normal) (G1 Evacuation Pause) 151M->141M(256M) 15.881ms
[2023-04-29T15:36:28.738+0000][gc,cpu        ] GC(19) User=0.02s Sys=0.00s Real=0.02s
[2023-04-29T15:37:08.502+0000][gc,start      ] GC(20) Pause Young (Concurrent Start) (G1 Evacuation Pause)
[2023-04-29T15:37:08.502+0000][gc,task       ] GC(20) Using 1 workers of 1 for evacuation
[2023-04-29T15:37:08.510+0000][gc,phases     ] GC(20)   Pre Evacuate Collection Set: 0.1ms
[2023-04-29T15:37:08.510+0000][gc,phases     ] GC(20)   Evacuate Collection Set: 7.2ms
[2023-04-29T15:37:08.510+0000][gc,phases     ] GC(20)   Post Evacuate Collection Set: 0.2ms
[2023-04-29T15:37:08.510+0000][gc,phases     ] GC(20)   Other: 0.7ms
[2023-04-29T15:37:08.510+0000][gc,heap       ] GC(20) Eden regions: 11->0(11)
[2023-04-29T15:37:08.510+0000][gc,heap       ] GC(20) Survivor regions: 1->2(2)
[2023-04-29T15:37:08.510+0000][gc,heap       ] GC(20) Old regions: 12->12
[2023-04-29T15:37:08.510+0000][gc,heap       ] GC(20) Humongous regions: 129->129
[2023-04-29T15:37:08.510+0000][gc,metaspace  ] GC(20) Metaspace: 38300K(40320K)->38300K(40320K) NonClass: 33635K(34816K)->33635K(34816K) Class: 4664K(5504K)->4664K(5504K)
[2023-04-29T15:37:08.510+0000][gc            ] GC(20) Pause Young (Concurrent Start) (G1 Evacuation Pause) 152M->142M(256M) 8.356ms
[2023-04-29T15:37:08.510+0000][gc,cpu        ] GC(20) User=0.01s Sys=0.00s Real=0.01s
[2023-04-29T15:37:08.510+0000][gc            ] GC(21) Concurrent Cycle
[2023-04-29T15:37:08.510+0000][gc,marking    ] GC(21) Concurrent Clear Claimed Marks
[2023-04-29T15:37:08.513+0000][gc,marking    ] GC(21) Concurrent Clear Claimed Marks 2.274ms
[2023-04-29T15:37:08.513+0000][gc,marking    ] GC(21) Concurrent Scan Root Regions
[2023-04-29T15:37:08.515+0000][gc,marking    ] GC(21) Concurrent Scan Root Regions 2.373ms
[2023-04-29T15:37:08.515+0000][gc,marking    ] GC(21) Concurrent Mark (181.883s)
[2023-04-29T15:37:08.515+0000][gc,marking    ] GC(21) Concurrent Mark From Roots
[2023-04-29T15:37:08.515+0000][gc,task       ] GC(21) Using 1 workers of 1 for marking
[2023-04-29T15:37:08.534+0000][gc,marking    ] GC(21) Concurrent Mark From Roots 18.601ms
[2023-04-29T15:37:08.534+0000][gc,marking    ] GC(21) Concurrent Preclean
[2023-04-29T15:37:08.535+0000][gc,marking    ] GC(21) Concurrent Preclean 1.589ms
[2023-04-29T15:37:08.535+0000][gc,marking    ] GC(21) Concurrent Mark (181.883s, 181.903s) 20.255ms
[2023-04-29T15:37:08.535+0000][gc,start      ] GC(21) Pause Remark
[2023-04-29T15:37:08.561+0000][gc,stringtable] GC(21) Cleaned string and symbol table, strings: 14951 processed, 326 removed, symbols: 85289 processed, 5 removed
[2023-04-29T15:37:08.564+0000][gc,mmu        ] GC(21) MMU target violated: 21.0ms (20.0ms/21.0ms)
[2023-04-29T15:37:08.564+0000][gc            ] GC(21) Pause Remark 142M->142M(256M) 28.245ms
[2023-04-29T15:37:08.564+0000][gc,cpu        ] GC(21) User=0.01s Sys=0.00s Real=0.02s
[2023-04-29T15:37:08.564+0000][gc,marking    ] GC(21) Concurrent Rebuild Remembered Sets
[2023-04-29T15:37:08.575+0000][gc,marking    ] GC(21) Concurrent Rebuild Remembered Sets 10.887ms
[2023-04-29T15:37:08.575+0000][gc,start      ] GC(21) Pause Cleanup
[2023-04-29T15:37:08.575+0000][gc            ] GC(21) Pause Cleanup 142M->142M(256M) 0.070ms
[2023-04-29T15:37:08.575+0000][gc,cpu        ] GC(21) User=0.00s Sys=0.00s Real=0.00s
[2023-04-29T15:37:08.575+0000][gc,marking    ] GC(21) Concurrent Cleanup for Next Mark
[2023-04-29T15:37:08.575+0000][gc,marking    ] GC(21) Concurrent Cleanup for Next Mark 0.656ms
[2023-04-29T15:37:08.576+0000][gc            ] GC(21) Concurrent Cycle 65.892ms
[2023-04-29T15:39:52.525+0000][gc,start      ] GC(22) Pause Young (Normal) (G1 Evacuation Pause)
[2023-04-29T15:39:52.525+0000][gc,task       ] GC(22) Using 1 workers of 1 for evacuation
[2023-04-29T15:39:52.535+0000][gc,phases     ] GC(22)   Pre Evacuate Collection Set: 0.0ms
[2023-04-29T15:39:52.535+0000][gc,phases     ] GC(22)   Evacuate Collection Set: 9.7ms
[2023-04-29T15:39:52.535+0000][gc,phases     ] GC(22)   Post Evacuate Collection Set: 0.2ms
[2023-04-29T15:39:52.535+0000][gc,phases     ] GC(22)   Other: 0.2ms
[2023-04-29T15:39:52.535+0000][gc,heap       ] GC(22) Eden regions: 10->0(11)
[2023-04-29T15:39:52.535+0000][gc,heap       ] GC(22) Survivor regions: 2->1(2)
[2023-04-29T15:39:52.535+0000][gc,heap       ] GC(22) Old regions: 12->13
[2023-04-29T15:39:52.535+0000][gc,heap       ] GC(22) Humongous regions: 129->129
[2023-04-29T15:39:52.535+0000][gc,metaspace  ] GC(22) Metaspace: 38744K(40832K)->38744K(40832K) NonClass: 34106K(35328K)->34106K(35328K) Class: 4637K(5504K)->4637K(5504K)
[2023-04-29T15:39:52.535+0000][gc            ] GC(22) Pause Young (Normal) (G1 Evacuation Pause) 152M->142M(256M) 10.158ms
[2023-04-29T15:39:52.535+0000][gc,cpu        ] GC(22) User=0.01s Sys=0.01s Real=0.02s
[2023-04-29T15:43:01.685+0000][gc,start      ] GC(23) Pause Young (Concurrent Start) (G1 Evacuation Pause)
[2023-04-29T15:43:01.685+0000][gc,task       ] GC(23) Using 1 workers of 1 for evacuation
[2023-04-29T15:43:01.693+0000][gc,phases     ] GC(23)   Pre Evacuate Collection Set: 0.2ms
[2023-04-29T15:43:01.693+0000][gc,phases     ] GC(23)   Evacuate Collection Set: 7.3ms
[2023-04-29T15:43:01.693+0000][gc,phases     ] GC(23)   Post Evacuate Collection Set: 0.2ms
[2023-04-29T15:43:01.693+0000][gc,phases     ] GC(23)   Other: 0.2ms
[2023-04-29T15:43:01.693+0000][gc,heap       ] GC(23) Eden regions: 11->0(12)
[2023-04-29T15:43:01.693+0000][gc,heap       ] GC(23) Survivor regions: 1->2(2)
[2023-04-29T15:43:01.693+0000][gc,heap       ] GC(23) Old regions: 13->13
[2023-04-29T15:43:01.693+0000][gc,heap       ] GC(23) Humongous regions: 129->129
[2023-04-29T15:43:01.693+0000][gc,metaspace  ] GC(23) Metaspace: 39179K(41088K)->39179K(41088K) NonClass: 34541K(35584K)->34541K(35584K) Class: 4638K(5504K)->4638K(5504K)
[2023-04-29T15:43:01.693+0000][gc            ] GC(23) Pause Young (Concurrent Start) (G1 Evacuation Pause) 153M->143M(256M) 7.880ms
[2023-04-29T15:43:01.693+0000][gc,cpu        ] GC(23) User=0.01s Sys=0.00s Real=0.01s
[2023-04-29T15:43:01.693+0000][gc            ] GC(24) Concurrent Cycle
[2023-04-29T15:43:01.693+0000][gc,marking    ] GC(24) Concurrent Clear Claimed Marks
[2023-04-29T15:43:01.693+0000][gc,marking    ] GC(24) Concurrent Clear Claimed Marks 0.043ms
[2023-04-29T15:43:01.693+0000][gc,marking    ] GC(24) Concurrent Scan Root Regions
[2023-04-29T15:43:01.694+0000][gc,marking    ] GC(24) Concurrent Scan Root Regions 1.441ms
[2023-04-29T15:43:01.694+0000][gc,marking    ] GC(24) Concurrent Mark (535.062s)
[2023-04-29T15:43:01.694+0000][gc,marking    ] GC(24) Concurrent Mark From Roots
[2023-04-29T15:43:01.694+0000][gc,task       ] GC(24) Using 1 workers of 1 for marking
[2023-04-29T15:43:01.712+0000][gc,marking    ] GC(24) Concurrent Mark From Roots 17.444ms
[2023-04-29T15:43:01.712+0000][gc,marking    ] GC(24) Concurrent Preclean
[2023-04-29T15:43:01.712+0000][gc,marking    ] GC(24) Concurrent Preclean 0.097ms
[2023-04-29T15:43:01.712+0000][gc,marking    ] GC(24) Concurrent Mark (535.062s, 535.080s) 17.584ms
[2023-04-29T15:43:01.712+0000][gc,start      ] GC(24) Pause Remark
[2023-04-29T15:43:01.721+0000][gc,stringtable] GC(24) Cleaned string and symbol table, strings: 15060 processed, 13 removed, symbols: 85335 processed, 16 removed
[2023-04-29T15:43:01.721+0000][gc            ] GC(24) Pause Remark 143M->143M(256M) 9.132ms
[2023-04-29T15:43:01.721+0000][gc,cpu        ] GC(24) User=0.00s Sys=0.00s Real=0.01s
[2023-04-29T15:43:01.721+0000][gc,marking    ] GC(24) Concurrent Rebuild Remembered Sets
[2023-04-29T15:43:01.733+0000][gc,marking    ] GC(24) Concurrent Rebuild Remembered Sets 11.406ms
[2023-04-29T15:43:01.733+0000][gc,start      ] GC(24) Pause Cleanup
[2023-04-29T15:43:01.733+0000][gc            ] GC(24) Pause Cleanup 143M->143M(256M) 0.071ms
[2023-04-29T15:43:01.733+0000][gc,cpu        ] GC(24) User=0.00s Sys=0.00s Real=0.00s
[2023-04-29T15:43:01.733+0000][gc,marking    ] GC(24) Concurrent Cleanup for Next Mark
[2023-04-29T15:43:01.734+0000][gc,marking    ] GC(24) Concurrent Cleanup for Next Mark 0.689ms
[2023-04-29T15:43:01.734+0000][gc            ] GC(24) Concurrent Cycle 40.844ms
[2023-04-29T15:46:12.189+0000][gc,start      ] GC(25) Pause Young (Normal) (G1 Evacuation Pause)
[2023-04-29T15:46:12.190+0000][gc,task       ] GC(25) Using 1 workers of 1 for evacuation
[2023-04-29T15:46:12.199+0000][gc,phases     ] GC(25)   Pre Evacuate Collection Set: 0.0ms
[2023-04-29T15:46:12.199+0000][gc,phases     ] GC(25)   Evacuate Collection Set: 8.9ms
[2023-04-29T15:46:12.199+0000][gc,phases     ] GC(25)   Post Evacuate Collection Set: 0.2ms
[2023-04-29T15:46:12.199+0000][gc,phases     ] GC(25)   Other: 0.2ms
[2023-04-29T15:46:12.199+0000][gc,heap       ] GC(25) Eden regions: 11->0(13)
[2023-04-29T15:46:12.199+0000][gc,heap       ] GC(25) Survivor regions: 2->2(2)
[2023-04-29T15:46:12.199+0000][gc,heap       ] GC(25) Old regions: 13->14
[2023-04-29T15:46:12.199+0000][gc,heap       ] GC(25) Humongous regions: 129->129
[2023-04-29T15:46:12.199+0000][gc,metaspace  ] GC(25) Metaspace: 39292K(41088K)->39292K(41088K) NonClass: 34652K(35584K)->34652K(35584K) Class: 4640K(5504K)->4640K(5504K)
[2023-04-29T15:46:12.199+0000][gc            ] GC(25) Pause Young (Normal) (G1 Evacuation Pause) 154M->143M(256M) 9.370ms
[2023-04-29T15:46:12.199+0000][gc,cpu        ] GC(25) User=0.01s Sys=0.00s Real=0.01s
[2023-04-29T15:50:06.566+0000][gc,start      ] GC(26) Pause Young (Concurrent Start) (G1 Evacuation Pause)
[2023-04-29T15:50:06.566+0000][gc,task       ] GC(26) Using 1 workers of 1 for evacuation
[2023-04-29T15:50:06.584+0000][gc,phases     ] GC(26)   Pre Evacuate Collection Set: 0.1ms
[2023-04-29T15:50:06.584+0000][gc,phases     ] GC(26)   Evacuate Collection Set: 12.8ms
[2023-04-29T15:50:06.584+0000][gc,phases     ] GC(26)   Post Evacuate Collection Set: 5.0ms
[2023-04-29T15:50:06.584+0000][gc,phases     ] GC(26)   Other: 0.2ms
[2023-04-29T15:50:06.584+0000][gc,heap       ] GC(26) Eden regions: 13->0(12)
[2023-04-29T15:50:06.584+0000][gc,heap       ] GC(26) Survivor regions: 2->2(2)
[2023-04-29T15:50:06.584+0000][gc,heap       ] GC(26) Old regions: 14->15
[2023-04-29T15:50:06.584+0000][gc,heap       ] GC(26) Humongous regions: 129->129
[2023-04-29T15:50:06.584+0000][gc,metaspace  ] GC(26) Metaspace: 39367K(41344K)->39367K(41344K) NonClass: 34725K(35840K)->34725K(35840K) Class: 4641K(5504K)->4641K(5504K)
[2023-04-29T15:50:06.584+0000][gc            ] GC(26) Pause Young (Concurrent Start) (G1 Evacuation Pause) 156M->144M(256M) 18.260ms
[2023-04-29T15:50:06.584+0000][gc,cpu        ] GC(26) User=0.01s Sys=0.00s Real=0.01s
[2023-04-29T15:50:06.584+0000][gc            ] GC(27) Concurrent Cycle
[2023-04-29T15:50:06.584+0000][gc,marking    ] GC(27) Concurrent Clear Claimed Marks
[2023-04-29T15:50:06.584+0000][gc,marking    ] GC(27) Concurrent Clear Claimed Marks 0.089ms
[2023-04-29T15:50:06.584+0000][gc,marking    ] GC(27) Concurrent Scan Root Regions
[2023-04-29T15:50:06.586+0000][gc,marking    ] GC(27) Concurrent Scan Root Regions 1.715ms
[2023-04-29T15:50:06.586+0000][gc,marking    ] GC(27) Concurrent Mark (959.953s)
[2023-04-29T15:50:06.586+0000][gc,marking    ] GC(27) Concurrent Mark From Roots
[2023-04-29T15:50:06.586+0000][gc,task       ] GC(27) Using 1 workers of 1 for marking
[2023-04-29T15:50:06.606+0000][gc,marking    ] GC(27) Concurrent Mark From Roots 20.264ms
[2023-04-29T15:50:06.606+0000][gc,marking    ] GC(27) Concurrent Preclean
[2023-04-29T15:50:06.606+0000][gc,marking    ] GC(27) Concurrent Preclean 0.103ms
[2023-04-29T15:50:06.606+0000][gc,marking    ] GC(27) Concurrent Mark (959.953s, 959.974s) 20.423ms
[2023-04-29T15:50:06.606+0000][gc,start      ] GC(27) Pause Remark
[2023-04-29T15:50:06.616+0000][gc,stringtable] GC(27) Cleaned string and symbol table, strings: 15356 processed, 5 removed, symbols: 85322 processed, 1 removed
[2023-04-29T15:50:06.616+0000][gc            ] GC(27) Pause Remark 144M->144M(256M) 9.835ms
[2023-04-29T15:50:06.616+0000][gc,cpu        ] GC(27) User=0.01s Sys=0.00s Real=0.01s
[2023-04-29T15:50:06.616+0000][gc,marking    ] GC(27) Concurrent Rebuild Remembered Sets
[2023-04-29T15:50:06.629+0000][gc,marking    ] GC(27) Concurrent Rebuild Remembered Sets 13.067ms
[2023-04-29T15:50:06.630+0000][gc,start      ] GC(27) Pause Cleanup
[2023-04-29T15:50:06.630+0000][gc            ] GC(27) Pause Cleanup 144M->144M(256M) 0.084ms
[2023-04-29T15:50:06.630+0000][gc,cpu        ] GC(27) User=0.00s Sys=0.00s Real=0.00s
[2023-04-29T15:50:06.630+0000][gc,marking    ] GC(27) Concurrent Cleanup for Next Mark
[2023-04-29T15:50:06.630+0000][gc,marking    ] GC(27) Concurrent Cleanup for Next Mark 0.653ms
[2023-04-29T15:50:06.630+0000][gc            ] GC(27) Concurrent Cycle 46.312ms
[2023-04-29T15:53:06.921+0000][gc,start      ] GC(28) Pause Young (Normal) (G1 Evacuation Pause)
[2023-04-29T15:53:06.921+0000][gc,task       ] GC(28) Using 1 workers of 1 for evacuation
[2023-04-29T15:53:06.931+0000][gc,phases     ] GC(28)   Pre Evacuate Collection Set: 0.0ms
[2023-04-29T15:53:06.931+0000][gc,phases     ] GC(28)   Evacuate Collection Set: 9.1ms
[2023-04-29T15:53:06.931+0000][gc,phases     ] GC(28)   Post Evacuate Collection Set: 0.1ms
[2023-04-29T15:53:06.931+0000][gc,phases     ] GC(28)   Other: 0.2ms
[2023-04-29T15:53:06.931+0000][gc,heap       ] GC(28) Eden regions: 10->0(13)
[2023-04-29T15:53:06.931+0000][gc,heap       ] GC(28) Survivor regions: 2->2(2)
[2023-04-29T15:53:06.931+0000][gc,heap       ] GC(28) Old regions: 15->15
[2023-04-29T15:53:06.931+0000][gc,heap       ] GC(28) Humongous regions: 129->129
[2023-04-29T15:53:06.931+0000][gc,metaspace  ] GC(28) Metaspace: 39384K(41344K)->39384K(41344K) NonClass: 34742K(35840K)->34742K(35840K) Class: 4641K(5504K)->4641K(5504K)
[2023-04-29T15:53:06.931+0000][gc            ] GC(28) Pause Young (Normal) (G1 Evacuation Pause) 154M->145M(256M) 9.526ms
[2023-04-29T15:53:06.931+0000][gc,cpu        ] GC(28) User=0.01s Sys=0.00s Real=0.01s
[2023-04-29T15:56:59.873+0000][gc,start      ] GC(29) Pause Young (Concurrent Start) (G1 Evacuation Pause)
[2023-04-29T15:56:59.873+0000][gc,task       ] GC(29) Using 1 workers of 1 for evacuation
[2023-04-29T15:56:59.883+0000][gc,phases     ] GC(29)   Pre Evacuate Collection Set: 0.1ms
[2023-04-29T15:56:59.883+0000][gc,phases     ] GC(29)   Evacuate Collection Set: 10.0ms
[2023-04-29T15:56:59.883+0000][gc,phases     ] GC(29)   Post Evacuate Collection Set: 0.1ms
[2023-04-29T15:56:59.884+0000][gc,phases     ] GC(29)   Other: 0.7ms
[2023-04-29T15:56:59.884+0000][gc,heap       ] GC(29) Eden regions: 13->0(14)
[2023-04-29T15:56:59.884+0000][gc,heap       ] GC(29) Survivor regions: 2->2(2)
[2023-04-29T15:56:59.884+0000][gc,heap       ] GC(29) Old regions: 15->16
[2023-04-29T15:56:59.884+0000][gc,heap       ] GC(29) Humongous regions: 129->129
[2023-04-29T15:56:59.884+0000][gc,metaspace  ] GC(29) Metaspace: 39607K(41600K)->39607K(41600K) NonClass: 34965K(36096K)->34965K(36096K) Class: 4641K(5504K)->4641K(5504K)
[2023-04-29T15:56:59.884+0000][gc            ] GC(29) Pause Young (Concurrent Start) (G1 Evacuation Pause) 158M->146M(256M) 11.028ms
[2023-04-29T15:56:59.884+0000][gc,cpu        ] GC(29) User=0.01s Sys=0.00s Real=0.01s
[2023-04-29T15:56:59.884+0000][gc            ] GC(30) Concurrent Cycle
[2023-04-29T15:56:59.884+0000][gc,marking    ] GC(30) Concurrent Clear Claimed Marks
[2023-04-29T15:56:59.884+0000][gc,marking    ] GC(30) Concurrent Clear Claimed Marks 0.050ms
[2023-04-29T15:56:59.884+0000][gc,marking    ] GC(30) Concurrent Scan Root Regions
[2023-04-29T15:56:59.889+0000][gc,marking    ] GC(30) Concurrent Scan Root Regions 5.419ms
[2023-04-29T15:56:59.889+0000][gc,marking    ] GC(30) Concurrent Mark (1373.257s)
[2023-04-29T15:56:59.889+0000][gc,marking    ] GC(30) Concurrent Mark From Roots
[2023-04-29T15:56:59.890+0000][gc,task       ] GC(30) Using 1 workers of 1 for marking
[2023-04-29T15:56:59.931+0000][gc,marking    ] GC(30) Concurrent Mark From Roots 41.793ms
[2023-04-29T15:56:59.931+0000][gc,marking    ] GC(30) Concurrent Preclean
[2023-04-29T15:56:59.931+0000][gc,marking    ] GC(30) Concurrent Preclean 0.118ms
[2023-04-29T15:56:59.931+0000][gc,marking    ] GC(30) Concurrent Mark (1373.257s, 1373.299s) 41.968ms
[2023-04-29T15:56:59.931+0000][gc,start      ] GC(30) Pause Remark
[2023-04-29T15:56:59.949+0000][gc,stringtable] GC(30) Cleaned string and symbol table, strings: 15537 processed, 0 removed, symbols: 85321 processed, 0 removed
[2023-04-29T15:56:59.950+0000][gc            ] GC(30) Pause Remark 146M->146M(256M) 18.265ms
[2023-04-29T15:56:59.950+0000][gc,cpu        ] GC(30) User=0.02s Sys=0.00s Real=0.02s
[2023-04-29T15:56:59.950+0000][gc,marking    ] GC(30) Concurrent Rebuild Remembered Sets
[2023-04-29T15:56:59.975+0000][gc,marking    ] GC(30) Concurrent Rebuild Remembered Sets 25.028ms
[2023-04-29T15:56:59.975+0000][gc,start      ] GC(30) Pause Cleanup
[2023-04-29T15:56:59.975+0000][gc            ] GC(30) Pause Cleanup 146M->146M(256M) 0.075ms
[2023-04-29T15:56:59.975+0000][gc,cpu        ] GC(30) User=0.00s Sys=0.00s Real=0.00s
[2023-04-29T15:56:59.975+0000][gc,marking    ] GC(30) Concurrent Cleanup for Next Mark
[2023-04-29T15:56:59.976+0000][gc,marking    ] GC(30) Concurrent Cleanup for Next Mark 0.647ms
[2023-04-29T15:56:59.976+0000][gc            ] GC(30) Concurrent Cycle 91.950ms
[2023-04-29T16:00:02.725+0000][gc,start      ] GC(31) Pause Young (Normal) (G1 Evacuation Pause)
[2023-04-29T16:00:02.726+0000][gc,task       ] GC(31) Using 1 workers of 1 for evacuation
[2023-04-29T16:00:02.740+0000][gc,phases     ] GC(31)   Pre Evacuate Collection Set: 0.0ms
[2023-04-29T16:00:02.740+0000][gc,phases     ] GC(31)   Evacuate Collection Set: 11.4ms
[2023-04-29T16:00:02.740+0000][gc,phases     ] GC(31)   Post Evacuate Collection Set: 1.8ms
[2023-04-29T16:00:02.740+0000][gc,phases     ] GC(31)   Other: 2.3ms
[2023-04-29T16:00:02.740+0000][gc,heap       ] GC(31) Eden regions: 10->0(14)
[2023-04-29T16:00:02.740+0000][gc,heap       ] GC(31) Survivor regions: 2->2(2)
[2023-04-29T16:00:02.740+0000][gc,heap       ] GC(31) Old regions: 16->17
[2023-04-29T16:00:02.740+0000][gc,heap       ] GC(31) Humongous regions: 129->129
[2023-04-29T16:00:02.740+0000][gc,metaspace  ] GC(31) Metaspace: 39647K(41600K)->39647K(41600K) NonClass: 35005K(36096K)->35005K(36096K) Class: 4641K(5504K)->4641K(5504K)
[2023-04-29T16:00:02.740+0000][gc            ] GC(31) Pause Young (Normal) (G1 Evacuation Pause) 156M->146M(256M) 15.513ms
[2023-04-29T16:00:02.740+0000][gc,cpu        ] GC(31) User=0.01s Sys=0.00s Real=0.02s
[2023-04-29T16:04:16.408+0000][gc,start      ] GC(32) Pause Young (Concurrent Start) (G1 Evacuation Pause)
[2023-04-29T16:04:16.408+0000][gc,task       ] GC(32) Using 1 workers of 1 for evacuation
[2023-04-29T16:04:16.421+0000][gc,phases     ] GC(32)   Pre Evacuate Collection Set: 0.1ms
[2023-04-29T16:04:16.421+0000][gc,phases     ] GC(32)   Evacuate Collection Set: 11.9ms
[2023-04-29T16:04:16.421+0000][gc,phases     ] GC(32)   Post Evacuate Collection Set: 0.1ms
[2023-04-29T16:04:16.421+0000][gc,phases     ] GC(32)   Other: 0.2ms
[2023-04-29T16:04:16.421+0000][gc,heap       ] GC(32) Eden regions: 14->0(14)
[2023-04-29T16:04:16.421+0000][gc,heap       ] GC(32) Survivor regions: 2->2(2)
[2023-04-29T16:04:16.421+0000][gc,heap       ] GC(32) Old regions: 17->17
[2023-04-29T16:04:16.421+0000][gc,heap       ] GC(32) Humongous regions: 129->129
[2023-04-29T16:04:16.421+0000][gc,metaspace  ] GC(32) Metaspace: 39691K(41600K)->39691K(41600K) NonClass: 35049K(36096K)->35049K(36096K) Class: 4641K(5504K)->4641K(5504K)
[2023-04-29T16:04:16.421+0000][gc            ] GC(32) Pause Young (Concurrent Start) (G1 Evacuation Pause) 160M->147M(256M) 12.451ms
[2023-04-29T16:04:16.421+0000][gc,cpu        ] GC(32) User=0.01s Sys=0.00s Real=0.01s
[2023-04-29T16:04:16.421+0000][gc            ] GC(33) Concurrent Cycle
[2023-04-29T16:04:16.421+0000][gc,marking    ] GC(33) Concurrent Clear Claimed Marks
[2023-04-29T16:04:16.421+0000][gc,marking    ] GC(33) Concurrent Clear Claimed Marks 0.052ms
[2023-04-29T16:04:16.421+0000][gc,marking    ] GC(33) Concurrent Scan Root Regions
[2023-04-29T16:04:16.423+0000][gc,marking    ] GC(33) Concurrent Scan Root Regions 1.849ms
[2023-04-29T16:04:16.423+0000][gc,marking    ] GC(33) Concurrent Mark (1809.790s)
[2023-04-29T16:04:16.423+0000][gc,marking    ] GC(33) Concurrent Mark From Roots
[2023-04-29T16:04:16.423+0000][gc,task       ] GC(33) Using 1 workers of 1 for marking
[2023-04-29T16:04:16.445+0000][gc,marking    ] GC(33) Concurrent Mark From Roots 22.466ms
[2023-04-29T16:04:16.445+0000][gc,marking    ] GC(33) Concurrent Preclean
[2023-04-29T16:04:16.445+0000][gc,marking    ] GC(33) Concurrent Preclean 0.118ms
[2023-04-29T16:04:16.445+0000][gc,marking    ] GC(33) Concurrent Mark (1809.790s, 1809.813s) 22.643ms
[2023-04-29T16:04:16.446+0000][gc,start      ] GC(33) Pause Remark
[2023-04-29T16:04:16.456+0000][gc,stringtable] GC(33) Cleaned string and symbol table, strings: 15595 processed, 0 removed, symbols: 85321 processed, 0 removed
[2023-04-29T16:04:16.456+0000][gc            ] GC(33) Pause Remark 147M->147M(256M) 10.714ms
[2023-04-29T16:04:16.456+0000][gc,cpu        ] GC(33) User=0.01s Sys=0.00s Real=0.01s
[2023-04-29T16:04:16.456+0000][gc,marking    ] GC(33) Concurrent Rebuild Remembered Sets
[2023-04-29T16:04:16.471+0000][gc,marking    ] GC(33) Concurrent Rebuild Remembered Sets 14.294ms
[2023-04-29T16:04:16.471+0000][gc,start      ] GC(33) Pause Cleanup
[2023-04-29T16:04:16.471+0000][gc            ] GC(33) Pause Cleanup 147M->147M(256M) 0.076ms
[2023-04-29T16:04:16.471+0000][gc,cpu        ] GC(33) User=0.00s Sys=0.00s Real=0.00s
[2023-04-29T16:04:16.471+0000][gc,marking    ] GC(33) Concurrent Cleanup for Next Mark
[2023-04-29T16:04:16.472+0000][gc,marking    ] GC(33) Concurrent Cleanup for Next Mark 0.660ms
[2023-04-29T16:04:16.472+0000][gc            ] GC(33) Concurrent Cycle 50.778ms
[2023-04-29T16:07:57.652+0000][gc,start      ] GC(34) Pause Young (Normal) (G1 Evacuation Pause)
[2023-04-29T16:07:57.652+0000][gc,task       ] GC(34) Using 1 workers of 1 for evacuation
[2023-04-29T16:07:57.667+0000][gc,phases     ] GC(34)   Pre Evacuate Collection Set: 0.0ms
[2023-04-29T16:07:57.667+0000][gc,phases     ] GC(34)   Evacuate Collection Set: 14.2ms
[2023-04-29T16:07:57.667+0000][gc,phases     ] GC(34)   Post Evacuate Collection Set: 0.2ms
[2023-04-29T16:07:57.667+0000][gc,phases     ] GC(34)   Other: 0.2ms
[2023-04-29T16:07:57.667+0000][gc,heap       ] GC(34) Eden regions: 12->0(14)
[2023-04-29T16:07:57.667+0000][gc,heap       ] GC(34) Survivor regions: 2->2(2)
[2023-04-29T16:07:57.667+0000][gc,heap       ] GC(34) Old regions: 17->18
[2023-04-29T16:07:57.667+0000][gc,heap       ] GC(34) Humongous regions: 129->129
[2023-04-29T16:07:57.667+0000][gc,metaspace  ] GC(34) Metaspace: 39704K(41600K)->39704K(41600K) NonClass: 35062K(36096K)->35062K(36096K) Class: 4641K(5504K)->4641K(5504K)
[2023-04-29T16:07:57.667+0000][gc            ] GC(34) Pause Young (Normal) (G1 Evacuation Pause) 159M->148M(256M) 14.685ms
[2023-04-29T16:07:57.667+0000][gc,cpu        ] GC(34) User=0.01s Sys=0.00s Real=0.02s
[2023-04-29T16:12:15.135+0000][gc,start      ] GC(35) Pause Young (Concurrent Start) (G1 Evacuation Pause)
[2023-04-29T16:12:15.135+0000][gc,task       ] GC(35) Using 1 workers of 1 for evacuation
[2023-04-29T16:12:15.147+0000][gc,phases     ] GC(35)   Pre Evacuate Collection Set: 0.1ms
[2023-04-29T16:12:15.147+0000][gc,phases     ] GC(35)   Evacuate Collection Set: 11.3ms
[2023-04-29T16:12:15.147+0000][gc,phases     ] GC(35)   Post Evacuate Collection Set: 0.1ms
[2023-04-29T16:12:15.147+0000][gc,phases     ] GC(35)   Other: 0.2ms
[2023-04-29T16:12:15.147+0000][gc,heap       ] GC(35) Eden regions: 14->0(14)
[2023-04-29T16:12:15.147+0000][gc,heap       ] GC(35) Survivor regions: 2->2(2)
[2023-04-29T16:12:15.147+0000][gc,heap       ] GC(35) Old regions: 18->19
[2023-04-29T16:12:15.147+0000][gc,heap       ] GC(35) Humongous regions: 129->129
[2023-04-29T16:12:15.147+0000][gc,metaspace  ] GC(35) Metaspace: 39719K(41600K)->39719K(41600K) NonClass: 35077K(36096K)->35077K(36096K) Class: 4641K(5504K)->4641K(5504K)
[2023-04-29T16:12:15.147+0000][gc            ] GC(35) Pause Young (Concurrent Start) (G1 Evacuation Pause) 162M->149M(256M) 11.922ms
[2023-04-29T16:12:15.147+0000][gc,cpu        ] GC(35) User=0.01s Sys=0.00s Real=0.01s
[2023-04-29T16:12:15.147+0000][gc            ] GC(36) Concurrent Cycle
[2023-04-29T16:12:15.147+0000][gc,marking    ] GC(36) Concurrent Clear Claimed Marks
[2023-04-29T16:12:15.147+0000][gc,marking    ] GC(36) Concurrent Clear Claimed Marks 0.055ms
[2023-04-29T16:12:15.147+0000][gc,marking    ] GC(36) Concurrent Scan Root Regions
[2023-04-29T16:12:15.150+0000][gc,marking    ] GC(36) Concurrent Scan Root Regions 2.545ms
[2023-04-29T16:12:15.150+0000][gc,marking    ] GC(36) Concurrent Mark (2288.518s)
[2023-04-29T16:12:15.150+0000][gc,marking    ] GC(36) Concurrent Mark From Roots
[2023-04-29T16:12:15.150+0000][gc,task       ] GC(36) Using 1 workers of 1 for marking
[2023-04-29T16:12:15.181+0000][gc,marking    ] GC(36) Concurrent Mark From Roots 30.584ms
[2023-04-29T16:12:15.181+0000][gc,marking    ] GC(36) Concurrent Preclean
[2023-04-29T16:12:15.181+0000][gc,marking    ] GC(36) Concurrent Preclean 0.103ms
[2023-04-29T16:12:15.181+0000][gc,marking    ] GC(36) Concurrent Mark (2288.518s, 2288.548s) 30.746ms
[2023-04-29T16:12:15.181+0000][gc,start      ] GC(36) Pause Remark
[2023-04-29T16:12:15.191+0000][gc,stringtable] GC(36) Cleaned string and symbol table, strings: 15708 processed, 0 removed, symbols: 85321 processed, 0 removed
[2023-04-29T16:12:15.191+0000][gc            ] GC(36) Pause Remark 149M->149M(256M) 10.543ms
[2023-04-29T16:12:15.191+0000][gc,cpu        ] GC(36) User=0.00s Sys=0.00s Real=0.01s
[2023-04-29T16:12:15.192+0000][gc,marking    ] GC(36) Concurrent Rebuild Remembered Sets
[2023-04-29T16:12:15.206+0000][gc,marking    ] GC(36) Concurrent Rebuild Remembered Sets 14.117ms
[2023-04-29T16:12:15.206+0000][gc,start      ] GC(36) Pause Cleanup
[2023-04-29T16:12:15.206+0000][gc            ] GC(36) Pause Cleanup 149M->149M(256M) 0.069ms
[2023-04-29T16:12:15.206+0000][gc,cpu        ] GC(36) User=0.00s Sys=0.00s Real=0.00s
[2023-04-29T16:12:15.206+0000][gc,marking    ] GC(36) Concurrent Cleanup for Next Mark
[2023-04-29T16:12:15.207+0000][gc,marking    ] GC(36) Concurrent Cleanup for Next Mark 0.724ms
[2023-04-29T16:12:15.207+0000][gc            ] GC(36) Concurrent Cycle 59.307ms
[2023-04-29T16:16:19.613+0000][gc,start      ] GC(37) Pause Young (Normal) (G1 Evacuation Pause)
[2023-04-29T16:16:19.613+0000][gc,task       ] GC(37) Using 1 workers of 1 for evacuation
[2023-04-29T16:16:19.625+0000][gc,phases     ] GC(37)   Pre Evacuate Collection Set: 0.0ms
[2023-04-29T16:16:19.625+0000][gc,phases     ] GC(37)   Evacuate Collection Set: 11.9ms
[2023-04-29T16:16:19.625+0000][gc,phases     ] GC(37)   Post Evacuate Collection Set: 0.1ms
[2023-04-29T16:16:19.625+0000][gc,phases     ] GC(37)   Other: 0.2ms
[2023-04-29T16:16:19.625+0000][gc,heap       ] GC(37) Eden regions: 13->0(15)
[2023-04-29T16:16:19.625+0000][gc,heap       ] GC(37) Survivor regions: 2->2(2)
[2023-04-29T16:16:19.625+0000][gc,heap       ] GC(37) Old regions: 19->20
[2023-04-29T16:16:19.625+0000][gc,heap       ] GC(37) Humongous regions: 129->129
[2023-04-29T16:16:19.625+0000][gc,metaspace  ] GC(37) Metaspace: 39733K(41600K)->39733K(41600K) NonClass: 35091K(36096K)->35091K(36096K) Class: 4641K(5504K)->4641K(5504K)
[2023-04-29T16:16:19.625+0000][gc            ] GC(37) Pause Young (Normal) (G1 Evacuation Pause) 162M->150M(256M) 12.246ms
[2023-04-29T16:16:19.625+0000][gc,cpu        ] GC(37) User=0.01s Sys=0.00s Real=0.01s
[2023-04-29T16:21:04.163+0000][gc,start      ] GC(38) Pause Young (Concurrent Start) (G1 Evacuation Pause)
[2023-04-29T16:21:04.163+0000][gc,task       ] GC(38) Using 1 workers of 1 for evacuation
[2023-04-29T16:21:04.177+0000][gc,phases     ] GC(38)   Pre Evacuate Collection Set: 0.1ms
[2023-04-29T16:21:04.177+0000][gc,phases     ] GC(38)   Evacuate Collection Set: 13.1ms
[2023-04-29T16:21:04.177+0000][gc,phases     ] GC(38)   Post Evacuate Collection Set: 0.2ms
[2023-04-29T16:21:04.177+0000][gc,phases     ] GC(38)   Other: 0.2ms
[2023-04-29T16:21:04.177+0000][gc,heap       ] GC(38) Eden regions: 15->0(15)
[2023-04-29T16:21:04.177+0000][gc,heap       ] GC(38) Survivor regions: 2->2(3)
[2023-04-29T16:21:04.177+0000][gc,heap       ] GC(38) Old regions: 20->21
[2023-04-29T16:21:04.177+0000][gc,heap       ] GC(38) Humongous regions: 129->129
[2023-04-29T16:21:04.177+0000][gc,metaspace  ] GC(38) Metaspace: 39754K(41600K)->39754K(41600K) NonClass: 35112K(36096K)->35112K(36096K) Class: 4641K(5504K)->4641K(5504K)
[2023-04-29T16:21:04.177+0000][gc            ] GC(38) Pause Young (Concurrent Start) (G1 Evacuation Pause) 165M->151M(256M) 13.741ms
[2023-04-29T16:21:04.177+0000][gc,cpu        ] GC(38) User=0.01s Sys=0.00s Real=0.02s
[2023-04-29T16:21:04.177+0000][gc            ] GC(39) Concurrent Cycle
[2023-04-29T16:21:04.177+0000][gc,marking    ] GC(39) Concurrent Clear Claimed Marks
[2023-04-29T16:21:04.177+0000][gc,marking    ] GC(39) Concurrent Clear Claimed Marks 0.093ms
[2023-04-29T16:21:04.177+0000][gc,marking    ] GC(39) Concurrent Scan Root Regions
[2023-04-29T16:21:04.180+0000][gc,marking    ] GC(39) Concurrent Scan Root Regions 2.726ms
[2023-04-29T16:21:04.180+0000][gc,marking    ] GC(39) Concurrent Mark (2817.548s)
[2023-04-29T16:21:04.180+0000][gc,marking    ] GC(39) Concurrent Mark From Roots
[2023-04-29T16:21:04.180+0000][gc,task       ] GC(39) Using 1 workers of 1 for marking
[2023-04-29T16:21:04.215+0000][gc,marking    ] GC(39) Concurrent Mark From Roots 34.391ms
[2023-04-29T16:21:04.215+0000][gc,marking    ] GC(39) Concurrent Preclean
[2023-04-29T16:21:04.215+0000][gc,marking    ] GC(39) Concurrent Preclean 0.121ms
[2023-04-29T16:21:04.215+0000][gc,marking    ] GC(39) Concurrent Mark (2817.548s, 2817.582s) 34.570ms
[2023-04-29T16:21:04.215+0000][gc,start      ] GC(39) Pause Remark
[2023-04-29T16:21:04.226+0000][gc,stringtable] GC(39) Cleaned string and symbol table, strings: 15769 processed, 0 removed, symbols: 85323 processed, 0 removed
[2023-04-29T16:21:04.226+0000][gc            ] GC(39) Pause Remark 151M->151M(256M) 11.413ms
[2023-04-29T16:21:04.226+0000][gc,cpu        ] GC(39) User=0.01s Sys=0.00s Real=0.01s
[2023-04-29T16:21:04.226+0000][gc,marking    ] GC(39) Concurrent Rebuild Remembered Sets
[2023-04-29T16:21:04.241+0000][gc,marking    ] GC(39) Concurrent Rebuild Remembered Sets 14.736ms
[2023-04-29T16:21:04.241+0000][gc,start      ] GC(39) Pause Cleanup
[2023-04-29T16:21:04.241+0000][gc            ] GC(39) Pause Cleanup 151M->151M(256M) 0.088ms
[2023-04-29T16:21:04.241+0000][gc,cpu        ] GC(39) User=0.00s Sys=0.00s Real=0.00s
[2023-04-29T16:21:04.241+0000][gc,marking    ] GC(39) Concurrent Cleanup for Next Mark
[2023-04-29T16:21:04.242+0000][gc,marking    ] GC(39) Concurrent Cleanup for Next Mark 0.746ms
[2023-04-29T16:21:04.242+0000][gc            ] GC(39) Concurrent Cycle 64.940ms
[2023-04-29T16:25:33.876+0000][gc,start      ] GC(40) Pause Young (Normal) (G1 Evacuation Pause)
[2023-04-29T16:25:33.876+0000][gc,task       ] GC(40) Using 1 workers of 1 for evacuation
[2023-04-29T16:25:33.889+0000][gc,phases     ] GC(40)   Pre Evacuate Collection Set: 0.0ms
[2023-04-29T16:25:33.890+0000][gc,phases     ] GC(40)   Evacuate Collection Set: 12.9ms
[2023-04-29T16:25:33.890+0000][gc,phases     ] GC(40)   Post Evacuate Collection Set: 0.2ms
[2023-04-29T16:25:33.890+0000][gc,phases     ] GC(40)   Other: 0.2ms
[2023-04-29T16:25:33.890+0000][gc,heap       ] GC(40) Eden regions: 14->0(15)
[2023-04-29T16:25:33.890+0000][gc,heap       ] GC(40) Survivor regions: 2->1(2)
[2023-04-29T16:25:33.890+0000][gc,heap       ] GC(40) Old regions: 21->23
[2023-04-29T16:25:33.890+0000][gc,heap       ] GC(40) Humongous regions: 129->129
[2023-04-29T16:25:33.890+0000][gc,metaspace  ] GC(40) Metaspace: 39763K(41600K)->39763K(41600K) NonClass: 35119K(36096K)->35119K(36096K) Class: 4643K(5504K)->4643K(5504K)
[2023-04-29T16:25:33.890+0000][gc            ] GC(40) Pause Young (Normal) (G1 Evacuation Pause) 165M->152M(256M) 14.556ms
[2023-04-29T16:25:33.890+0000][gc,cpu        ] GC(40) User=0.01s Sys=0.00s Real=0.01s
[2023-04-29T16:30:21.229+0000][gc,start      ] GC(41) Pause Young (Concurrent Start) (G1 Evacuation Pause)
[2023-04-29T16:30:21.229+0000][gc,task       ] GC(41) Using 1 workers of 1 for evacuation
[2023-04-29T16:30:21.239+0000][gc,phases     ] GC(41)   Pre Evacuate Collection Set: 0.1ms
[2023-04-29T16:30:21.239+0000][gc,phases     ] GC(41)   Evacuate Collection Set: 9.8ms
[2023-04-29T16:30:21.239+0000][gc,phases     ] GC(41)   Post Evacuate Collection Set: 0.1ms
[2023-04-29T16:30:21.239+0000][gc,phases     ] GC(41)   Other: 0.2ms
[2023-04-29T16:30:21.239+0000][gc,heap       ] GC(41) Eden regions: 15->0(15)
[2023-04-29T16:30:21.239+0000][gc,heap       ] GC(41) Survivor regions: 1->2(2)
[2023-04-29T16:30:21.239+0000][gc,heap       ] GC(41) Old regions: 23->23
[2023-04-29T16:30:21.239+0000][gc,heap       ] GC(41) Humongous regions: 129->129
[2023-04-29T16:30:21.239+0000][gc,metaspace  ] GC(41) Metaspace: 39771K(41600K)->39771K(41600K) NonClass: 35127K(36096K)->35127K(36096K) Class: 4643K(5504K)->4643K(5504K)
[2023-04-29T16:30:21.239+0000][gc            ] GC(41) Pause Young (Concurrent Start) (G1 Evacuation Pause) 167M->153M(256M) 10.407ms
[2023-04-29T16:30:21.239+0000][gc,cpu        ] GC(41) User=0.01s Sys=0.00s Real=0.01s
[2023-04-29T16:30:21.239+0000][gc            ] GC(42) Concurrent Cycle
[2023-04-29T16:30:21.239+0000][gc,marking    ] GC(42) Concurrent Clear Claimed Marks
[2023-04-29T16:30:21.240+0000][gc,marking    ] GC(42) Concurrent Clear Claimed Marks 0.042ms
[2023-04-29T16:30:21.240+0000][gc,marking    ] GC(42) Concurrent Scan Root Regions
[2023-04-29T16:30:21.242+0000][gc,marking    ] GC(42) Concurrent Scan Root Regions 2.668ms
[2023-04-29T16:30:21.242+0000][gc,marking    ] GC(42) Concurrent Mark (3374.610s)
[2023-04-29T16:30:21.242+0000][gc,marking    ] GC(42) Concurrent Mark From Roots
[2023-04-29T16:30:21.242+0000][gc,task       ] GC(42) Using 1 workers of 1 for marking
[2023-04-29T16:30:21.273+0000][gc,marking    ] GC(42) Concurrent Mark From Roots 30.593ms
[2023-04-29T16:30:21.273+0000][gc,marking    ] GC(42) Concurrent Preclean
[2023-04-29T16:30:21.273+0000][gc,marking    ] GC(42) Concurrent Preclean 0.091ms
[2023-04-29T16:30:21.273+0000][gc,marking    ] GC(42) Concurrent Mark (3374.610s, 3374.641s) 30.745ms
[2023-04-29T16:30:21.273+0000][gc,start      ] GC(42) Pause Remark
[2023-04-29T16:30:21.284+0000][gc,stringtable] GC(42) Cleaned string and symbol table, strings: 15850 processed, 0 removed, symbols: 85323 processed, 0 removed
[2023-04-29T16:30:21.284+0000][gc            ] GC(42) Pause Remark 153M->153M(256M) 10.743ms
[2023-04-29T16:30:21.284+0000][gc,cpu        ] GC(42) User=0.01s Sys=0.00s Real=0.00s
[2023-04-29T16:30:21.284+0000][gc,marking    ] GC(42) Concurrent Rebuild Remembered Sets
[2023-04-29T16:30:21.298+0000][gc,marking    ] GC(42) Concurrent Rebuild Remembered Sets 14.159ms
[2023-04-29T16:30:21.298+0000][gc,start      ] GC(42) Pause Cleanup
[2023-04-29T16:30:21.298+0000][gc            ] GC(42) Pause Cleanup 153M->153M(256M) 0.077ms
[2023-04-29T16:30:21.298+0000][gc,cpu        ] GC(42) User=0.00s Sys=0.00s Real=0.00s
[2023-04-29T16:30:21.298+0000][gc,marking    ] GC(42) Concurrent Cleanup for Next Mark
[2023-04-29T16:30:21.299+0000][gc,marking    ] GC(42) Concurrent Cleanup for Next Mark 0.662ms
[2023-04-29T16:30:21.299+0000][gc            ] GC(42) Concurrent Cycle 59.579ms
[2023-04-29T16:34:11.686+0000][gc,start      ] GC(43) Pause Young (Normal) (G1 Evacuation Pause)
[2023-04-29T16:34:11.686+0000][gc,task       ] GC(43) Using 1 workers of 1 for evacuation
[2023-04-29T16:34:11.707+0000][gc,mmu        ] GC(43) MMU target violated: 20.5ms (20.0ms/21.0ms)
[2023-04-29T16:34:11.707+0000][gc,phases     ] GC(43)   Pre Evacuate Collection Set: 0.0ms
[2023-04-29T16:34:11.707+0000][gc,phases     ] GC(43)   Evacuate Collection Set: 20.3ms
[2023-04-29T16:34:11.707+0000][gc,phases     ] GC(43)   Post Evacuate Collection Set: 0.2ms
[2023-04-29T16:34:11.707+0000][gc,phases     ] GC(43)   Other: 0.2ms
[2023-04-29T16:34:11.707+0000][gc,heap       ] GC(43) Eden regions: 15->0(15)
[2023-04-29T16:34:11.707+0000][gc,heap       ] GC(43) Survivor regions: 2->3(3)
[2023-04-29T16:34:11.707+0000][gc,heap       ] GC(43) Old regions: 23->25
[2023-04-29T16:34:11.707+0000][gc,heap       ] GC(43) Humongous regions: 129->129
[2023-04-29T16:34:11.707+0000][gc,metaspace  ] GC(43) Metaspace: 39840K(41856K)->39840K(41856K) NonClass: 35180K(36352K)->35180K(36352K) Class: 4659K(5504K)->4659K(5504K)
[2023-04-29T16:34:11.707+0000][gc            ] GC(43) Pause Young (Normal) (G1 Evacuation Pause) 168M->156M(256M) 20.759ms
[2023-04-29T16:34:11.707+0000][gc,cpu        ] GC(43) User=0.01s Sys=0.01s Real=0.02s
[2023-04-29T16:38:56.375+0000][gc,start      ] GC(44) Pause Young (Concurrent Start) (G1 Evacuation Pause)
[2023-04-29T16:38:56.375+0000][gc,task       ] GC(44) Using 1 workers of 1 for evacuation
[2023-04-29T16:38:56.391+0000][gc,phases     ] GC(44)   Pre Evacuate Collection Set: 0.1ms
[2023-04-29T16:38:56.391+0000][gc,phases     ] GC(44)   Evacuate Collection Set: 16.0ms
[2023-04-29T16:38:56.391+0000][gc,phases     ] GC(44)   Post Evacuate Collection Set: 0.1ms
[2023-04-29T16:38:56.391+0000][gc,phases     ] GC(44)   Other: 0.2ms
[2023-04-29T16:38:56.391+0000][gc,heap       ] GC(44) Eden regions: 15->0(15)
[2023-04-29T16:38:56.391+0000][gc,heap       ] GC(44) Survivor regions: 3->2(3)
[2023-04-29T16:38:56.391+0000][gc,heap       ] GC(44) Old regions: 25->27
[2023-04-29T16:38:56.391+0000][gc,heap       ] GC(44) Humongous regions: 129->129
[2023-04-29T16:38:56.391+0000][gc,metaspace  ] GC(44) Metaspace: 39911K(41856K)->39911K(41856K) NonClass: 35251K(36352K)->35251K(36352K) Class: 4659K(5504K)->4659K(5504K)
[2023-04-29T16:38:56.391+0000][gc            ] GC(44) Pause Young (Concurrent Start) (G1 Evacuation Pause) 171M->157M(256M) 16.595ms
[2023-04-29T16:38:56.391+0000][gc,cpu        ] GC(44) User=0.02s Sys=0.00s Real=0.01s
[2023-04-29T16:38:56.391+0000][gc            ] GC(45) Concurrent Cycle
[2023-04-29T16:38:56.391+0000][gc,marking    ] GC(45) Concurrent Clear Claimed Marks
[2023-04-29T16:38:56.391+0000][gc,marking    ] GC(45) Concurrent Clear Claimed Marks 0.077ms
[2023-04-29T16:38:56.391+0000][gc,marking    ] GC(45) Concurrent Scan Root Regions
[2023-04-29T16:38:56.393+0000][gc,marking    ] GC(45) Concurrent Scan Root Regions 1.890ms
[2023-04-29T16:38:56.393+0000][gc,marking    ] GC(45) Concurrent Mark (3889.761s)
[2023-04-29T16:38:56.393+0000][gc,marking    ] GC(45) Concurrent Mark From Roots
[2023-04-29T16:38:56.393+0000][gc,task       ] GC(45) Using 1 workers of 1 for marking
[2023-04-29T16:38:56.415+0000][gc,marking    ] GC(45) Concurrent Mark From Roots 21.450ms
[2023-04-29T16:38:56.415+0000][gc,marking    ] GC(45) Concurrent Preclean
[2023-04-29T16:38:56.415+0000][gc,marking    ] GC(45) Concurrent Preclean 0.108ms
[2023-04-29T16:38:56.415+0000][gc,marking    ] GC(45) Concurrent Mark (3889.761s, 3889.782s) 21.607ms
[2023-04-29T16:38:56.415+0000][gc,start      ] GC(45) Pause Remark
[2023-04-29T16:38:56.426+0000][gc,stringtable] GC(45) Cleaned string and symbol table, strings: 15898 processed, 0 removed, symbols: 85342 processed, 1 removed
[2023-04-29T16:38:56.426+0000][gc            ] GC(45) Pause Remark 157M->157M(256M) 11.072ms
[2023-04-29T16:38:56.426+0000][gc,cpu        ] GC(45) User=0.01s Sys=0.00s Real=0.01s
[2023-04-29T16:38:56.426+0000][gc,marking    ] GC(45) Concurrent Rebuild Remembered Sets
[2023-04-29T16:38:56.441+0000][gc,marking    ] GC(45) Concurrent Rebuild Remembered Sets 14.543ms
[2023-04-29T16:38:56.441+0000][gc,start      ] GC(45) Pause Cleanup
[2023-04-29T16:38:56.441+0000][gc            ] GC(45) Pause Cleanup 157M->157M(256M) 0.079ms
[2023-04-29T16:38:56.441+0000][gc,cpu        ] GC(45) User=0.00s Sys=0.00s Real=0.00s
[2023-04-29T16:38:56.441+0000][gc,marking    ] GC(45) Concurrent Cleanup for Next Mark
[2023-04-29T16:38:56.442+0000][gc,marking    ] GC(45) Concurrent Cleanup for Next Mark 0.686ms
[2023-04-29T16:38:56.442+0000][gc            ] GC(45) Concurrent Cycle 50.440ms
[2023-04-29T16:43:44.793+0000][gc,start      ] GC(46) Pause Young (Normal) (G1 Evacuation Pause)
[2023-04-29T16:43:44.793+0000][gc,task       ] GC(46) Using 1 workers of 1 for evacuation
[2023-04-29T16:43:44.803+0000][gc,phases     ] GC(46)   Pre Evacuate Collection Set: 0.0ms
[2023-04-29T16:43:44.803+0000][gc,phases     ] GC(46)   Evacuate Collection Set: 9.6ms
[2023-04-29T16:43:44.803+0000][gc,phases     ] GC(46)   Post Evacuate Collection Set: 0.1ms
[2023-04-29T16:43:44.803+0000][gc,phases     ] GC(46)   Other: 0.2ms
[2023-04-29T16:43:44.803+0000][gc,heap       ] GC(46) Eden regions: 15->0(17)
[2023-04-29T16:43:44.803+0000][gc,heap       ] GC(46) Survivor regions: 2->3(3)
[2023-04-29T16:43:44.803+0000][gc,heap       ] GC(46) Old regions: 27->27
[2023-04-29T16:43:44.803+0000][gc,heap       ] GC(46) Humongous regions: 129->129
[2023-04-29T16:43:44.803+0000][gc,metaspace  ] GC(46) Metaspace: 39917K(41856K)->39917K(41856K) NonClass: 35258K(36352K)->35258K(36352K) Class: 4659K(5504K)->4659K(5504K)
[2023-04-29T16:43:44.803+0000][gc            ] GC(46) Pause Young (Normal) (G1 Evacuation Pause) 172M->158M(256M) 9.971ms
[2023-04-29T16:43:44.803+0000][gc,cpu        ] GC(46) User=0.01s Sys=0.00s Real=0.00s
[2023-04-29T16:49:17.449+0000][gc,start      ] GC(47) Pause Young (Concurrent Start) (G1 Evacuation Pause)
[2023-04-29T16:49:17.449+0000][gc,task       ] GC(47) Using 1 workers of 1 for evacuation
[2023-04-29T16:49:17.463+0000][gc,phases     ] GC(47)   Pre Evacuate Collection Set: 0.2ms
[2023-04-29T16:49:17.463+0000][gc,phases     ] GC(47)   Evacuate Collection Set: 13.9ms
[2023-04-29T16:49:17.463+0000][gc,phases     ] GC(47)   Post Evacuate Collection Set: 0.1ms
[2023-04-29T16:49:17.463+0000][gc,phases     ] GC(47)   Other: 0.2ms
[2023-04-29T16:49:17.463+0000][gc,heap       ] GC(47) Eden regions: 17->0(30)
[2023-04-29T16:49:17.463+0000][gc,heap       ] GC(47) Survivor regions: 3->3(3)
[2023-04-29T16:49:17.463+0000][gc,heap       ] GC(47) Old regions: 27->29
[2023-04-29T16:49:17.463+0000][gc,heap       ] GC(47) Humongous regions: 129->129
[2023-04-29T16:49:17.463+0000][gc,metaspace  ] GC(47) Metaspace: 39922K(41856K)->39922K(41856K) NonClass: 35262K(36352K)->35262K(36352K) Class: 4659K(5504K)->4659K(5504K)
[2023-04-29T16:49:17.463+0000][gc            ] GC(47) Pause Young (Concurrent Start) (G1 Evacuation Pause) 175M->159M(256M) 14.586ms
[2023-04-29T16:49:17.463+0000][gc,cpu        ] GC(47) User=0.00s Sys=0.01s Real=0.01s
[2023-04-29T16:49:17.463+0000][gc            ] GC(48) Concurrent Cycle
[2023-04-29T16:49:17.463+0000][gc,marking    ] GC(48) Concurrent Clear Claimed Marks
[2023-04-29T16:49:17.463+0000][gc,marking    ] GC(48) Concurrent Clear Claimed Marks 0.045ms
[2023-04-29T16:49:17.463+0000][gc,marking    ] GC(48) Concurrent Scan Root Regions
[2023-04-29T16:49:17.466+0000][gc,marking    ] GC(48) Concurrent Scan Root Regions 2.469ms
[2023-04-29T16:49:17.466+0000][gc,marking    ] GC(48) Concurrent Mark (4510.834s)
[2023-04-29T16:49:17.466+0000][gc,marking    ] GC(48) Concurrent Mark From Roots
[2023-04-29T16:49:17.466+0000][gc,task       ] GC(48) Using 1 workers of 1 for marking
[2023-04-29T16:49:17.496+0000][gc,marking    ] GC(48) Concurrent Mark From Roots 29.675ms
[2023-04-29T16:49:17.496+0000][gc,marking    ] GC(48) Concurrent Preclean
[2023-04-29T16:49:17.496+0000][gc,marking    ] GC(48) Concurrent Preclean 0.088ms
[2023-04-29T16:49:17.496+0000][gc,marking    ] GC(48) Concurrent Mark (4510.834s, 4510.863s) 29.806ms
[2023-04-29T16:49:17.496+0000][gc,start      ] GC(48) Pause Remark
[2023-04-29T16:49:17.507+0000][gc,stringtable] GC(48) Cleaned string and symbol table, strings: 15903 processed, 1 removed, symbols: 85341 processed, 0 removed
[2023-04-29T16:49:17.507+0000][gc            ] GC(48) Pause Remark 159M->159M(256M) 11.402ms
[2023-04-29T16:49:17.507+0000][gc,cpu        ] GC(48) User=0.01s Sys=0.00s Real=0.01s
[2023-04-29T16:49:17.507+0000][gc,marking    ] GC(48) Concurrent Rebuild Remembered Sets
[2023-04-29T16:49:17.522+0000][gc,marking    ] GC(48) Concurrent Rebuild Remembered Sets 14.672ms
[2023-04-29T16:49:17.522+0000][gc,start      ] GC(48) Pause Cleanup
[2023-04-29T16:49:17.522+0000][gc            ] GC(48) Pause Cleanup 159M->159M(256M) 0.062ms
[2023-04-29T16:49:17.522+0000][gc,cpu        ] GC(48) User=0.00s Sys=0.00s Real=0.00s
[2023-04-29T16:49:17.522+0000][gc,marking    ] GC(48) Concurrent Cleanup for Next Mark
[2023-04-29T16:49:17.523+0000][gc,marking    ] GC(48) Concurrent Cleanup for Next Mark 0.673ms
[2023-04-29T16:49:17.523+0000][gc            ] GC(48) Concurrent Cycle 59.554ms
[2023-04-29T16:56:02.678+0000][gc,start      ] GC(49) Pause Young (Prepare Mixed) (G1 Evacuation Pause)
[2023-04-29T16:56:02.679+0000][gc,task       ] GC(49) Using 1 workers of 1 for evacuation
[2023-04-29T16:56:02.697+0000][gc,phases     ] GC(49)   Pre Evacuate Collection Set: 0.0ms
[2023-04-29T16:56:02.697+0000][gc,phases     ] GC(49)   Evacuate Collection Set: 18.1ms
[2023-04-29T16:56:02.697+0000][gc,phases     ] GC(49)   Post Evacuate Collection Set: 0.2ms
[2023-04-29T16:56:02.697+0000][gc,phases     ] GC(49)   Other: 1.1ms
[2023-04-29T16:56:02.697+0000][gc,heap       ] GC(49) Eden regions: 25->0(8)
[2023-04-29T16:56:02.697+0000][gc,heap       ] GC(49) Survivor regions: 3->4(4)
[2023-04-29T16:56:02.697+0000][gc,heap       ] GC(49) Old regions: 29->30
[2023-04-29T16:56:02.697+0000][gc,heap       ] GC(49) Humongous regions: 129->129
[2023-04-29T16:56:02.697+0000][gc,metaspace  ] GC(49) Metaspace: 40530K(42624K)->40530K(42624K) NonClass: 35726K(36864K)->35726K(36864K) Class: 4803K(5760K)->4803K(5760K)
[2023-04-29T16:56:02.697+0000][gc            ] GC(49) Pause Young (Prepare Mixed) (G1 Evacuation Pause) 184M->161M(256M) 19.578ms
[2023-04-29T16:56:02.697+0000][gc,cpu        ] GC(49) User=0.02s Sys=0.00s Real=0.02s
[2023-04-29T16:56:04.916+0000][gc,heap,exit  ] Heap
[2023-04-29T16:56:04.916+0000][gc,heap,exit  ]  garbage-first heap   total 262144K, used 168549K [0x00000000f0000000, 0x0000000100000000)
[2023-04-29T16:56:04.917+0000][gc,heap,exit  ]   region size 1024K, 8 young (8192K), 4 survivors (4096K)
[2023-04-29T16:56:04.917+0000][gc,heap,exit  ]  Metaspace       used 40600K, capacity 42505K, committed 42624K, reserved 1085440K
[2023-04-29T16:56:04.917+0000][gc,heap,exit  ]   class space    used 4824K, capacity 5696K, committed 5760K, reserved 1048576K
