[2023-04-20T09:34:54.360+0000][gc,heap] Heap region size: 1M
[2023-04-20T09:34:54.364+0000][gc     ] Using G1
[2023-04-20T09:34:54.364+0000][gc,heap,coops] Heap address: 0x00000000f0000000, size: 256 MB, Compressed Oops mode: 32-bit
[2023-04-20T09:34:55.127+0000][gc,start     ] GC(0) Pause Young (Normal) (G1 Evacuation Pause)
[2023-04-20T09:34:55.127+0000][gc,task      ] GC(0) Using 1 workers of 1 for evacuation
[2023-04-20T09:34:55.138+0000][gc,phases    ] GC(0)   Pre Evacuate Collection Set: 0.0ms
[2023-04-20T09:34:55.138+0000][gc,phases    ] GC(0)   Evacuate Collection Set: 10.8ms
[2023-04-20T09:34:55.138+0000][gc,phases    ] GC(0)   Post Evacuate Collection Set: 0.2ms
[2023-04-20T09:34:55.138+0000][gc,phases    ] GC(0)   Other: 0.1ms
[2023-04-20T09:34:55.138+0000][gc,heap      ] GC(0) Eden regions: 12->0(10)
[2023-04-20T09:34:55.138+0000][gc,heap      ] GC(0) Survivor regions: 0->2(2)
[2023-04-20T09:34:55.138+0000][gc,heap      ] GC(0) Old regions: 0->4
[2023-04-20T09:34:55.138+0000][gc,heap      ] GC(0) Humongous regions: 0->0
[2023-04-20T09:34:55.138+0000][gc,metaspace ] GC(0) Metaspace: 5341K(5888K)->5341K(5888K) NonClass: 4766K(5120K)->4766K(5120K) Class: 575K(768K)->575K(768K)
[2023-04-20T09:34:55.138+0000][gc           ] GC(0) Pause Young (Normal) (G1 Evacuation Pause) 12M->5M(256M) 11.239ms
[2023-04-20T09:34:55.138+0000][gc,cpu       ] GC(0) User=0.01s Sys=0.01s Real=0.01s
[2023-04-20T09:34:55.555+0000][gc,start     ] GC(1) Pause Young (Normal) (G1 Evacuation Pause)
[2023-04-20T09:34:55.555+0000][gc,task      ] GC(1) Using 1 workers of 1 for evacuation
[2023-04-20T09:34:55.567+0000][gc,phases    ] GC(1)   Pre Evacuate Collection Set: 0.0ms
[2023-04-20T09:34:55.567+0000][gc,phases    ] GC(1)   Evacuate Collection Set: 11.3ms
[2023-04-20T09:34:55.567+0000][gc,phases    ] GC(1)   Post Evacuate Collection Set: 0.1ms
[2023-04-20T09:34:55.567+0000][gc,phases    ] GC(1)   Other: 0.1ms
[2023-04-20T09:34:55.567+0000][gc,heap      ] GC(1) Eden regions: 10->0(10)
[2023-04-20T09:34:55.567+0000][gc,heap      ] GC(1) Survivor regions: 2->2(2)
[2023-04-20T09:34:55.567+0000][gc,heap      ] GC(1) Old regions: 4->5
[2023-04-20T09:34:55.567+0000][gc,heap      ] GC(1) Humongous regions: 0->0
[2023-04-20T09:34:55.567+0000][gc,metaspace ] GC(1) Metaspace: 7812K(8320K)->7812K(8320K) NonClass: 6892K(7168K)->6892K(7168K) Class: 919K(1152K)->919K(1152K)
[2023-04-20T09:34:55.567+0000][gc           ] GC(1) Pause Young (Normal) (G1 Evacuation Pause) 15M->5M(256M) 11.743ms
[2023-04-20T09:34:55.567+0000][gc,cpu       ] GC(1) User=0.01s Sys=0.00s Real=0.01s
[2023-04-20T09:34:55.815+0000][gc,start     ] GC(2) Pause Young (Normal) (G1 Evacuation Pause)
[2023-04-20T09:34:55.815+0000][gc,task      ] GC(2) Using 1 workers of 1 for evacuation
[2023-04-20T09:34:55.820+0000][gc,phases    ] GC(2)   Pre Evacuate Collection Set: 0.0ms
[2023-04-20T09:34:55.820+0000][gc,phases    ] GC(2)   Evacuate Collection Set: 4.5ms
[2023-04-20T09:34:55.820+0000][gc,phases    ] GC(2)   Post Evacuate Collection Set: 0.1ms
[2023-04-20T09:34:55.820+0000][gc,phases    ] GC(2)   Other: 0.1ms
[2023-04-20T09:34:55.820+0000][gc,heap      ] GC(2) Eden regions: 10->0(11)
[2023-04-20T09:34:55.820+0000][gc,heap      ] GC(2) Survivor regions: 2->1(2)
[2023-04-20T09:34:55.820+0000][gc,heap      ] GC(2) Old regions: 5->6
[2023-04-20T09:34:55.820+0000][gc,heap      ] GC(2) Humongous regions: 0->0
[2023-04-20T09:34:55.820+0000][gc,metaspace ] GC(2) Metaspace: 10704K(11264K)->10704K(11264K) NonClass: 9381K(9728K)->9381K(9728K) Class: 1323K(1536K)->1323K(1536K)
[2023-04-20T09:34:55.820+0000][gc           ] GC(2) Pause Young (Normal) (G1 Evacuation Pause) 15M->6M(256M) 4.847ms
[2023-04-20T09:34:55.820+0000][gc,cpu       ] GC(2) User=0.00s Sys=0.00s Real=0.01s
[2023-04-20T09:34:56.106+0000][gc,start     ] GC(3) Pause Young (Normal) (G1 Evacuation Pause)
[2023-04-20T09:34:56.107+0000][gc,task      ] GC(3) Using 1 workers of 1 for evacuation
[2023-04-20T09:34:56.109+0000][gc,phases    ] GC(3)   Pre Evacuate Collection Set: 0.0ms
[2023-04-20T09:34:56.109+0000][gc,phases    ] GC(3)   Evacuate Collection Set: 2.6ms
[2023-04-20T09:34:56.109+0000][gc,phases    ] GC(3)   Post Evacuate Collection Set: 0.1ms
[2023-04-20T09:34:56.109+0000][gc,phases    ] GC(3)   Other: 0.1ms
[2023-04-20T09:34:56.109+0000][gc,heap      ] GC(3) Eden regions: 11->0(11)
[2023-04-20T09:34:56.109+0000][gc,heap      ] GC(3) Survivor regions: 1->1(2)
[2023-04-20T09:34:56.109+0000][gc,heap      ] GC(3) Old regions: 6->6
[2023-04-20T09:34:56.109+0000][gc,heap      ] GC(3) Humongous regions: 0->0
[2023-04-20T09:34:56.109+0000][gc,metaspace ] GC(3) Metaspace: 13735K(14464K)->13735K(14464K) NonClass: 12045K(12544K)->12045K(12544K) Class: 1689K(1920K)->1689K(1920K)
[2023-04-20T09:34:56.109+0000][gc           ] GC(3) Pause Young (Normal) (G1 Evacuation Pause) 17M->6M(256M) 2.892ms
[2023-04-20T09:34:56.109+0000][gc,cpu       ] GC(3) User=0.00s Sys=0.00s Real=0.00s
[2023-04-20T09:34:56.422+0000][gc,start     ] GC(4) Pause Young (Normal) (G1 Evacuation Pause)
[2023-04-20T09:34:56.422+0000][gc,task      ] GC(4) Using 1 workers of 1 for evacuation
[2023-04-20T09:34:56.427+0000][gc,phases    ] GC(4)   Pre Evacuate Collection Set: 0.0ms
[2023-04-20T09:34:56.427+0000][gc,phases    ] GC(4)   Evacuate Collection Set: 4.0ms
[2023-04-20T09:34:56.427+0000][gc,phases    ] GC(4)   Post Evacuate Collection Set: 0.1ms
[2023-04-20T09:34:56.427+0000][gc,phases    ] GC(4)   Other: 0.1ms
[2023-04-20T09:34:56.427+0000][gc,heap      ] GC(4) Eden regions: 11->0(11)
[2023-04-20T09:34:56.427+0000][gc,heap      ] GC(4) Survivor regions: 1->1(2)
[2023-04-20T09:34:56.427+0000][gc,heap      ] GC(4) Old regions: 6->6
[2023-04-20T09:34:56.427+0000][gc,heap      ] GC(4) Humongous regions: 0->0
[2023-04-20T09:34:56.427+0000][gc,metaspace ] GC(4) Metaspace: 16586K(17280K)->16586K(17280K) NonClass: 14587K(15104K)->14587K(15104K) Class: 1998K(2176K)->1998K(2176K)
[2023-04-20T09:34:56.427+0000][gc           ] GC(4) Pause Young (Normal) (G1 Evacuation Pause) 17M->6M(256M) 4.330ms
[2023-04-20T09:34:56.427+0000][gc,cpu       ] GC(4) User=0.00s Sys=0.00s Real=0.00s
[2023-04-20T09:34:56.685+0000][gc,start     ] GC(5) Pause Young (Normal) (G1 Evacuation Pause)
[2023-04-20T09:34:56.685+0000][gc,task      ] GC(5) Using 1 workers of 1 for evacuation
[2023-04-20T09:34:56.689+0000][gc,phases    ] GC(5)   Pre Evacuate Collection Set: 0.0ms
[2023-04-20T09:34:56.689+0000][gc,phases    ] GC(5)   Evacuate Collection Set: 4.0ms
[2023-04-20T09:34:56.689+0000][gc,phases    ] GC(5)   Post Evacuate Collection Set: 0.1ms
[2023-04-20T09:34:56.689+0000][gc,phases    ] GC(5)   Other: 0.1ms
[2023-04-20T09:34:56.689+0000][gc,heap      ] GC(5) Eden regions: 11->0(10)
[2023-04-20T09:34:56.689+0000][gc,heap      ] GC(5) Survivor regions: 1->2(2)
[2023-04-20T09:34:56.689+0000][gc,heap      ] GC(5) Old regions: 6->6
[2023-04-20T09:34:56.689+0000][gc,heap      ] GC(5) Humongous regions: 0->0
[2023-04-20T09:34:56.689+0000][gc,metaspace ] GC(5) Metaspace: 19503K(20352K)->19503K(20352K) NonClass: 17141K(17664K)->17141K(17664K) Class: 2362K(2688K)->2362K(2688K)
[2023-04-20T09:34:56.689+0000][gc           ] GC(5) Pause Young (Normal) (G1 Evacuation Pause) 17M->7M(256M) 4.295ms
[2023-04-20T09:34:56.689+0000][gc,cpu       ] GC(5) User=0.00s Sys=0.00s Real=0.00s
[2023-04-20T09:34:56.895+0000][gc,start     ] GC(6) Pause Young (Concurrent Start) (Metadata GC Threshold)
[2023-04-20T09:34:56.895+0000][gc,task      ] GC(6) Using 1 workers of 1 for evacuation
[2023-04-20T09:34:56.901+0000][gc,phases    ] GC(6)   Pre Evacuate Collection Set: 0.0ms
[2023-04-20T09:34:56.901+0000][gc,phases    ] GC(6)   Evacuate Collection Set: 5.0ms
[2023-04-20T09:34:56.901+0000][gc,phases    ] GC(6)   Post Evacuate Collection Set: 0.1ms
[2023-04-20T09:34:56.901+0000][gc,phases    ] GC(6)   Other: 0.2ms
[2023-04-20T09:34:56.901+0000][gc,heap      ] GC(6) Eden regions: 5->0(11)
[2023-04-20T09:34:56.901+0000][gc,heap      ] GC(6) Survivor regions: 2->1(2)
[2023-04-20T09:34:56.901+0000][gc,heap      ] GC(6) Old regions: 6->7
[2023-04-20T09:34:56.901+0000][gc,heap      ] GC(6) Humongous regions: 0->0
[2023-04-20T09:34:56.901+0000][gc,metaspace ] GC(6) Metaspace: 20503K(21248K)->20503K(21248K) NonClass: 18001K(18432K)->18001K(18432K) Class: 2501K(2816K)->2501K(2816K)
[2023-04-20T09:34:56.901+0000][gc           ] GC(6) Pause Young (Concurrent Start) (Metadata GC Threshold) 11M->7M(256M) 5.529ms
[2023-04-20T09:34:56.901+0000][gc,cpu       ] GC(6) User=0.00s Sys=0.00s Real=0.01s
[2023-04-20T09:34:56.901+0000][gc           ] GC(7) Concurrent Cycle
[2023-04-20T09:34:56.901+0000][gc,marking   ] GC(7) Concurrent Clear Claimed Marks
[2023-04-20T09:34:56.901+0000][gc,marking   ] GC(7) Concurrent Clear Claimed Marks 0.019ms
[2023-04-20T09:34:56.901+0000][gc,marking   ] GC(7) Concurrent Scan Root Regions
[2023-04-20T09:34:56.903+0000][gc,marking   ] GC(7) Concurrent Scan Root Regions 2.552ms
[2023-04-20T09:34:56.903+0000][gc,marking   ] GC(7) Concurrent Mark (2.546s)
[2023-04-20T09:34:56.903+0000][gc,marking   ] GC(7) Concurrent Mark From Roots
[2023-04-20T09:34:56.903+0000][gc,task      ] GC(7) Using 1 workers of 1 for marking
[2023-04-20T09:34:56.929+0000][gc,marking   ] GC(7) Concurrent Mark From Roots 25.844ms
[2023-04-20T09:34:56.929+0000][gc,marking   ] GC(7) Concurrent Preclean
[2023-04-20T09:34:56.929+0000][gc,marking   ] GC(7) Concurrent Preclean 0.053ms
[2023-04-20T09:34:56.929+0000][gc,marking   ] GC(7) Concurrent Mark (2.546s, 2.572s) 25.944ms
[2023-04-20T09:34:56.929+0000][gc,start     ] GC(7) Pause Remark
[2023-04-20T09:34:56.933+0000][gc,stringtable] GC(7) Cleaned string and symbol table, strings: 8793 processed, 7 removed, symbols: 49837 processed, 42 removed
[2023-04-20T09:34:56.933+0000][gc            ] GC(7) Pause Remark 8M->8M(256M) 4.097ms
[2023-04-20T09:34:56.934+0000][gc,cpu        ] GC(7) User=0.01s Sys=0.00s Real=0.01s
[2023-04-20T09:34:56.934+0000][gc,marking    ] GC(7) Concurrent Rebuild Remembered Sets
[2023-04-20T09:34:56.954+0000][gc,marking    ] GC(7) Concurrent Rebuild Remembered Sets 20.916ms
[2023-04-20T09:34:56.959+0000][gc,start      ] GC(7) Pause Cleanup
[2023-04-20T09:34:56.959+0000][gc            ] GC(7) Pause Cleanup 8M->8M(256M) 0.096ms
[2023-04-20T09:34:56.959+0000][gc,cpu        ] GC(7) User=0.00s Sys=0.00s Real=0.00s
[2023-04-20T09:34:56.959+0000][gc,marking    ] GC(7) Concurrent Cleanup for Next Mark
[2023-04-20T09:34:56.961+0000][gc,marking    ] GC(7) Concurrent Cleanup for Next Mark 2.498ms
[2023-04-20T09:34:56.961+0000][gc            ] GC(7) Concurrent Cycle 60.561ms
[2023-04-20T09:34:57.211+0000][gc,start      ] GC(8) Pause Young (Concurrent Start) (G1 Humongous Allocation)
[2023-04-20T09:34:57.211+0000][gc,task       ] GC(8) Using 1 workers of 1 for evacuation
[2023-04-20T09:34:57.217+0000][gc,phases     ] GC(8)   Pre Evacuate Collection Set: 0.1ms
[2023-04-20T09:34:57.217+0000][gc,phases     ] GC(8)   Evacuate Collection Set: 5.0ms
[2023-04-20T09:34:57.217+0000][gc,phases     ] GC(8)   Post Evacuate Collection Set: 0.1ms
[2023-04-20T09:34:57.217+0000][gc,phases     ] GC(8)   Other: 0.2ms
[2023-04-20T09:34:57.217+0000][gc,heap       ] GC(8) Eden regions: 10->0(10)
[2023-04-20T09:34:57.217+0000][gc,heap       ] GC(8) Survivor regions: 1->2(2)
[2023-04-20T09:34:57.217+0000][gc,heap       ] GC(8) Old regions: 7->7
[2023-04-20T09:34:57.217+0000][gc,heap       ] GC(8) Humongous regions: 0->0
[2023-04-20T09:34:57.217+0000][gc,metaspace  ] GC(8) Metaspace: 22506K(23424K)->22506K(23424K) NonClass: 19708K(20224K)->19708K(20224K) Class: 2798K(3200K)->2798K(3200K)
[2023-04-20T09:34:57.217+0000][gc            ] GC(8) Pause Young (Concurrent Start) (G1 Humongous Allocation) 16M->7M(256M) 5.395ms
[2023-04-20T09:34:57.217+0000][gc,cpu        ] GC(8) User=0.00s Sys=0.00s Real=0.00s
[2023-04-20T09:34:57.217+0000][gc            ] GC(9) Concurrent Cycle
[2023-04-20T09:34:57.217+0000][gc,marking    ] GC(9) Concurrent Clear Claimed Marks
[2023-04-20T09:34:57.217+0000][gc,marking    ] GC(9) Concurrent Clear Claimed Marks 0.022ms
[2023-04-20T09:34:57.217+0000][gc,marking    ] GC(9) Concurrent Scan Root Regions
[2023-04-20T09:34:57.218+0000][gc,marking    ] GC(9) Concurrent Scan Root Regions 1.191ms
[2023-04-20T09:34:57.218+0000][gc,marking    ] GC(9) Concurrent Mark (2.861s)
[2023-04-20T09:34:57.218+0000][gc,marking    ] GC(9) Concurrent Mark From Roots
[2023-04-20T09:34:57.218+0000][gc,task       ] GC(9) Using 1 workers of 1 for marking
[2023-04-20T09:34:57.235+0000][gc,marking    ] GC(9) Concurrent Mark From Roots 16.546ms
[2023-04-20T09:34:57.235+0000][gc,marking    ] GC(9) Concurrent Preclean
[2023-04-20T09:34:57.235+0000][gc,marking    ] GC(9) Concurrent Preclean 0.045ms
[2023-04-20T09:34:57.235+0000][gc,marking    ] GC(9) Concurrent Mark (2.861s, 2.878s) 16.658ms
[2023-04-20T09:34:57.332+0000][gc,start      ] GC(9) Pause Remark
[2023-04-20T09:34:57.336+0000][gc,stringtable] GC(9) Cleaned string and symbol table, strings: 9534 processed, 3 removed, symbols: 55061 processed, 4 removed
[2023-04-20T09:34:57.336+0000][gc            ] GC(9) Pause Remark 136M->136M(256M) 4.066ms
[2023-04-20T09:34:57.336+0000][gc,cpu        ] GC(9) User=0.00s Sys=0.00s Real=0.00s
[2023-04-20T09:34:57.336+0000][gc,marking    ] GC(9) Concurrent Rebuild Remembered Sets
[2023-04-20T09:34:57.344+0000][gc,marking    ] GC(9) Concurrent Rebuild Remembered Sets 8.244ms
[2023-04-20T09:34:57.346+0000][gc,start      ] GC(9) Pause Cleanup
[2023-04-20T09:34:57.346+0000][gc            ] GC(9) Pause Cleanup 137M->137M(256M) 0.070ms
[2023-04-20T09:34:57.346+0000][gc,cpu        ] GC(9) User=0.00s Sys=0.00s Real=0.00s
[2023-04-20T09:34:57.346+0000][gc,marking    ] GC(9) Concurrent Cleanup for Next Mark
[2023-04-20T09:34:57.360+0000][gc,marking    ] GC(9) Concurrent Cleanup for Next Mark 13.756ms
[2023-04-20T09:34:57.360+0000][gc            ] GC(9) Concurrent Cycle 143.343ms
[2023-04-20T09:34:57.525+0000][gc,start      ] GC(10) Pause Young (Normal) (G1 Evacuation Pause)
[2023-04-20T09:34:57.525+0000][gc,task       ] GC(10) Using 1 workers of 1 for evacuation
[2023-04-20T09:34:57.533+0000][gc,phases     ] GC(10)   Pre Evacuate Collection Set: 0.0ms
[2023-04-20T09:34:57.533+0000][gc,phases     ] GC(10)   Evacuate Collection Set: 7.7ms
[2023-04-20T09:34:57.533+0000][gc,phases     ] GC(10)   Post Evacuate Collection Set: 0.1ms
[2023-04-20T09:34:57.533+0000][gc,phases     ] GC(10)   Other: 0.2ms
[2023-04-20T09:34:57.533+0000][gc,heap       ] GC(10) Eden regions: 10->0(10)
[2023-04-20T09:34:57.533+0000][gc,heap       ] GC(10) Survivor regions: 2->2(2)
[2023-04-20T09:34:57.533+0000][gc,heap       ] GC(10) Old regions: 7->7
[2023-04-20T09:34:57.533+0000][gc,heap       ] GC(10) Humongous regions: 129->129
[2023-04-20T09:34:57.533+0000][gc,metaspace  ] GC(10) Metaspace: 24428K(25344K)->24428K(25344K) NonClass: 21444K(22016K)->21444K(22016K) Class: 2983K(3328K)->2983K(3328K)
[2023-04-20T09:34:57.533+0000][gc            ] GC(10) Pause Young (Normal) (G1 Evacuation Pause) 146M->137M(256M) 8.090ms
[2023-04-20T09:34:57.533+0000][gc,cpu        ] GC(10) User=0.00s Sys=0.00s Real=0.01s
[2023-04-20T09:34:57.682+0000][gc,start      ] GC(11) Pause Young (Concurrent Start) (G1 Evacuation Pause)
[2023-04-20T09:34:57.682+0000][gc,task       ] GC(11) Using 1 workers of 1 for evacuation
[2023-04-20T09:34:57.688+0000][gc,phases     ] GC(11)   Pre Evacuate Collection Set: 0.1ms
[2023-04-20T09:34:57.688+0000][gc,phases     ] GC(11)   Evacuate Collection Set: 5.7ms
[2023-04-20T09:34:57.688+0000][gc,phases     ] GC(11)   Post Evacuate Collection Set: 0.1ms
[2023-04-20T09:34:57.688+0000][gc,phases     ] GC(11)   Other: 0.2ms
[2023-04-20T09:34:57.688+0000][gc,heap       ] GC(11) Eden regions: 10->0(10)
[2023-04-20T09:34:57.688+0000][gc,heap       ] GC(11) Survivor regions: 2->2(2)
[2023-04-20T09:34:57.688+0000][gc,heap       ] GC(11) Old regions: 7->8
[2023-04-20T09:34:57.688+0000][gc,heap       ] GC(11) Humongous regions: 129->129
[2023-04-20T09:34:57.688+0000][gc,metaspace  ] GC(11) Metaspace: 26994K(28032K)->26994K(28032K) NonClass: 23871K(24576K)->23871K(24576K) Class: 3122K(3456K)->3122K(3456K)
[2023-04-20T09:34:57.688+0000][gc            ] GC(11) Pause Young (Concurrent Start) (G1 Evacuation Pause) 147M->137M(256M) 6.117ms
[2023-04-20T09:34:57.689+0000][gc,cpu        ] GC(11) User=0.00s Sys=0.00s Real=0.00s
[2023-04-20T09:34:57.689+0000][gc            ] GC(12) Concurrent Cycle
[2023-04-20T09:34:57.689+0000][gc,marking    ] GC(12) Concurrent Clear Claimed Marks
[2023-04-20T09:34:57.689+0000][gc,marking    ] GC(12) Concurrent Clear Claimed Marks 0.023ms
[2023-04-20T09:34:57.689+0000][gc,marking    ] GC(12) Concurrent Scan Root Regions
[2023-04-20T09:34:57.689+0000][gc,marking    ] GC(12) Concurrent Scan Root Regions 0.541ms
[2023-04-20T09:34:57.689+0000][gc,marking    ] GC(12) Concurrent Mark (3.332s)
[2023-04-20T09:34:57.689+0000][gc,marking    ] GC(12) Concurrent Mark From Roots
[2023-04-20T09:34:57.689+0000][gc,task       ] GC(12) Using 1 workers of 1 for marking
[2023-04-20T09:34:57.708+0000][gc,marking    ] GC(12) Concurrent Mark From Roots 19.318ms
[2023-04-20T09:34:57.708+0000][gc,marking    ] GC(12) Concurrent Preclean
[2023-04-20T09:34:57.709+0000][gc,marking    ] GC(12) Concurrent Preclean 0.042ms
[2023-04-20T09:34:57.709+0000][gc,marking    ] GC(12) Concurrent Mark (3.332s, 3.352s) 19.401ms
[2023-04-20T09:34:57.711+0000][gc,start      ] GC(12) Pause Remark
[2023-04-20T09:34:57.715+0000][gc,stringtable] GC(12) Cleaned string and symbol table, strings: 10813 processed, 2 removed, symbols: 62653 processed, 0 removed
[2023-04-20T09:34:57.715+0000][gc            ] GC(12) Pause Remark 138M->138M(256M) 4.219ms
[2023-04-20T09:34:57.715+0000][gc,cpu        ] GC(12) User=0.01s Sys=0.00s Real=0.00s
[2023-04-20T09:34:57.715+0000][gc,marking    ] GC(12) Concurrent Rebuild Remembered Sets
[2023-04-20T09:34:57.731+0000][gc,marking    ] GC(12) Concurrent Rebuild Remembered Sets 15.992ms
[2023-04-20T09:34:57.731+0000][gc,start      ] GC(12) Pause Cleanup
[2023-04-20T09:34:57.731+0000][gc            ] GC(12) Pause Cleanup 139M->139M(256M) 0.063ms
[2023-04-20T09:34:57.731+0000][gc,cpu        ] GC(12) User=0.00s Sys=0.00s Real=0.00s
[2023-04-20T09:34:57.731+0000][gc,marking    ] GC(12) Concurrent Cleanup for Next Mark
[2023-04-20T09:34:57.732+0000][gc,marking    ] GC(12) Concurrent Cleanup for Next Mark 0.703ms
[2023-04-20T09:34:57.732+0000][gc            ] GC(12) Concurrent Cycle 43.316ms
[2023-04-20T09:34:58.180+0000][gc,start      ] GC(13) Pause Young (Normal) (G1 Evacuation Pause)
[2023-04-20T09:34:58.180+0000][gc,task       ] GC(13) Using 1 workers of 1 for evacuation
[2023-04-20T09:34:58.189+0000][gc,phases     ] GC(13)   Pre Evacuate Collection Set: 0.0ms
[2023-04-20T09:34:58.189+0000][gc,phases     ] GC(13)   Evacuate Collection Set: 8.3ms
[2023-04-20T09:34:58.189+0000][gc,phases     ] GC(13)   Post Evacuate Collection Set: 0.1ms
[2023-04-20T09:34:58.189+0000][gc,phases     ] GC(13)   Other: 0.1ms
[2023-04-20T09:34:58.189+0000][gc,heap       ] GC(13) Eden regions: 10->0(10)
[2023-04-20T09:34:58.189+0000][gc,heap       ] GC(13) Survivor regions: 2->2(2)
[2023-04-20T09:34:58.189+0000][gc,heap       ] GC(13) Old regions: 8->9
[2023-04-20T09:34:58.189+0000][gc,heap       ] GC(13) Humongous regions: 129->129
[2023-04-20T09:34:58.189+0000][gc,metaspace  ] GC(13) Metaspace: 28355K(29312K)->28355K(29312K) NonClass: 25085K(25600K)->25085K(25600K) Class: 3269K(3712K)->3269K(3712K)
[2023-04-20T09:34:58.189+0000][gc            ] GC(13) Pause Young (Normal) (G1 Evacuation Pause) 147M->139M(256M) 8.591ms
[2023-04-20T09:34:58.189+0000][gc,cpu        ] GC(13) User=0.01s Sys=0.00s Real=0.00s
[2023-04-20T09:34:58.501+0000][gc,start      ] GC(14) Pause Young (Concurrent Start) (G1 Evacuation Pause)
[2023-04-20T09:34:58.501+0000][gc,task       ] GC(14) Using 1 workers of 1 for evacuation
[2023-04-20T09:34:58.511+0000][gc,phases     ] GC(14)   Pre Evacuate Collection Set: 0.1ms
[2023-04-20T09:34:58.511+0000][gc,phases     ] GC(14)   Evacuate Collection Set: 9.4ms
[2023-04-20T09:34:58.511+0000][gc,phases     ] GC(14)   Post Evacuate Collection Set: 0.1ms
[2023-04-20T09:34:58.511+0000][gc,phases     ] GC(14)   Other: 0.2ms
[2023-04-20T09:34:58.511+0000][gc,heap       ] GC(14) Eden regions: 10->0(11)
[2023-04-20T09:34:58.511+0000][gc,heap       ] GC(14) Survivor regions: 2->1(2)
[2023-04-20T09:34:58.511+0000][gc,heap       ] GC(14) Old regions: 9->11
[2023-04-20T09:34:58.511+0000][gc,heap       ] GC(14) Humongous regions: 129->129
[2023-04-20T09:34:58.511+0000][gc,metaspace  ] GC(14) Metaspace: 30337K(31360K)->30337K(31360K) NonClass: 26844K(27392K)->26844K(27392K) Class: 3492K(3968K)->3492K(3968K)
[2023-04-20T09:34:58.511+0000][gc            ] GC(14) Pause Young (Concurrent Start) (G1 Evacuation Pause) 149M->140M(256M) 9.934ms
[2023-04-20T09:34:58.511+0000][gc,cpu        ] GC(14) User=0.01s Sys=0.00s Real=0.01s
[2023-04-20T09:34:58.511+0000][gc            ] GC(15) Concurrent Cycle
[2023-04-20T09:34:58.511+0000][gc,marking    ] GC(15) Concurrent Clear Claimed Marks
[2023-04-20T09:34:58.511+0000][gc,marking    ] GC(15) Concurrent Clear Claimed Marks 0.029ms
[2023-04-20T09:34:58.511+0000][gc,marking    ] GC(15) Concurrent Scan Root Regions
[2023-04-20T09:34:58.512+0000][gc,marking    ] GC(15) Concurrent Scan Root Regions 0.909ms
[2023-04-20T09:34:58.512+0000][gc,marking    ] GC(15) Concurrent Mark (4.155s)
[2023-04-20T09:34:58.512+0000][gc,marking    ] GC(15) Concurrent Mark From Roots
[2023-04-20T09:34:58.512+0000][gc,task       ] GC(15) Using 1 workers of 1 for marking
[2023-04-20T09:34:58.551+0000][gc,marking    ] GC(15) Concurrent Mark From Roots 39.198ms
[2023-04-20T09:34:58.551+0000][gc,marking    ] GC(15) Concurrent Preclean
[2023-04-20T09:34:58.552+0000][gc,marking    ] GC(15) Concurrent Preclean 0.049ms
[2023-04-20T09:34:58.552+0000][gc,marking    ] GC(15) Concurrent Mark (4.155s, 4.195s) 39.302ms
[2023-04-20T09:34:58.552+0000][gc,start      ] GC(15) Pause Remark
[2023-04-20T09:34:58.557+0000][gc,stringtable] GC(15) Cleaned string and symbol table, strings: 12312 processed, 4 removed, symbols: 68932 processed, 8 removed
[2023-04-20T09:34:58.557+0000][gc            ] GC(15) Pause Remark 141M->141M(256M) 5.247ms
[2023-04-20T09:34:58.557+0000][gc,cpu        ] GC(15) User=0.01s Sys=0.00s Real=0.00s
[2023-04-20T09:34:58.557+0000][gc,marking    ] GC(15) Concurrent Rebuild Remembered Sets
[2023-04-20T09:34:58.577+0000][gc,marking    ] GC(15) Concurrent Rebuild Remembered Sets 19.911ms
[2023-04-20T09:34:58.577+0000][gc,start      ] GC(15) Pause Cleanup
[2023-04-20T09:34:58.577+0000][gc            ] GC(15) Pause Cleanup 141M->141M(256M) 0.067ms
[2023-04-20T09:34:58.577+0000][gc,cpu        ] GC(15) User=0.00s Sys=0.00s Real=0.00s
[2023-04-20T09:34:58.577+0000][gc,marking    ] GC(15) Concurrent Cleanup for Next Mark
[2023-04-20T09:34:58.578+0000][gc,marking    ] GC(15) Concurrent Cleanup for Next Mark 0.692ms
[2023-04-20T09:34:58.578+0000][gc            ] GC(15) Concurrent Cycle 66.643ms
[2023-04-20T09:34:58.851+0000][gc,start      ] GC(16) Pause Young (Normal) (G1 Evacuation Pause)
[2023-04-20T09:34:58.851+0000][gc,task       ] GC(16) Using 1 workers of 1 for evacuation
[2023-04-20T09:34:58.863+0000][gc,phases     ] GC(16)   Pre Evacuate Collection Set: 0.0ms
[2023-04-20T09:34:58.863+0000][gc,phases     ] GC(16)   Evacuate Collection Set: 11.8ms
[2023-04-20T09:34:58.863+0000][gc,phases     ] GC(16)   Post Evacuate Collection Set: 0.1ms
[2023-04-20T09:34:58.863+0000][gc,phases     ] GC(16)   Other: 0.2ms
[2023-04-20T09:34:58.863+0000][gc,heap       ] GC(16) Eden regions: 11->0(10)
[2023-04-20T09:34:58.863+0000][gc,heap       ] GC(16) Survivor regions: 1->2(2)
[2023-04-20T09:34:58.863+0000][gc,heap       ] GC(16) Old regions: 11->11
[2023-04-20T09:34:58.863+0000][gc,heap       ] GC(16) Humongous regions: 129->129
[2023-04-20T09:34:58.863+0000][gc,metaspace  ] GC(16) Metaspace: 32938K(34176K)->32938K(34176K) NonClass: 29191K(29952K)->29191K(29952K) Class: 3746K(4224K)->3746K(4224K)
[2023-04-20T09:34:58.863+0000][gc            ] GC(16) Pause Young (Normal) (G1 Evacuation Pause) 151M->141M(256M) 12.181ms
[2023-04-20T09:34:58.863+0000][gc,cpu        ] GC(16) User=0.02s Sys=0.00s Real=0.01s
[2023-04-20T09:34:59.200+0000][gc,start      ] GC(17) Pause Young (Concurrent Start) (G1 Evacuation Pause)
[2023-04-20T09:34:59.200+0000][gc,task       ] GC(17) Using 1 workers of 1 for evacuation
[2023-04-20T09:34:59.209+0000][gc,phases     ] GC(17)   Pre Evacuate Collection Set: 0.1ms
[2023-04-20T09:34:59.209+0000][gc,phases     ] GC(17)   Evacuate Collection Set: 9.2ms
[2023-04-20T09:34:59.209+0000][gc,phases     ] GC(17)   Post Evacuate Collection Set: 0.1ms
[2023-04-20T09:34:59.209+0000][gc,phases     ] GC(17)   Other: 0.2ms
[2023-04-20T09:34:59.209+0000][gc,heap       ] GC(17) Eden regions: 10->0(10)
[2023-04-20T09:34:59.209+0000][gc,heap       ] GC(17) Survivor regions: 2->2(2)
[2023-04-20T09:34:59.209+0000][gc,heap       ] GC(17) Old regions: 11->12
[2023-04-20T09:34:59.209+0000][gc,heap       ] GC(17) Humongous regions: 129->129
[2023-04-20T09:34:59.209+0000][gc,metaspace  ] GC(17) Metaspace: 35359K(36736K)->35359K(36736K) NonClass: 31255K(32000K)->31255K(32000K) Class: 4103K(4736K)->4103K(4736K)
[2023-04-20T09:34:59.209+0000][gc            ] GC(17) Pause Young (Concurrent Start) (G1 Evacuation Pause) 151M->141M(256M) 9.675ms
[2023-04-20T09:34:59.209+0000][gc,cpu        ] GC(17) User=0.01s Sys=0.00s Real=0.00s
[2023-04-20T09:34:59.209+0000][gc            ] GC(18) Concurrent Cycle
[2023-04-20T09:34:59.209+0000][gc,marking    ] GC(18) Concurrent Clear Claimed Marks
[2023-04-20T09:34:59.209+0000][gc,marking    ] GC(18) Concurrent Clear Claimed Marks 0.032ms
[2023-04-20T09:34:59.210+0000][gc,marking    ] GC(18) Concurrent Scan Root Regions
[2023-04-20T09:34:59.216+0000][gc,marking    ] GC(18) Concurrent Scan Root Regions 6.378ms
[2023-04-20T09:34:59.216+0000][gc,marking    ] GC(18) Concurrent Mark (4.859s)
[2023-04-20T09:34:59.216+0000][gc,marking    ] GC(18) Concurrent Mark From Roots
[2023-04-20T09:34:59.216+0000][gc,task       ] GC(18) Using 1 workers of 1 for marking
[2023-04-20T09:34:59.266+0000][gc,marking    ] GC(18) Concurrent Mark From Roots 50.328ms
[2023-04-20T09:34:59.266+0000][gc,marking    ] GC(18) Concurrent Preclean
[2023-04-20T09:34:59.266+0000][gc,marking    ] GC(18) Concurrent Preclean 0.056ms
[2023-04-20T09:34:59.266+0000][gc,marking    ] GC(18) Concurrent Mark (4.859s, 4.909s) 50.437ms
[2023-04-20T09:34:59.268+0000][gc,start      ] GC(18) Pause Remark
[2023-04-20T09:34:59.275+0000][gc,stringtable] GC(18) Cleaned string and symbol table, strings: 14466 processed, 1 removed, symbols: 82493 processed, 3 removed
[2023-04-20T09:34:59.275+0000][gc            ] GC(18) Pause Remark 142M->142M(256M) 6.185ms
[2023-04-20T09:34:59.275+0000][gc,cpu        ] GC(18) User=0.00s Sys=0.00s Real=0.01s
[2023-04-20T09:34:59.275+0000][gc,marking    ] GC(18) Concurrent Rebuild Remembered Sets
[2023-04-20T09:34:59.313+0000][gc,marking    ] GC(18) Concurrent Rebuild Remembered Sets 38.693ms
[2023-04-20T09:34:59.315+0000][gc,start      ] GC(18) Pause Cleanup
[2023-04-20T09:34:59.315+0000][gc            ] GC(18) Pause Cleanup 143M->143M(256M) 0.081ms
[2023-04-20T09:34:59.315+0000][gc,cpu        ] GC(18) User=0.00s Sys=0.00s Real=0.00s
[2023-04-20T09:34:59.315+0000][gc,marking    ] GC(18) Concurrent Cleanup for Next Mark
[2023-04-20T09:34:59.330+0000][gc,marking    ] GC(18) Concurrent Cleanup for Next Mark 15.073ms
[2023-04-20T09:34:59.330+0000][gc            ] GC(18) Concurrent Cycle 120.642ms
[2023-04-20T09:38:48.382+0000][gc,start      ] GC(19) Pause Young (Normal) (G1 Evacuation Pause)
[2023-04-20T09:38:48.382+0000][gc,task       ] GC(19) Using 1 workers of 1 for evacuation
[2023-04-20T09:38:48.391+0000][gc,phases     ] GC(19)   Pre Evacuate Collection Set: 0.0ms
[2023-04-20T09:38:48.391+0000][gc,phases     ] GC(19)   Evacuate Collection Set: 8.1ms
[2023-04-20T09:38:48.391+0000][gc,phases     ] GC(19)   Post Evacuate Collection Set: 0.2ms
[2023-04-20T09:38:48.391+0000][gc,phases     ] GC(19)   Other: 0.7ms
[2023-04-20T09:38:48.391+0000][gc,heap       ] GC(19) Eden regions: 10->0(11)
[2023-04-20T09:38:48.391+0000][gc,heap       ] GC(19) Survivor regions: 2->1(2)
[2023-04-20T09:38:48.391+0000][gc,heap       ] GC(19) Old regions: 12->13
[2023-04-20T09:38:48.391+0000][gc,heap       ] GC(19) Humongous regions: 129->129
[2023-04-20T09:38:48.391+0000][gc,metaspace  ] GC(19) Metaspace: 37013K(38784K)->37013K(38784K) NonClass: 32589K(33536K)->32589K(33536K) Class: 4424K(5248K)->4424K(5248K)
[2023-04-20T09:38:48.391+0000][gc            ] GC(19) Pause Young (Normal) (G1 Evacuation Pause) 151M->142M(256M) 9.095ms
[2023-04-20T09:38:48.391+0000][gc,cpu        ] GC(19) User=0.01s Sys=0.00s Real=0.01s
[2023-04-20T09:43:32.887+0000][gc,start      ] GC(20) Pause Young (Concurrent Start) (G1 Evacuation Pause)
[2023-04-20T09:43:32.887+0000][gc,task       ] GC(20) Using 1 workers of 1 for evacuation
[2023-04-20T09:43:32.896+0000][gc,phases     ] GC(20)   Pre Evacuate Collection Set: 0.2ms
[2023-04-20T09:43:32.896+0000][gc,phases     ] GC(20)   Evacuate Collection Set: 6.7ms
[2023-04-20T09:43:32.896+0000][gc,phases     ] GC(20)   Post Evacuate Collection Set: 0.2ms
[2023-04-20T09:43:32.896+0000][gc,phases     ] GC(20)   Other: 5.6ms
[2023-04-20T09:43:32.896+0000][gc,heap       ] GC(20) Eden regions: 11->0(12)
[2023-04-20T09:43:32.896+0000][gc,heap       ] GC(20) Survivor regions: 1->2(2)
[2023-04-20T09:43:32.896+0000][gc,heap       ] GC(20) Old regions: 13->13
[2023-04-20T09:43:32.896+0000][gc,heap       ] GC(20) Humongous regions: 129->129
[2023-04-20T09:43:32.896+0000][gc,metaspace  ] GC(20) Metaspace: 38309K(40320K)->38309K(40320K) NonClass: 33663K(34816K)->33663K(34816K) Class: 4646K(5504K)->4646K(5504K)
[2023-04-20T09:43:32.897+0000][gc            ] GC(20) Pause Young (Concurrent Start) (G1 Evacuation Pause) 153M->142M(256M) 9.860ms
[2023-04-20T09:43:32.897+0000][gc,cpu        ] GC(20) User=0.01s Sys=0.00s Real=0.01s
[2023-04-20T09:43:32.897+0000][gc            ] GC(21) Concurrent Cycle
[2023-04-20T09:43:32.898+0000][gc,marking    ] GC(21) Concurrent Clear Claimed Marks
[2023-04-20T09:43:32.898+0000][gc,marking    ] GC(21) Concurrent Clear Claimed Marks 0.044ms
[2023-04-20T09:43:32.898+0000][gc,marking    ] GC(21) Concurrent Scan Root Regions
[2023-04-20T09:43:32.900+0000][gc,marking    ] GC(21) Concurrent Scan Root Regions 2.797ms
[2023-04-20T09:43:32.900+0000][gc,marking    ] GC(21) Concurrent Mark (518.543s)
[2023-04-20T09:43:32.900+0000][gc,marking    ] GC(21) Concurrent Mark From Roots
[2023-04-20T09:43:32.900+0000][gc,task       ] GC(21) Using 1 workers of 1 for marking
[2023-04-20T09:43:32.917+0000][gc,marking    ] GC(21) Concurrent Mark From Roots 16.217ms
[2023-04-20T09:43:32.917+0000][gc,marking    ] GC(21) Concurrent Preclean
[2023-04-20T09:43:32.917+0000][gc,marking    ] GC(21) Concurrent Preclean 0.134ms
[2023-04-20T09:43:32.917+0000][gc,marking    ] GC(21) Concurrent Mark (518.543s, 518.560s) 16.398ms
[2023-04-20T09:43:32.917+0000][gc,start      ] GC(21) Pause Remark
[2023-04-20T09:43:32.945+0000][gc,stringtable] GC(21) Cleaned string and symbol table, strings: 14916 processed, 302 removed, symbols: 85308 processed, 2 removed
[2023-04-20T09:43:32.947+0000][gc,mmu        ] GC(21) MMU target violated: 21.0ms (20.0ms/21.0ms)
[2023-04-20T09:43:32.947+0000][gc            ] GC(21) Pause Remark 142M->142M(256M) 30.059ms
[2023-04-20T09:43:32.947+0000][gc,cpu        ] GC(21) User=0.01s Sys=0.01s Real=0.03s
[2023-04-20T09:43:32.947+0000][gc,marking    ] GC(21) Concurrent Rebuild Remembered Sets
[2023-04-20T09:43:32.958+0000][gc,marking    ] GC(21) Concurrent Rebuild Remembered Sets 10.956ms
[2023-04-20T09:43:32.958+0000][gc,start      ] GC(21) Pause Cleanup
[2023-04-20T09:43:32.958+0000][gc            ] GC(21) Pause Cleanup 142M->142M(256M) 0.066ms
[2023-04-20T09:43:32.958+0000][gc,cpu        ] GC(21) User=0.00s Sys=0.00s Real=0.00s
[2023-04-20T09:43:32.958+0000][gc,marking    ] GC(21) Concurrent Cleanup for Next Mark
[2023-04-20T09:43:32.959+0000][gc,marking    ] GC(21) Concurrent Cleanup for Next Mark 0.729ms
[2023-04-20T09:43:32.960+0000][gc            ] GC(21) Concurrent Cycle 62.129ms
[2023-04-20T09:47:26.280+0000][gc,start      ] GC(22) Pause Young (Normal) (G1 Evacuation Pause)
[2023-04-20T09:47:26.283+0000][gc,task       ] GC(22) Using 1 workers of 1 for evacuation
[2023-04-20T09:47:26.302+0000][gc,phases     ] GC(22)   Pre Evacuate Collection Set: 1.2ms
[2023-04-20T09:47:26.302+0000][gc,phases     ] GC(22)   Evacuate Collection Set: 13.0ms
[2023-04-20T09:47:26.302+0000][gc,phases     ] GC(22)   Post Evacuate Collection Set: 1.4ms
[2023-04-20T09:47:26.302+0000][gc,phases     ] GC(22)   Other: 9.4ms
[2023-04-20T09:47:26.303+0000][gc,heap       ] GC(22) Eden regions: 11->0(13)
[2023-04-20T09:47:26.303+0000][gc,heap       ] GC(22) Survivor regions: 2->2(2)
[2023-04-20T09:47:26.303+0000][gc,heap       ] GC(22) Old regions: 13->13
[2023-04-20T09:47:26.303+0000][gc,heap       ] GC(22) Humongous regions: 129->129
[2023-04-20T09:47:26.303+0000][gc,metaspace  ] GC(22) Metaspace: 38766K(40832K)->38766K(40832K) NonClass: 34154K(35328K)->34154K(35328K) Class: 4612K(5504K)->4612K(5504K)
[2023-04-20T09:47:26.304+0000][gc            ] GC(22) Pause Young (Normal) (G1 Evacuation Pause) 153M->142M(256M) 23.766ms
[2023-04-20T09:47:26.304+0000][gc,cpu        ] GC(22) User=0.01s Sys=0.00s Real=0.02s
[2023-04-20T09:51:42.563+0000][gc,start      ] GC(23) Pause Young (Concurrent Start) (G1 Evacuation Pause)
[2023-04-20T09:51:42.563+0000][gc,task       ] GC(23) Using 1 workers of 1 for evacuation
[2023-04-20T09:51:42.572+0000][gc,phases     ] GC(23)   Pre Evacuate Collection Set: 0.1ms
[2023-04-20T09:51:42.572+0000][gc,phases     ] GC(23)   Evacuate Collection Set: 8.7ms
[2023-04-20T09:51:42.572+0000][gc,phases     ] GC(23)   Post Evacuate Collection Set: 0.2ms
[2023-04-20T09:51:42.572+0000][gc,phases     ] GC(23)   Other: 0.2ms
[2023-04-20T09:51:42.572+0000][gc,heap       ] GC(23) Eden regions: 13->0(16)
[2023-04-20T09:51:42.572+0000][gc,heap       ] GC(23) Survivor regions: 2->2(2)
[2023-04-20T09:51:42.572+0000][gc,heap       ] GC(23) Old regions: 13->13
[2023-04-20T09:51:42.572+0000][gc,heap       ] GC(23) Humongous regions: 129->129
[2023-04-20T09:51:42.572+0000][gc,metaspace  ] GC(23) Metaspace: 39159K(41088K)->39159K(41088K) NonClass: 34547K(35584K)->34547K(35584K) Class: 4612K(5504K)->4612K(5504K)
[2023-04-20T09:51:42.572+0000][gc            ] GC(23) Pause Young (Concurrent Start) (G1 Evacuation Pause) 155M->143M(256M) 9.360ms
[2023-04-20T09:51:42.572+0000][gc,cpu        ] GC(23) User=0.01s Sys=0.00s Real=0.01s
[2023-04-20T09:51:42.572+0000][gc            ] GC(24) Concurrent Cycle
[2023-04-20T09:51:42.572+0000][gc,marking    ] GC(24) Concurrent Clear Claimed Marks
[2023-04-20T09:51:42.572+0000][gc,marking    ] GC(24) Concurrent Clear Claimed Marks 0.091ms
[2023-04-20T09:51:42.572+0000][gc,marking    ] GC(24) Concurrent Scan Root Regions
[2023-04-20T09:51:42.573+0000][gc,marking    ] GC(24) Concurrent Scan Root Regions 1.209ms
[2023-04-20T09:51:42.573+0000][gc,marking    ] GC(24) Concurrent Mark (1008.216s)
[2023-04-20T09:51:42.573+0000][gc,marking    ] GC(24) Concurrent Mark From Roots
[2023-04-20T09:51:42.573+0000][gc,task       ] GC(24) Using 1 workers of 1 for marking
[2023-04-20T09:51:42.591+0000][gc,marking    ] GC(24) Concurrent Mark From Roots 17.602ms
[2023-04-20T09:51:42.591+0000][gc,marking    ] GC(24) Concurrent Preclean
[2023-04-20T09:51:42.591+0000][gc,marking    ] GC(24) Concurrent Preclean 0.125ms
[2023-04-20T09:51:42.591+0000][gc,marking    ] GC(24) Concurrent Mark (1008.216s, 1008.234s) 17.784ms
[2023-04-20T09:51:42.591+0000][gc,start      ] GC(24) Pause Remark
[2023-04-20T09:51:42.602+0000][gc,stringtable] GC(24) Cleaned string and symbol table, strings: 15038 processed, 9 removed, symbols: 85310 processed, 16 removed
[2023-04-20T09:51:42.602+0000][gc            ] GC(24) Pause Remark 143M->143M(256M) 10.709ms
[2023-04-20T09:51:42.602+0000][gc,cpu        ] GC(24) User=0.00s Sys=0.00s Real=0.01s
[2023-04-20T09:51:42.602+0000][gc,marking    ] GC(24) Concurrent Rebuild Remembered Sets
[2023-04-20T09:51:42.614+0000][gc,marking    ] GC(24) Concurrent Rebuild Remembered Sets 11.730ms
[2023-04-20T09:51:42.614+0000][gc,start      ] GC(24) Pause Cleanup
[2023-04-20T09:51:42.614+0000][gc            ] GC(24) Pause Cleanup 143M->143M(256M) 0.074ms
[2023-04-20T09:51:42.614+0000][gc,cpu        ] GC(24) User=0.00s Sys=0.00s Real=0.00s
[2023-04-20T09:51:42.614+0000][gc,marking    ] GC(24) Concurrent Cleanup for Next Mark
[2023-04-20T09:51:42.615+0000][gc,marking    ] GC(24) Concurrent Cleanup for Next Mark 0.687ms
[2023-04-20T09:51:42.615+0000][gc            ] GC(24) Concurrent Cycle 42.843ms
[2023-04-20T09:56:09.345+0000][gc,start      ] GC(25) Pause Young (Normal) (G1 Evacuation Pause)
[2023-04-20T09:56:09.345+0000][gc,task       ] GC(25) Using 1 workers of 1 for evacuation
[2023-04-20T09:56:09.354+0000][gc,phases     ] GC(25)   Pre Evacuate Collection Set: 0.0ms
[2023-04-20T09:56:09.354+0000][gc,phases     ] GC(25)   Evacuate Collection Set: 8.8ms
[2023-04-20T09:56:09.354+0000][gc,phases     ] GC(25)   Post Evacuate Collection Set: 0.2ms
[2023-04-20T09:56:09.354+0000][gc,phases     ] GC(25)   Other: 0.2ms
[2023-04-20T09:56:09.354+0000][gc,heap       ] GC(25) Eden regions: 14->0(17)
[2023-04-20T09:56:09.354+0000][gc,heap       ] GC(25) Survivor regions: 2->2(2)
[2023-04-20T09:56:09.354+0000][gc,heap       ] GC(25) Old regions: 13->14
[2023-04-20T09:56:09.354+0000][gc,heap       ] GC(25) Humongous regions: 129->129
[2023-04-20T09:56:09.354+0000][gc,metaspace  ] GC(25) Metaspace: 39249K(41344K)->39249K(41344K) NonClass: 34633K(35840K)->34633K(35840K) Class: 4616K(5504K)->4616K(5504K)
[2023-04-20T09:56:09.354+0000][gc            ] GC(25) Pause Young (Normal) (G1 Evacuation Pause) 157M->143M(256M) 9.225ms
[2023-04-20T09:56:09.354+0000][gc,cpu        ] GC(25) User=0.00s Sys=0.01s Real=0.01s
[2023-04-20T10:00:08.913+0000][gc,start      ] GC(26) Pause Young (Concurrent Start) (G1 Evacuation Pause)
[2023-04-20T10:00:08.913+0000][gc,task       ] GC(26) Using 1 workers of 1 for evacuation
[2023-04-20T10:00:08.923+0000][gc,phases     ] GC(26)   Pre Evacuate Collection Set: 0.1ms
[2023-04-20T10:00:08.923+0000][gc,phases     ] GC(26)   Evacuate Collection Set: 10.0ms
[2023-04-20T10:00:08.923+0000][gc,phases     ] GC(26)   Post Evacuate Collection Set: 0.2ms
[2023-04-20T10:00:08.923+0000][gc,phases     ] GC(26)   Other: 0.2ms
[2023-04-20T10:00:08.923+0000][gc,heap       ] GC(26) Eden regions: 17->0(19)
[2023-04-20T10:00:08.923+0000][gc,heap       ] GC(26) Survivor regions: 2->3(3)
[2023-04-20T10:00:08.923+0000][gc,heap       ] GC(26) Old regions: 14->14
[2023-04-20T10:00:08.923+0000][gc,heap       ] GC(26) Humongous regions: 129->129
[2023-04-20T10:00:08.923+0000][gc,metaspace  ] GC(26) Metaspace: 39313K(41344K)->39313K(41344K) NonClass: 34697K(35840K)->34697K(35840K) Class: 4616K(5504K)->4616K(5504K)
[2023-04-20T10:00:08.924+0000][gc            ] GC(26) Pause Young (Concurrent Start) (G1 Evacuation Pause) 160M->144M(256M) 10.590ms
[2023-04-20T10:00:08.924+0000][gc,cpu        ] GC(26) User=0.01s Sys=0.00s Real=0.01s
[2023-04-20T10:00:08.924+0000][gc            ] GC(27) Concurrent Cycle
[2023-04-20T10:00:08.924+0000][gc,marking    ] GC(27) Concurrent Clear Claimed Marks
[2023-04-20T10:00:08.924+0000][gc,marking    ] GC(27) Concurrent Clear Claimed Marks 0.090ms
[2023-04-20T10:00:08.924+0000][gc,marking    ] GC(27) Concurrent Scan Root Regions
[2023-04-20T10:00:08.926+0000][gc,marking    ] GC(27) Concurrent Scan Root Regions 2.023ms
[2023-04-20T10:00:08.926+0000][gc,marking    ] GC(27) Concurrent Mark (1514.569s)
[2023-04-20T10:00:08.926+0000][gc,marking    ] GC(27) Concurrent Mark From Roots
[2023-04-20T10:00:08.926+0000][gc,task       ] GC(27) Using 1 workers of 1 for marking
[2023-04-20T10:00:08.947+0000][gc,marking    ] GC(27) Concurrent Mark From Roots 20.961ms
[2023-04-20T10:00:08.947+0000][gc,marking    ] GC(27) Concurrent Preclean
[2023-04-20T10:00:08.947+0000][gc,marking    ] GC(27) Concurrent Preclean 0.126ms
[2023-04-20T10:00:08.947+0000][gc,marking    ] GC(27) Concurrent Mark (1514.569s, 1514.590s) 21.155ms
[2023-04-20T10:00:08.947+0000][gc,start      ] GC(27) Pause Remark
[2023-04-20T10:00:08.957+0000][gc,stringtable] GC(27) Cleaned string and symbol table, strings: 15294 processed, 26 removed, symbols: 85297 processed, 1 removed
[2023-04-20T10:00:08.957+0000][gc            ] GC(27) Pause Remark 145M->145M(256M) 9.951ms
[2023-04-20T10:00:08.957+0000][gc,cpu        ] GC(27) User=0.01s Sys=0.00s Real=0.01s
[2023-04-20T10:00:08.957+0000][gc,marking    ] GC(27) Concurrent Rebuild Remembered Sets
[2023-04-20T10:00:08.969+0000][gc,marking    ] GC(27) Concurrent Rebuild Remembered Sets 12.170ms
[2023-04-20T10:00:08.969+0000][gc,start      ] GC(27) Pause Cleanup
[2023-04-20T10:00:08.970+0000][gc            ] GC(27) Pause Cleanup 145M->145M(256M) 0.099ms
[2023-04-20T10:00:08.970+0000][gc,cpu        ] GC(27) User=0.00s Sys=0.00s Real=0.00s
[2023-04-20T10:00:08.970+0000][gc,marking    ] GC(27) Concurrent Cleanup for Next Mark
[2023-04-20T10:00:08.970+0000][gc,marking    ] GC(27) Concurrent Cleanup for Next Mark 0.689ms
[2023-04-20T10:00:08.970+0000][gc            ] GC(27) Concurrent Cycle 46.676ms
[2023-04-20T10:04:37.387+0000][gc,start      ] GC(28) Pause Young (Normal) (G1 Evacuation Pause)
[2023-04-20T10:04:37.390+0000][gc,task       ] GC(28) Using 1 workers of 1 for evacuation
[2023-04-20T10:04:37.418+0000][gc,mmu        ] GC(28) MMU target violated: 21.0ms (20.0ms/21.0ms)
[2023-04-20T10:04:37.418+0000][gc,phases     ] GC(28)   Pre Evacuate Collection Set: 1.4ms
[2023-04-20T10:04:37.418+0000][gc,phases     ] GC(28)   Evacuate Collection Set: 16.9ms
[2023-04-20T10:04:37.418+0000][gc,phases     ] GC(28)   Post Evacuate Collection Set: 2.1ms
[2023-04-20T10:04:37.418+0000][gc,phases     ] GC(28)   Other: 13.2ms
[2023-04-20T10:04:37.418+0000][gc,heap       ] GC(28) Eden regions: 19->0(17)
[2023-04-20T10:04:37.418+0000][gc,heap       ] GC(28) Survivor regions: 3->3(3)
[2023-04-20T10:04:37.418+0000][gc,heap       ] GC(28) Old regions: 14->15
[2023-04-20T10:04:37.418+0000][gc,heap       ] GC(28) Humongous regions: 129->129
[2023-04-20T10:04:37.418+0000][gc,metaspace  ] GC(28) Metaspace: 39382K(41344K)->39382K(41344K) NonClass: 34765K(35840K)->34765K(35840K) Class: 4616K(5504K)->4616K(5504K)
[2023-04-20T10:04:37.419+0000][gc            ] GC(28) Pause Young (Normal) (G1 Evacuation Pause) 163M->146M(256M) 31.180ms
[2023-04-20T10:04:37.419+0000][gc,cpu        ] GC(28) User=0.02s Sys=0.00s Real=0.04s
[2023-04-20T10:13:24.117+0000][gc,start      ] GC(29) Pause Young (Concurrent Start) (G1 Evacuation Pause)
[2023-04-20T10:13:24.117+0000][gc,task       ] GC(29) Using 1 workers of 1 for evacuation
[2023-04-20T10:13:24.130+0000][gc,phases     ] GC(29)   Pre Evacuate Collection Set: 0.1ms
[2023-04-20T10:13:24.130+0000][gc,phases     ] GC(29)   Evacuate Collection Set: 13.1ms
[2023-04-20T10:13:24.130+0000][gc,phases     ] GC(29)   Post Evacuate Collection Set: 0.2ms
[2023-04-20T10:13:24.130+0000][gc,phases     ] GC(29)   Other: 0.2ms
[2023-04-20T10:13:24.130+0000][gc,heap       ] GC(29) Eden regions: 17->0(17)
[2023-04-20T10:13:24.130+0000][gc,heap       ] GC(29) Survivor regions: 3->3(3)
[2023-04-20T10:13:24.130+0000][gc,heap       ] GC(29) Old regions: 15->16
[2023-04-20T10:13:24.130+0000][gc,heap       ] GC(29) Humongous regions: 129->129
[2023-04-20T10:13:24.130+0000][gc,metaspace  ] GC(29) Metaspace: 39662K(41600K)->39662K(41600K) NonClass: 35032K(36096K)->35032K(36096K) Class: 4629K(5504K)->4629K(5504K)
[2023-04-20T10:13:24.130+0000][gc            ] GC(29) Pause Young (Concurrent Start) (G1 Evacuation Pause) 163M->147M(256M) 13.723ms
[2023-04-20T10:13:24.130+0000][gc,cpu        ] GC(29) User=0.02s Sys=0.00s Real=0.01s
[2023-04-20T10:13:24.130+0000][gc            ] GC(30) Concurrent Cycle
[2023-04-20T10:13:24.130+0000][gc,marking    ] GC(30) Concurrent Clear Claimed Marks
[2023-04-20T10:13:24.130+0000][gc,marking    ] GC(30) Concurrent Clear Claimed Marks 0.068ms
[2023-04-20T10:13:24.130+0000][gc,marking    ] GC(30) Concurrent Scan Root Regions
[2023-04-20T10:13:24.134+0000][gc,marking    ] GC(30) Concurrent Scan Root Regions 3.334ms
[2023-04-20T10:13:24.134+0000][gc,marking    ] GC(30) Concurrent Mark (2309.777s)
[2023-04-20T10:13:24.134+0000][gc,marking    ] GC(30) Concurrent Mark From Roots
[2023-04-20T10:13:24.134+0000][gc,task       ] GC(30) Using 1 workers of 1 for marking
[2023-04-20T10:13:24.153+0000][gc,marking    ] GC(30) Concurrent Mark From Roots 19.584ms
[2023-04-20T10:13:24.153+0000][gc,marking    ] GC(30) Concurrent Preclean
[2023-04-20T10:13:24.153+0000][gc,marking    ] GC(30) Concurrent Preclean 0.117ms
[2023-04-20T10:13:24.153+0000][gc,marking    ] GC(30) Concurrent Mark (2309.777s, 2309.796s) 19.756ms
[2023-04-20T10:13:24.154+0000][gc,start      ] GC(30) Pause Remark
[2023-04-20T10:13:24.164+0000][gc,stringtable] GC(30) Cleaned string and symbol table, strings: 15576 processed, 638 removed, symbols: 85352 processed, 1 removed
[2023-04-20T10:13:24.164+0000][gc            ] GC(30) Pause Remark 147M->147M(256M) 10.652ms
[2023-04-20T10:13:24.164+0000][gc,cpu        ] GC(30) User=0.01s Sys=0.00s Real=0.01s
[2023-04-20T10:13:24.164+0000][gc,marking    ] GC(30) Concurrent Rebuild Remembered Sets
[2023-04-20T10:13:24.178+0000][gc,marking    ] GC(30) Concurrent Rebuild Remembered Sets 13.349ms
[2023-04-20T10:13:24.178+0000][gc,start      ] GC(30) Pause Cleanup
[2023-04-20T10:13:24.178+0000][gc            ] GC(30) Pause Cleanup 147M->147M(256M) 0.071ms
[2023-04-20T10:13:24.178+0000][gc,cpu        ] GC(30) User=0.00s Sys=0.00s Real=0.00s
[2023-04-20T10:13:24.178+0000][gc,marking    ] GC(30) Concurrent Cleanup for Next Mark
[2023-04-20T10:13:24.179+0000][gc,marking    ] GC(30) Concurrent Cleanup for Next Mark 0.683ms
[2023-04-20T10:13:24.179+0000][gc            ] GC(30) Concurrent Cycle 48.421ms
[2023-04-20T10:19:44.380+0000][gc,start      ] GC(31) Pause Young (Normal) (G1 Evacuation Pause)
[2023-04-20T10:19:44.380+0000][gc,task       ] GC(31) Using 1 workers of 1 for evacuation
[2023-04-20T10:19:44.392+0000][gc,phases     ] GC(31)   Pre Evacuate Collection Set: 0.0ms
[2023-04-20T10:19:44.393+0000][gc,phases     ] GC(31)   Evacuate Collection Set: 11.5ms
[2023-04-20T10:19:44.393+0000][gc,phases     ] GC(31)   Post Evacuate Collection Set: 0.2ms
[2023-04-20T10:19:44.393+0000][gc,phases     ] GC(31)   Other: 0.2ms
[2023-04-20T10:19:44.393+0000][gc,heap       ] GC(31) Eden regions: 9->0(19)
[2023-04-20T10:19:44.393+0000][gc,heap       ] GC(31) Survivor regions: 3->1(2)
[2023-04-20T10:19:44.393+0000][gc,heap       ] GC(31) Old regions: 16->18
[2023-04-20T10:19:44.393+0000][gc,heap       ] GC(31) Humongous regions: 129->129
[2023-04-20T10:19:44.393+0000][gc,metaspace  ] GC(31) Metaspace: 39721K(41600K)->39721K(41600K) NonClass: 35092K(36096K)->35092K(36096K) Class: 4629K(5504K)->4629K(5504K)
[2023-04-20T10:19:44.393+0000][gc            ] GC(31) Pause Young (Normal) (G1 Evacuation Pause) 156M->147M(256M) 13.066ms
[2023-04-20T10:19:44.393+0000][gc,cpu        ] GC(31) User=0.02s Sys=0.00s Real=0.01s
[2023-04-20T10:33:24.380+0000][gc,start      ] GC(32) Pause Young (Concurrent Start) (G1 Evacuation Pause)
[2023-04-20T10:33:24.380+0000][gc,task       ] GC(32) Using 1 workers of 1 for evacuation
[2023-04-20T10:33:24.386+0000][gc,phases     ] GC(32)   Pre Evacuate Collection Set: 0.1ms
[2023-04-20T10:33:24.387+0000][gc,phases     ] GC(32)   Evacuate Collection Set: 5.2ms
[2023-04-20T10:33:24.387+0000][gc,phases     ] GC(32)   Post Evacuate Collection Set: 0.1ms
[2023-04-20T10:33:24.387+0000][gc,phases     ] GC(32)   Other: 0.2ms
[2023-04-20T10:33:24.387+0000][gc,heap       ] GC(32) Eden regions: 19->0(20)
[2023-04-20T10:33:24.387+0000][gc,heap       ] GC(32) Survivor regions: 1->1(3)
[2023-04-20T10:33:24.387+0000][gc,heap       ] GC(32) Old regions: 18->18
[2023-04-20T10:33:24.387+0000][gc,heap       ] GC(32) Humongous regions: 129->129
[2023-04-20T10:33:24.387+0000][gc,metaspace  ] GC(32) Metaspace: 39775K(41856K)->39775K(41856K) NonClass: 35145K(36352K)->35145K(36352K) Class: 4629K(5504K)->4629K(5504K)
[2023-04-20T10:33:24.387+0000][gc            ] GC(32) Pause Young (Concurrent Start) (G1 Evacuation Pause) 166M->147M(256M) 6.946ms
[2023-04-20T10:33:24.387+0000][gc,cpu        ] GC(32) User=0.01s Sys=0.00s Real=0.00s
[2023-04-20T10:33:24.387+0000][gc            ] GC(33) Concurrent Cycle
[2023-04-20T10:33:24.387+0000][gc,marking    ] GC(33) Concurrent Clear Claimed Marks
[2023-04-20T10:33:24.387+0000][gc,marking    ] GC(33) Concurrent Clear Claimed Marks 0.042ms
[2023-04-20T10:33:24.387+0000][gc,marking    ] GC(33) Concurrent Scan Root Regions
[2023-04-20T10:33:24.388+0000][gc,marking    ] GC(33) Concurrent Scan Root Regions 1.058ms
[2023-04-20T10:33:24.389+0000][gc,marking    ] GC(33) Concurrent Mark (3510.032s)
[2023-04-20T10:33:24.389+0000][gc,marking    ] GC(33) Concurrent Mark From Roots
[2023-04-20T10:33:24.389+0000][gc,task       ] GC(33) Using 1 workers of 1 for marking
[2023-04-20T10:33:24.410+0000][gc,marking    ] GC(33) Concurrent Mark From Roots 21.035ms
[2023-04-20T10:33:24.410+0000][gc,marking    ] GC(33) Concurrent Preclean
[2023-04-20T10:33:24.410+0000][gc,marking    ] GC(33) Concurrent Preclean 0.104ms
[2023-04-20T10:33:24.410+0000][gc,marking    ] GC(33) Concurrent Mark (3510.032s, 3510.053s) 21.197ms
[2023-04-20T10:33:24.410+0000][gc,start      ] GC(33) Pause Remark
[2023-04-20T10:33:24.421+0000][gc,stringtable] GC(33) Cleaned string and symbol table, strings: 14985 processed, 0 removed, symbols: 85351 processed, 0 removed
[2023-04-20T10:33:24.421+0000][gc            ] GC(33) Pause Remark 147M->147M(256M) 10.624ms
[2023-04-20T10:33:24.421+0000][gc,cpu        ] GC(33) User=0.01s Sys=0.00s Real=0.02s
[2023-04-20T10:33:24.421+0000][gc,marking    ] GC(33) Concurrent Rebuild Remembered Sets
[2023-04-20T10:33:24.435+0000][gc,marking    ] GC(33) Concurrent Rebuild Remembered Sets 13.632ms
[2023-04-20T10:33:24.435+0000][gc,start      ] GC(33) Pause Cleanup
[2023-04-20T10:33:24.435+0000][gc            ] GC(33) Pause Cleanup 147M->147M(256M) 0.073ms
[2023-04-20T10:33:24.435+0000][gc,cpu        ] GC(33) User=0.00s Sys=0.00s Real=0.00s
[2023-04-20T10:33:24.435+0000][gc,marking    ] GC(33) Concurrent Cleanup for Next Mark
[2023-04-20T10:33:24.435+0000][gc,marking    ] GC(33) Concurrent Cleanup for Next Mark 0.655ms
[2023-04-20T10:33:24.435+0000][gc            ] GC(33) Concurrent Cycle 48.114ms
[2023-04-20T10:46:53.281+0000][gc,start      ] GC(34) Pause Young (Normal) (G1 Evacuation Pause)
[2023-04-20T10:46:53.281+0000][gc,task       ] GC(34) Using 1 workers of 1 for evacuation
[2023-04-20T10:46:53.287+0000][gc,phases     ] GC(34)   Pre Evacuate Collection Set: 0.0ms
[2023-04-20T10:46:53.287+0000][gc,phases     ] GC(34)   Evacuate Collection Set: 5.6ms
[2023-04-20T10:46:53.287+0000][gc,phases     ] GC(34)   Post Evacuate Collection Set: 0.2ms
[2023-04-20T10:46:53.287+0000][gc,phases     ] GC(34)   Other: 0.2ms
[2023-04-20T10:46:53.287+0000][gc,heap       ] GC(34) Eden regions: 19->0(22)
[2023-04-20T10:46:53.287+0000][gc,heap       ] GC(34) Survivor regions: 1->1(3)
[2023-04-20T10:46:53.287+0000][gc,heap       ] GC(34) Old regions: 18->18
[2023-04-20T10:46:53.287+0000][gc,heap       ] GC(34) Humongous regions: 129->129
[2023-04-20T10:46:53.287+0000][gc,metaspace  ] GC(34) Metaspace: 39898K(41856K)->39898K(41856K) NonClass: 35253K(36352K)->35253K(36352K) Class: 4645K(5504K)->4645K(5504K)
[2023-04-20T10:46:53.287+0000][gc            ] GC(34) Pause Young (Normal) (G1 Evacuation Pause) 166M->147M(256M) 6.068ms
[2023-04-20T10:46:53.287+0000][gc,cpu        ] GC(34) User=0.00s Sys=0.00s Real=0.00s
[2023-04-20T11:02:44.259+0000][gc,start      ] GC(35) Pause Young (Concurrent Start) (G1 Evacuation Pause)
[2023-04-20T11:02:44.259+0000][gc,task       ] GC(35) Using 1 workers of 1 for evacuation
[2023-04-20T11:02:44.264+0000][gc,phases     ] GC(35)   Pre Evacuate Collection Set: 0.1ms
[2023-04-20T11:02:44.264+0000][gc,phases     ] GC(35)   Evacuate Collection Set: 5.0ms
[2023-04-20T11:02:44.265+0000][gc,phases     ] GC(35)   Post Evacuate Collection Set: 0.2ms
[2023-04-20T11:02:44.265+0000][gc,phases     ] GC(35)   Other: 0.2ms
[2023-04-20T11:02:44.265+0000][gc,heap       ] GC(35) Eden regions: 22->0(76)
[2023-04-20T11:02:44.265+0000][gc,heap       ] GC(35) Survivor regions: 1->1(3)
[2023-04-20T11:02:44.265+0000][gc,heap       ] GC(35) Old regions: 18->18
[2023-04-20T11:02:44.265+0000][gc,heap       ] GC(35) Humongous regions: 129->129
[2023-04-20T11:02:44.265+0000][gc,metaspace  ] GC(35) Metaspace: 39908K(41856K)->39908K(41856K) NonClass: 35262K(36352K)->35262K(36352K) Class: 4645K(5504K)->4645K(5504K)
[2023-04-20T11:02:44.265+0000][gc            ] GC(35) Pause Young (Concurrent Start) (G1 Evacuation Pause) 169M->147M(256M) 5.592ms
[2023-04-20T11:02:44.265+0000][gc,cpu        ] GC(35) User=0.00s Sys=0.00s Real=0.00s
[2023-04-20T11:02:44.265+0000][gc            ] GC(36) Concurrent Cycle
[2023-04-20T11:02:44.265+0000][gc,marking    ] GC(36) Concurrent Clear Claimed Marks
[2023-04-20T11:02:44.265+0000][gc,marking    ] GC(36) Concurrent Clear Claimed Marks 0.042ms
[2023-04-20T11:02:44.265+0000][gc,marking    ] GC(36) Concurrent Scan Root Regions
[2023-04-20T11:02:44.266+0000][gc,marking    ] GC(36) Concurrent Scan Root Regions 0.903ms
[2023-04-20T11:02:44.266+0000][gc,marking    ] GC(36) Concurrent Mark (5269.909s)
[2023-04-20T11:02:44.266+0000][gc,marking    ] GC(36) Concurrent Mark From Roots
[2023-04-20T11:02:44.266+0000][gc,task       ] GC(36) Using 1 workers of 1 for marking
[2023-04-20T11:02:44.286+0000][gc,marking    ] GC(36) Concurrent Mark From Roots 20.851ms
[2023-04-20T11:02:44.287+0000][gc,marking    ] GC(36) Concurrent Preclean
[2023-04-20T11:02:44.287+0000][gc,marking    ] GC(36) Concurrent Preclean 0.105ms
[2023-04-20T11:02:44.287+0000][gc,marking    ] GC(36) Concurrent Mark (5269.909s, 5269.930s) 21.001ms
[2023-04-20T11:02:44.287+0000][gc,start      ] GC(36) Pause Remark
[2023-04-20T11:02:44.298+0000][gc,stringtable] GC(36) Cleaned string and symbol table, strings: 15020 processed, 0 removed, symbols: 85369 processed, 0 removed
[2023-04-20T11:02:44.298+0000][gc            ] GC(36) Pause Remark 147M->147M(256M) 10.900ms
[2023-04-20T11:02:44.298+0000][gc,cpu        ] GC(36) User=0.01s Sys=0.00s Real=0.01s
[2023-04-20T11:02:44.298+0000][gc,marking    ] GC(36) Concurrent Rebuild Remembered Sets
[2023-04-20T11:02:44.311+0000][gc,marking    ] GC(36) Concurrent Rebuild Remembered Sets 13.469ms
[2023-04-20T11:02:44.311+0000][gc,start      ] GC(36) Pause Cleanup
[2023-04-20T11:02:44.311+0000][gc            ] GC(36) Pause Cleanup 147M->147M(256M) 0.071ms
[2023-04-20T11:02:44.311+0000][gc,cpu        ] GC(36) User=0.00s Sys=0.00s Real=0.00s
[2023-04-20T11:02:44.311+0000][gc,marking    ] GC(36) Concurrent Cleanup for Next Mark
[2023-04-20T11:02:44.312+0000][gc,marking    ] GC(36) Concurrent Cleanup for Next Mark 0.657ms
[2023-04-20T11:02:44.312+0000][gc            ] GC(36) Concurrent Cycle 47.493ms
[2023-04-20T11:58:55.009+0000][gc,start      ] GC(37) Pause Young (Normal) (G1 Evacuation Pause)
[2023-04-20T11:58:55.009+0000][gc,task       ] GC(37) Using 1 workers of 1 for evacuation
[2023-04-20T11:58:55.015+0000][gc,phases     ] GC(37)   Pre Evacuate Collection Set: 0.0ms
[2023-04-20T11:58:55.015+0000][gc,phases     ] GC(37)   Evacuate Collection Set: 6.3ms
[2023-04-20T11:58:55.015+0000][gc,phases     ] GC(37)   Post Evacuate Collection Set: 0.2ms
[2023-04-20T11:58:55.015+0000][gc,phases     ] GC(37)   Other: 0.2ms
[2023-04-20T11:58:55.015+0000][gc,heap       ] GC(37) Eden regions: 76->0(75)
[2023-04-20T11:58:55.015+0000][gc,heap       ] GC(37) Survivor regions: 1->1(10)
[2023-04-20T11:58:55.015+0000][gc,heap       ] GC(37) Old regions: 18->18
[2023-04-20T11:58:55.015+0000][gc,heap       ] GC(37) Humongous regions: 129->129
[2023-04-20T11:58:55.015+0000][gc,metaspace  ] GC(37) Metaspace: 40036K(41856K)->40036K(41856K) NonClass: 35391K(36352K)->35391K(36352K) Class: 4645K(5504K)->4645K(5504K)
[2023-04-20T11:58:55.015+0000][gc            ] GC(37) Pause Young (Normal) (G1 Evacuation Pause) 223M->147M(256M) 6.858ms
[2023-04-20T11:58:55.015+0000][gc,cpu        ] GC(37) User=0.01s Sys=0.00s Real=0.01s
[2023-04-20T12:54:57.438+0000][gc,start      ] GC(38) Pause Young (Concurrent Start) (G1 Evacuation Pause)
[2023-04-20T12:54:57.438+0000][gc,task       ] GC(38) Using 1 workers of 1 for evacuation
[2023-04-20T12:54:57.444+0000][gc,phases     ] GC(38)   Pre Evacuate Collection Set: 0.2ms
[2023-04-20T12:54:57.444+0000][gc,phases     ] GC(38)   Evacuate Collection Set: 5.4ms
[2023-04-20T12:54:57.444+0000][gc,phases     ] GC(38)   Post Evacuate Collection Set: 0.2ms
[2023-04-20T12:54:57.444+0000][gc,phases     ] GC(38)   Other: 0.2ms
[2023-04-20T12:54:57.444+0000][gc,heap       ] GC(38) Eden regions: 75->0(75)
[2023-04-20T12:54:57.444+0000][gc,heap       ] GC(38) Survivor regions: 1->1(10)
[2023-04-20T12:54:57.444+0000][gc,heap       ] GC(38) Old regions: 18->18
[2023-04-20T12:54:57.444+0000][gc,heap       ] GC(38) Humongous regions: 129->129
[2023-04-20T12:54:57.444+0000][gc,metaspace  ] GC(38) Metaspace: 40070K(41856K)->40070K(41856K) NonClass: 35423K(36352K)->35423K(36352K) Class: 4646K(5504K)->4646K(5504K)
[2023-04-20T12:54:57.444+0000][gc            ] GC(38) Pause Young (Concurrent Start) (G1 Evacuation Pause) 222M->147M(256M) 6.123ms
[2023-04-20T12:54:57.444+0000][gc,cpu        ] GC(38) User=0.00s Sys=0.00s Real=0.01s
[2023-04-20T12:54:57.444+0000][gc            ] GC(39) Concurrent Cycle
[2023-04-20T12:54:57.444+0000][gc,marking    ] GC(39) Concurrent Clear Claimed Marks
[2023-04-20T12:54:57.444+0000][gc,marking    ] GC(39) Concurrent Clear Claimed Marks 0.041ms
[2023-04-20T12:54:57.444+0000][gc,marking    ] GC(39) Concurrent Scan Root Regions
[2023-04-20T12:54:57.445+0000][gc,marking    ] GC(39) Concurrent Scan Root Regions 0.978ms
[2023-04-20T12:54:57.445+0000][gc,marking    ] GC(39) Concurrent Mark (12003.088s)
[2023-04-20T12:54:57.445+0000][gc,marking    ] GC(39) Concurrent Mark From Roots
[2023-04-20T12:54:57.445+0000][gc,task       ] GC(39) Using 1 workers of 1 for marking
[2023-04-20T12:54:57.467+0000][gc,marking    ] GC(39) Concurrent Mark From Roots 21.105ms
[2023-04-20T12:54:57.467+0000][gc,marking    ] GC(39) Concurrent Preclean
[2023-04-20T12:54:57.467+0000][gc,marking    ] GC(39) Concurrent Preclean 0.114ms
[2023-04-20T12:54:57.467+0000][gc,marking    ] GC(39) Concurrent Mark (12003.088s, 12003.110s) 21.269ms
[2023-04-20T12:54:57.467+0000][gc,start      ] GC(39) Pause Remark
[2023-04-20T12:54:57.478+0000][gc,stringtable] GC(39) Cleaned string and symbol table, strings: 15184 processed, 0 removed, symbols: 85372 processed, 0 removed
[2023-04-20T12:54:57.478+0000][gc            ] GC(39) Pause Remark 147M->147M(256M) 11.558ms
[2023-04-20T12:54:57.478+0000][gc,cpu        ] GC(39) User=0.01s Sys=0.00s Real=0.02s
[2023-04-20T12:54:57.478+0000][gc,marking    ] GC(39) Concurrent Rebuild Remembered Sets
[2023-04-20T12:54:57.492+0000][gc,marking    ] GC(39) Concurrent Rebuild Remembered Sets 13.718ms
[2023-04-20T12:54:57.492+0000][gc,start      ] GC(39) Pause Cleanup
[2023-04-20T12:54:57.492+0000][gc            ] GC(39) Pause Cleanup 147M->147M(256M) 0.085ms
[2023-04-20T12:54:57.492+0000][gc,cpu        ] GC(39) User=0.00s Sys=0.00s Real=0.00s
[2023-04-20T12:54:57.493+0000][gc,marking    ] GC(39) Concurrent Cleanup for Next Mark
[2023-04-20T12:54:57.493+0000][gc,marking    ] GC(39) Concurrent Cleanup for Next Mark 0.665ms
[2023-04-20T12:54:57.493+0000][gc            ] GC(39) Concurrent Cycle 48.851ms
[2023-04-20T13:52:34.380+0000][gc,start      ] GC(40) Pause Young (Normal) (G1 Evacuation Pause)
[2023-04-20T13:52:34.380+0000][gc,task       ] GC(40) Using 1 workers of 1 for evacuation
[2023-04-20T13:52:34.387+0000][gc,phases     ] GC(40)   Pre Evacuate Collection Set: 0.0ms
[2023-04-20T13:52:34.388+0000][gc,phases     ] GC(40)   Evacuate Collection Set: 6.3ms
[2023-04-20T13:52:34.388+0000][gc,phases     ] GC(40)   Post Evacuate Collection Set: 0.2ms
[2023-04-20T13:52:34.388+0000][gc,phases     ] GC(40)   Other: 0.2ms
[2023-04-20T13:52:34.388+0000][gc,heap       ] GC(40) Eden regions: 75->0(75)
[2023-04-20T13:52:34.388+0000][gc,heap       ] GC(40) Survivor regions: 1->1(10)
[2023-04-20T13:52:34.388+0000][gc,heap       ] GC(40) Old regions: 18->18
[2023-04-20T13:52:34.388+0000][gc,heap       ] GC(40) Humongous regions: 129->129
[2023-04-20T13:52:34.388+0000][gc,metaspace  ] GC(40) Metaspace: 40114K(42112K)->40114K(42112K) NonClass: 35468K(36608K)->35468K(36608K) Class: 4646K(5504K)->4646K(5504K)
[2023-04-20T13:52:34.388+0000][gc            ] GC(40) Pause Young (Normal) (G1 Evacuation Pause) 222M->147M(256M) 8.110ms
[2023-04-20T13:52:34.388+0000][gc,cpu        ] GC(40) User=0.00s Sys=0.00s Real=0.00s
[2023-04-20T14:50:16.731+0000][gc,start      ] GC(41) Pause Young (Concurrent Start) (G1 Evacuation Pause)
[2023-04-20T14:50:16.731+0000][gc,task       ] GC(41) Using 1 workers of 1 for evacuation
[2023-04-20T14:50:16.737+0000][gc,phases     ] GC(41)   Pre Evacuate Collection Set: 0.1ms
[2023-04-20T14:50:16.737+0000][gc,phases     ] GC(41)   Evacuate Collection Set: 5.2ms
[2023-04-20T14:50:16.737+0000][gc,phases     ] GC(41)   Post Evacuate Collection Set: 0.2ms
[2023-04-20T14:50:16.737+0000][gc,phases     ] GC(41)   Other: 0.2ms
[2023-04-20T14:50:16.737+0000][gc,heap       ] GC(41) Eden regions: 75->0(76)
[2023-04-20T14:50:16.737+0000][gc,heap       ] GC(41) Survivor regions: 1->1(10)
[2023-04-20T14:50:16.737+0000][gc,heap       ] GC(41) Old regions: 18->18
[2023-04-20T14:50:16.737+0000][gc,heap       ] GC(41) Humongous regions: 129->129
[2023-04-20T14:50:16.737+0000][gc,metaspace  ] GC(41) Metaspace: 40115K(42112K)->40115K(42112K) NonClass: 35469K(36608K)->35469K(36608K) Class: 4646K(5504K)->4646K(5504K)
[2023-04-20T14:50:16.737+0000][gc            ] GC(41) Pause Young (Concurrent Start) (G1 Evacuation Pause) 222M->147M(256M) 5.803ms
[2023-04-20T14:50:16.737+0000][gc,cpu        ] GC(41) User=0.01s Sys=0.00s Real=0.00s
[2023-04-20T14:50:16.737+0000][gc            ] GC(42) Concurrent Cycle
[2023-04-20T14:50:16.737+0000][gc,marking    ] GC(42) Concurrent Clear Claimed Marks
[2023-04-20T14:50:16.737+0000][gc,marking    ] GC(42) Concurrent Clear Claimed Marks 0.041ms
[2023-04-20T14:50:16.737+0000][gc,marking    ] GC(42) Concurrent Scan Root Regions
[2023-04-20T14:50:16.738+0000][gc,marking    ] GC(42) Concurrent Scan Root Regions 0.872ms
[2023-04-20T14:50:16.738+0000][gc,marking    ] GC(42) Concurrent Mark (18922.381s)
[2023-04-20T14:50:16.738+0000][gc,marking    ] GC(42) Concurrent Mark From Roots
[2023-04-20T14:50:16.738+0000][gc,task       ] GC(42) Using 1 workers of 1 for marking
[2023-04-20T14:50:16.759+0000][gc,marking    ] GC(42) Concurrent Mark From Roots 21.266ms
[2023-04-20T14:50:16.759+0000][gc,marking    ] GC(42) Concurrent Preclean
[2023-04-20T14:50:16.759+0000][gc,marking    ] GC(42) Concurrent Preclean 0.111ms
[2023-04-20T14:50:16.759+0000][gc,marking    ] GC(42) Concurrent Mark (18922.381s, 18922.402s) 21.441ms
[2023-04-20T14:50:16.760+0000][gc,start      ] GC(42) Pause Remark
[2023-04-20T14:50:16.771+0000][gc,stringtable] GC(42) Cleaned string and symbol table, strings: 15213 processed, 0 removed, symbols: 85372 processed, 0 removed
[2023-04-20T14:50:16.771+0000][gc            ] GC(42) Pause Remark 147M->147M(256M) 11.769ms
[2023-04-20T14:50:16.771+0000][gc,cpu        ] GC(42) User=0.01s Sys=0.00s Real=0.01s
[2023-04-20T14:50:16.771+0000][gc,marking    ] GC(42) Concurrent Rebuild Remembered Sets
[2023-04-20T14:50:16.785+0000][gc,marking    ] GC(42) Concurrent Rebuild Remembered Sets 13.726ms
[2023-04-20T14:50:16.785+0000][gc,start      ] GC(42) Pause Cleanup
[2023-04-20T14:50:16.785+0000][gc            ] GC(42) Pause Cleanup 147M->147M(256M) 0.074ms
[2023-04-20T14:50:16.785+0000][gc,cpu        ] GC(42) User=0.00s Sys=0.00s Real=0.00s
[2023-04-20T14:50:16.785+0000][gc,marking    ] GC(42) Concurrent Cleanup for Next Mark
[2023-04-20T14:50:16.786+0000][gc,marking    ] GC(42) Concurrent Cleanup for Next Mark 0.718ms
[2023-04-20T14:50:16.786+0000][gc            ] GC(42) Concurrent Cycle 49.136ms
[2023-04-20T15:49:02.594+0000][gc,start      ] GC(43) Pause Young (Normal) (G1 Evacuation Pause)
[2023-04-20T15:49:02.594+0000][gc,task       ] GC(43) Using 1 workers of 1 for evacuation
[2023-04-20T15:49:02.600+0000][gc,phases     ] GC(43)   Pre Evacuate Collection Set: 0.0ms
[2023-04-20T15:49:02.600+0000][gc,phases     ] GC(43)   Evacuate Collection Set: 6.1ms
[2023-04-20T15:49:02.600+0000][gc,phases     ] GC(43)   Post Evacuate Collection Set: 0.2ms
[2023-04-20T15:49:02.600+0000][gc,phases     ] GC(43)   Other: 0.2ms
[2023-04-20T15:49:02.600+0000][gc,heap       ] GC(43) Eden regions: 76->0(76)
[2023-04-20T15:49:02.600+0000][gc,heap       ] GC(43) Survivor regions: 1->1(10)
[2023-04-20T15:49:02.600+0000][gc,heap       ] GC(43) Old regions: 18->18
[2023-04-20T15:49:02.600+0000][gc,heap       ] GC(43) Humongous regions: 129->129
[2023-04-20T15:49:02.601+0000][gc,metaspace  ] GC(43) Metaspace: 40118K(42112K)->40118K(42112K) NonClass: 35471K(36608K)->35471K(36608K) Class: 4646K(5504K)->4646K(5504K)
[2023-04-20T15:49:02.601+0000][gc            ] GC(43) Pause Young (Normal) (G1 Evacuation Pause) 223M->147M(256M) 6.630ms
[2023-04-20T15:49:02.601+0000][gc,cpu        ] GC(43) User=0.01s Sys=0.00s Real=0.01s
