[2023-04-08T13:57:23.150+0000][gc,heap] Heap region size: 1M
[2023-04-08T13:57:23.153+0000][gc     ] Using G1
[2023-04-08T13:57:23.153+0000][gc,heap,coops] Heap address: 0x00000000f0000000, size: 256 MB, Compressed Oops mode: 32-bit
[2023-04-08T13:57:23.951+0000][gc,start     ] GC(0) Pause Young (Normal) (G1 Evacuation Pause)
[2023-04-08T13:57:23.951+0000][gc,task      ] GC(0) Using 1 workers of 1 for evacuation
[2023-04-08T13:57:23.962+0000][gc,phases    ] GC(0)   Pre Evacuate Collection Set: 0.0ms
[2023-04-08T13:57:23.962+0000][gc,phases    ] GC(0)   Evacuate Collection Set: 10.3ms
[2023-04-08T13:57:23.962+0000][gc,phases    ] GC(0)   Post Evacuate Collection Set: 0.2ms
[2023-04-08T13:57:23.962+0000][gc,phases    ] GC(0)   Other: 0.1ms
[2023-04-08T13:57:23.962+0000][gc,heap      ] GC(0) Eden regions: 12->0(10)
[2023-04-08T13:57:23.962+0000][gc,heap      ] GC(0) Survivor regions: 0->2(2)
[2023-04-08T13:57:23.962+0000][gc,heap      ] GC(0) Old regions: 0->4
[2023-04-08T13:57:23.962+0000][gc,heap      ] GC(0) Humongous regions: 0->0
[2023-04-08T13:57:23.962+0000][gc,metaspace ] GC(0) Metaspace: 5358K(5888K)->5358K(5888K) NonClass: 4783K(5120K)->4783K(5120K) Class: 575K(768K)->575K(768K)
[2023-04-08T13:57:23.962+0000][gc           ] GC(0) Pause Young (Normal) (G1 Evacuation Pause) 12M->5M(256M) 10.795ms
[2023-04-08T13:57:23.962+0000][gc,cpu       ] GC(0) User=0.01s Sys=0.01s Real=0.01s
[2023-04-08T13:57:24.410+0000][gc,start     ] GC(1) Pause Young (Normal) (G1 Evacuation Pause)
[2023-04-08T13:57:24.410+0000][gc,task      ] GC(1) Using 1 workers of 1 for evacuation
[2023-04-08T13:57:24.420+0000][gc,phases    ] GC(1)   Pre Evacuate Collection Set: 0.0ms
[2023-04-08T13:57:24.420+0000][gc,phases    ] GC(1)   Evacuate Collection Set: 8.9ms
[2023-04-08T13:57:24.420+0000][gc,phases    ] GC(1)   Post Evacuate Collection Set: 0.4ms
[2023-04-08T13:57:24.420+0000][gc,phases    ] GC(1)   Other: 0.1ms
[2023-04-08T13:57:24.420+0000][gc,heap      ] GC(1) Eden regions: 10->0(10)
[2023-04-08T13:57:24.420+0000][gc,heap      ] GC(1) Survivor regions: 2->2(2)
[2023-04-08T13:57:24.420+0000][gc,heap      ] GC(1) Old regions: 4->5
[2023-04-08T13:57:24.420+0000][gc,heap      ] GC(1) Humongous regions: 0->0
[2023-04-08T13:57:24.420+0000][gc,metaspace ] GC(1) Metaspace: 7820K(8320K)->7820K(8320K) NonClass: 6900K(7168K)->6900K(7168K) Class: 919K(1152K)->919K(1152K)
[2023-04-08T13:57:24.420+0000][gc           ] GC(1) Pause Young (Normal) (G1 Evacuation Pause) 15M->5M(256M) 9.528ms
[2023-04-08T13:57:24.420+0000][gc,cpu       ] GC(1) User=0.01s Sys=0.00s Real=0.01s
[2023-04-08T13:57:24.666+0000][gc,start     ] GC(2) Pause Young (Normal) (G1 Evacuation Pause)
[2023-04-08T13:57:24.666+0000][gc,task      ] GC(2) Using 1 workers of 1 for evacuation
[2023-04-08T13:57:24.673+0000][gc,phases    ] GC(2)   Pre Evacuate Collection Set: 0.0ms
[2023-04-08T13:57:24.673+0000][gc,phases    ] GC(2)   Evacuate Collection Set: 7.2ms
[2023-04-08T13:57:24.673+0000][gc,phases    ] GC(2)   Post Evacuate Collection Set: 0.1ms
[2023-04-08T13:57:24.673+0000][gc,phases    ] GC(2)   Other: 0.1ms
[2023-04-08T13:57:24.673+0000][gc,heap      ] GC(2) Eden regions: 10->0(11)
[2023-04-08T13:57:24.673+0000][gc,heap      ] GC(2) Survivor regions: 2->1(2)
[2023-04-08T13:57:24.673+0000][gc,heap      ] GC(2) Old regions: 5->6
[2023-04-08T13:57:24.673+0000][gc,heap      ] GC(2) Humongous regions: 0->0
[2023-04-08T13:57:24.673+0000][gc,metaspace ] GC(2) Metaspace: 10749K(11264K)->10749K(11264K) NonClass: 9420K(9728K)->9420K(9728K) Class: 1329K(1536K)->1329K(1536K)
[2023-04-08T13:57:24.673+0000][gc           ] GC(2) Pause Young (Normal) (G1 Evacuation Pause) 15M->6M(256M) 7.576ms
[2023-04-08T13:57:24.673+0000][gc,cpu       ] GC(2) User=0.00s Sys=0.00s Real=0.00s
[2023-04-08T13:57:25.006+0000][gc,start     ] GC(3) Pause Young (Normal) (G1 Evacuation Pause)
[2023-04-08T13:57:25.006+0000][gc,task      ] GC(3) Using 1 workers of 1 for evacuation
[2023-04-08T13:57:25.008+0000][gc,phases    ] GC(3)   Pre Evacuate Collection Set: 0.0ms
[2023-04-08T13:57:25.008+0000][gc,phases    ] GC(3)   Evacuate Collection Set: 2.6ms
[2023-04-08T13:57:25.008+0000][gc,phases    ] GC(3)   Post Evacuate Collection Set: 0.1ms
[2023-04-08T13:57:25.008+0000][gc,phases    ] GC(3)   Other: 0.1ms
[2023-04-08T13:57:25.008+0000][gc,heap      ] GC(3) Eden regions: 11->0(11)
[2023-04-08T13:57:25.008+0000][gc,heap      ] GC(3) Survivor regions: 1->1(2)
[2023-04-08T13:57:25.008+0000][gc,heap      ] GC(3) Old regions: 6->6
[2023-04-08T13:57:25.009+0000][gc,heap      ] GC(3) Humongous regions: 0->0
[2023-04-08T13:57:25.009+0000][gc,metaspace ] GC(3) Metaspace: 13776K(14464K)->13776K(14464K) NonClass: 12084K(12544K)->12084K(12544K) Class: 1692K(1920K)->1692K(1920K)
[2023-04-08T13:57:25.009+0000][gc           ] GC(3) Pause Young (Normal) (G1 Evacuation Pause) 17M->6M(256M) 2.944ms
[2023-04-08T13:57:25.009+0000][gc,cpu       ] GC(3) User=0.00s Sys=0.00s Real=0.01s
[2023-04-08T13:57:25.331+0000][gc,start     ] GC(4) Pause Young (Normal) (G1 Evacuation Pause)
[2023-04-08T13:57:25.331+0000][gc,task      ] GC(4) Using 1 workers of 1 for evacuation
[2023-04-08T13:57:25.336+0000][gc,phases    ] GC(4)   Pre Evacuate Collection Set: 0.0ms
[2023-04-08T13:57:25.336+0000][gc,phases    ] GC(4)   Evacuate Collection Set: 4.0ms
[2023-04-08T13:57:25.336+0000][gc,phases    ] GC(4)   Post Evacuate Collection Set: 0.4ms
[2023-04-08T13:57:25.336+0000][gc,phases    ] GC(4)   Other: 0.1ms
[2023-04-08T13:57:25.336+0000][gc,heap      ] GC(4) Eden regions: 11->0(11)
[2023-04-08T13:57:25.336+0000][gc,heap      ] GC(4) Survivor regions: 1->1(2)
[2023-04-08T13:57:25.336+0000][gc,heap      ] GC(4) Old regions: 6->6
[2023-04-08T13:57:25.336+0000][gc,heap      ] GC(4) Humongous regions: 0->0
[2023-04-08T13:57:25.336+0000][gc,metaspace ] GC(4) Metaspace: 16668K(17408K)->16668K(17408K) NonClass: 14665K(15104K)->14665K(15104K) Class: 2002K(2304K)->2002K(2304K)
[2023-04-08T13:57:25.336+0000][gc           ] GC(4) Pause Young (Normal) (G1 Evacuation Pause) 17M->6M(256M) 4.586ms
[2023-04-08T13:57:25.336+0000][gc,cpu       ] GC(4) User=0.01s Sys=0.00s Real=0.00s
[2023-04-08T13:57:25.596+0000][gc,start     ] GC(5) Pause Young (Normal) (G1 Evacuation Pause)
[2023-04-08T13:57:25.596+0000][gc,task      ] GC(5) Using 1 workers of 1 for evacuation
[2023-04-08T13:57:25.600+0000][gc,phases    ] GC(5)   Pre Evacuate Collection Set: 0.0ms
[2023-04-08T13:57:25.600+0000][gc,phases    ] GC(5)   Evacuate Collection Set: 3.9ms
[2023-04-08T13:57:25.600+0000][gc,phases    ] GC(5)   Post Evacuate Collection Set: 0.1ms
[2023-04-08T13:57:25.600+0000][gc,phases    ] GC(5)   Other: 0.1ms
[2023-04-08T13:57:25.600+0000][gc,heap      ] GC(5) Eden regions: 11->0(10)
[2023-04-08T13:57:25.600+0000][gc,heap      ] GC(5) Survivor regions: 1->2(2)
[2023-04-08T13:57:25.600+0000][gc,heap      ] GC(5) Old regions: 6->6
[2023-04-08T13:57:25.600+0000][gc,heap      ] GC(5) Humongous regions: 0->0
[2023-04-08T13:57:25.600+0000][gc,metaspace ] GC(5) Metaspace: 19589K(20352K)->19589K(20352K) NonClass: 17221K(17664K)->17221K(17664K) Class: 2367K(2688K)->2367K(2688K)
[2023-04-08T13:57:25.600+0000][gc           ] GC(5) Pause Young (Normal) (G1 Evacuation Pause) 17M->7M(256M) 4.203ms
[2023-04-08T13:57:25.600+0000][gc,cpu       ] GC(5) User=0.00s Sys=0.00s Real=0.01s
[2023-04-08T13:57:25.799+0000][gc,start     ] GC(6) Pause Young (Concurrent Start) (Metadata GC Threshold)
[2023-04-08T13:57:25.799+0000][gc,task      ] GC(6) Using 1 workers of 1 for evacuation
[2023-04-08T13:57:25.804+0000][gc,phases    ] GC(6)   Pre Evacuate Collection Set: 0.0ms
[2023-04-08T13:57:25.804+0000][gc,phases    ] GC(6)   Evacuate Collection Set: 4.9ms
[2023-04-08T13:57:25.804+0000][gc,phases    ] GC(6)   Post Evacuate Collection Set: 0.1ms
[2023-04-08T13:57:25.804+0000][gc,phases    ] GC(6)   Other: 0.2ms
[2023-04-08T13:57:25.804+0000][gc,heap      ] GC(6) Eden regions: 4->0(11)
[2023-04-08T13:57:25.804+0000][gc,heap      ] GC(6) Survivor regions: 2->1(2)
[2023-04-08T13:57:25.804+0000][gc,heap      ] GC(6) Old regions: 6->7
[2023-04-08T13:57:25.804+0000][gc,heap      ] GC(6) Humongous regions: 0->0
[2023-04-08T13:57:25.804+0000][gc,metaspace ] GC(6) Metaspace: 20519K(21248K)->20519K(21248K) NonClass: 18016K(18432K)->18016K(18432K) Class: 2502K(2816K)->2502K(2816K)
[2023-04-08T13:57:25.805+0000][gc           ] GC(6) Pause Young (Concurrent Start) (Metadata GC Threshold) 11M->7M(256M) 5.313ms
[2023-04-08T13:57:25.805+0000][gc,cpu       ] GC(6) User=0.00s Sys=0.00s Real=0.00s
[2023-04-08T13:57:25.805+0000][gc           ] GC(7) Concurrent Cycle
[2023-04-08T13:57:25.805+0000][gc,marking   ] GC(7) Concurrent Clear Claimed Marks
[2023-04-08T13:57:25.805+0000][gc,marking   ] GC(7) Concurrent Clear Claimed Marks 0.045ms
[2023-04-08T13:57:25.805+0000][gc,marking   ] GC(7) Concurrent Scan Root Regions
[2023-04-08T13:57:25.807+0000][gc,marking   ] GC(7) Concurrent Scan Root Regions 2.156ms
[2023-04-08T13:57:25.807+0000][gc,marking   ] GC(7) Concurrent Mark (2.661s)
[2023-04-08T13:57:25.807+0000][gc,marking   ] GC(7) Concurrent Mark From Roots
[2023-04-08T13:57:25.807+0000][gc,task      ] GC(7) Using 1 workers of 1 for marking
[2023-04-08T13:57:25.824+0000][gc,marking   ] GC(7) Concurrent Mark From Roots 17.304ms
[2023-04-08T13:57:25.824+0000][gc,marking   ] GC(7) Concurrent Preclean
[2023-04-08T13:57:25.824+0000][gc,marking   ] GC(7) Concurrent Preclean 0.059ms
[2023-04-08T13:57:25.824+0000][gc,marking   ] GC(7) Concurrent Mark (2.661s, 2.678s) 17.403ms
[2023-04-08T13:57:25.824+0000][gc,start     ] GC(7) Pause Remark
[2023-04-08T13:57:25.828+0000][gc,stringtable] GC(7) Cleaned string and symbol table, strings: 8784 processed, 7 removed, symbols: 49800 processed, 42 removed
[2023-04-08T13:57:25.829+0000][gc            ] GC(7) Pause Remark 8M->8M(256M) 4.587ms
[2023-04-08T13:57:25.829+0000][gc,cpu        ] GC(7) User=0.01s Sys=0.00s Real=0.01s
[2023-04-08T13:57:25.830+0000][gc,marking    ] GC(7) Concurrent Rebuild Remembered Sets
[2023-04-08T13:57:25.841+0000][gc,marking    ] GC(7) Concurrent Rebuild Remembered Sets 10.766ms
[2023-04-08T13:57:25.841+0000][gc,start      ] GC(7) Pause Cleanup
[2023-04-08T13:57:25.841+0000][gc            ] GC(7) Pause Cleanup 8M->8M(256M) 0.087ms
[2023-04-08T13:57:25.841+0000][gc,cpu        ] GC(7) User=0.00s Sys=0.00s Real=0.00s
[2023-04-08T13:57:25.841+0000][gc,marking    ] GC(7) Concurrent Cleanup for Next Mark
[2023-04-08T13:57:25.856+0000][gc,marking    ] GC(7) Concurrent Cleanup for Next Mark 14.976ms
[2023-04-08T13:57:25.856+0000][gc            ] GC(7) Concurrent Cycle 51.639ms
[2023-04-08T13:57:26.167+0000][gc,start      ] GC(8) Pause Young (Concurrent Start) (G1 Humongous Allocation)
[2023-04-08T13:57:26.167+0000][gc,task       ] GC(8) Using 1 workers of 1 for evacuation
[2023-04-08T13:57:26.173+0000][gc,phases     ] GC(8)   Pre Evacuate Collection Set: 0.1ms
[2023-04-08T13:57:26.173+0000][gc,phases     ] GC(8)   Evacuate Collection Set: 5.3ms
[2023-04-08T13:57:26.173+0000][gc,phases     ] GC(8)   Post Evacuate Collection Set: 0.1ms
[2023-04-08T13:57:26.173+0000][gc,phases     ] GC(8)   Other: 0.2ms
[2023-04-08T13:57:26.173+0000][gc,heap       ] GC(8) Eden regions: 10->0(10)
[2023-04-08T13:57:26.173+0000][gc,heap       ] GC(8) Survivor regions: 1->2(2)
[2023-04-08T13:57:26.173+0000][gc,heap       ] GC(8) Old regions: 7->7
[2023-04-08T13:57:26.173+0000][gc,heap       ] GC(8) Humongous regions: 0->0
[2023-04-08T13:57:26.173+0000][gc,metaspace  ] GC(8) Metaspace: 22518K(23424K)->22518K(23424K) NonClass: 19720K(20224K)->19720K(20224K) Class: 2798K(3200K)->2798K(3200K)
[2023-04-08T13:57:26.173+0000][gc            ] GC(8) Pause Young (Concurrent Start) (G1 Humongous Allocation) 16M->7M(256M) 5.693ms
[2023-04-08T13:57:26.173+0000][gc,cpu        ] GC(8) User=0.01s Sys=0.00s Real=0.00s
[2023-04-08T13:57:26.173+0000][gc            ] GC(9) Concurrent Cycle
[2023-04-08T13:57:26.173+0000][gc,marking    ] GC(9) Concurrent Clear Claimed Marks
[2023-04-08T13:57:26.173+0000][gc,marking    ] GC(9) Concurrent Clear Claimed Marks 0.022ms
[2023-04-08T13:57:26.173+0000][gc,marking    ] GC(9) Concurrent Scan Root Regions
[2023-04-08T13:57:26.174+0000][gc,marking    ] GC(9) Concurrent Scan Root Regions 1.194ms
[2023-04-08T13:57:26.174+0000][gc,marking    ] GC(9) Concurrent Mark (3.029s)
[2023-04-08T13:57:26.174+0000][gc,marking    ] GC(9) Concurrent Mark From Roots
[2023-04-08T13:57:26.174+0000][gc,task       ] GC(9) Using 1 workers of 1 for marking
[2023-04-08T13:57:26.185+0000][gc,marking    ] GC(9) Concurrent Mark From Roots 10.727ms
[2023-04-08T13:57:26.185+0000][gc,marking    ] GC(9) Concurrent Preclean
[2023-04-08T13:57:26.185+0000][gc,marking    ] GC(9) Concurrent Preclean 0.036ms
[2023-04-08T13:57:26.185+0000][gc,marking    ] GC(9) Concurrent Mark (3.029s, 3.039s) 10.808ms
[2023-04-08T13:57:26.321+0000][gc,start      ] GC(9) Pause Remark
[2023-04-08T13:57:26.325+0000][gc,stringtable] GC(9) Cleaned string and symbol table, strings: 9532 processed, 3 removed, symbols: 55061 processed, 4 removed
[2023-04-08T13:57:26.325+0000][gc            ] GC(9) Pause Remark 136M->136M(256M) 4.057ms
[2023-04-08T13:57:26.325+0000][gc,cpu        ] GC(9) User=0.00s Sys=0.00s Real=0.00s
[2023-04-08T13:57:26.325+0000][gc,marking    ] GC(9) Concurrent Rebuild Remembered Sets
[2023-04-08T13:57:26.340+0000][gc,marking    ] GC(9) Concurrent Rebuild Remembered Sets 15.220ms
[2023-04-08T13:57:26.340+0000][gc,start      ] GC(9) Pause Cleanup
[2023-04-08T13:57:26.340+0000][gc            ] GC(9) Pause Cleanup 137M->137M(256M) 0.073ms
[2023-04-08T13:57:26.341+0000][gc,cpu        ] GC(9) User=0.00s Sys=0.00s Real=0.00s
[2023-04-08T13:57:26.341+0000][gc,marking    ] GC(9) Concurrent Cleanup for Next Mark
[2023-04-08T13:57:26.353+0000][gc,marking    ] GC(9) Concurrent Cleanup for Next Mark 12.441ms
[2023-04-08T13:57:26.353+0000][gc            ] GC(9) Concurrent Cycle 179.813ms
[2023-04-08T13:57:26.534+0000][gc,start      ] GC(10) Pause Young (Normal) (G1 Evacuation Pause)
[2023-04-08T13:57:26.534+0000][gc,task       ] GC(10) Using 1 workers of 1 for evacuation
[2023-04-08T13:57:26.540+0000][gc,phases     ] GC(10)   Pre Evacuate Collection Set: 0.0ms
[2023-04-08T13:57:26.540+0000][gc,phases     ] GC(10)   Evacuate Collection Set: 5.6ms
[2023-04-08T13:57:26.540+0000][gc,phases     ] GC(10)   Post Evacuate Collection Set: 0.1ms
[2023-04-08T13:57:26.540+0000][gc,phases     ] GC(10)   Other: 0.1ms
[2023-04-08T13:57:26.540+0000][gc,heap       ] GC(10) Eden regions: 10->0(10)
[2023-04-08T13:57:26.540+0000][gc,heap       ] GC(10) Survivor regions: 2->2(2)
[2023-04-08T13:57:26.540+0000][gc,heap       ] GC(10) Old regions: 7->7
[2023-04-08T13:57:26.540+0000][gc,heap       ] GC(10) Humongous regions: 129->129
[2023-04-08T13:57:26.540+0000][gc,metaspace  ] GC(10) Metaspace: 24438K(25344K)->24438K(25344K) NonClass: 21454K(22016K)->21454K(22016K) Class: 2983K(3328K)->2983K(3328K)
[2023-04-08T13:57:26.540+0000][gc            ] GC(10) Pause Young (Normal) (G1 Evacuation Pause) 146M->137M(256M) 5.978ms
[2023-04-08T13:57:26.540+0000][gc,cpu        ] GC(10) User=0.01s Sys=0.00s Real=0.01s
[2023-04-08T13:57:26.717+0000][gc,start      ] GC(11) Pause Young (Concurrent Start) (G1 Evacuation Pause)
[2023-04-08T13:57:26.717+0000][gc,task       ] GC(11) Using 1 workers of 1 for evacuation
[2023-04-08T13:57:26.723+0000][gc,phases     ] GC(11)   Pre Evacuate Collection Set: 0.1ms
[2023-04-08T13:57:26.723+0000][gc,phases     ] GC(11)   Evacuate Collection Set: 5.6ms
[2023-04-08T13:57:26.723+0000][gc,phases     ] GC(11)   Post Evacuate Collection Set: 0.1ms
[2023-04-08T13:57:26.723+0000][gc,phases     ] GC(11)   Other: 0.2ms
[2023-04-08T13:57:26.723+0000][gc,heap       ] GC(11) Eden regions: 10->0(10)
[2023-04-08T13:57:26.723+0000][gc,heap       ] GC(11) Survivor regions: 2->2(2)
[2023-04-08T13:57:26.723+0000][gc,heap       ] GC(11) Old regions: 7->8
[2023-04-08T13:57:26.723+0000][gc,heap       ] GC(11) Humongous regions: 129->129
[2023-04-08T13:57:26.723+0000][gc,metaspace  ] GC(11) Metaspace: 27004K(28032K)->27004K(28032K) NonClass: 23882K(24576K)->23882K(24576K) Class: 3122K(3456K)->3122K(3456K)
[2023-04-08T13:57:26.723+0000][gc            ] GC(11) Pause Young (Concurrent Start) (G1 Evacuation Pause) 147M->137M(256M) 5.986ms
[2023-04-08T13:57:26.723+0000][gc,cpu        ] GC(11) User=0.01s Sys=0.00s Real=0.01s
[2023-04-08T13:57:26.723+0000][gc            ] GC(12) Concurrent Cycle
[2023-04-08T13:57:26.723+0000][gc,marking    ] GC(12) Concurrent Clear Claimed Marks
[2023-04-08T13:57:26.723+0000][gc,marking    ] GC(12) Concurrent Clear Claimed Marks 0.022ms
[2023-04-08T13:57:26.723+0000][gc,marking    ] GC(12) Concurrent Scan Root Regions
[2023-04-08T13:57:26.724+0000][gc,marking    ] GC(12) Concurrent Scan Root Regions 0.518ms
[2023-04-08T13:57:26.724+0000][gc,marking    ] GC(12) Concurrent Mark (3.578s)
[2023-04-08T13:57:26.724+0000][gc,marking    ] GC(12) Concurrent Mark From Roots
[2023-04-08T13:57:26.724+0000][gc,task       ] GC(12) Using 1 workers of 1 for marking
[2023-04-08T13:57:26.740+0000][gc,marking    ] GC(12) Concurrent Mark From Roots 15.890ms
[2023-04-08T13:57:26.740+0000][gc,marking    ] GC(12) Concurrent Preclean
[2023-04-08T13:57:26.740+0000][gc,marking    ] GC(12) Concurrent Preclean 0.041ms
[2023-04-08T13:57:26.740+0000][gc,marking    ] GC(12) Concurrent Mark (3.578s, 3.594s) 15.982ms
[2023-04-08T13:57:26.740+0000][gc,start      ] GC(12) Pause Remark
[2023-04-08T13:57:26.744+0000][gc,stringtable] GC(12) Cleaned string and symbol table, strings: 10799 processed, 2 removed, symbols: 62623 processed, 0 removed
[2023-04-08T13:57:26.744+0000][gc            ] GC(12) Pause Remark 138M->138M(256M) 4.121ms
[2023-04-08T13:57:26.744+0000][gc,cpu        ] GC(12) User=0.00s Sys=0.00s Real=0.00s
[2023-04-08T13:57:26.744+0000][gc,marking    ] GC(12) Concurrent Rebuild Remembered Sets
[2023-04-08T13:57:26.761+0000][gc,marking    ] GC(12) Concurrent Rebuild Remembered Sets 16.581ms
[2023-04-08T13:57:26.761+0000][gc,start      ] GC(12) Pause Cleanup
[2023-04-08T13:57:26.761+0000][gc            ] GC(12) Pause Cleanup 139M->139M(256M) 0.062ms
[2023-04-08T13:57:26.761+0000][gc,cpu        ] GC(12) User=0.00s Sys=0.00s Real=0.00s
[2023-04-08T13:57:26.761+0000][gc,marking    ] GC(12) Concurrent Cleanup for Next Mark
[2023-04-08T13:57:26.768+0000][gc,marking    ] GC(12) Concurrent Cleanup for Next Mark 6.925ms
[2023-04-08T13:57:26.768+0000][gc            ] GC(12) Concurrent Cycle 44.655ms
[2023-04-08T13:57:27.218+0000][gc,start      ] GC(13) Pause Young (Normal) (G1 Evacuation Pause)
[2023-04-08T13:57:27.218+0000][gc,task       ] GC(13) Using 1 workers of 1 for evacuation
[2023-04-08T13:57:27.231+0000][gc,phases     ] GC(13)   Pre Evacuate Collection Set: 0.0ms
[2023-04-08T13:57:27.231+0000][gc,phases     ] GC(13)   Evacuate Collection Set: 12.7ms
[2023-04-08T13:57:27.231+0000][gc,phases     ] GC(13)   Post Evacuate Collection Set: 0.1ms
[2023-04-08T13:57:27.231+0000][gc,phases     ] GC(13)   Other: 0.1ms
[2023-04-08T13:57:27.231+0000][gc,heap       ] GC(13) Eden regions: 10->0(10)
[2023-04-08T13:57:27.231+0000][gc,heap       ] GC(13) Survivor regions: 2->2(2)
[2023-04-08T13:57:27.231+0000][gc,heap       ] GC(13) Old regions: 8->9
[2023-04-08T13:57:27.231+0000][gc,heap       ] GC(13) Humongous regions: 129->129
[2023-04-08T13:57:27.231+0000][gc,metaspace  ] GC(13) Metaspace: 28355K(29312K)->28355K(29312K) NonClass: 25085K(25600K)->25085K(25600K) Class: 3269K(3712K)->3269K(3712K)
[2023-04-08T13:57:27.231+0000][gc            ] GC(13) Pause Young (Normal) (G1 Evacuation Pause) 147M->139M(256M) 13.093ms
[2023-04-08T13:57:27.231+0000][gc,cpu        ] GC(13) User=0.01s Sys=0.00s Real=0.01s
[2023-04-08T13:57:27.582+0000][gc,start      ] GC(14) Pause Young (Concurrent Start) (G1 Evacuation Pause)
[2023-04-08T13:57:27.582+0000][gc,task       ] GC(14) Using 1 workers of 1 for evacuation
[2023-04-08T13:57:27.593+0000][gc,phases     ] GC(14)   Pre Evacuate Collection Set: 0.1ms
[2023-04-08T13:57:27.593+0000][gc,phases     ] GC(14)   Evacuate Collection Set: 10.4ms
[2023-04-08T13:57:27.593+0000][gc,phases     ] GC(14)   Post Evacuate Collection Set: 0.1ms
[2023-04-08T13:57:27.593+0000][gc,phases     ] GC(14)   Other: 0.2ms
[2023-04-08T13:57:27.593+0000][gc,heap       ] GC(14) Eden regions: 10->0(11)
[2023-04-08T13:57:27.593+0000][gc,heap       ] GC(14) Survivor regions: 2->1(2)
[2023-04-08T13:57:27.593+0000][gc,heap       ] GC(14) Old regions: 9->11
[2023-04-08T13:57:27.593+0000][gc,heap       ] GC(14) Humongous regions: 129->129
[2023-04-08T13:57:27.593+0000][gc,metaspace  ] GC(14) Metaspace: 30339K(31360K)->30339K(31360K) NonClass: 26846K(27392K)->26846K(27392K) Class: 3492K(3968K)->3492K(3968K)
[2023-04-08T13:57:27.593+0000][gc            ] GC(14) Pause Young (Concurrent Start) (G1 Evacuation Pause) 149M->140M(256M) 10.859ms
[2023-04-08T13:57:27.593+0000][gc,cpu        ] GC(14) User=0.01s Sys=0.00s Real=0.01s
[2023-04-08T13:57:27.593+0000][gc            ] GC(15) Concurrent Cycle
[2023-04-08T13:57:27.593+0000][gc,marking    ] GC(15) Concurrent Clear Claimed Marks
[2023-04-08T13:57:27.593+0000][gc,marking    ] GC(15) Concurrent Clear Claimed Marks 0.036ms
[2023-04-08T13:57:27.593+0000][gc,marking    ] GC(15) Concurrent Scan Root Regions
[2023-04-08T13:57:27.594+0000][gc,marking    ] GC(15) Concurrent Scan Root Regions 1.064ms
[2023-04-08T13:57:27.594+0000][gc,marking    ] GC(15) Concurrent Mark (4.448s)
[2023-04-08T13:57:27.594+0000][gc,marking    ] GC(15) Concurrent Mark From Roots
[2023-04-08T13:57:27.594+0000][gc,task       ] GC(15) Using 1 workers of 1 for marking
[2023-04-08T13:57:27.645+0000][gc,marking    ] GC(15) Concurrent Mark From Roots 50.664ms
[2023-04-08T13:57:27.645+0000][gc,marking    ] GC(15) Concurrent Preclean
[2023-04-08T13:57:27.645+0000][gc,marking    ] GC(15) Concurrent Preclean 0.052ms
[2023-04-08T13:57:27.645+0000][gc,marking    ] GC(15) Concurrent Mark (4.448s, 4.499s) 50.761ms
[2023-04-08T13:57:27.646+0000][gc,start      ] GC(15) Pause Remark
[2023-04-08T13:57:27.651+0000][gc,stringtable] GC(15) Cleaned string and symbol table, strings: 12340 processed, 4 removed, symbols: 69172 processed, 8 removed
[2023-04-08T13:57:27.651+0000][gc            ] GC(15) Pause Remark 141M->141M(256M) 5.313ms
[2023-04-08T13:57:27.651+0000][gc,cpu        ] GC(15) User=0.01s Sys=0.00s Real=0.00s
[2023-04-08T13:57:27.651+0000][gc,marking    ] GC(15) Concurrent Rebuild Remembered Sets
[2023-04-08T13:57:27.677+0000][gc,marking    ] GC(15) Concurrent Rebuild Remembered Sets 25.593ms
[2023-04-08T13:57:27.677+0000][gc,start      ] GC(15) Pause Cleanup
[2023-04-08T13:57:27.677+0000][gc            ] GC(15) Pause Cleanup 142M->142M(256M) 0.077ms
[2023-04-08T13:57:27.677+0000][gc,cpu        ] GC(15) User=0.00s Sys=0.00s Real=0.00s
[2023-04-08T13:57:27.677+0000][gc,marking    ] GC(15) Concurrent Cleanup for Next Mark
[2023-04-08T13:57:27.678+0000][gc,marking    ] GC(15) Concurrent Cleanup for Next Mark 1.220ms
[2023-04-08T13:57:27.678+0000][gc            ] GC(15) Concurrent Cycle 85.601ms
[2023-04-08T13:57:27.954+0000][gc,start      ] GC(16) Pause Young (Normal) (G1 Evacuation Pause)
[2023-04-08T13:57:27.954+0000][gc,task       ] GC(16) Using 1 workers of 1 for evacuation
[2023-04-08T13:57:27.962+0000][gc,phases     ] GC(16)   Pre Evacuate Collection Set: 0.0ms
[2023-04-08T13:57:27.962+0000][gc,phases     ] GC(16)   Evacuate Collection Set: 7.6ms
[2023-04-08T13:57:27.962+0000][gc,phases     ] GC(16)   Post Evacuate Collection Set: 0.1ms
[2023-04-08T13:57:27.962+0000][gc,phases     ] GC(16)   Other: 0.1ms
[2023-04-08T13:57:27.962+0000][gc,heap       ] GC(16) Eden regions: 11->0(10)
[2023-04-08T13:57:27.962+0000][gc,heap       ] GC(16) Survivor regions: 1->2(2)
[2023-04-08T13:57:27.962+0000][gc,heap       ] GC(16) Old regions: 11->11
[2023-04-08T13:57:27.962+0000][gc,heap       ] GC(16) Humongous regions: 129->129
[2023-04-08T13:57:27.962+0000][gc,metaspace  ] GC(16) Metaspace: 32948K(34176K)->32948K(34176K) NonClass: 29200K(29952K)->29200K(29952K) Class: 3747K(4224K)->3747K(4224K)
[2023-04-08T13:57:27.962+0000][gc            ] GC(16) Pause Young (Normal) (G1 Evacuation Pause) 151M->141M(256M) 8.026ms
[2023-04-08T13:57:27.962+0000][gc,cpu        ] GC(16) User=0.01s Sys=0.00s Real=0.01s
[2023-04-08T13:57:28.300+0000][gc,start      ] GC(17) Pause Young (Concurrent Start) (G1 Evacuation Pause)
[2023-04-08T13:57:28.300+0000][gc,task       ] GC(17) Using 1 workers of 1 for evacuation
[2023-04-08T13:57:28.309+0000][gc,phases     ] GC(17)   Pre Evacuate Collection Set: 0.1ms
[2023-04-08T13:57:28.309+0000][gc,phases     ] GC(17)   Evacuate Collection Set: 9.1ms
[2023-04-08T13:57:28.309+0000][gc,phases     ] GC(17)   Post Evacuate Collection Set: 0.1ms
[2023-04-08T13:57:28.309+0000][gc,phases     ] GC(17)   Other: 0.2ms
[2023-04-08T13:57:28.309+0000][gc,heap       ] GC(17) Eden regions: 10->0(10)
[2023-04-08T13:57:28.309+0000][gc,heap       ] GC(17) Survivor regions: 2->2(2)
[2023-04-08T13:57:28.309+0000][gc,heap       ] GC(17) Old regions: 11->12
[2023-04-08T13:57:28.309+0000][gc,heap       ] GC(17) Humongous regions: 129->129
[2023-04-08T13:57:28.309+0000][gc,metaspace  ] GC(17) Metaspace: 35341K(36736K)->35341K(36736K) NonClass: 31236K(32000K)->31236K(32000K) Class: 4105K(4736K)->4105K(4736K)
[2023-04-08T13:57:28.309+0000][gc            ] GC(17) Pause Young (Concurrent Start) (G1 Evacuation Pause) 151M->141M(256M) 9.629ms
[2023-04-08T13:57:28.309+0000][gc,cpu        ] GC(17) User=0.01s Sys=0.00s Real=0.01s
[2023-04-08T13:57:28.309+0000][gc            ] GC(18) Concurrent Cycle
[2023-04-08T13:57:28.309+0000][gc,marking    ] GC(18) Concurrent Clear Claimed Marks
[2023-04-08T13:57:28.309+0000][gc,marking    ] GC(18) Concurrent Clear Claimed Marks 0.033ms
[2023-04-08T13:57:28.309+0000][gc,marking    ] GC(18) Concurrent Scan Root Regions
[2023-04-08T13:57:28.311+0000][gc,marking    ] GC(18) Concurrent Scan Root Regions 1.492ms
[2023-04-08T13:57:28.311+0000][gc,marking    ] GC(18) Concurrent Mark (5.165s)
[2023-04-08T13:57:28.311+0000][gc,marking    ] GC(18) Concurrent Mark From Roots
[2023-04-08T13:57:28.311+0000][gc,task       ] GC(18) Using 1 workers of 1 for marking
[2023-04-08T13:57:28.388+0000][gc,marking    ] GC(18) Concurrent Mark From Roots 76.703ms
[2023-04-08T13:57:28.388+0000][gc,marking    ] GC(18) Concurrent Preclean
[2023-04-08T13:57:28.388+0000][gc,marking    ] GC(18) Concurrent Preclean 0.055ms
[2023-04-08T13:57:28.388+0000][gc,marking    ] GC(18) Concurrent Mark (5.165s, 5.242s) 76.807ms
[2023-04-08T13:57:28.391+0000][gc,start      ] GC(18) Pause Remark
[2023-04-08T13:57:28.397+0000][gc,stringtable] GC(18) Cleaned string and symbol table, strings: 14477 processed, 1 removed, symbols: 83286 processed, 3 removed
[2023-04-08T13:57:28.398+0000][gc            ] GC(18) Pause Remark 143M->143M(256M) 6.227ms
[2023-04-08T13:57:28.398+0000][gc,cpu        ] GC(18) User=0.01s Sys=0.00s Real=0.00s
[2023-04-08T13:57:28.398+0000][gc,marking    ] GC(18) Concurrent Rebuild Remembered Sets
[2023-04-08T13:57:28.432+0000][gc,marking    ] GC(18) Concurrent Rebuild Remembered Sets 34.406ms
[2023-04-08T13:57:28.434+0000][gc,start      ] GC(18) Pause Cleanup
[2023-04-08T13:57:28.434+0000][gc            ] GC(18) Pause Cleanup 144M->144M(256M) 0.081ms
[2023-04-08T13:57:28.434+0000][gc,cpu        ] GC(18) User=0.00s Sys=0.00s Real=0.00s
[2023-04-08T13:57:28.434+0000][gc,marking    ] GC(18) Concurrent Cleanup for Next Mark
[2023-04-08T13:57:28.437+0000][gc,marking    ] GC(18) Concurrent Cleanup for Next Mark 2.916ms
[2023-04-08T13:57:28.437+0000][gc            ] GC(18) Concurrent Cycle 127.954ms
[2023-04-08T14:01:53.478+0000][gc,start      ] GC(19) Pause Young (Normal) (G1 Evacuation Pause)
[2023-04-08T14:01:53.478+0000][gc,task       ] GC(19) Using 1 workers of 1 for evacuation
[2023-04-08T14:01:53.486+0000][gc,phases     ] GC(19)   Pre Evacuate Collection Set: 0.0ms
[2023-04-08T14:01:53.487+0000][gc,phases     ] GC(19)   Evacuate Collection Set: 7.6ms
[2023-04-08T14:01:53.487+0000][gc,phases     ] GC(19)   Post Evacuate Collection Set: 0.1ms
[2023-04-08T14:01:53.487+0000][gc,phases     ] GC(19)   Other: 0.2ms
[2023-04-08T14:01:53.487+0000][gc,heap       ] GC(19) Eden regions: 10->0(11)
[2023-04-08T14:01:53.487+0000][gc,heap       ] GC(19) Survivor regions: 2->1(2)
[2023-04-08T14:01:53.487+0000][gc,heap       ] GC(19) Old regions: 12->13
[2023-04-08T14:01:53.487+0000][gc,heap       ] GC(19) Humongous regions: 129->129
[2023-04-08T14:01:53.487+0000][gc,metaspace  ] GC(19) Metaspace: 36853K(38656K)->36853K(38656K) NonClass: 32456K(33536K)->32456K(33536K) Class: 4396K(5120K)->4396K(5120K)
[2023-04-08T14:01:53.488+0000][gc            ] GC(19) Pause Young (Normal) (G1 Evacuation Pause) 151M->142M(256M) 9.469ms
[2023-04-08T14:01:53.488+0000][gc,cpu        ] GC(19) User=0.01s Sys=0.00s Real=0.01s
[2023-04-08T14:05:57.473+0000][gc,start      ] GC(20) Pause Young (Concurrent Start) (G1 Evacuation Pause)
[2023-04-08T14:05:57.475+0000][gc,task       ] GC(20) Using 1 workers of 1 for evacuation
[2023-04-08T14:05:57.487+0000][gc,phases     ] GC(20)   Pre Evacuate Collection Set: 0.1ms
[2023-04-08T14:05:57.487+0000][gc,phases     ] GC(20)   Evacuate Collection Set: 8.8ms
[2023-04-08T14:05:57.487+0000][gc,phases     ] GC(20)   Post Evacuate Collection Set: 0.2ms
[2023-04-08T14:05:57.487+0000][gc,phases     ] GC(20)   Other: 8.1ms
[2023-04-08T14:05:57.487+0000][gc,heap       ] GC(20) Eden regions: 11->0(12)
[2023-04-08T14:05:57.487+0000][gc,heap       ] GC(20) Survivor regions: 1->2(2)
[2023-04-08T14:05:57.487+0000][gc,heap       ] GC(20) Old regions: 13->13
[2023-04-08T14:05:57.487+0000][gc,heap       ] GC(20) Humongous regions: 129->129
[2023-04-08T14:05:57.487+0000][gc,metaspace  ] GC(20) Metaspace: 38154K(40064K)->38154K(40064K) NonClass: 33539K(34560K)->33539K(34560K) Class: 4614K(5504K)->4614K(5504K)
[2023-04-08T14:05:57.487+0000][gc            ] GC(20) Pause Young (Concurrent Start) (G1 Evacuation Pause) 153M->142M(256M) 15.706ms
[2023-04-08T14:05:57.487+0000][gc,cpu        ] GC(20) User=0.01s Sys=0.01s Real=0.02s
[2023-04-08T14:05:57.487+0000][gc            ] GC(21) Concurrent Cycle
[2023-04-08T14:05:57.487+0000][gc,marking    ] GC(21) Concurrent Clear Claimed Marks
[2023-04-08T14:05:57.487+0000][gc,marking    ] GC(21) Concurrent Clear Claimed Marks 0.047ms
[2023-04-08T14:05:57.487+0000][gc,marking    ] GC(21) Concurrent Scan Root Regions
[2023-04-08T14:05:57.494+0000][gc,marking    ] GC(21) Concurrent Scan Root Regions 6.178ms
[2023-04-08T14:05:57.494+0000][gc,marking    ] GC(21) Concurrent Mark (514.348s)
[2023-04-08T14:05:57.494+0000][gc,marking    ] GC(21) Concurrent Mark From Roots
[2023-04-08T14:05:57.494+0000][gc,task       ] GC(21) Using 1 workers of 1 for marking
[2023-04-08T14:05:57.544+0000][gc,marking    ] GC(21) Concurrent Mark From Roots 50.122ms
[2023-04-08T14:05:57.544+0000][gc,marking    ] GC(21) Concurrent Preclean
[2023-04-08T14:05:57.544+0000][gc,marking    ] GC(21) Concurrent Preclean 0.220ms
[2023-04-08T14:05:57.544+0000][gc,marking    ] GC(21) Concurrent Mark (514.348s, 514.398s) 50.401ms
[2023-04-08T14:05:57.544+0000][gc,start      ] GC(21) Pause Remark
[2023-04-08T14:05:57.579+0000][gc,stringtable] GC(21) Cleaned string and symbol table, strings: 14881 processed, 301 removed, symbols: 85244 processed, 2 removed
[2023-04-08T14:05:57.579+0000][gc,mmu        ] GC(21) MMU target violated: 21.0ms (20.0ms/21.0ms)
[2023-04-08T14:05:57.579+0000][gc            ] GC(21) Pause Remark 142M->142M(256M) 34.934ms
[2023-04-08T14:05:57.579+0000][gc,cpu        ] GC(21) User=0.02s Sys=0.00s Real=0.04s
[2023-04-08T14:05:57.579+0000][gc,marking    ] GC(21) Concurrent Rebuild Remembered Sets
[2023-04-08T14:05:57.606+0000][gc,marking    ] GC(21) Concurrent Rebuild Remembered Sets 26.963ms
[2023-04-08T14:05:57.607+0000][gc,start      ] GC(21) Pause Cleanup
[2023-04-08T14:05:57.607+0000][gc            ] GC(21) Pause Cleanup 142M->142M(256M) 0.078ms
[2023-04-08T14:05:57.607+0000][gc,cpu        ] GC(21) User=0.00s Sys=0.00s Real=0.00s
[2023-04-08T14:05:57.607+0000][gc,marking    ] GC(21) Concurrent Cleanup for Next Mark
[2023-04-08T14:05:57.609+0000][gc,marking    ] GC(21) Concurrent Cleanup for Next Mark 2.722ms
[2023-04-08T14:05:57.609+0000][gc            ] GC(21) Concurrent Cycle 122.036ms
[2023-04-08T14:08:41.401+0000][gc,start      ] GC(22) Pause Young (Normal) (G1 Evacuation Pause)
[2023-04-08T14:08:41.401+0000][gc,task       ] GC(22) Using 1 workers of 1 for evacuation
[2023-04-08T14:08:41.411+0000][gc,phases     ] GC(22)   Pre Evacuate Collection Set: 0.0ms
[2023-04-08T14:08:41.411+0000][gc,phases     ] GC(22)   Evacuate Collection Set: 9.4ms
[2023-04-08T14:08:41.411+0000][gc,phases     ] GC(22)   Post Evacuate Collection Set: 0.2ms
[2023-04-08T14:08:41.411+0000][gc,phases     ] GC(22)   Other: 0.2ms
[2023-04-08T14:08:41.411+0000][gc,heap       ] GC(22) Eden regions: 10->0(14)
[2023-04-08T14:08:41.411+0000][gc,heap       ] GC(22) Survivor regions: 2->2(2)
[2023-04-08T14:08:41.411+0000][gc,heap       ] GC(22) Old regions: 13->13
[2023-04-08T14:08:41.411+0000][gc,heap       ] GC(22) Humongous regions: 129->129
[2023-04-08T14:08:41.411+0000][gc,metaspace  ] GC(22) Metaspace: 38647K(40576K)->38647K(40576K) NonClass: 34062K(35072K)->34062K(35072K) Class: 4584K(5504K)->4584K(5504K)
[2023-04-08T14:08:41.411+0000][gc            ] GC(22) Pause Young (Normal) (G1 Evacuation Pause) 152M->142M(256M) 9.851ms
[2023-04-08T14:08:41.411+0000][gc,cpu        ] GC(22) User=0.01s Sys=0.00s Real=0.01s
[2023-04-08T14:10:55.927+0000][gc,start      ] GC(23) Pause Young (Concurrent Start) (G1 Evacuation Pause)
[2023-04-08T14:10:55.927+0000][gc,task       ] GC(23) Using 1 workers of 1 for evacuation
[2023-04-08T14:10:55.936+0000][gc,phases     ] GC(23)   Pre Evacuate Collection Set: 0.2ms
[2023-04-08T14:10:55.936+0000][gc,phases     ] GC(23)   Evacuate Collection Set: 8.4ms
[2023-04-08T14:10:55.936+0000][gc,phases     ] GC(23)   Post Evacuate Collection Set: 0.2ms
[2023-04-08T14:10:55.936+0000][gc,phases     ] GC(23)   Other: 0.2ms
[2023-04-08T14:10:55.936+0000][gc,heap       ] GC(23) Eden regions: 11->0(14)
[2023-04-08T14:10:55.936+0000][gc,heap       ] GC(23) Survivor regions: 2->2(2)
[2023-04-08T14:10:55.936+0000][gc,heap       ] GC(23) Old regions: 13->13
[2023-04-08T14:10:55.936+0000][gc,heap       ] GC(23) Humongous regions: 129->129
[2023-04-08T14:10:55.936+0000][gc,metaspace  ] GC(23) Metaspace: 39688K(41728K)->39688K(41728K) NonClass: 34945K(36096K)->34945K(36096K) Class: 4742K(5632K)->4742K(5632K)
[2023-04-08T14:10:55.936+0000][gc            ] GC(23) Pause Young (Concurrent Start) (G1 Evacuation Pause) 153M->143M(256M) 9.053ms
[2023-04-08T14:10:55.936+0000][gc,cpu        ] GC(23) User=0.00s Sys=0.00s Real=0.00s
[2023-04-08T14:10:55.936+0000][gc            ] GC(24) Concurrent Cycle
[2023-04-08T14:10:55.936+0000][gc,marking    ] GC(24) Concurrent Clear Claimed Marks
[2023-04-08T14:10:55.936+0000][gc,marking    ] GC(24) Concurrent Clear Claimed Marks 0.042ms
[2023-04-08T14:10:55.936+0000][gc,marking    ] GC(24) Concurrent Scan Root Regions
[2023-04-08T14:10:55.938+0000][gc,marking    ] GC(24) Concurrent Scan Root Regions 1.165ms
[2023-04-08T14:10:55.938+0000][gc,marking    ] GC(24) Concurrent Mark (812.792s)
[2023-04-08T14:10:55.938+0000][gc,marking    ] GC(24) Concurrent Mark From Roots
[2023-04-08T14:10:55.938+0000][gc,task       ] GC(24) Using 1 workers of 1 for marking
[2023-04-08T14:10:55.996+0000][gc,marking    ] GC(24) Concurrent Mark From Roots 58.755ms
[2023-04-08T14:10:55.996+0000][gc,marking    ] GC(24) Concurrent Preclean
[2023-04-08T14:10:55.997+0000][gc,marking    ] GC(24) Concurrent Preclean 0.123ms
[2023-04-08T14:10:55.997+0000][gc,marking    ] GC(24) Concurrent Mark (812.792s, 812.851s) 58.936ms
[2023-04-08T14:10:55.997+0000][gc,start      ] GC(24) Pause Remark
[2023-04-08T14:10:56.006+0000][gc,stringtable] GC(24) Cleaned string and symbol table, strings: 15120 processed, 618 removed, symbols: 85749 processed, 17 removed
[2023-04-08T14:10:56.007+0000][gc            ] GC(24) Pause Remark 145M->16M(256M) 10.006ms
[2023-04-08T14:10:56.007+0000][gc,cpu        ] GC(24) User=0.01s Sys=0.00s Real=0.02s
[2023-04-08T14:10:56.007+0000][gc,marking    ] GC(24) Concurrent Rebuild Remembered Sets
[2023-04-08T14:10:56.038+0000][gc,marking    ] GC(24) Concurrent Rebuild Remembered Sets 30.568ms
[2023-04-08T14:10:56.038+0000][gc,start      ] GC(24) Pause Cleanup
[2023-04-08T14:10:56.038+0000][gc            ] GC(24) Pause Cleanup 17M->17M(256M) 0.094ms
[2023-04-08T14:10:56.038+0000][gc,cpu        ] GC(24) User=0.00s Sys=0.00s Real=0.00s
[2023-04-08T14:10:56.038+0000][gc,marking    ] GC(24) Concurrent Cleanup for Next Mark
[2023-04-08T14:10:56.039+0000][gc,marking    ] GC(24) Concurrent Cleanup for Next Mark 0.658ms
[2023-04-08T14:10:56.039+0000][gc            ] GC(24) Concurrent Cycle 102.291ms
[2023-04-08T14:10:56.039+0000][gc,heap,exit  ] Heap
[2023-04-08T14:10:56.039+0000][gc,heap,exit  ]  garbage-first heap   total 262144K, used 16819K [0x00000000f0000000, 0x0000000100000000)
[2023-04-08T14:10:56.039+0000][gc,heap,exit  ]   region size 1024K, 5 young (5120K), 2 survivors (2048K)
[2023-04-08T14:10:56.039+0000][gc,heap,exit  ]  Metaspace       used 39726K, capacity 41547K, committed 41728K, reserved 1085440K
[2023-04-08T14:10:56.039+0000][gc,heap,exit  ]   class space    used 4752K, capacity 5594K, committed 5632K, reserved 1048576K
