[2023-07-06T06:40:50.091+0000][gc,heap] Heap region size: 1M
[2023-07-06T06:40:50.094+0000][gc     ] Using G1
[2023-07-06T06:40:50.094+0000][gc,heap,coops] Heap address: 0x00000000f0000000, size: 256 MB, Compressed Oops mode: 32-bit
[2023-07-06T06:40:50.888+0000][gc,start     ] GC(0) Pause Young (Normal) (G1 Evacuation Pause)
[2023-07-06T06:40:50.888+0000][gc,task      ] GC(0) Using 1 workers of 1 for evacuation
[2023-07-06T06:40:50.899+0000][gc,phases    ] GC(0)   Pre Evacuate Collection Set: 0.0ms
[2023-07-06T06:40:50.899+0000][gc,phases    ] GC(0)   Evacuate Collection Set: 10.5ms
[2023-07-06T06:40:50.899+0000][gc,phases    ] GC(0)   Post Evacuate Collection Set: 0.2ms
[2023-07-06T06:40:50.899+0000][gc,phases    ] GC(0)   Other: 0.1ms
[2023-07-06T06:40:50.899+0000][gc,heap      ] GC(0) Eden regions: 12->0(10)
[2023-07-06T06:40:50.899+0000][gc,heap      ] GC(0) Survivor regions: 0->2(2)
[2023-07-06T06:40:50.899+0000][gc,heap      ] GC(0) Old regions: 0->4
[2023-07-06T06:40:50.899+0000][gc,heap      ] GC(0) Humongous regions: 0->0
[2023-07-06T06:40:50.899+0000][gc,metaspace ] GC(0) Metaspace: 5355K(5888K)->5355K(5888K) NonClass: 4780K(5120K)->4780K(5120K) Class: 575K(768K)->575K(768K)
[2023-07-06T06:40:50.899+0000][gc           ] GC(0) Pause Young (Normal) (G1 Evacuation Pause) 12M->5M(256M) 10.926ms
[2023-07-06T06:40:50.899+0000][gc,cpu       ] GC(0) User=0.00s Sys=0.01s Real=0.01s
[2023-07-06T06:40:51.331+0000][gc,start     ] GC(1) Pause Young (Normal) (G1 Evacuation Pause)
[2023-07-06T06:40:51.331+0000][gc,task      ] GC(1) Using 1 workers of 1 for evacuation
[2023-07-06T06:40:51.346+0000][gc,phases    ] GC(1)   Pre Evacuate Collection Set: 0.0ms
[2023-07-06T06:40:51.346+0000][gc,phases    ] GC(1)   Evacuate Collection Set: 15.1ms
[2023-07-06T06:40:51.346+0000][gc,phases    ] GC(1)   Post Evacuate Collection Set: 0.1ms
[2023-07-06T06:40:51.346+0000][gc,phases    ] GC(1)   Other: 0.1ms
[2023-07-06T06:40:51.346+0000][gc,heap      ] GC(1) Eden regions: 10->0(10)
[2023-07-06T06:40:51.346+0000][gc,heap      ] GC(1) Survivor regions: 2->2(2)
[2023-07-06T06:40:51.346+0000][gc,heap      ] GC(1) Old regions: 4->5
[2023-07-06T06:40:51.346+0000][gc,heap      ] GC(1) Humongous regions: 0->0
[2023-07-06T06:40:51.346+0000][gc,metaspace ] GC(1) Metaspace: 7823K(8320K)->7823K(8320K) NonClass: 6903K(7168K)->6903K(7168K) Class: 919K(1152K)->919K(1152K)
[2023-07-06T06:40:51.346+0000][gc           ] GC(1) Pause Young (Normal) (G1 Evacuation Pause) 15M->6M(256M) 15.517ms
[2023-07-06T06:40:51.346+0000][gc,cpu       ] GC(1) User=0.02s Sys=0.00s Real=0.02s
[2023-07-06T06:40:51.584+0000][gc,start     ] GC(2) Pause Young (Normal) (G1 Evacuation Pause)
[2023-07-06T06:40:51.584+0000][gc,task      ] GC(2) Using 1 workers of 1 for evacuation
[2023-07-06T06:40:51.588+0000][gc,phases    ] GC(2)   Pre Evacuate Collection Set: 0.0ms
[2023-07-06T06:40:51.588+0000][gc,phases    ] GC(2)   Evacuate Collection Set: 4.3ms
[2023-07-06T06:40:51.588+0000][gc,phases    ] GC(2)   Post Evacuate Collection Set: 0.1ms
[2023-07-06T06:40:51.588+0000][gc,phases    ] GC(2)   Other: 0.1ms
[2023-07-06T06:40:51.588+0000][gc,heap      ] GC(2) Eden regions: 10->0(11)
[2023-07-06T06:40:51.588+0000][gc,heap      ] GC(2) Survivor regions: 2->1(2)
[2023-07-06T06:40:51.588+0000][gc,heap      ] GC(2) Old regions: 5->6
[2023-07-06T06:40:51.588+0000][gc,heap      ] GC(2) Humongous regions: 0->0
[2023-07-06T06:40:51.588+0000][gc,metaspace ] GC(2) Metaspace: 10760K(11264K)->10760K(11264K) NonClass: 9431K(9728K)->9431K(9728K) Class: 1329K(1536K)->1329K(1536K)
[2023-07-06T06:40:51.588+0000][gc           ] GC(2) Pause Young (Normal) (G1 Evacuation Pause) 16M->6M(256M) 4.581ms
[2023-07-06T06:40:51.588+0000][gc,cpu       ] GC(2) User=0.00s Sys=0.00s Real=0.01s
[2023-07-06T06:40:51.896+0000][gc,start     ] GC(3) Pause Young (Normal) (G1 Evacuation Pause)
[2023-07-06T06:40:51.896+0000][gc,task      ] GC(3) Using 1 workers of 1 for evacuation
[2023-07-06T06:40:51.899+0000][gc,phases    ] GC(3)   Pre Evacuate Collection Set: 0.0ms
[2023-07-06T06:40:51.899+0000][gc,phases    ] GC(3)   Evacuate Collection Set: 2.6ms
[2023-07-06T06:40:51.899+0000][gc,phases    ] GC(3)   Post Evacuate Collection Set: 0.1ms
[2023-07-06T06:40:51.899+0000][gc,phases    ] GC(3)   Other: 0.1ms
[2023-07-06T06:40:51.899+0000][gc,heap      ] GC(3) Eden regions: 11->0(11)
[2023-07-06T06:40:51.899+0000][gc,heap      ] GC(3) Survivor regions: 1->1(2)
[2023-07-06T06:40:51.899+0000][gc,heap      ] GC(3) Old regions: 6->6
[2023-07-06T06:40:51.899+0000][gc,heap      ] GC(3) Humongous regions: 0->0
[2023-07-06T06:40:51.899+0000][gc,metaspace ] GC(3) Metaspace: 13780K(14464K)->13780K(14464K) NonClass: 12088K(12544K)->12088K(12544K) Class: 1692K(1920K)->1692K(1920K)
[2023-07-06T06:40:51.899+0000][gc           ] GC(3) Pause Young (Normal) (G1 Evacuation Pause) 17M->6M(256M) 2.928ms
[2023-07-06T06:40:51.899+0000][gc,cpu       ] GC(3) User=0.01s Sys=0.00s Real=0.01s
[2023-07-06T06:40:52.234+0000][gc,start     ] GC(4) Pause Young (Normal) (G1 Evacuation Pause)
[2023-07-06T06:40:52.234+0000][gc,task      ] GC(4) Using 1 workers of 1 for evacuation
[2023-07-06T06:40:52.238+0000][gc,phases    ] GC(4)   Pre Evacuate Collection Set: 0.0ms
[2023-07-06T06:40:52.238+0000][gc,phases    ] GC(4)   Evacuate Collection Set: 4.0ms
[2023-07-06T06:40:52.239+0000][gc,phases    ] GC(4)   Post Evacuate Collection Set: 0.1ms
[2023-07-06T06:40:52.239+0000][gc,phases    ] GC(4)   Other: 0.1ms
[2023-07-06T06:40:52.239+0000][gc,heap      ] GC(4) Eden regions: 11->0(10)
[2023-07-06T06:40:52.239+0000][gc,heap      ] GC(4) Survivor regions: 1->2(2)
[2023-07-06T06:40:52.239+0000][gc,heap      ] GC(4) Old regions: 6->6
[2023-07-06T06:40:52.239+0000][gc,heap      ] GC(4) Humongous regions: 0->0
[2023-07-06T06:40:52.239+0000][gc,metaspace ] GC(4) Metaspace: 16669K(17408K)->16669K(17408K) NonClass: 14666K(15104K)->14666K(15104K) Class: 2003K(2304K)->2003K(2304K)
[2023-07-06T06:40:52.239+0000][gc           ] GC(4) Pause Young (Normal) (G1 Evacuation Pause) 17M->7M(256M) 4.323ms
[2023-07-06T06:40:52.239+0000][gc,cpu       ] GC(4) User=0.01s Sys=0.00s Real=0.01s
[2023-07-06T06:40:52.456+0000][gc,start     ] GC(5) Pause Young (Normal) (G1 Evacuation Pause)
[2023-07-06T06:40:52.456+0000][gc,task      ] GC(5) Using 1 workers of 1 for evacuation
[2023-07-06T06:40:52.461+0000][gc,phases    ] GC(5)   Pre Evacuate Collection Set: 0.0ms
[2023-07-06T06:40:52.461+0000][gc,phases    ] GC(5)   Evacuate Collection Set: 4.1ms
[2023-07-06T06:40:52.461+0000][gc,phases    ] GC(5)   Post Evacuate Collection Set: 0.1ms
[2023-07-06T06:40:52.461+0000][gc,phases    ] GC(5)   Other: 0.1ms
[2023-07-06T06:40:52.461+0000][gc,heap      ] GC(5) Eden regions: 10->0(10)
[2023-07-06T06:40:52.461+0000][gc,heap      ] GC(5) Survivor regions: 2->2(2)
[2023-07-06T06:40:52.461+0000][gc,heap      ] GC(5) Old regions: 6->7
[2023-07-06T06:40:52.461+0000][gc,heap      ] GC(5) Humongous regions: 0->0
[2023-07-06T06:40:52.461+0000][gc,metaspace ] GC(5) Metaspace: 19316K(19968K)->19316K(19968K) NonClass: 17002K(17408K)->17002K(17408K) Class: 2314K(2560K)->2314K(2560K)
[2023-07-06T06:40:52.461+0000][gc           ] GC(5) Pause Young (Normal) (G1 Evacuation Pause) 17M->7M(256M) 4.457ms
[2023-07-06T06:40:52.461+0000][gc,cpu       ] GC(5) User=0.00s Sys=0.00s Real=0.01s
[2023-07-06T06:40:52.682+0000][gc,start     ] GC(6) Pause Young (Concurrent Start) (Metadata GC Threshold)
[2023-07-06T06:40:52.682+0000][gc,task      ] GC(6) Using 1 workers of 1 for evacuation
[2023-07-06T06:40:52.688+0000][gc,phases    ] GC(6)   Pre Evacuate Collection Set: 0.0ms
[2023-07-06T06:40:52.688+0000][gc,phases    ] GC(6)   Evacuate Collection Set: 5.2ms
[2023-07-06T06:40:52.688+0000][gc,phases    ] GC(6)   Post Evacuate Collection Set: 0.1ms
[2023-07-06T06:40:52.688+0000][gc,phases    ] GC(6)   Other: 0.2ms
[2023-07-06T06:40:52.688+0000][gc,heap      ] GC(6) Eden regions: 6->0(11)
[2023-07-06T06:40:52.688+0000][gc,heap      ] GC(6) Survivor regions: 2->1(2)
[2023-07-06T06:40:52.688+0000][gc,heap      ] GC(6) Old regions: 7->7
[2023-07-06T06:40:52.688+0000][gc,heap      ] GC(6) Humongous regions: 0->0
[2023-07-06T06:40:52.688+0000][gc,metaspace ] GC(6) Metaspace: 20558K(21248K)->20558K(21248K) NonClass: 18073K(18432K)->18073K(18432K) Class: 2484K(2816K)->2484K(2816K)
[2023-07-06T06:40:52.688+0000][gc           ] GC(6) Pause Young (Concurrent Start) (Metadata GC Threshold) 12M->7M(256M) 5.633ms
[2023-07-06T06:40:52.688+0000][gc,cpu       ] GC(6) User=0.01s Sys=0.00s Real=0.01s
[2023-07-06T06:40:52.688+0000][gc           ] GC(7) Concurrent Cycle
[2023-07-06T06:40:52.688+0000][gc,marking   ] GC(7) Concurrent Clear Claimed Marks
[2023-07-06T06:40:52.688+0000][gc,marking   ] GC(7) Concurrent Clear Claimed Marks 0.021ms
[2023-07-06T06:40:52.688+0000][gc,marking   ] GC(7) Concurrent Scan Root Regions
[2023-07-06T06:40:52.689+0000][gc,marking   ] GC(7) Concurrent Scan Root Regions 0.889ms
[2023-07-06T06:40:52.689+0000][gc,marking   ] GC(7) Concurrent Mark (2.601s)
[2023-07-06T06:40:52.689+0000][gc,marking   ] GC(7) Concurrent Mark From Roots
[2023-07-06T06:40:52.689+0000][gc,task      ] GC(7) Using 1 workers of 1 for marking
[2023-07-06T06:40:52.708+0000][gc,marking   ] GC(7) Concurrent Mark From Roots 19.384ms
[2023-07-06T06:40:52.708+0000][gc,marking   ] GC(7) Concurrent Preclean
[2023-07-06T06:40:52.709+0000][gc,marking   ] GC(7) Concurrent Preclean 0.054ms
[2023-07-06T06:40:52.709+0000][gc,marking   ] GC(7) Concurrent Mark (2.601s, 2.621s) 19.484ms
[2023-07-06T06:40:52.709+0000][gc,start     ] GC(7) Pause Remark
[2023-07-06T06:40:52.713+0000][gc,stringtable] GC(7) Cleaned string and symbol table, strings: 9214 processed, 6 removed, symbols: 50417 processed, 42 removed
[2023-07-06T06:40:52.713+0000][gc            ] GC(7) Pause Remark 8M->8M(256M) 3.980ms
[2023-07-06T06:40:52.713+0000][gc,cpu        ] GC(7) User=0.00s Sys=0.00s Real=0.00s
[2023-07-06T06:40:52.713+0000][gc,marking    ] GC(7) Concurrent Rebuild Remembered Sets
[2023-07-06T06:40:52.723+0000][gc,marking    ] GC(7) Concurrent Rebuild Remembered Sets 10.212ms
[2023-07-06T06:40:52.723+0000][gc,start      ] GC(7) Pause Cleanup
[2023-07-06T06:40:52.723+0000][gc            ] GC(7) Pause Cleanup 8M->8M(256M) 0.084ms
[2023-07-06T06:40:52.723+0000][gc,cpu        ] GC(7) User=0.00s Sys=0.00s Real=0.00s
[2023-07-06T06:40:52.723+0000][gc,marking    ] GC(7) Concurrent Cleanup for Next Mark
[2023-07-06T06:40:52.728+0000][gc,marking    ] GC(7) Concurrent Cleanup for Next Mark 4.439ms
[2023-07-06T06:40:52.728+0000][gc            ] GC(7) Concurrent Cycle 39.502ms
[2023-07-06T06:40:52.780+0000][gc,start      ] GC(8) Pause Young (Concurrent Start) (G1 Humongous Allocation)
[2023-07-06T06:40:52.780+0000][gc,task       ] GC(8) Using 1 workers of 1 for evacuation
[2023-07-06T06:40:52.786+0000][gc,phases     ] GC(8)   Pre Evacuate Collection Set: 0.0ms
[2023-07-06T06:40:52.786+0000][gc,phases     ] GC(8)   Evacuate Collection Set: 4.3ms
[2023-07-06T06:40:52.786+0000][gc,phases     ] GC(8)   Post Evacuate Collection Set: 1.6ms
[2023-07-06T06:40:52.786+0000][gc,phases     ] GC(8)   Other: 0.2ms
[2023-07-06T06:40:52.786+0000][gc,heap       ] GC(8) Eden regions: 3->0(11)
[2023-07-06T06:40:52.786+0000][gc,heap       ] GC(8) Survivor regions: 1->1(2)
[2023-07-06T06:40:52.786+0000][gc,heap       ] GC(8) Old regions: 7->7
[2023-07-06T06:40:52.786+0000][gc,heap       ] GC(8) Humongous regions: 0->0
[2023-07-06T06:40:52.786+0000][gc,metaspace  ] GC(8) Metaspace: 20839K(21504K)->20839K(21504K) NonClass: 18291K(18688K)->18291K(18688K) Class: 2548K(2816K)->2548K(2816K)
[2023-07-06T06:40:52.786+0000][gc            ] GC(8) Pause Young (Concurrent Start) (G1 Humongous Allocation) 9M->7M(256M) 6.163ms
[2023-07-06T06:40:52.786+0000][gc,cpu        ] GC(8) User=0.01s Sys=0.00s Real=0.01s
[2023-07-06T06:40:52.786+0000][gc            ] GC(9) Concurrent Cycle
[2023-07-06T06:40:52.786+0000][gc,marking    ] GC(9) Concurrent Clear Claimed Marks
[2023-07-06T06:40:52.786+0000][gc,marking    ] GC(9) Concurrent Clear Claimed Marks 0.022ms
[2023-07-06T06:40:52.786+0000][gc,marking    ] GC(9) Concurrent Scan Root Regions
[2023-07-06T06:40:52.787+0000][gc,marking    ] GC(9) Concurrent Scan Root Regions 1.045ms
[2023-07-06T06:40:52.787+0000][gc,marking    ] GC(9) Concurrent Mark (2.699s)
[2023-07-06T06:40:52.787+0000][gc,marking    ] GC(9) Concurrent Mark From Roots
[2023-07-06T06:40:52.787+0000][gc,task       ] GC(9) Using 1 workers of 1 for marking
[2023-07-06T06:40:52.805+0000][gc,marking    ] GC(9) Concurrent Mark From Roots 18.155ms
[2023-07-06T06:40:52.805+0000][gc,marking    ] GC(9) Concurrent Preclean
[2023-07-06T06:40:52.805+0000][gc,marking    ] GC(9) Concurrent Preclean 0.053ms
[2023-07-06T06:40:52.805+0000][gc,marking    ] GC(9) Concurrent Mark (2.699s, 2.717s) 18.271ms
[2023-07-06T06:40:52.879+0000][gc,start      ] GC(9) Pause Remark
[2023-07-06T06:40:52.883+0000][gc,stringtable] GC(9) Cleaned string and symbol table, strings: 9283 processed, 4 removed, symbols: 51276 processed, 2 removed
[2023-07-06T06:40:52.883+0000][gc            ] GC(9) Pause Remark 136M->136M(256M) 3.717ms
[2023-07-06T06:40:52.883+0000][gc,cpu        ] GC(9) User=0.01s Sys=0.00s Real=0.00s
[2023-07-06T06:40:52.883+0000][gc,marking    ] GC(9) Concurrent Rebuild Remembered Sets
[2023-07-06T06:40:52.897+0000][gc,marking    ] GC(9) Concurrent Rebuild Remembered Sets 14.047ms
[2023-07-06T06:40:52.897+0000][gc,start      ] GC(9) Pause Cleanup
[2023-07-06T06:40:52.897+0000][gc            ] GC(9) Pause Cleanup 137M->137M(256M) 0.079ms
[2023-07-06T06:40:52.897+0000][gc,cpu        ] GC(9) User=0.00s Sys=0.00s Real=0.00s
[2023-07-06T06:40:52.897+0000][gc,marking    ] GC(9) Concurrent Cleanup for Next Mark
[2023-07-06T06:40:52.900+0000][gc,marking    ] GC(9) Concurrent Cleanup for Next Mark 3.361ms
[2023-07-06T06:40:52.900+0000][gc            ] GC(9) Concurrent Cycle 114.746ms
[2023-07-06T06:40:53.052+0000][gc,start      ] GC(10) Pause Young (Normal) (G1 Evacuation Pause)
[2023-07-06T06:40:53.052+0000][gc,task       ] GC(10) Using 1 workers of 1 for evacuation
[2023-07-06T06:40:53.061+0000][gc,phases     ] GC(10)   Pre Evacuate Collection Set: 0.0ms
[2023-07-06T06:40:53.061+0000][gc,phases     ] GC(10)   Evacuate Collection Set: 5.2ms
[2023-07-06T06:40:53.061+0000][gc,phases     ] GC(10)   Post Evacuate Collection Set: 4.5ms
[2023-07-06T06:40:53.061+0000][gc,phases     ] GC(10)   Other: 0.1ms
[2023-07-06T06:40:53.062+0000][gc,heap       ] GC(10) Eden regions: 11->0(10)
[2023-07-06T06:40:53.062+0000][gc,heap       ] GC(10) Survivor regions: 1->2(2)
[2023-07-06T06:40:53.062+0000][gc,heap       ] GC(10) Old regions: 7->7
[2023-07-06T06:40:53.062+0000][gc,heap       ] GC(10) Humongous regions: 129->129
[2023-07-06T06:40:53.062+0000][gc,metaspace  ] GC(10) Metaspace: 22916K(23808K)->22916K(23808K) NonClass: 20158K(20736K)->20158K(20736K) Class: 2758K(3072K)->2758K(3072K)
[2023-07-06T06:40:53.062+0000][gc            ] GC(10) Pause Young (Normal) (G1 Evacuation Pause) 147M->137M(256M) 10.011ms
[2023-07-06T06:40:53.062+0000][gc,cpu        ] GC(10) User=0.01s Sys=0.00s Real=0.01s
[2023-07-06T06:40:53.239+0000][gc,start      ] GC(11) Pause Young (Concurrent Start) (G1 Evacuation Pause)
[2023-07-06T06:40:53.239+0000][gc,task       ] GC(11) Using 1 workers of 1 for evacuation
[2023-07-06T06:40:53.245+0000][gc,phases     ] GC(11)   Pre Evacuate Collection Set: 0.0ms
[2023-07-06T06:40:53.245+0000][gc,phases     ] GC(11)   Evacuate Collection Set: 5.9ms
[2023-07-06T06:40:53.245+0000][gc,phases     ] GC(11)   Post Evacuate Collection Set: 0.1ms
[2023-07-06T06:40:53.245+0000][gc,phases     ] GC(11)   Other: 0.2ms
[2023-07-06T06:40:53.245+0000][gc,heap       ] GC(11) Eden regions: 10->0(10)
[2023-07-06T06:40:53.245+0000][gc,heap       ] GC(11) Survivor regions: 2->2(2)
[2023-07-06T06:40:53.245+0000][gc,heap       ] GC(11) Old regions: 7->8
[2023-07-06T06:40:53.245+0000][gc,heap       ] GC(11) Humongous regions: 129->129
[2023-07-06T06:40:53.245+0000][gc,metaspace  ] GC(11) Metaspace: 25475K(26240K)->25475K(26240K) NonClass: 22579K(23040K)->22579K(23040K) Class: 2895K(3200K)->2895K(3200K)
[2023-07-06T06:40:53.245+0000][gc            ] GC(11) Pause Young (Concurrent Start) (G1 Evacuation Pause) 147M->137M(256M) 6.364ms
[2023-07-06T06:40:53.245+0000][gc,cpu        ] GC(11) User=0.01s Sys=0.00s Real=0.00s
[2023-07-06T06:40:53.245+0000][gc            ] GC(12) Concurrent Cycle
[2023-07-06T06:40:53.245+0000][gc,marking    ] GC(12) Concurrent Clear Claimed Marks
[2023-07-06T06:40:53.245+0000][gc,marking    ] GC(12) Concurrent Clear Claimed Marks 0.028ms
[2023-07-06T06:40:53.245+0000][gc,marking    ] GC(12) Concurrent Scan Root Regions
[2023-07-06T06:40:53.246+0000][gc,marking    ] GC(12) Concurrent Scan Root Regions 0.780ms
[2023-07-06T06:40:53.246+0000][gc,marking    ] GC(12) Concurrent Mark (3.158s)
[2023-07-06T06:40:53.246+0000][gc,marking    ] GC(12) Concurrent Mark From Roots
[2023-07-06T06:40:53.246+0000][gc,task       ] GC(12) Using 1 workers of 1 for marking
[2023-07-06T06:40:53.271+0000][gc,marking    ] GC(12) Concurrent Mark From Roots 24.746ms
[2023-07-06T06:40:53.271+0000][gc,marking    ] GC(12) Concurrent Preclean
[2023-07-06T06:40:53.271+0000][gc,marking    ] GC(12) Concurrent Preclean 0.054ms
[2023-07-06T06:40:53.271+0000][gc,marking    ] GC(12) Concurrent Mark (3.158s, 3.183s) 24.856ms
[2023-07-06T06:40:53.271+0000][gc,start      ] GC(12) Pause Remark
[2023-07-06T06:40:53.275+0000][gc,stringtable] GC(12) Cleaned string and symbol table, strings: 10626 processed, 0 removed, symbols: 59316 processed, 0 removed
[2023-07-06T06:40:53.275+0000][gc            ] GC(12) Pause Remark 138M->138M(256M) 4.093ms
[2023-07-06T06:40:53.275+0000][gc,cpu        ] GC(12) User=0.00s Sys=0.00s Real=0.00s
[2023-07-06T06:40:53.275+0000][gc,marking    ] GC(12) Concurrent Rebuild Remembered Sets
[2023-07-06T06:40:53.290+0000][gc,marking    ] GC(12) Concurrent Rebuild Remembered Sets 14.270ms
[2023-07-06T06:40:53.290+0000][gc,start      ] GC(12) Pause Cleanup
[2023-07-06T06:40:53.290+0000][gc            ] GC(12) Pause Cleanup 139M->139M(256M) 0.077ms
[2023-07-06T06:40:53.290+0000][gc,cpu        ] GC(12) User=0.00s Sys=0.00s Real=0.00s
[2023-07-06T06:40:53.290+0000][gc,marking    ] GC(12) Concurrent Cleanup for Next Mark
[2023-07-06T06:40:53.290+0000][gc,marking    ] GC(12) Concurrent Cleanup for Next Mark 0.664ms
[2023-07-06T06:40:53.290+0000][gc            ] GC(12) Concurrent Cycle 45.168ms
[2023-07-06T06:40:53.723+0000][gc,start      ] GC(13) Pause Young (Normal) (G1 Evacuation Pause)
[2023-07-06T06:40:53.723+0000][gc,task       ] GC(13) Using 1 workers of 1 for evacuation
[2023-07-06T06:40:53.731+0000][gc,phases     ] GC(13)   Pre Evacuate Collection Set: 0.0ms
[2023-07-06T06:40:53.731+0000][gc,phases     ] GC(13)   Evacuate Collection Set: 7.7ms
[2023-07-06T06:40:53.731+0000][gc,phases     ] GC(13)   Post Evacuate Collection Set: 0.1ms
[2023-07-06T06:40:53.731+0000][gc,phases     ] GC(13)   Other: 0.1ms
[2023-07-06T06:40:53.731+0000][gc,heap       ] GC(13) Eden regions: 10->0(10)
[2023-07-06T06:40:53.731+0000][gc,heap       ] GC(13) Survivor regions: 2->2(2)
[2023-07-06T06:40:53.731+0000][gc,heap       ] GC(13) Old regions: 8->9
[2023-07-06T06:40:53.731+0000][gc,heap       ] GC(13) Humongous regions: 129->129
[2023-07-06T06:40:53.731+0000][gc,metaspace  ] GC(13) Metaspace: 26797K(27776K)->26797K(27776K) NonClass: 23749K(24320K)->23749K(24320K) Class: 3048K(3456K)->3048K(3456K)
[2023-07-06T06:40:53.731+0000][gc            ] GC(13) Pause Young (Normal) (G1 Evacuation Pause) 147M->139M(256M) 8.007ms
[2023-07-06T06:40:53.731+0000][gc,cpu        ] GC(13) User=0.01s Sys=0.00s Real=0.01s
[2023-07-06T06:40:54.057+0000][gc,start      ] GC(14) Pause Young (Concurrent Start) (G1 Evacuation Pause)
[2023-07-06T06:40:54.057+0000][gc,task       ] GC(14) Using 1 workers of 1 for evacuation
[2023-07-06T06:40:54.067+0000][gc,phases     ] GC(14)   Pre Evacuate Collection Set: 0.1ms
[2023-07-06T06:40:54.067+0000][gc,phases     ] GC(14)   Evacuate Collection Set: 9.7ms
[2023-07-06T06:40:54.067+0000][gc,phases     ] GC(14)   Post Evacuate Collection Set: 0.1ms
[2023-07-06T06:40:54.067+0000][gc,phases     ] GC(14)   Other: 0.2ms
[2023-07-06T06:40:54.067+0000][gc,heap       ] GC(14) Eden regions: 10->0(10)
[2023-07-06T06:40:54.067+0000][gc,heap       ] GC(14) Survivor regions: 2->2(2)
[2023-07-06T06:40:54.067+0000][gc,heap       ] GC(14) Old regions: 9->11
[2023-07-06T06:40:54.067+0000][gc,heap       ] GC(14) Humongous regions: 129->129
[2023-07-06T06:40:54.067+0000][gc,metaspace  ] GC(14) Metaspace: 28843K(29824K)->28843K(29824K) NonClass: 25564K(26112K)->25564K(26112K) Class: 3278K(3712K)->3278K(3712K)
[2023-07-06T06:40:54.067+0000][gc            ] GC(14) Pause Young (Concurrent Start) (G1 Evacuation Pause) 149M->140M(256M) 10.170ms
[2023-07-06T06:40:54.067+0000][gc,cpu        ] GC(14) User=0.01s Sys=0.00s Real=0.02s
[2023-07-06T06:40:54.067+0000][gc            ] GC(15) Concurrent Cycle
[2023-07-06T06:40:54.067+0000][gc,marking    ] GC(15) Concurrent Clear Claimed Marks
[2023-07-06T06:40:54.067+0000][gc,marking    ] GC(15) Concurrent Clear Claimed Marks 0.031ms
[2023-07-06T06:40:54.067+0000][gc,marking    ] GC(15) Concurrent Scan Root Regions
[2023-07-06T06:40:54.069+0000][gc,marking    ] GC(15) Concurrent Scan Root Regions 1.270ms
[2023-07-06T06:40:54.069+0000][gc,marking    ] GC(15) Concurrent Mark (3.981s)
[2023-07-06T06:40:54.069+0000][gc,marking    ] GC(15) Concurrent Mark From Roots
[2023-07-06T06:40:54.069+0000][gc,task       ] GC(15) Using 1 workers of 1 for marking
[2023-07-06T06:40:54.097+0000][gc,marking    ] GC(15) Concurrent Mark From Roots 28.400ms
[2023-07-06T06:40:54.097+0000][gc,marking    ] GC(15) Concurrent Preclean
[2023-07-06T06:40:54.097+0000][gc,marking    ] GC(15) Concurrent Preclean 0.053ms
[2023-07-06T06:40:54.097+0000][gc,marking    ] GC(15) Concurrent Mark (3.981s, 4.009s) 28.512ms
[2023-07-06T06:40:54.099+0000][gc,start      ] GC(15) Pause Remark
[2023-07-06T06:40:54.104+0000][gc,stringtable] GC(15) Cleaned string and symbol table, strings: 13450 processed, 4 removed, symbols: 69015 processed, 11 removed
[2023-07-06T06:40:54.105+0000][gc            ] GC(15) Pause Remark 142M->142M(256M) 5.311ms
[2023-07-06T06:40:54.105+0000][gc,cpu        ] GC(15) User=0.01s Sys=0.00s Real=0.00s
[2023-07-06T06:40:54.105+0000][gc,marking    ] GC(15) Concurrent Rebuild Remembered Sets
[2023-07-06T06:40:54.123+0000][gc,marking    ] GC(15) Concurrent Rebuild Remembered Sets 18.004ms
[2023-07-06T06:40:54.123+0000][gc,start      ] GC(15) Pause Cleanup
[2023-07-06T06:40:54.123+0000][gc            ] GC(15) Pause Cleanup 142M->142M(256M) 0.087ms
[2023-07-06T06:40:54.123+0000][gc,cpu        ] GC(15) User=0.00s Sys=0.00s Real=0.00s
[2023-07-06T06:40:54.123+0000][gc,marking    ] GC(15) Concurrent Cleanup for Next Mark
[2023-07-06T06:40:54.131+0000][gc,marking    ] GC(15) Concurrent Cleanup for Next Mark 8.477ms
[2023-07-06T06:40:54.131+0000][gc            ] GC(15) Concurrent Cycle 64.054ms
[2023-07-06T06:40:54.349+0000][gc,start      ] GC(16) Pause Young (Normal) (G1 Evacuation Pause)
[2023-07-06T06:40:54.349+0000][gc,task       ] GC(16) Using 1 workers of 1 for evacuation
[2023-07-06T06:40:54.361+0000][gc,phases     ] GC(16)   Pre Evacuate Collection Set: 0.0ms
[2023-07-06T06:40:54.361+0000][gc,phases     ] GC(16)   Evacuate Collection Set: 9.1ms
[2023-07-06T06:40:54.361+0000][gc,phases     ] GC(16)   Post Evacuate Collection Set: 3.4ms
[2023-07-06T06:40:54.361+0000][gc,phases     ] GC(16)   Other: 0.1ms
[2023-07-06T06:40:54.361+0000][gc,heap       ] GC(16) Eden regions: 10->0(11)
[2023-07-06T06:40:54.361+0000][gc,heap       ] GC(16) Survivor regions: 2->1(2)
[2023-07-06T06:40:54.361+0000][gc,heap       ] GC(16) Old regions: 11->12
[2023-07-06T06:40:54.361+0000][gc,heap       ] GC(16) Humongous regions: 129->129
[2023-07-06T06:40:54.361+0000][gc,metaspace  ] GC(16) Metaspace: 31251K(32256K)->31251K(32256K) NonClass: 27780K(28416K)->27780K(28416K) Class: 3470K(3840K)->3470K(3840K)
[2023-07-06T06:40:54.361+0000][gc            ] GC(16) Pause Young (Normal) (G1 Evacuation Pause) 150M->141M(256M) 12.785ms
[2023-07-06T06:40:54.361+0000][gc,cpu        ] GC(16) User=0.01s Sys=0.00s Real=0.01s
[2023-07-06T06:41:11.935+0000][gc,start      ] GC(17) Pause Young (Concurrent Start) (G1 Evacuation Pause)
[2023-07-06T06:41:11.935+0000][gc,task       ] GC(17) Using 1 workers of 1 for evacuation
[2023-07-06T06:41:11.942+0000][gc,phases     ] GC(17)   Pre Evacuate Collection Set: 0.1ms
[2023-07-06T06:41:11.943+0000][gc,phases     ] GC(17)   Evacuate Collection Set: 6.2ms
[2023-07-06T06:41:11.943+0000][gc,phases     ] GC(17)   Post Evacuate Collection Set: 0.1ms
[2023-07-06T06:41:11.943+0000][gc,phases     ] GC(17)   Other: 0.2ms
[2023-07-06T06:41:11.943+0000][gc,heap       ] GC(17) Eden regions: 11->0(11)
[2023-07-06T06:41:11.943+0000][gc,heap       ] GC(17) Survivor regions: 1->2(2)
[2023-07-06T06:41:11.943+0000][gc,heap       ] GC(17) Old regions: 12->12
[2023-07-06T06:41:11.943+0000][gc,heap       ] GC(17) Humongous regions: 129->129
[2023-07-06T06:41:11.943+0000][gc,metaspace  ] GC(17) Metaspace: 33966K(35456K)->33966K(35456K) NonClass: 30081K(30976K)->30081K(30976K) Class: 3884K(4480K)->3884K(4480K)
[2023-07-06T06:41:11.943+0000][gc            ] GC(17) Pause Young (Concurrent Start) (G1 Evacuation Pause) 152M->141M(256M) 7.793ms
[2023-07-06T06:41:11.943+0000][gc,cpu        ] GC(17) User=0.00s Sys=0.00s Real=0.01s
[2023-07-06T06:41:11.943+0000][gc            ] GC(18) Concurrent Cycle
[2023-07-06T06:41:11.943+0000][gc,marking    ] GC(18) Concurrent Clear Claimed Marks
[2023-07-06T06:41:11.943+0000][gc,marking    ] GC(18) Concurrent Clear Claimed Marks 0.031ms
[2023-07-06T06:41:11.943+0000][gc,marking    ] GC(18) Concurrent Scan Root Regions
[2023-07-06T06:41:11.950+0000][gc,marking    ] GC(18) Concurrent Scan Root Regions 6.921ms
[2023-07-06T06:41:11.950+0000][gc,marking    ] GC(18) Concurrent Mark (21.862s)
[2023-07-06T06:41:11.950+0000][gc,marking    ] GC(18) Concurrent Mark From Roots
[2023-07-06T06:41:11.950+0000][gc,task       ] GC(18) Using 1 workers of 1 for marking
[2023-07-06T06:41:11.984+0000][gc,marking    ] GC(18) Concurrent Mark From Roots 33.739ms
[2023-07-06T06:41:11.984+0000][gc,marking    ] GC(18) Concurrent Preclean
[2023-07-06T06:41:11.984+0000][gc,marking    ] GC(18) Concurrent Preclean 0.053ms
[2023-07-06T06:41:11.984+0000][gc,marking    ] GC(18) Concurrent Mark (21.862s, 21.896s) 33.841ms
[2023-07-06T06:41:11.984+0000][gc,start      ] GC(18) Pause Remark
[2023-07-06T06:41:11.990+0000][gc,stringtable] GC(18) Cleaned string and symbol table, strings: 14329 processed, 3 removed, symbols: 79691 processed, 4 removed
[2023-07-06T06:41:11.990+0000][gc            ] GC(18) Pause Remark 143M->143M(256M) 6.022ms
[2023-07-06T06:41:11.990+0000][gc,cpu        ] GC(18) User=0.01s Sys=0.00s Real=0.01s
[2023-07-06T06:41:11.990+0000][gc,marking    ] GC(18) Concurrent Rebuild Remembered Sets
[2023-07-06T06:41:12.032+0000][gc,marking    ] GC(18) Concurrent Rebuild Remembered Sets 42.120ms
[2023-07-06T06:41:12.032+0000][gc,start      ] GC(18) Pause Cleanup
[2023-07-06T06:41:12.032+0000][gc            ] GC(18) Pause Cleanup 143M->143M(256M) 0.079ms
[2023-07-06T06:41:12.032+0000][gc,cpu        ] GC(18) User=0.00s Sys=0.00s Real=0.00s
[2023-07-06T06:41:12.032+0000][gc,marking    ] GC(18) Concurrent Cleanup for Next Mark
[2023-07-06T06:41:12.042+0000][gc,marking    ] GC(18) Concurrent Cleanup for Next Mark 9.964ms
[2023-07-06T06:41:12.042+0000][gc            ] GC(18) Concurrent Cycle 99.497ms
[2023-07-06T06:41:55.430+0000][gc,start      ] GC(19) Pause Young (Normal) (G1 Evacuation Pause)
[2023-07-06T06:41:55.430+0000][gc,task       ] GC(19) Using 1 workers of 1 for evacuation
[2023-07-06T06:41:55.437+0000][gc,phases     ] GC(19)   Pre Evacuate Collection Set: 0.0ms
[2023-07-06T06:41:55.438+0000][gc,phases     ] GC(19)   Evacuate Collection Set: 7.4ms
[2023-07-06T06:41:55.438+0000][gc,phases     ] GC(19)   Post Evacuate Collection Set: 0.2ms
[2023-07-06T06:41:55.438+0000][gc,phases     ] GC(19)   Other: 0.2ms
[2023-07-06T06:41:55.438+0000][gc,heap       ] GC(19) Eden regions: 10->0(11)
[2023-07-06T06:41:55.438+0000][gc,heap       ] GC(19) Survivor regions: 2->1(2)
[2023-07-06T06:41:55.438+0000][gc,heap       ] GC(19) Old regions: 12->13
[2023-07-06T06:41:55.438+0000][gc,heap       ] GC(19) Humongous regions: 129->129
[2023-07-06T06:41:55.438+0000][gc,metaspace  ] GC(19) Metaspace: 35834K(37376K)->35834K(37376K) NonClass: 31653K(32512K)->31653K(32512K) Class: 4180K(4864K)->4180K(4864K)
[2023-07-06T06:41:55.438+0000][gc            ] GC(19) Pause Young (Normal) (G1 Evacuation Pause) 151M->142M(256M) 7.851ms
[2023-07-06T06:41:55.438+0000][gc,cpu        ] GC(19) User=0.00s Sys=0.00s Real=0.01s
[2023-07-06T06:52:56.466+0000][gc,start      ] GC(20) Pause Young (Concurrent Start) (G1 Evacuation Pause)
[2023-07-06T06:52:56.466+0000][gc,task       ] GC(20) Using 1 workers of 1 for evacuation
[2023-07-06T06:52:56.473+0000][gc,phases     ] GC(20)   Pre Evacuate Collection Set: 0.1ms
[2023-07-06T06:52:56.473+0000][gc,phases     ] GC(20)   Evacuate Collection Set: 5.9ms
[2023-07-06T06:52:56.473+0000][gc,phases     ] GC(20)   Post Evacuate Collection Set: 0.1ms
[2023-07-06T06:52:56.473+0000][gc,phases     ] GC(20)   Other: 1.1ms
[2023-07-06T06:52:56.473+0000][gc,heap       ] GC(20) Eden regions: 11->0(12)
[2023-07-06T06:52:56.473+0000][gc,heap       ] GC(20) Survivor regions: 1->2(2)
[2023-07-06T06:52:56.473+0000][gc,heap       ] GC(20) Old regions: 13->13
[2023-07-06T06:52:56.473+0000][gc,heap       ] GC(20) Humongous regions: 129->129
[2023-07-06T06:52:56.473+0000][gc,metaspace  ] GC(20) Metaspace: 36158K(37632K)->36158K(37632K) NonClass: 31961K(32768K)->31961K(32768K) Class: 4196K(4864K)->4196K(4864K)
[2023-07-06T06:52:56.473+0000][gc            ] GC(20) Pause Young (Concurrent Start) (G1 Evacuation Pause) 153M->142M(256M) 7.375ms
[2023-07-06T06:52:56.473+0000][gc,cpu        ] GC(20) User=0.01s Sys=0.00s Real=0.00s
[2023-07-06T06:52:56.473+0000][gc            ] GC(21) Concurrent Cycle
[2023-07-06T06:52:56.473+0000][gc,marking    ] GC(21) Concurrent Clear Claimed Marks
[2023-07-06T06:52:56.473+0000][gc,marking    ] GC(21) Concurrent Clear Claimed Marks 0.036ms
[2023-07-06T06:52:56.473+0000][gc,marking    ] GC(21) Concurrent Scan Root Regions
[2023-07-06T06:52:56.474+0000][gc,marking    ] GC(21) Concurrent Scan Root Regions 1.231ms
[2023-07-06T06:52:56.474+0000][gc,marking    ] GC(21) Concurrent Mark (726.387s)
[2023-07-06T06:52:56.474+0000][gc,marking    ] GC(21) Concurrent Mark From Roots
[2023-07-06T06:52:56.474+0000][gc,task       ] GC(21) Using 1 workers of 1 for marking
[2023-07-06T06:52:56.494+0000][gc,marking    ] GC(21) Concurrent Mark From Roots 19.371ms
[2023-07-06T06:52:56.494+0000][gc,marking    ] GC(21) Concurrent Preclean
[2023-07-06T06:52:56.494+0000][gc,marking    ] GC(21) Concurrent Preclean 0.123ms
[2023-07-06T06:52:56.494+0000][gc,marking    ] GC(21) Concurrent Mark (726.387s, 726.406s) 19.542ms
[2023-07-06T06:52:56.494+0000][gc,start      ] GC(21) Pause Remark
[2023-07-06T06:52:56.520+0000][gc,stringtable] GC(21) Cleaned string and symbol table, strings: 14803 processed, 331 removed, symbols: 81284 processed, 1 removed
[2023-07-06T06:52:56.520+0000][gc,mmu        ] GC(21) MMU target violated: 21.0ms (20.0ms/21.0ms)
[2023-07-06T06:52:56.520+0000][gc            ] GC(21) Pause Remark 142M->142M(256M) 26.283ms
[2023-07-06T06:52:56.520+0000][gc,cpu        ] GC(21) User=0.01s Sys=0.00s Real=0.03s
[2023-07-06T06:52:56.520+0000][gc,marking    ] GC(21) Concurrent Rebuild Remembered Sets
[2023-07-06T06:52:56.531+0000][gc,marking    ] GC(21) Concurrent Rebuild Remembered Sets 10.576ms
[2023-07-06T06:52:56.531+0000][gc,start      ] GC(21) Pause Cleanup
[2023-07-06T06:52:56.531+0000][gc            ] GC(21) Pause Cleanup 142M->142M(256M) 0.069ms
[2023-07-06T06:52:56.531+0000][gc,cpu        ] GC(21) User=0.00s Sys=0.00s Real=0.00s
[2023-07-06T06:52:56.531+0000][gc,marking    ] GC(21) Concurrent Cleanup for Next Mark
[2023-07-06T06:52:56.532+0000][gc,marking    ] GC(21) Concurrent Cleanup for Next Mark 0.687ms
[2023-07-06T06:52:56.532+0000][gc            ] GC(21) Concurrent Cycle 58.878ms
[2023-07-06T06:59:43.716+0000][gc,start      ] GC(22) Pause Young (Normal) (G1 Evacuation Pause)
[2023-07-06T06:59:43.717+0000][gc,task       ] GC(22) Using 1 workers of 1 for evacuation
[2023-07-06T06:59:43.725+0000][gc,phases     ] GC(22)   Pre Evacuate Collection Set: 0.0ms
[2023-07-06T06:59:43.725+0000][gc,phases     ] GC(22)   Evacuate Collection Set: 7.5ms
[2023-07-06T06:59:43.725+0000][gc,phases     ] GC(22)   Post Evacuate Collection Set: 0.2ms
[2023-07-06T06:59:43.725+0000][gc,phases     ] GC(22)   Other: 5.0ms
[2023-07-06T06:59:43.725+0000][gc,heap       ] GC(22) Eden regions: 10->0(14)
[2023-07-06T06:59:43.725+0000][gc,heap       ] GC(22) Survivor regions: 2->1(2)
[2023-07-06T06:59:43.725+0000][gc,heap       ] GC(22) Old regions: 13->13
[2023-07-06T06:59:43.725+0000][gc,heap       ] GC(22) Humongous regions: 129->129
[2023-07-06T06:59:43.725+0000][gc,metaspace  ] GC(22) Metaspace: 36289K(37888K)->36289K(37888K) NonClass: 32128K(33024K)->32128K(33024K) Class: 4160K(4864K)->4160K(4864K)
[2023-07-06T06:59:43.728+0000][gc            ] GC(22) Pause Young (Normal) (G1 Evacuation Pause) 152M->142M(256M) 8.705ms
[2023-07-06T06:59:43.728+0000][gc,cpu        ] GC(22) User=0.01s Sys=0.00s Real=0.02s
[2023-07-06T07:00:30.866+0000][gc,start      ] GC(23) Pause Young (Concurrent Start) (G1 Evacuation Pause)
[2023-07-06T07:00:30.868+0000][gc,task       ] GC(23) Using 1 workers of 1 for evacuation
[2023-07-06T07:00:30.875+0000][gc,phases     ] GC(23)   Pre Evacuate Collection Set: 0.1ms
[2023-07-06T07:00:30.875+0000][gc,phases     ] GC(23)   Evacuate Collection Set: 6.2ms
[2023-07-06T07:00:30.875+0000][gc,phases     ] GC(23)   Post Evacuate Collection Set: 0.2ms
[2023-07-06T07:00:30.875+0000][gc,phases     ] GC(23)   Other: 2.5ms
[2023-07-06T07:00:30.875+0000][gc,heap       ] GC(23) Eden regions: 14->0(15)
[2023-07-06T07:00:30.875+0000][gc,heap       ] GC(23) Survivor regions: 1->2(2)
[2023-07-06T07:00:30.875+0000][gc,heap       ] GC(23) Old regions: 13->13
[2023-07-06T07:00:30.875+0000][gc,heap       ] GC(23) Humongous regions: 129->129
[2023-07-06T07:00:30.875+0000][gc,metaspace  ] GC(23) Metaspace: 36661K(38400K)->36661K(38400K) NonClass: 32501K(33536K)->32501K(33536K) Class: 4160K(4864K)->4160K(4864K)
[2023-07-06T07:00:30.875+0000][gc            ] GC(23) Pause Young (Concurrent Start) (G1 Evacuation Pause) 156M->142M(256M) 9.102ms
[2023-07-06T07:00:30.875+0000][gc,cpu        ] GC(23) User=0.01s Sys=0.00s Real=0.00s
[2023-07-06T07:00:30.875+0000][gc            ] GC(24) Concurrent Cycle
[2023-07-06T07:00:30.875+0000][gc,marking    ] GC(24) Concurrent Clear Claimed Marks
[2023-07-06T07:00:30.875+0000][gc,marking    ] GC(24) Concurrent Clear Claimed Marks 0.036ms
[2023-07-06T07:00:30.875+0000][gc,marking    ] GC(24) Concurrent Scan Root Regions
[2023-07-06T07:00:30.877+0000][gc,marking    ] GC(24) Concurrent Scan Root Regions 1.468ms
[2023-07-06T07:00:30.877+0000][gc,marking    ] GC(24) Concurrent Mark (1180.789s)
[2023-07-06T07:00:30.877+0000][gc,marking    ] GC(24) Concurrent Mark From Roots
[2023-07-06T07:00:30.877+0000][gc,task       ] GC(24) Using 1 workers of 1 for marking
[2023-07-06T07:00:30.893+0000][gc,marking    ] GC(24) Concurrent Mark From Roots 16.638ms
[2023-07-06T07:00:30.893+0000][gc,marking    ] GC(24) Concurrent Preclean
[2023-07-06T07:00:30.894+0000][gc,marking    ] GC(24) Concurrent Preclean 0.126ms
[2023-07-06T07:00:30.894+0000][gc,marking    ] GC(24) Concurrent Mark (1180.789s, 1180.806s) 16.823ms
[2023-07-06T07:00:30.894+0000][gc,start      ] GC(24) Pause Remark
[2023-07-06T07:00:30.903+0000][gc,stringtable] GC(24) Cleaned string and symbol table, strings: 14725 processed, 7 removed, symbols: 81286 processed, 19 removed
[2023-07-06T07:00:30.904+0000][gc            ] GC(24) Pause Remark 142M->142M(256M) 9.810ms
[2023-07-06T07:00:30.904+0000][gc,cpu        ] GC(24) User=0.01s Sys=0.00s Real=0.01s
[2023-07-06T07:00:30.904+0000][gc,marking    ] GC(24) Concurrent Rebuild Remembered Sets
[2023-07-06T07:00:30.915+0000][gc,marking    ] GC(24) Concurrent Rebuild Remembered Sets 10.950ms
[2023-07-06T07:00:30.915+0000][gc,start      ] GC(24) Pause Cleanup
[2023-07-06T07:00:30.915+0000][gc            ] GC(24) Pause Cleanup 142M->142M(256M) 0.077ms
[2023-07-06T07:00:30.915+0000][gc,cpu        ] GC(24) User=0.00s Sys=0.00s Real=0.00s
[2023-07-06T07:00:30.915+0000][gc,marking    ] GC(24) Concurrent Cleanup for Next Mark
[2023-07-06T07:00:30.916+0000][gc,marking    ] GC(24) Concurrent Cleanup for Next Mark 0.690ms
[2023-07-06T07:00:30.916+0000][gc            ] GC(24) Concurrent Cycle 40.396ms
[2023-07-06T07:01:13.340+0000][gc,start      ] GC(25) Pause Young (Normal) (G1 Evacuation Pause)
[2023-07-06T07:01:13.341+0000][gc,task       ] GC(25) Using 1 workers of 1 for evacuation
[2023-07-06T07:01:13.349+0000][gc,phases     ] GC(25)   Pre Evacuate Collection Set: 0.0ms
[2023-07-06T07:01:13.349+0000][gc,phases     ] GC(25)   Evacuate Collection Set: 7.3ms
[2023-07-06T07:01:13.349+0000][gc,phases     ] GC(25)   Post Evacuate Collection Set: 0.1ms
[2023-07-06T07:01:13.350+0000][gc,phases     ] GC(25)   Other: 1.2ms
[2023-07-06T07:01:13.350+0000][gc,heap       ] GC(25) Eden regions: 14->0(15)
[2023-07-06T07:01:13.350+0000][gc,heap       ] GC(25) Survivor regions: 2->1(2)
[2023-07-06T07:01:13.350+0000][gc,heap       ] GC(25) Old regions: 13->13
[2023-07-06T07:01:13.350+0000][gc,heap       ] GC(25) Humongous regions: 129->129
[2023-07-06T07:01:13.350+0000][gc,metaspace  ] GC(25) Metaspace: 36685K(38400K)->36685K(38400K) NonClass: 32525K(33536K)->32525K(33536K) Class: 4160K(4864K)->4160K(4864K)
[2023-07-06T07:01:13.350+0000][gc            ] GC(25) Pause Young (Normal) (G1 Evacuation Pause) 156M->142M(256M) 9.429ms
[2023-07-06T07:01:13.350+0000][gc,cpu        ] GC(25) User=0.01s Sys=0.00s Real=0.01s
[2023-07-06T07:01:40.361+0000][gc,start      ] GC(26) Pause Young (Concurrent Start) (G1 Evacuation Pause)
[2023-07-06T07:01:40.361+0000][gc,task       ] GC(26) Using 1 workers of 1 for evacuation
[2023-07-06T07:01:40.367+0000][gc,phases     ] GC(26)   Pre Evacuate Collection Set: 0.1ms
[2023-07-06T07:01:40.367+0000][gc,phases     ] GC(26)   Evacuate Collection Set: 5.6ms
[2023-07-06T07:01:40.367+0000][gc,phases     ] GC(26)   Post Evacuate Collection Set: 0.1ms
[2023-07-06T07:01:40.367+0000][gc,phases     ] GC(26)   Other: 0.2ms
[2023-07-06T07:01:40.367+0000][gc,heap       ] GC(26) Eden regions: 15->0(15)
[2023-07-06T07:01:40.367+0000][gc,heap       ] GC(26) Survivor regions: 1->1(2)
[2023-07-06T07:01:40.367+0000][gc,heap       ] GC(26) Old regions: 13->13
[2023-07-06T07:01:40.367+0000][gc,heap       ] GC(26) Humongous regions: 129->129
[2023-07-06T07:01:40.367+0000][gc,metaspace  ] GC(26) Metaspace: 36689K(38400K)->36689K(38400K) NonClass: 32529K(33536K)->32529K(33536K) Class: 4160K(4864K)->4160K(4864K)
[2023-07-06T07:01:40.367+0000][gc            ] GC(26) Pause Young (Concurrent Start) (G1 Evacuation Pause) 157M->142M(256M) 6.084ms
[2023-07-06T07:01:40.367+0000][gc,cpu        ] GC(26) User=0.01s Sys=0.01s Real=0.01s
[2023-07-06T07:01:40.367+0000][gc            ] GC(27) Concurrent Cycle
[2023-07-06T07:01:40.367+0000][gc,marking    ] GC(27) Concurrent Clear Claimed Marks
[2023-07-06T07:01:40.367+0000][gc,marking    ] GC(27) Concurrent Clear Claimed Marks 0.034ms
[2023-07-06T07:01:40.367+0000][gc,marking    ] GC(27) Concurrent Scan Root Regions
[2023-07-06T07:01:40.368+0000][gc,marking    ] GC(27) Concurrent Scan Root Regions 1.226ms
[2023-07-06T07:01:40.368+0000][gc,marking    ] GC(27) Concurrent Mark (1250.281s)
[2023-07-06T07:01:40.368+0000][gc,marking    ] GC(27) Concurrent Mark From Roots
[2023-07-06T07:01:40.368+0000][gc,task       ] GC(27) Using 1 workers of 1 for marking
[2023-07-06T07:01:40.387+0000][gc,marking    ] GC(27) Concurrent Mark From Roots 18.384ms
[2023-07-06T07:01:40.387+0000][gc,marking    ] GC(27) Concurrent Preclean
[2023-07-06T07:01:40.387+0000][gc,marking    ] GC(27) Concurrent Preclean 0.096ms
[2023-07-06T07:01:40.387+0000][gc,marking    ] GC(27) Concurrent Mark (1250.281s, 1250.299s) 18.532ms
[2023-07-06T07:01:40.387+0000][gc,start      ] GC(27) Pause Remark
[2023-07-06T07:01:40.397+0000][gc,stringtable] GC(27) Cleaned string and symbol table, strings: 14887 processed, 3 removed, symbols: 81276 processed, 1 removed
[2023-07-06T07:01:40.397+0000][gc            ] GC(27) Pause Remark 143M->143M(256M) 9.852ms
[2023-07-06T07:01:40.397+0000][gc,cpu        ] GC(27) User=0.01s Sys=0.00s Real=0.00s
[2023-07-06T07:01:40.397+0000][gc,marking    ] GC(27) Concurrent Rebuild Remembered Sets
[2023-07-06T07:01:40.408+0000][gc,marking    ] GC(27) Concurrent Rebuild Remembered Sets 11.217ms
[2023-07-06T07:01:40.408+0000][gc,start      ] GC(27) Pause Cleanup
[2023-07-06T07:01:40.408+0000][gc            ] GC(27) Pause Cleanup 143M->143M(256M) 0.100ms
[2023-07-06T07:01:40.408+0000][gc,cpu        ] GC(27) User=0.00s Sys=0.00s Real=0.00s
[2023-07-06T07:01:40.408+0000][gc,marking    ] GC(27) Concurrent Cleanup for Next Mark
[2023-07-06T07:01:40.409+0000][gc,marking    ] GC(27) Concurrent Cleanup for Next Mark 0.658ms
[2023-07-06T07:01:40.409+0000][gc            ] GC(27) Concurrent Cycle 42.104ms
[2023-07-06T07:03:22.086+0000][gc,start      ] GC(28) Pause Young (Normal) (G1 Evacuation Pause)
[2023-07-06T07:03:22.090+0000][gc,task       ] GC(28) Using 1 workers of 1 for evacuation
[2023-07-06T07:03:22.096+0000][gc,phases     ] GC(28)   Pre Evacuate Collection Set: 0.0ms
[2023-07-06T07:03:22.096+0000][gc,phases     ] GC(28)   Evacuate Collection Set: 5.1ms
[2023-07-06T07:03:22.096+0000][gc,phases     ] GC(28)   Post Evacuate Collection Set: 0.1ms
[2023-07-06T07:03:22.096+0000][gc,phases     ] GC(28)   Other: 4.4ms
[2023-07-06T07:03:22.096+0000][gc,heap       ] GC(28) Eden regions: 15->0(17)
[2023-07-06T07:03:22.096+0000][gc,heap       ] GC(28) Survivor regions: 1->1(2)
[2023-07-06T07:03:22.096+0000][gc,heap       ] GC(28) Old regions: 13->13
[2023-07-06T07:03:22.096+0000][gc,heap       ] GC(28) Humongous regions: 129->129
[2023-07-06T07:03:22.096+0000][gc,metaspace  ] GC(28) Metaspace: 36695K(38400K)->36695K(38400K) NonClass: 32534K(33536K)->32534K(33536K) Class: 4160K(4864K)->4160K(4864K)
[2023-07-06T07:03:22.096+0000][gc            ] GC(28) Pause Young (Normal) (G1 Evacuation Pause) 157M->142M(256M) 9.773ms
[2023-07-06T07:03:22.096+0000][gc,cpu        ] GC(28) User=0.00s Sys=0.00s Real=0.00s
[2023-07-06T07:04:16.453+0000][gc,start      ] GC(29) Pause Young (Concurrent Start) (G1 Evacuation Pause)
[2023-07-06T07:04:16.453+0000][gc,task       ] GC(29) Using 1 workers of 1 for evacuation
[2023-07-06T07:04:16.460+0000][gc,phases     ] GC(29)   Pre Evacuate Collection Set: 0.1ms
[2023-07-06T07:04:16.461+0000][gc,phases     ] GC(29)   Evacuate Collection Set: 5.8ms
[2023-07-06T07:04:16.461+0000][gc,phases     ] GC(29)   Post Evacuate Collection Set: 0.2ms
[2023-07-06T07:04:16.461+0000][gc,phases     ] GC(29)   Other: 1.3ms
[2023-07-06T07:04:16.461+0000][gc,heap       ] GC(29) Eden regions: 17->0(18)
[2023-07-06T07:04:16.461+0000][gc,heap       ] GC(29) Survivor regions: 1->2(3)
[2023-07-06T07:04:16.461+0000][gc,heap       ] GC(29) Old regions: 13->13
[2023-07-06T07:04:16.461+0000][gc,heap       ] GC(29) Humongous regions: 129->129
[2023-07-06T07:04:16.461+0000][gc,metaspace  ] GC(29) Metaspace: 36705K(38400K)->36705K(38400K) NonClass: 32544K(33536K)->32544K(33536K) Class: 4160K(4864K)->4160K(4864K)
[2023-07-06T07:04:16.461+0000][gc            ] GC(29) Pause Young (Concurrent Start) (G1 Evacuation Pause) 159M->143M(256M) 7.484ms
[2023-07-06T07:04:16.461+0000][gc,cpu        ] GC(29) User=0.00s Sys=0.00s Real=0.01s
[2023-07-06T07:04:16.461+0000][gc            ] GC(30) Concurrent Cycle
[2023-07-06T07:04:16.461+0000][gc,marking    ] GC(30) Concurrent Clear Claimed Marks
[2023-07-06T07:04:16.461+0000][gc,marking    ] GC(30) Concurrent Clear Claimed Marks 0.321ms
[2023-07-06T07:04:16.461+0000][gc,marking    ] GC(30) Concurrent Scan Root Regions
[2023-07-06T07:04:16.462+0000][gc,marking    ] GC(30) Concurrent Scan Root Regions 1.444ms
[2023-07-06T07:04:16.462+0000][gc,marking    ] GC(30) Concurrent Mark (1406.375s)
[2023-07-06T07:04:16.462+0000][gc,marking    ] GC(30) Concurrent Mark From Roots
[2023-07-06T07:04:16.462+0000][gc,task       ] GC(30) Using 1 workers of 1 for marking
[2023-07-06T07:04:16.480+0000][gc,marking    ] GC(30) Concurrent Mark From Roots 17.296ms
[2023-07-06T07:04:16.480+0000][gc,marking    ] GC(30) Concurrent Preclean
[2023-07-06T07:04:16.480+0000][gc,marking    ] GC(30) Concurrent Preclean 0.087ms
[2023-07-06T07:04:16.480+0000][gc,marking    ] GC(30) Concurrent Mark (1406.375s, 1406.392s) 17.438ms
[2023-07-06T07:04:16.480+0000][gc,start      ] GC(30) Pause Remark
[2023-07-06T07:04:16.490+0000][gc,stringtable] GC(30) Cleaned string and symbol table, strings: 15052 processed, 0 removed, symbols: 81276 processed, 1 removed
[2023-07-06T07:04:16.491+0000][gc            ] GC(30) Pause Remark 143M->143M(256M) 10.550ms
[2023-07-06T07:04:16.491+0000][gc,cpu        ] GC(30) User=0.01s Sys=0.00s Real=0.01s
[2023-07-06T07:04:16.491+0000][gc,marking    ] GC(30) Concurrent Rebuild Remembered Sets
[2023-07-06T07:04:16.503+0000][gc,marking    ] GC(30) Concurrent Rebuild Remembered Sets 11.991ms
[2023-07-06T07:04:16.503+0000][gc,start      ] GC(30) Pause Cleanup
[2023-07-06T07:04:16.503+0000][gc            ] GC(30) Pause Cleanup 143M->143M(256M) 0.065ms
[2023-07-06T07:04:16.503+0000][gc,cpu        ] GC(30) User=0.00s Sys=0.00s Real=0.00s
[2023-07-06T07:04:16.503+0000][gc,marking    ] GC(30) Concurrent Cleanup for Next Mark
[2023-07-06T07:04:16.504+0000][gc,marking    ] GC(30) Concurrent Cleanup for Next Mark 0.669ms
[2023-07-06T07:04:16.504+0000][gc            ] GC(30) Concurrent Cycle 42.893ms
[2023-07-06T07:08:25.518+0000][gc,start      ] GC(31) Pause Young (Normal) (G1 Evacuation Pause)
[2023-07-06T07:08:25.523+0000][gc,task       ] GC(31) Using 1 workers of 1 for evacuation
[2023-07-06T07:08:25.548+0000][gc,mmu        ] GC(31) MMU target violated: 21.0ms (20.0ms/21.0ms)
[2023-07-06T07:08:25.549+0000][gc,phases     ] GC(31)   Pre Evacuate Collection Set: 0.8ms
[2023-07-06T07:08:25.549+0000][gc,phases     ] GC(31)   Evacuate Collection Set: 18.8ms
[2023-07-06T07:08:25.549+0000][gc,phases     ] GC(31)   Post Evacuate Collection Set: 2.1ms
[2023-07-06T07:08:25.549+0000][gc,phases     ] GC(31)   Other: 11.0ms
[2023-07-06T07:08:25.549+0000][gc,heap       ] GC(31) Eden regions: 18->0(45)
[2023-07-06T07:08:25.549+0000][gc,heap       ] GC(31) Survivor regions: 2->2(3)
[2023-07-06T07:08:25.549+0000][gc,heap       ] GC(31) Old regions: 13->13
[2023-07-06T07:08:25.549+0000][gc,heap       ] GC(31) Humongous regions: 129->129
[2023-07-06T07:08:25.549+0000][gc,metaspace  ] GC(31) Metaspace: 36721K(38400K)->36721K(38400K) NonClass: 32560K(33536K)->32560K(33536K) Class: 4160K(4864K)->4160K(4864K)
[2023-07-06T07:08:25.551+0000][gc            ] GC(31) Pause Young (Normal) (G1 Evacuation Pause) 161M->143M(256M) 31.631ms
[2023-07-06T07:08:25.551+0000][gc,cpu        ] GC(31) User=0.01s Sys=0.00s Real=0.03s
