[2023-07-06T06:40:36.475+0000][gc,heap] Heap region size: 1M
[2023-07-06T06:40:36.481+0000][gc     ] Using G1
[2023-07-06T06:40:36.481+0000][gc,heap,coops] Heap address: 0x00000000e0000000, size: 512 MB, Compressed Oops mode: 32-bit
[2023-07-06T06:40:37.916+0000][gc,start     ] GC(0) Pause Young (Normal) (G1 Evacuation Pause)
[2023-07-06T06:40:37.916+0000][gc,task      ] GC(0) Using 1 workers of 1 for evacuation
[2023-07-06T06:40:37.931+0000][gc,phases    ] GC(0)   Pre Evacuate Collection Set: 0.0ms
[2023-07-06T06:40:37.931+0000][gc,phases    ] GC(0)   Evacuate Collection Set: 13.6ms
[2023-07-06T06:40:37.931+0000][gc,phases    ] GC(0)   Post Evacuate Collection Set: 0.3ms
[2023-07-06T06:40:37.931+0000][gc,phases    ] GC(0)   Other: 0.1ms
[2023-07-06T06:40:37.931+0000][gc,heap      ] GC(0) Eden regions: 25->0(21)
[2023-07-06T06:40:37.931+0000][gc,heap      ] GC(0) Survivor regions: 0->4(4)
[2023-07-06T06:40:37.931+0000][gc,heap      ] GC(0) Old regions: 0->2
[2023-07-06T06:40:37.931+0000][gc,heap      ] GC(0) Humongous regions: 0->0
[2023-07-06T06:40:37.931+0000][gc,metaspace ] GC(0) Metaspace: 8548K(9088K)->8548K(9088K) NonClass: 7577K(7936K)->7577K(7936K) Class: 970K(1152K)->970K(1152K)
[2023-07-06T06:40:37.931+0000][gc           ] GC(0) Pause Young (Normal) (G1 Evacuation Pause) 25M->5M(512M) 14.215ms
[2023-07-06T06:40:37.931+0000][gc,cpu       ] GC(0) User=0.01s Sys=0.00s Real=0.02s
[2023-07-06T07:00:08.759+0000][gc,start     ] GC(1) Pause Young (Normal) (G1 Evacuation Pause)
[2023-07-06T07:00:08.762+0000][gc,task      ] GC(1) Using 1 workers of 1 for evacuation
[2023-07-06T07:00:08.774+0000][gc,phases    ] GC(1)   Pre Evacuate Collection Set: 0.0ms
[2023-07-06T07:00:08.774+0000][gc,phases    ] GC(1)   Evacuate Collection Set: 11.8ms
[2023-07-06T07:00:08.774+0000][gc,phases    ] GC(1)   Post Evacuate Collection Set: 0.2ms
[2023-07-06T07:00:08.774+0000][gc,phases    ] GC(1)   Other: 2.9ms
[2023-07-06T07:00:08.774+0000][gc,heap      ] GC(1) Eden regions: 21->0(24)
[2023-07-06T07:00:08.774+0000][gc,heap      ] GC(1) Survivor regions: 4->1(4)
[2023-07-06T07:00:08.774+0000][gc,heap      ] GC(1) Old regions: 2->6
[2023-07-06T07:00:08.774+0000][gc,heap      ] GC(1) Humongous regions: 0->0
[2023-07-06T07:00:08.774+0000][gc,metaspace ] GC(1) Metaspace: 10817K(11392K)->10817K(11392K) NonClass: 9627K(9984K)->9627K(9984K) Class: 1189K(1408K)->1189K(1408K)
[2023-07-06T07:00:08.774+0000][gc           ] GC(1) Pause Young (Normal) (G1 Evacuation Pause) 26M->6M(512M) 15.078ms
[2023-07-06T07:00:08.774+0000][gc,cpu       ] GC(1) User=0.02s Sys=0.00s Real=0.01s
[2023-07-06T07:03:20.023+0000][gc,start     ] GC(2) Pause Young (Normal) (G1 Evacuation Pause)
[2023-07-06T07:03:20.027+0000][gc,task      ] GC(2) Using 1 workers of 1 for evacuation
[2023-07-06T07:03:20.037+0000][gc,phases    ] GC(2)   Pre Evacuate Collection Set: 0.9ms
[2023-07-06T07:03:20.037+0000][gc,phases    ] GC(2)   Evacuate Collection Set: 6.4ms
[2023-07-06T07:03:20.037+0000][gc,phases    ] GC(2)   Post Evacuate Collection Set: 0.2ms
[2023-07-06T07:03:20.037+0000][gc,phases    ] GC(2)   Other: 6.4ms
[2023-07-06T07:03:20.037+0000][gc,heap      ] GC(2) Eden regions: 24->0(24)
[2023-07-06T07:03:20.037+0000][gc,heap      ] GC(2) Survivor regions: 1->1(4)
[2023-07-06T07:03:20.037+0000][gc,heap      ] GC(2) Old regions: 6->6
[2023-07-06T07:03:20.037+0000][gc,heap      ] GC(2) Humongous regions: 0->0
[2023-07-06T07:03:20.037+0000][gc,metaspace ] GC(2) Metaspace: 10817K(11392K)->10817K(11392K) NonClass: 9627K(9984K)->9627K(9984K) Class: 1189K(1408K)->1189K(1408K)
[2023-07-06T07:03:20.037+0000][gc           ] GC(2) Pause Young (Normal) (G1 Evacuation Pause) 30M->6M(512M) 14.005ms
[2023-07-06T07:03:20.037+0000][gc,cpu       ] GC(2) User=0.00s Sys=0.00s Real=0.01s
[2023-07-06T07:08:55.984+0000][gc,start     ] GC(3) Pause Young (Normal) (G1 Evacuation Pause)
[2023-07-06T07:08:55.985+0000][gc,task      ] GC(3) Using 1 workers of 1 for evacuation
[2023-07-06T07:08:55.988+0000][gc,phases    ] GC(3)   Pre Evacuate Collection Set: 0.0ms
[2023-07-06T07:08:55.988+0000][gc,phases    ] GC(3)   Evacuate Collection Set: 2.7ms
[2023-07-06T07:08:55.988+0000][gc,phases    ] GC(3)   Post Evacuate Collection Set: 0.3ms
[2023-07-06T07:08:55.988+0000][gc,phases    ] GC(3)   Other: 1.0ms
[2023-07-06T07:08:55.988+0000][gc,heap      ] GC(3) Eden regions: 24->0(24)
[2023-07-06T07:08:55.988+0000][gc,heap      ] GC(3) Survivor regions: 1->1(4)
[2023-07-06T07:08:55.988+0000][gc,heap      ] GC(3) Old regions: 6->6
[2023-07-06T07:08:55.988+0000][gc,heap      ] GC(3) Humongous regions: 0->0
[2023-07-06T07:08:55.988+0000][gc,metaspace ] GC(3) Metaspace: 10818K(11392K)->10818K(11392K) NonClass: 9628K(9984K)->9628K(9984K) Class: 1189K(1408K)->1189K(1408K)
[2023-07-06T07:08:55.988+0000][gc           ] GC(3) Pause Young (Normal) (G1 Evacuation Pause) 30M->6M(512M) 4.080ms
[2023-07-06T07:08:55.988+0000][gc,cpu       ] GC(3) User=0.01s Sys=0.00s Real=0.01s
[2023-07-06T07:09:04.042+0000][gc,heap,exit ] Heap
[2023-07-06T07:09:04.042+0000][gc,heap,exit ]  garbage-first heap   total 524288K, used 8845K [0x00000000e0000000, 0x0000000100000000)
[2023-07-06T07:09:04.042+0000][gc,heap,exit ]   region size 1024K, 4 young (4096K), 1 survivors (1024K)
[2023-07-06T07:09:04.042+0000][gc,heap,exit ]  Metaspace       used 10822K, capacity 11157K, committed 11392K, reserved 1058816K
[2023-07-06T07:09:04.042+0000][gc,heap,exit ]   class space    used 1190K, capacity 1346K, committed 1408K, reserved 1048576K
