[2023-04-29T15:17:26.113+0000][gc,heap] Heap region size: 1M
[2023-04-29T15:17:26.120+0000][gc     ] Using G1
[2023-04-29T15:17:26.120+0000][gc,heap,coops] Heap address: 0x00000000e0000000, size: 512 MB, Compressed Oops mode: 32-bit
[2023-04-29T15:17:27.756+0000][gc,start     ] GC(0) Pause Young (Normal) (G1 Evacuation Pause)
[2023-04-29T15:17:27.756+0000][gc,task      ] GC(0) Using 1 workers of 1 for evacuation
[2023-04-29T15:17:27.775+0000][gc,phases    ] GC(0)   Pre Evacuate Collection Set: 0.0ms
[2023-04-29T15:17:27.775+0000][gc,phases    ] GC(0)   Evacuate Collection Set: 18.4ms
[2023-04-29T15:17:27.775+0000][gc,phases    ] GC(0)   Post Evacuate Collection Set: 0.3ms
[2023-04-29T15:17:27.775+0000][gc,phases    ] GC(0)   Other: 0.1ms
[2023-04-29T15:17:27.775+0000][gc,heap      ] GC(0) Eden regions: 25->0(21)
[2023-04-29T15:17:27.775+0000][gc,heap      ] GC(0) Survivor regions: 0->4(4)
[2023-04-29T15:17:27.775+0000][gc,heap      ] GC(0) Old regions: 0->3
[2023-04-29T15:17:27.775+0000][gc,heap      ] GC(0) Humongous regions: 0->0
[2023-04-29T15:17:27.775+0000][gc,metaspace ] GC(0) Metaspace: 8688K(9344K)->8688K(9344K) NonClass: 7703K(8192K)->7703K(8192K) Class: 985K(1152K)->985K(1152K)
[2023-04-29T15:17:27.775+0000][gc           ] GC(0) Pause Young (Normal) (G1 Evacuation Pause) 25M->6M(512M) 18.985ms
[2023-04-29T15:17:27.775+0000][gc,cpu       ] GC(0) User=0.02s Sys=0.00s Real=0.02s
[2023-04-29T15:26:39.988+0000][gc,heap,exit ] Heap
[2023-04-29T15:26:39.989+0000][gc,heap,exit ]  garbage-first heap   total 524288K, used 18496K [0x00000000e0000000, 0x0000000100000000)
[2023-04-29T15:26:39.989+0000][gc,heap,exit ]   region size 1024K, 17 young (17408K), 4 survivors (4096K)
[2023-04-29T15:26:39.989+0000][gc,heap,exit ]  Metaspace       used 10585K, capacity 10914K, committed 11136K, reserved 1058816K
[2023-04-29T15:26:39.989+0000][gc,heap,exit ]   class space    used 1191K, capacity 1346K, committed 1408K, reserved 1048576K
