[2023-07-06T06:27:45.101+0000][gc,heap] Heap region size: 1M
[2023-07-06T06:27:45.114+0000][gc     ] Using G1
[2023-07-06T06:27:45.114+0000][gc,heap,coops] Heap address: 0x00000000e0000000, size: 512 MB, Compressed Oops mode: 32-bit
[2023-07-06T06:27:46.986+0000][gc,start     ] GC(0) Pause Young (Normal) (G1 Evacuation Pause)
[2023-07-06T06:27:46.986+0000][gc,task      ] GC(0) Using 1 workers of 1 for evacuation
[2023-07-06T06:27:47.000+0000][gc,phases    ] GC(0)   Pre Evacuate Collection Set: 0.0ms
[2023-07-06T06:27:47.000+0000][gc,phases    ] GC(0)   Evacuate Collection Set: 13.9ms
[2023-07-06T06:27:47.000+0000][gc,phases    ] GC(0)   Post Evacuate Collection Set: 0.3ms
[2023-07-06T06:27:47.000+0000][gc,phases    ] GC(0)   Other: 0.1ms
[2023-07-06T06:27:47.000+0000][gc,heap      ] GC(0) Eden regions: 25->0(21)
[2023-07-06T06:27:47.000+0000][gc,heap      ] GC(0) Survivor regions: 0->4(4)
[2023-07-06T06:27:47.000+0000][gc,heap      ] GC(0) Old regions: 0->2
[2023-07-06T06:27:47.000+0000][gc,heap      ] GC(0) Humongous regions: 0->0
[2023-07-06T06:27:47.000+0000][gc,metaspace ] GC(0) Metaspace: 8648K(9088K)->8648K(9088K) NonClass: 7664K(7936K)->7664K(7936K) Class: 983K(1152K)->983K(1152K)
[2023-07-06T06:27:47.000+0000][gc           ] GC(0) Pause Young (Normal) (G1 Evacuation Pause) 25M->5M(512M) 14.443ms
[2023-07-06T06:27:47.000+0000][gc,cpu       ] GC(0) User=0.01s Sys=0.01s Real=0.01s
[2023-07-06T06:39:37.719+0000][gc,heap,exit ] Heap
[2023-07-06T06:39:37.720+0000][gc,heap,exit ]  garbage-first heap   total 524288K, used 25559K [0x00000000e0000000, 0x0000000100000000)
[2023-07-06T06:39:37.720+0000][gc,heap,exit ]   region size 1024K, 25 young (25600K), 4 survivors (4096K)
[2023-07-06T06:39:37.720+0000][gc,heap,exit ]  Metaspace       used 10853K, capacity 11219K, committed 11392K, reserved 1058816K
[2023-07-06T06:39:37.720+0000][gc,heap,exit ]   class space    used 1192K, capacity 1346K, committed 1408K, reserved 1048576K
